python3 tools/test_execution.py suite --jobs "auto"
[test-suite] PLAN parallel=7 exclusive=35 jobs=12
[parallel-test] PLAN configured-jobs=12 workers=7 modules=7
[parallel-test] END t/qualification/ascent-closure-candidates-test.ss exit=0 log=/Users/guangtao/ghq/github.com/tao3k/gerbil-ascent/.gerbil/test-execution/parallel-1790991140271711000/ascent-closure-candidates-test.log
[parallel-test] RUNNING remaining=6 logs=/Users/guangtao/ghq/github.com/tao3k/gerbil-ascent/.gerbil/test-execution/parallel-1790991140271711000
[parallel-test] END t/qualification/ascent-request-projection-test.ss exit=0 log=/Users/guangtao/ghq/github.com/tao3k/gerbil-ascent/.gerbil/test-execution/parallel-1790991140271711000/ascent-request-projection-test.log
[parallel-test] RUNNING remaining=5 logs=/Users/guangtao/ghq/github.com/tao3k/gerbil-ascent/.gerbil/test-execution/parallel-1790991140271711000
[parallel-test] END t/qualification/ascent-binary-program-test.ss exit=0 log=/Users/guangtao/ghq/github.com/tao3k/gerbil-ascent/.gerbil/test-execution/parallel-1790991140271711000/ascent-binary-program-test.log
[parallel-test] RUNNING remaining=4 logs=/Users/guangtao/ghq/github.com/tao3k/gerbil-ascent/.gerbil/test-execution/parallel-1790991140271711000
[parallel-test] END t/qualification/ascent-poo-primitives-test.ss exit=0 log=/Users/guangtao/ghq/github.com/tao3k/gerbil-ascent/.gerbil/test-execution/parallel-1790991140271711000/ascent-poo-primitives-test.log
[parallel-test] RUNNING remaining=3 logs=/Users/guangtao/ghq/github.com/tao3k/gerbil-ascent/.gerbil/test-execution/parallel-1790991140271711000
[parallel-test] END t/qualification/ascent-table-expression-test.ss exit=0 log=/Users/guangtao/ghq/github.com/tao3k/gerbil-ascent/.gerbil/test-execution/parallel-1790991140271711000/ascent-table-expression-test.log
[parallel-test] RUNNING remaining=2 logs=/Users/guangtao/ghq/github.com/tao3k/gerbil-ascent/.gerbil/test-execution/parallel-1790991140271711000
[parallel-test] END t/qualification/ascent-strata-test.ss exit=0 log=/Users/guangtao/ghq/github.com/tao3k/gerbil-ascent/.gerbil/test-execution/parallel-1790991140271711000/ascent-strata-test.log
[parallel-test] RUNNING remaining=1 logs=/Users/guangtao/ghq/github.com/tao3k/gerbil-ascent/.gerbil/test-execution/parallel-1790991140271711000
[parallel-test] END t/qualification/ascent-scc-summary-test.ss exit=0 log=/Users/guangtao/ghq/github.com/tao3k/gerbil-ascent/.gerbil/test-execution/parallel-1790991140271711000/ascent-scc-summary-test.log
[test-suite] RUNNING exclusive t/qualification/ascent-aggregate-program-test.ss log=/Users/guangtao/ghq/github.com/tao3k/gerbil-ascent/.gerbil/test-execution/exclusive-1790991148085341000/ascent-aggregate-program-test.log
[test-suite] END t/qualification/ascent-aggregate-program-test.ss exit=0 log=/Users/guangtao/ghq/github.com/tao3k/gerbil-ascent/.gerbil/test-execution/exclusive-1790991148085341000/ascent-aggregate-program-test.log
[test-suite] END t/qualification/ascent-binding-program-test.ss exit=0 log=/Users/guangtao/ghq/github.com/tao3k/gerbil-ascent/.gerbil/test-execution/exclusive-1790991148085341000/ascent-binding-program-test.log
[test-suite] END t/qualification/ascent-binding-test.ss exit=0 log=/Users/guangtao/ghq/github.com/tao3k/gerbil-ascent/.gerbil/test-execution/exclusive-1790991148085341000/ascent-binding-test.log
[test-suite] END t/qualification/ascent-byods-index-test.ss exit=0 log=/Users/guangtao/ghq/github.com/tao3k/gerbil-ascent/.gerbil/test-execution/exclusive-1790991148085341000/ascent-byods-index-test.log
[test-suite] RUNNING exclusive t/qualification/ascent-byods-invariants-test.ss log=/Users/guangtao/ghq/github.com/tao3k/gerbil-ascent/.gerbil/test-execution/exclusive-1790991148085341000/ascent-byods-invariants-test.log
[test-suite] END t/qualification/ascent-byods-invariants-test.ss exit=0 log=/Users/guangtao/ghq/github.com/tao3k/gerbil-ascent/.gerbil/test-execution/exclusive-1790991148085341000/ascent-byods-invariants-test.log
[test-suite] END t/qualification/ascent-contract-union-test.ss exit=0 log=/Users/guangtao/ghq/github.com/tao3k/gerbil-ascent/.gerbil/test-execution/exclusive-1790991148085341000/ascent-contract-union-test.log
[test-suite] RUNNING exclusive t/qualification/ascent-eqrel-program-test.ss log=/Users/guangtao/ghq/github.com/tao3k/gerbil-ascent/.gerbil/test-execution/exclusive-1790991148085341000/ascent-eqrel-program-test.log
[test-suite] END t/qualification/ascent-eqrel-program-test.ss exit=0 log=/Users/guangtao/ghq/github.com/tao3k/gerbil-ascent/.gerbil/test-execution/exclusive-1790991148085341000/ascent-eqrel-program-test.log
[test-suite] RUNNING exclusive t/qualification/ascent-finite-evidence-test.ss log=/Users/guangtao/ghq/github.com/tao3k/gerbil-ascent/.gerbil/test-execution/exclusive-1790991148085341000/ascent-finite-evidence-test.log
[test-suite] RUNNING exclusive t/qualification/ascent-finite-evidence-test.ss log=/Users/guangtao/ghq/github.com/tao3k/gerbil-ascent/.gerbil/test-execution/exclusive-1790991148085341000/ascent-finite-evidence-test.log
[test-suite] END t/qualification/ascent-finite-evidence-test.ss exit=0 log=/Users/guangtao/ghq/github.com/tao3k/gerbil-ascent/.gerbil/test-execution/exclusive-1790991148085341000/ascent-finite-evidence-test.log
[test-suite] RUNNING exclusive t/qualification/ascent-index-program-test.ss log=/Users/guangtao/ghq/github.com/tao3k/gerbil-ascent/.gerbil/test-execution/exclusive-1790991148085341000/ascent-index-program-test.log
[test-suite] END t/qualification/ascent-index-program-test.ss exit=0 log=/Users/guangtao/ghq/github.com/tao3k/gerbil-ascent/.gerbil/test-execution/exclusive-1790991148085341000/ascent-index-program-test.log
[test-suite] RUNNING exclusive t/qualification/ascent-invalid-program-test.ss log=/Users/guangtao/ghq/github.com/tao3k/gerbil-ascent/.gerbil/test-execution/exclusive-1790991148085341000/ascent-invalid-program-test.log
[test-suite] END t/qualification/ascent-invalid-program-test.ss exit=0 log=/Users/guangtao/ghq/github.com/tao3k/gerbil-ascent/.gerbil/test-execution/exclusive-1790991148085341000/ascent-invalid-program-test.log
[test-suite] RUNNING exclusive t/qualification/ascent-lattice-program-test.ss log=/Users/guangtao/ghq/github.com/tao3k/gerbil-ascent/.gerbil/test-execution/exclusive-1790991148085341000/ascent-lattice-program-test.log
[test-suite] END t/qualification/ascent-lattice-program-test.ss exit=0 log=/Users/guangtao/ghq/github.com/tao3k/gerbil-ascent/.gerbil/test-execution/exclusive-1790991148085341000/ascent-lattice-program-test.log
[test-suite] END t/qualification/ascent-module-program-test.ss exit=0 log=/Users/guangtao/ghq/github.com/tao3k/gerbil-ascent/.gerbil/test-execution/exclusive-1790991148085341000/ascent-module-program-test.log
[test-suite] RUNNING exclusive t/qualification/ascent-multi-frontier-test.ss log=/Users/guangtao/ghq/github.com/tao3k/gerbil-ascent/.gerbil/test-execution/exclusive-1790991148085341000/ascent-multi-frontier-test.log
[test-suite] END t/qualification/ascent-multi-frontier-test.ss exit=0 log=/Users/guangtao/ghq/github.com/tao3k/gerbil-ascent/.gerbil/test-execution/exclusive-1790991148085341000/ascent-multi-frontier-test.log
[test-suite] RUNNING exclusive t/qualification/ascent-mutual-program-test.ss log=/Users/guangtao/ghq/github.com/tao3k/gerbil-ascent/.gerbil/test-execution/exclusive-1790991148085341000/ascent-mutual-program-test.log
[test-suite] END t/qualification/ascent-mutual-program-test.ss exit=0 log=/Users/guangtao/ghq/github.com/tao3k/gerbil-ascent/.gerbil/test-execution/exclusive-1790991148085341000/ascent-mutual-program-test.log
[test-suite] END t/qualification/ascent-observability-test.ss exit=0 log=/Users/guangtao/ghq/github.com/tao3k/gerbil-ascent/.gerbil/test-execution/exclusive-1790991148085341000/ascent-observability-test.log
[test-suite] END t/qualification/ascent-positive-nonmembership-test.ss exit=0 log=/Users/guangtao/ghq/github.com/tao3k/gerbil-ascent/.gerbil/test-execution/exclusive-1790991148085341000/ascent-positive-nonmembership-test.log
[test-suite] END t/qualification/ascent-positive-provenance-test.ss exit=0 log=/Users/guangtao/ghq/github.com/tao3k/gerbil-ascent/.gerbil/test-execution/exclusive-1790991148085341000/ascent-positive-provenance-test.log
[test-suite] RUNNING exclusive t/qualification/ascent-reasoning-library-test.ss log=/Users/guangtao/ghq/github.com/tao3k/gerbil-ascent/.gerbil/test-execution/exclusive-1790991148085341000/ascent-reasoning-library-test.log
[test-suite] RUNNING exclusive t/qualification/ascent-reasoning-library-test.ss log=/Users/guangtao/ghq/github.com/tao3k/gerbil-ascent/.gerbil/test-execution/exclusive-1790991148085341000/ascent-reasoning-library-test.log
[test-suite] RUNNING exclusive t/qualification/ascent-reasoning-library-test.ss log=/Users/guangtao/ghq/github.com/tao3k/gerbil-ascent/.gerbil/test-execution/exclusive-1790991148085341000/ascent-reasoning-library-test.log
[test-suite] END t/qualification/ascent-reasoning-library-test.ss exit=0 log=/Users/guangtao/ghq/github.com/tao3k/gerbil-ascent/.gerbil/test-execution/exclusive-1790991148085341000/ascent-reasoning-library-test.log
[test-suite] RUNNING exclusive t/qualification/ascent-rule-program-test.ss log=/Users/guangtao/ghq/github.com/tao3k/gerbil-ascent/.gerbil/test-execution/exclusive-1790991148085341000/ascent-rule-program-test.log
[test-suite] RUNNING exclusive t/qualification/ascent-rule-program-test.ss log=/Users/guangtao/ghq/github.com/tao3k/gerbil-ascent/.gerbil/test-execution/exclusive-1790991148085341000/ascent-rule-program-test.log
[test-suite] END t/qualification/ascent-rule-program-test.ss exit=0 log=/Users/guangtao/ghq/github.com/tao3k/gerbil-ascent/.gerbil/test-execution/exclusive-1790991148085341000/ascent-rule-program-test.log
[test-suite] RUNNING exclusive t/qualification/ascent-set-batch-test.ss log=/Users/guangtao/ghq/github.com/tao3k/gerbil-ascent/.gerbil/test-execution/exclusive-1790991148085341000/ascent-set-batch-test.log
[test-suite] END t/qualification/ascent-set-batch-test.ss exit=0 log=/Users/guangtao/ghq/github.com/tao3k/gerbil-ascent/.gerbil/test-execution/exclusive-1790991148085341000/ascent-set-batch-test.log
[test-suite] END t/qualification/ascent-set-emit-test.ss exit=0 log=/Users/guangtao/ghq/github.com/tao3k/gerbil-ascent/.gerbil/test-execution/exclusive-1790991148085341000/ascent-set-emit-test.log
[test-suite] RUNNING exclusive t/qualification/ascent-set-size-test.ss log=/Users/guangtao/ghq/github.com/tao3k/gerbil-ascent/.gerbil/test-execution/exclusive-1790991148085341000/ascent-set-size-test.log
[test-suite] END t/qualification/ascent-set-size-test.ss exit=0 log=/Users/guangtao/ghq/github.com/tao3k/gerbil-ascent/.gerbil/test-execution/exclusive-1790991148085341000/ascent-set-size-test.log
[test-suite] RUNNING exclusive t/qualification/ascent-size-test.ss log=/Users/guangtao/ghq/github.com/tao3k/gerbil-ascent/.gerbil/test-execution/exclusive-1790991148085341000/ascent-size-test.log
[test-suite] RUNNING exclusive t/qualification/ascent-size-test.ss log=/Users/guangtao/ghq/github.com/tao3k/gerbil-ascent/.gerbil/test-execution/exclusive-1790991148085341000/ascent-size-test.log
[test-suite] END t/qualification/ascent-size-test.ss exit=0 log=/Users/guangtao/ghq/github.com/tao3k/gerbil-ascent/.gerbil/test-execution/exclusive-1790991148085341000/ascent-size-test.log
[test-suite] RUNNING exclusive t/qualification/ascent-source-admission-test.ss log=/Users/guangtao/ghq/github.com/tao3k/gerbil-ascent/.gerbil/test-execution/exclusive-1790991148085341000/ascent-source-admission-test.log
[test-suite] RUNNING exclusive t/qualification/ascent-source-admission-test.ss log=/Users/guangtao/ghq/github.com/tao3k/gerbil-ascent/.gerbil/test-execution/exclusive-1790991148085341000/ascent-source-admission-test.log
[test-suite] END t/qualification/ascent-source-admission-test.ss exit=0 log=/Users/guangtao/ghq/github.com/tao3k/gerbil-ascent/.gerbil/test-execution/exclusive-1790991148085341000/ascent-source-admission-test.log
[test-suite] RUNNING exclusive t/qualification/ascent-stratified-proof-test.ss log=/Users/guangtao/ghq/github.com/tao3k/gerbil-ascent/.gerbil/test-execution/exclusive-1790991148085341000/ascent-stratified-proof-test.log
[test-suite] RUNNING exclusive t/qualification/ascent-stratified-proof-test.ss log=/Users/guangtao/ghq/github.com/tao3k/gerbil-ascent/.gerbil/test-execution/exclusive-1790991148085341000/ascent-stratified-proof-test.log
[test-suite] RUNNING exclusive t/qualification/ascent-stratified-proof-test.ss log=/Users/guangtao/ghq/github.com/tao3k/gerbil-ascent/.gerbil/test-execution/exclusive-1790991148085341000/ascent-stratified-proof-test.log
[test-suite] END t/qualification/ascent-stratified-proof-test.ss exit=0 log=/Users/guangtao/ghq/github.com/tao3k/gerbil-ascent/.gerbil/test-execution/exclusive-1790991148085341000/ascent-stratified-proof-test.log
[test-suite] RUNNING exclusive t/qualification/ascent-syntax-test.ss log=/Users/guangtao/ghq/github.com/tao3k/gerbil-ascent/.gerbil/test-execution/exclusive-1790991148085341000/ascent-syntax-test.log
[test-suite] RUNNING exclusive t/qualification/ascent-syntax-test.ss log=/Users/guangtao/ghq/github.com/tao3k/gerbil-ascent/.gerbil/test-execution/exclusive-1790991148085341000/ascent-syntax-test.log
[test-suite] END t/qualification/ascent-syntax-test.ss exit=0 log=/Users/guangtao/ghq/github.com/tao3k/gerbil-ascent/.gerbil/test-execution/exclusive-1790991148085341000/ascent-syntax-test.log
[test-suite] RUNNING exclusive t/qualification/ascent-timeout-test.ss log=/Users/guangtao/ghq/github.com/tao3k/gerbil-ascent/.gerbil/test-execution/exclusive-1790991148085341000/ascent-timeout-test.log
[test-suite] END t/qualification/ascent-timeout-test.ss exit=0 log=/Users/guangtao/ghq/github.com/tao3k/gerbil-ascent/.gerbil/test-execution/exclusive-1790991148085341000/ascent-timeout-test.log
[test-suite] RUNNING exclusive t/qualification/ascent-timing-test.ss log=/Users/guangtao/ghq/github.com/tao3k/gerbil-ascent/.gerbil/test-execution/exclusive-1790991148085341000/ascent-timing-test.log
[test-suite] END t/qualification/ascent-timing-test.ss exit=0 log=/Users/guangtao/ghq/github.com/tao3k/gerbil-ascent/.gerbil/test-execution/exclusive-1790991148085341000/ascent-timing-test.log
[test-suite] RUNNING exclusive t/qualification/scheme-library-contract-test.ss log=/Users/guangtao/ghq/github.com/tao3k/gerbil-ascent/.gerbil/test-execution/exclusive-1790991148085341000/scheme-library-contract-test.log
[test-suite] END t/qualification/scheme-library-contract-test.ss exit=0 log=/Users/guangtao/ghq/github.com/tao3k/gerbil-ascent/.gerbil/test-execution/exclusive-1790991148085341000/scheme-library-contract-test.log
[test-suite] RUNNING exclusive t/qualification/scheme-native-integration-test.ss log=/Users/guangtao/ghq/github.com/tao3k/gerbil-ascent/.gerbil/test-execution/exclusive-1790991148085341000/scheme-native-integration-test.log
[test-suite] END t/qualification/scheme-native-integration-test.ss exit=0 log=/Users/guangtao/ghq/github.com/tao3k/gerbil-ascent/.gerbil/test-execution/exclusive-1790991148085341000/scheme-native-integration-test.log
[test-suite] END t/qualification/scheme-native-language-test.ss exit=0 log=/Users/guangtao/ghq/github.com/tao3k/gerbil-ascent/.gerbil/test-execution/exclusive-1790991148085341000/scheme-native-language-test.log
[test-suite] END t/qualification/scheme-native-reduction-test.ss exit=0 log=/Users/guangtao/ghq/github.com/tao3k/gerbil-ascent/.gerbil/test-execution/exclusive-1790991148085341000/scheme-native-reduction-test.log
[test-suite] RUNNING exclusive t/qualification/scheme-operator-retained-test.ss log=/Users/guangtao/ghq/github.com/tao3k/gerbil-ascent/.gerbil/test-execution/exclusive-1790991148085341000/scheme-operator-retained-test.log
[test-suite] RUNNING exclusive t/qualification/scheme-operator-retained-test.ss log=/Users/guangtao/ghq/github.com/tao3k/gerbil-ascent/.gerbil/test-execution/exclusive-1790991148085341000/scheme-operator-retained-test.log
[test-suite] RUNNING exclusive t/qualification/scheme-operator-retained-test.ss log=/Users/guangtao/ghq/github.com/tao3k/gerbil-ascent/.gerbil/test-execution/exclusive-1790991148085341000/scheme-operator-retained-test.log
[test-suite] END t/qualification/scheme-operator-retained-test.ss exit=0 log=/Users/guangtao/ghq/github.com/tao3k/gerbil-ascent/.gerbil/test-execution/exclusive-1790991148085341000/scheme-operator-retained-test.log
[test-suite] RUNNING exclusive t/qualification/scheme-operator-test.ss log=/Users/guangtao/ghq/github.com/tao3k/gerbil-ascent/.gerbil/test-execution/exclusive-1790991148085341000/scheme-operator-test.log
[test-suite] RUNNING exclusive t/qualification/scheme-operator-test.ss log=/Users/guangtao/ghq/github.com/tao3k/gerbil-ascent/.gerbil/test-execution/exclusive-1790991148085341000/scheme-operator-test.log
[test-suite] RUNNING exclusive t/qualification/scheme-operator-test.ss log=/Users/guangtao/ghq/github.com/tao3k/gerbil-ascent/.gerbil/test-execution/exclusive-1790991148085341000/scheme-operator-test.log
[test-suite] END t/qualification/scheme-operator-test.ss exit=0 log=/Users/guangtao/ghq/github.com/tao3k/gerbil-ascent/.gerbil/test-execution/exclusive-1790991148085341000/scheme-operator-test.log
[test-suite] RUNNING exclusive t/qualification/scheme-relational-test.ss log=/Users/guangtao/ghq/github.com/tao3k/gerbil-ascent/.gerbil/test-execution/exclusive-1790991148085341000/scheme-relational-test.log
[test-suite] END t/qualification/scheme-relational-test.ss exit=0 log=/Users/guangtao/ghq/github.com/tao3k/gerbil-ascent/.gerbil/test-execution/exclusive-1790991148085341000/scheme-relational-test.log
[test-suite] END modules=42 failed=0
