[workspace-qualification] START policy-final
[workspace-qualification] RUNNING policy-final
[workspace-qualification] RUNNING policy-final
[workspace-qualification] RUNNING policy-final
[workspace-qualification] RUNNING policy-final
[workspace-qualification] RUNNING policy-final
[workspace-qualification] RUNNING policy-final
[workspace-qualification] RUNNING policy-final
[workspace-qualification] RUNNING policy-final
[workspace-qualification] RUNNING policy-final
[workspace-qualification] RUNNING policy-final
[workspace-qualification] RUNNING policy-final
[workspace-qualification] RUNNING policy-final
{'name': 'policy-final', 'exit': 0, 'seconds': 60.584486250001646}
[workspace-qualification] START full-suite-final
[workspace-qualification] RUNNING full-suite-final
[workspace-qualification] RUNNING full-suite-final
[workspace-qualification] RUNNING full-suite-final
[workspace-qualification] RUNNING full-suite-final
[workspace-qualification] RUNNING full-suite-final
[workspace-qualification] RUNNING full-suite-final
[workspace-qualification] RUNNING full-suite-final
[workspace-qualification] RUNNING full-suite-final
[workspace-qualification] RUNNING full-suite-final
[workspace-qualification] RUNNING full-suite-final
[workspace-qualification] RUNNING full-suite-final
[workspace-qualification] RUNNING full-suite-final
[workspace-qualification] RUNNING full-suite-final
[workspace-qualification] RUNNING full-suite-final
[workspace-qualification] RUNNING full-suite-final
[workspace-qualification] RUNNING full-suite-final
[workspace-qualification] RUNNING full-suite-final
[workspace-qualification] RUNNING full-suite-final
[workspace-qualification] RUNNING full-suite-final
[workspace-qualification] RUNNING full-suite-final
[workspace-qualification] RUNNING full-suite-final
[workspace-qualification] RUNNING full-suite-final
[workspace-qualification] RUNNING full-suite-final
[workspace-qualification] RUNNING full-suite-final
[workspace-qualification] RUNNING full-suite-final
[workspace-qualification] RUNNING full-suite-final
[workspace-qualification] RUNNING full-suite-final
[workspace-qualification] RUNNING full-suite-final
[workspace-qualification] RUNNING full-suite-final
[workspace-qualification] RUNNING full-suite-final
[workspace-qualification] RUNNING full-suite-final
{'name': 'full-suite-final', 'exit': 0, 'seconds': 155.48926354200375}
[workspace-qualification] START nonpositive-ss
[workspace-qualification] RUNNING nonpositive-ss
{'name': 'nonpositive-ss', 'exit': 0, 'seconds': 8.025867500000459}
[workspace-qualification] START table-expression-ss
[workspace-qualification] RUNNING table-expression-ss
[workspace-qualification] RUNNING table-expression-ss
[workspace-qualification] RUNNING table-expression-ss
[workspace-qualification] RUNNING table-expression-ss
[workspace-qualification] RUNNING table-expression-ss
[workspace-qualification] RUNNING table-expression-ss
{'name': 'table-expression-ss', 'exit': 1, 'seconds': 30.971479417006776}
