python3 tools/test_execution.py run -- just _performance
[test-lane] START exclusive just
[ascent-ss] START ascent-byods-trrel (1000 samples)
[ascent-test] START t/performance/ascent-scenario-performance-test.ss
HARNESS ("t/performance/ascent-scenario-performance-test.ss")
MODULE t/performance/ascent-scenario-performance-test.ss
SUITE ASCENT SS scenario
CASE bounded scenario
[test-lane] RUNNING exclusive (5s)
[gerbil-ascent-benchmark] ascent-byods-tr p95=510us semanticEquivalent=#t
[gerbil-ascent-benchmark] ascent-byods-uf p95=789us semanticEquivalent=#t
[test-lane] RUNNING exclusive (10s)
[gerbil-ascent-benchmark] ascent-byods-tr-ring p95=207us semanticEquivalent=#t
[ascent-ss] RUNNING ascent-byods-trrel (10s)
[gerbil-ascent-benchmark] ascent-byods-uf-ring p95=227us semanticEquivalent=#t
CASE-OK bounded scenario
SUITE-OK ASCENT SS scenario
MODULE-OK t/performance/ascent-scenario-performance-test.ss
HARNESS-OK ("t/performance/ascent-scenario-performance-test.ss")
OK
[ascent-test] PASS t/performance/ascent-scenario-performance-test.ss (12s)
[ascent-ss] PASS ascent-byods-trrel (13s)
[ascent-ss] START ascent-session-update (1000 samples)
[ascent-test] START t/performance/ascent-scenario-performance-test.ss
[test-lane] RUNNING exclusive (15s)
HARNESS ("t/performance/ascent-scenario-performance-test.ss")
MODULE t/performance/ascent-scenario-performance-test.ss
SUITE ASCENT SS scenario
CASE bounded scenario
[gerbil-ascent-benchmark] ascent-session-update p95=296us semanticEquivalent=#t
CASE-OK bounded scenario
SUITE-OK ASCENT SS scenario
MODULE-OK t/performance/ascent-scenario-performance-test.ss
HARNESS-OK ("t/performance/ascent-scenario-performance-test.ss")
OK
[test-lane] RUNNING exclusive (20s)
[ascent-test] PASS t/performance/ascent-scenario-performance-test.ss (6s)
[ascent-ss] PASS ascent-session-update (7s)
[ascent-ss] START ascent-ten-thousand-appends (1000 samples)
[ascent-test] START t/performance/ascent-scenario-performance-test.ss
HARNESS ("t/performance/ascent-scenario-performance-test.ss")
MODULE t/performance/ascent-scenario-performance-test.ss
SUITE ASCENT SS scenario
CASE bounded scenario
[test-lane] RUNNING exclusive (25s)
[test-lane] RUNNING exclusive (30s)
[ascent-ss] RUNNING ascent-ten-thousand-appends (10s)
[test-lane] RUNNING exclusive (35s)
[gerbil-ascent-benchmark] ascent-ten-thousand-appends p95=42.284ms
(p50-ns 12689000 p95-ns 42284000 max-ns 146716000 over-50ms 8)
CASE-OK bounded scenario
SUITE-OK ASCENT SS scenario
MODULE-OK t/performance/ascent-scenario-performance-test.ss
HARNESS-OK ("t/performance/ascent-scenario-performance-test.ss")
OK
[test-lane] RUNNING exclusive (40s)
[ascent-test] PASS t/performance/ascent-scenario-performance-test.ss (20s)
[ascent-ss] PASS ascent-ten-thousand-appends (20s)
[ascent-ss] START ascent-nonpositive-session-update (1000 samples)
[ascent-test] START t/performance/ascent-scenario-performance-test.ss
HARNESS ("t/performance/ascent-scenario-performance-test.ss")
MODULE t/performance/ascent-scenario-performance-test.ss
SUITE ASCENT SS scenario
CASE bounded scenario
[test-lane] RUNNING exclusive (45s)
[gerbil-ascent-benchmark] ascent-nonpositive-session-update p95=336us semanticEquivalent=#t
CASE-OK bounded scenario
SUITE-OK ASCENT SS scenario
MODULE-OK t/performance/ascent-scenario-performance-test.ss
HARNESS-OK ("t/performance/ascent-scenario-performance-test.ss")
OK
[ascent-test] PASS t/performance/ascent-scenario-performance-test.ss (6s)
[ascent-ss] PASS ascent-nonpositive-session-update (6s)
[ascent-ss] START ascent-rule-clauses (1000 samples)
[ascent-test] START t/performance/ascent-scenario-performance-test.ss
HARNESS ("t/performance/ascent-scenario-performance-test.ss")
MODULE t/performance/ascent-scenario-performance-test.ss
SUITE ASCENT SS scenario
CASE bounded scenario
[test-lane] RUNNING exclusive (50s)
[gerbil-ascent-benchmark] ascent-rule-clauses p95=444us semanticEquivalent=#t
CASE-OK bounded scenario
SUITE-OK ASCENT SS scenario
MODULE-OK t/performance/ascent-scenario-performance-test.ss
HARNESS-OK ("t/performance/ascent-scenario-performance-test.ss")
OK
[ascent-test] PASS t/performance/ascent-scenario-performance-test.ss (5s)
[ascent-ss] PASS ascent-rule-clauses (6s)
[ascent-ss] START ascent-var-points-to (1000 samples)
[ascent-test] START t/performance/ascent-scenario-performance-test.ss
[test-lane] RUNNING exclusive (55s)
HARNESS ("t/performance/ascent-scenario-performance-test.ss")
MODULE t/performance/ascent-scenario-performance-test.ss
SUITE ASCENT SS scenario
CASE bounded scenario
[gerbil-ascent-benchmark] ascent-var-points-to p95=256us semanticEquivalent=#t
CASE-OK bounded scenario
SUITE-OK ASCENT SS scenario
MODULE-OK t/performance/ascent-scenario-performance-test.ss
HARNESS-OK ("t/performance/ascent-scenario-performance-test.ss")
OK
[ascent-test] PASS t/performance/ascent-scenario-performance-test.ss (5s)
[ascent-ss] PASS ascent-var-points-to (6s)
[ascent-ss] START ascent-upstream-examples (1000 samples)
[ascent-test] START t/performance/ascent-scenario-performance-test.ss
[test-lane] RUNNING exclusive (60s)
HARNESS ("t/performance/ascent-scenario-performance-test.ss")
MODULE t/performance/ascent-scenario-performance-test.ss
SUITE ASCENT SS scenario
CASE bounded scenario
[gerbil-ascent-benchmark] ascent-fibonacci p95=356us semanticEquivalent=#t
[test-lane] RUNNING exclusive (65s)
[gerbil-ascent-benchmark] ascent-context-flow p95=429us semanticEquivalent=#t
CASE-OK bounded scenario
SUITE-OK ASCENT SS scenario
MODULE-OK t/performance/ascent-scenario-performance-test.ss
HARNESS-OK ("t/performance/ascent-scenario-performance-test.ss")
OK
[ascent-test] PASS t/performance/ascent-scenario-performance-test.ss (7s)
[ascent-ss] PASS ascent-upstream-examples (8s)
[ascent-ss] START ascent-product-session (1000 samples)
[ascent-test] START t/performance/ascent-scenario-performance-test.ss
HARNESS ("t/performance/ascent-scenario-performance-test.ss")
MODULE t/performance/ascent-scenario-performance-test.ss
SUITE ASCENT SS scenario
CASE bounded scenario
[test-lane] RUNNING exclusive (70s)
[gerbil-ascent-benchmark] ascent-product-session p95=640us semanticEquivalent=#t
CASE-OK bounded scenario
SUITE-OK ASCENT SS scenario
MODULE-OK t/performance/ascent-scenario-performance-test.ss
HARNESS-OK ("t/performance/ascent-scenario-performance-test.ss")
OK
[ascent-test] PASS t/performance/ascent-scenario-performance-test.ss (5s)
[ascent-ss] PASS ascent-product-session (6s)
[ascent-ss] START ascent-mutual-recursive-heads (1000 samples)
[ascent-test] START t/performance/ascent-scenario-performance-test.ss
[test-lane] RUNNING exclusive (75s)
HARNESS ("t/performance/ascent-scenario-performance-test.ss")
MODULE t/performance/ascent-scenario-performance-test.ss
SUITE ASCENT SS scenario
CASE bounded scenario
[gerbil-ascent-benchmark] ascent-mutual-recursive-heads p95=269us semanticEquivalent=#t
CASE-OK bounded scenario
SUITE-OK ASCENT SS scenario
MODULE-OK t/performance/ascent-scenario-performance-test.ss
HARNESS-OK ("t/performance/ascent-scenario-performance-test.ss")
OK
[ascent-test] PASS t/performance/ascent-scenario-performance-test.ss (5s)
[ascent-ss] PASS ascent-mutual-recursive-heads (6s)
[ascent-ss] START ascent-derived-aggregate (1000 samples)
[test-lane] RUNNING exclusive (80s)
[ascent-test] START t/performance/ascent-scenario-performance-test.ss
HARNESS ("t/performance/ascent-scenario-performance-test.ss")
MODULE t/performance/ascent-scenario-performance-test.ss
SUITE ASCENT SS scenario
CASE bounded scenario
[gerbil-ascent-benchmark] ascent-derived-aggregate p95=234us semanticEquivalent=#t
CASE-OK bounded scenario
SUITE-OK ASCENT SS scenario
MODULE-OK t/performance/ascent-scenario-performance-test.ss
HARNESS-OK ("t/performance/ascent-scenario-performance-test.ss")
OK
[test-lane] RUNNING exclusive (85s)
[ascent-test] PASS t/performance/ascent-scenario-performance-test.ss (5s)
[ascent-ss] PASS ascent-derived-aggregate (6s)
[ascent-ss] START ascent-indexed-joins (1000 samples)
[ascent-test] START t/performance/ascent-scenario-performance-test.ss
HARNESS ("t/performance/ascent-scenario-performance-test.ss")
MODULE t/performance/ascent-scenario-performance-test.ss
SUITE ASCENT SS scenario
CASE bounded scenario
[test-lane] RUNNING exclusive (90s)
[gerbil-ascent-benchmark] ascent-indexed-joins p95=476us semanticEquivalent=#t
CASE-OK bounded scenario
SUITE-OK ASCENT SS scenario
MODULE-OK t/performance/ascent-scenario-performance-test.ss
HARNESS-OK ("t/performance/ascent-scenario-performance-test.ss")
OK
[ascent-test] PASS t/performance/ascent-scenario-performance-test.ss (5s)
[ascent-ss] PASS ascent-indexed-joins (5s)
[ascent-ss] START ascent-byods-eqrel (1000 samples)
[ascent-test] START t/performance/ascent-scenario-performance-test.ss
HARNESS ("t/performance/ascent-scenario-performance-test.ss")
MODULE t/performance/ascent-scenario-performance-test.ss
SUITE ASCENT SS scenario
CASE bounded scenario
[test-lane] RUNNING exclusive (95s)
[gerbil-ascent-benchmark] ascent-byods-eqrel p95=430us semanticEquivalent=#t
CASE-OK bounded scenario
SUITE-OK ASCENT SS scenario
MODULE-OK t/performance/ascent-scenario-performance-test.ss
HARNESS-OK ("t/performance/ascent-scenario-performance-test.ss")
OK
[ascent-test] PASS t/performance/ascent-scenario-performance-test.ss (5s)
[ascent-ss] PASS ascent-byods-eqrel (6s)
[ascent-ss] START ascent-binary-program (1000 samples)
[ascent-test] START t/performance/ascent-binary-program-performance-test.ss
HARNESS ("t/performance/ascent-binary-program-performance-test.ss")
MODULE t/performance/ascent-binary-program-performance-test.ss
SUITE ASCENT Scheme binary program performance
CASE twenty-node chain within standard fixture
[test-lane] RUNNING exclusive (100s)
[gerbil-ascent-benchmark] ascent-binary-program p95=430us
CASE-OK twenty-node chain within standard fixture
SUITE-OK ASCENT Scheme binary program performance
MODULE-OK t/performance/ascent-binary-program-performance-test.ss
HARNESS-OK ("t/performance/ascent-binary-program-performance-test.ss")
OK
[ascent-test] PASS t/performance/ascent-binary-program-performance-test.ss (4s)
[ascent-ss] PASS ascent-binary-program (4s)
[ascent-ss] START ascent-reachability-closure (1000 samples)
[ascent-test] START t/performance/ascent-scenario-performance-test.ss
HARNESS ("t/performance/ascent-scenario-performance-test.ss")
MODULE t/performance/ascent-scenario-performance-test.ss
SUITE ASCENT SS scenario
CASE bounded scenario
[test-lane] RUNNING exclusive (105s)
[gerbil-ascent-benchmark] ascent-reachability-closure p95=176us pairs=190 semanticEquivalent=#t
CASE-OK bounded scenario
SUITE-OK ASCENT SS scenario
MODULE-OK t/performance/ascent-scenario-performance-test.ss
HARNESS-OK ("t/performance/ascent-scenario-performance-test.ss")
OK
[ascent-test] PASS t/performance/ascent-scenario-performance-test.ss (4s)
[ascent-ss] PASS ascent-reachability-closure (4s)
[ascent-ss] START ascent-table-expression (1000 samples)
[ascent-test] START t/performance/ascent-scenario-performance-test.ss
HARNESS ("t/performance/ascent-scenario-performance-test.ss")
MODULE t/performance/ascent-scenario-performance-test.ss
SUITE ASCENT SS scenario
CASE bounded scenario
[test-lane] RUNNING exclusive (110s)
[test-lane] RUNNING exclusive (115s)
[ascent-ss] RUNNING ascent-table-expression (10s)
[test-lane] RUNNING exclusive (120s)
[test-lane] RUNNING exclusive (125s)
[ascent-ss] RUNNING ascent-table-expression (20s)
[gerbil-ascent-benchmark] ascent-table-expression baseline-p95=20.61ms candidate-p95=1.04ms semanticEquivalent=#t
CASE-OK bounded scenario
SUITE-OK ASCENT SS scenario
MODULE-OK t/performance/ascent-scenario-performance-test.ss
HARNESS-OK ("t/performance/ascent-scenario-performance-test.ss")
OK
[test-lane] RUNNING exclusive (130s)
[ascent-test] PASS t/performance/ascent-scenario-performance-test.ss (24s)
[ascent-ss] PASS ascent-table-expression (24s)
[ascent-ss] START ascent-table-expression-membership (1000 samples)
[ascent-test] START t/performance/ascent-scenario-performance-test.ss
HARNESS ("t/performance/ascent-scenario-performance-test.ss")
MODULE t/performance/ascent-scenario-performance-test.ss
SUITE ASCENT SS scenario
CASE bounded scenario
[test-lane] RUNNING exclusive (135s)
[gerbil-ascent-benchmark] ascent-membership baseline-p95=915us candidate-p95=350us semanticEquivalent=#t
CASE-OK bounded scenario
SUITE-OK ASCENT SS scenario
MODULE-OK t/performance/ascent-scenario-performance-test.ss
HARNESS-OK ("t/performance/ascent-scenario-performance-test.ss")
OK
[ascent-test] PASS t/performance/ascent-scenario-performance-test.ss (7s)
[ascent-ss] PASS ascent-table-expression-membership (7s)
[ascent-ss] START ascent-shortest-candidates (1000 samples)
[ascent-test] START t/performance/ascent-shortest-candidates-performance-test.ss
HARNESS ("t/performance/ascent-shortest-candidates-performance-test.ss")
MODULE t/performance/ascent-shortest-candidates-performance-test.ss
SUITE ASCENT Scheme shortest candidates performance
CASE twenty-node chain stays within the standard fixture
[test-lane] RUNNING exclusive (140s)
[gerbil-ascent-benchmark] ascent-shortest-candidates p95=572us
CASE-OK twenty-node chain stays within the standard fixture
SUITE-OK ASCENT Scheme shortest candidates performance
MODULE-OK t/performance/ascent-shortest-candidates-performance-test.ss
HARNESS-OK ("t/performance/ascent-shortest-candidates-performance-test.ss")
OK
[ascent-test] PASS t/performance/ascent-shortest-candidates-performance-test.ss (4s)
[ascent-ss] PASS ascent-shortest-candidates (5s)
[test-lane] END exclusive exit=0
