[ascent-test] START t/qualification/ascent-observability-test.ss
[test-lane] START exclusive t/qualification/ascent-observability-test.ss
[test-lane] RUNNING exclusive (5s)
HARNESS ("t/qualification/ascent-observability-test.ss")
MODULE t/qualification/ascent-observability-test.ss
SUITE ASCENT Core Observability profile
CASE a POO slot override rejects an over-budget SS Case
CASE-OK a POO slot override rejects an over-budget SS Case
CASE a POO Case slot interrupts a stalled operation
ERROR CHECK (with-catch PooFlowDebugDurationAnomaly? (lambda () (.call bounded-profile .run bounded-profile stalled ASCENT operation (lambda () (thread-sleep! .1) 'unexpected-admission)))) "t/qualification/ascent-observability-test.ss"@48.10-55.47

*** ERROR IN "t/qualification/ascent-observability-test.ss"@48.10-55.47 [TestError]: result does not match expectation
--- irritants: (with-catch PooFlowDebugDurationAnomaly? (lambda () (.call bounded-profile .run bounded-profile "stalled ASCENT operation" (lambda () (thread-sleep! .1) 'unexpected-admission)))) test: (with-catch PooFlowDebugDurationAnomaly? (lambda () (.call bounded-profile .run bounded-profile "stalled ASCENT operation" (lambda () (thread-sleep! .1) 'unexpected-admission)))) result: #<unknown> expectation: #t 
--- continuation backtrace:
[0] raise                                                                                                                                                                   
[1] #<procedure #13>                                                                                                                                                                                                                                                                                                                                     (raise (std/test/base#make-TestError "result does not match expectation" where: "\"t/qualification/ascent-observability-test.ss\"@48.10-55.47" irritants: (cons '(w...
[2] std/test/base#__test-do-check!                                                                                                                                                                                                                                                                                                                       (_%thunk499301%_)
[3] std/test/base#__test-check!                                                                                                                                                                                                                                                                                                                          (##call-with-current-continuation __tmp242479)
[4] std/test/base#__test-case!                                                                                                                                                                                                                                                                                                                           ((let () (declare (not safe)) (##unchecked-structure-ref _%tc499784%_ '6 '#f '#f)))
[5] std/test/base#__test-suite!                                                                                                                                                                                                                                                                                                                          (##call-with-current-continuation __tmp242471)
[6] std/test/base#__test-suite!                                                                                                                                                                                                                                                                                                                          (##for-each __tmp242470 __tmp242469)
[7] std/test/base#__test-suite!                                                                                                                                                                                                                                                                                                                          (##for-each __tmp242470 __tmp242469)
[8] std/test/base#__test-module!                                                                                                                                                                                                                                                                                                                         (##call-with-current-continuation __tmp242464)
[9] std/test/base#__test-module!                                                                                                                                                                                                                                                                                                                         (##for-each __tmp242463 __tmp242462)
[10] std/test/base#__test-module!                                                                                                                                                                                                                                                                                                                        (##for-each __tmp242463 __tmp242462)
[11] std/test/base#__test-harness!                                                                                                                                                                                                                                                                                                                       (##call-with-current-continuation __tmp242457)
[12] std/test/base#__test-harness!                                                                                                                                                                                                                                                                                                                       (##for-each __tmp242456 __tmp242455)
[13] std/test/base#__test-harness!                                                                                                                                                                                                                                                                                                                       (##for-each __tmp242456 __tmp242455)
[14] gerbil/tools/gxtest#gxtest-main                                                                                                                                        
SUITE-OK ASCENT Core Observability profile
MODULE-OK t/qualification/ascent-observability-test.ss
HARNESS-OK ("t/qualification/ascent-observability-test.ss")
ERROR HARNESS (t/qualification/ascent-observability-test.ss)
at HARNESS ("t/qualification/ascent-observability-test.ss")
at MODULE t/qualification/ascent-observability-test.ss
at SUITE ASCENT Core Observability profile
at CHECK (with-catch PooFlowDebugDurationAnomaly? (lambda () (.call bounded-profile .run bounded-profile stalled ASCENT operation (lambda () (thread-sleep! .1) 'unexpected-admission)))) "t/qualification/ascent-observability-test.ss"@48.10-55.47

*** ERROR IN "t/qualification/ascent-observability-test.ss"@48.10-55.47 [TestError]: result does not match expectation
--- irritants: (with-catch PooFlowDebugDurationAnomaly? (lambda () (.call bounded-profile .run bounded-profile "stalled ASCENT operation" (lambda () (thread-sleep! .1) 'unexpected-admission)))) test: (with-catch PooFlowDebugDurationAnomaly? (lambda () (.call bounded-profile .run bounded-profile "stalled ASCENT operation" (lambda () (thread-sleep! .1) 'unexpected-admission)))) result: #<unknown> expectation: #t 
--- continuation backtrace:
[0] raise                                                                                                                                                                   
[1] #<procedure #13>                                                                                                                                                                                                                                                                                                                                     (raise (std/test/base#make-TestError "result does not match expectation" where: "\"t/qualification/ascent-observability-test.ss\"@48.10-55.47" irritants: (cons '(w...
[2] std/test/base#__test-do-check!                                                                                                                                                                                                                                                                                                                       (_%thunk499301%_)
[3] std/test/base#__test-check!                                                                                                                                                                                                                                                                                                                          (##call-with-current-continuation __tmp242479)
[4] std/test/base#__test-case!                                                                                                                                                                                                                                                                                                                           ((let () (declare (not safe)) (##unchecked-structure-ref _%tc499784%_ '6 '#f '#f)))
[5] std/test/base#__test-suite!                                                                                                                                                                                                                                                                                                                          (##call-with-current-continuation __tmp242471)
[6] std/test/base#__test-suite!                                                                                                                                                                                                                                                                                                                          (##for-each __tmp242470 __tmp242469)
[7] std/test/base#__test-suite!                                                                                                                                                                                                                                                                                                                          (##for-each __tmp242470 __tmp242469)
[8] std/test/base#__test-module!                                                                                                                                                                                                                                                                                                                         (##call-with-current-continuation __tmp242464)
[9] std/test/base#__test-module!                                                                                                                                                                                                                                                                                                                         (##for-each __tmp242463 __tmp242462)
[10] std/test/base#__test-module!                                                                                                                                                                                                                                                                                                                        (##for-each __tmp242463 __tmp242462)
[11] std/test/base#__test-harness!                                                                                                                                                                                                                                                                                                                       (##call-with-current-continuation __tmp242457)
[12] std/test/base#__test-harness!                                                                                                                                                                                                                                                                                                                       (##for-each __tmp242456 __tmp242455)
[13] std/test/base#__test-harness!                                                                                                                                                                                                                                                                                                                       (##for-each __tmp242456 __tmp242455)
[14] gerbil/tools/gxtest#gxtest-main                                                                                                                                        
[test-lane] END exclusive exit=0
error: recipe `test-file` failed with exit code 1
