NATIVE-MODULE-OK /Users/guangtao/ghq/github.com/tao3k/gerbil-ascent/.gerbil/ordered-relations/lib/gerbil-ascent/table/expression.ssi
NATIVE-MODULE-OK /Users/guangtao/ghq/github.com/tao3k/gerbil-ascent/.gerbil/ordered-relations/lib/gerbil-ascent/t/performance/ordered-relations/reference.ssi
CASE cold-projection-256 samples=1000 repetitions=1
PROGRESS cold-projection-256 100/1000
PROGRESS cold-projection-256 200/1000
PROGRESS cold-projection-256 300/1000
PROGRESS cold-projection-256 400/1000
PROGRESS cold-projection-256 500/1000
PROGRESS cold-projection-256 600/1000
PROGRESS cold-projection-256 700/1000
PROGRESS cold-projection-256 800/1000
PROGRESS cold-projection-256 900/1000
PROGRESS cold-projection-256 1000/1000
RESULT cold-projection-256 old-p50-bytes=242912 new-p50-bytes=165728 paired-wins=998/1000
CASE complete-snapshot-16 samples=1000 repetitions=1
PROGRESS complete-snapshot-16 100/1000
PROGRESS complete-snapshot-16 200/1000
PROGRESS complete-snapshot-16 300/1000
PROGRESS complete-snapshot-16 400/1000
PROGRESS complete-snapshot-16 500/1000
PROGRESS complete-snapshot-16 600/1000
PROGRESS complete-snapshot-16 700/1000
PROGRESS complete-snapshot-16 800/1000
PROGRESS complete-snapshot-16 900/1000
PROGRESS complete-snapshot-16 1000/1000
RESULT complete-snapshot-16 old-p50-bytes=181168 new-p50-bytes=158576 paired-wins=998/1000
CASE complete-fanout-32 samples=1000 repetitions=1
PROGRESS complete-fanout-32 100/1000
PROGRESS complete-fanout-32 200/1000
PROGRESS complete-fanout-32 300/1000
PROGRESS complete-fanout-32 400/1000
PROGRESS complete-fanout-32 500/1000
PROGRESS complete-fanout-32 600/1000
PROGRESS complete-fanout-32 700/1000
PROGRESS complete-fanout-32 800/1000
PROGRESS complete-fanout-32 900/1000
PROGRESS complete-fanout-32 1000/1000
RESULT complete-fanout-32 old-p50-bytes=586544 new-p50-bytes=455472 paired-wins=992/1000
CASE closure-chain-32 samples=1000 repetitions=1
PROGRESS closure-chain-32 100/1000
PROGRESS closure-chain-32 200/1000
PROGRESS closure-chain-32 300/1000
PROGRESS closure-chain-32 400/1000
PROGRESS closure-chain-32 500/1000
PROGRESS closure-chain-32 600/1000
PROGRESS closure-chain-32 700/1000
PROGRESS closure-chain-32 800/1000
PROGRESS closure-chain-32 900/1000
PROGRESS closure-chain-32 1000/1000
RESULT closure-chain-32 old-p50-bytes=128960 new-p50-bytes=107904 paired-wins=999/1000
CASE distance-chain-32 samples=1000 repetitions=1
PROGRESS distance-chain-32 100/1000
PROGRESS distance-chain-32 200/1000
PROGRESS distance-chain-32 300/1000
PROGRESS distance-chain-32 400/1000
PROGRESS distance-chain-32 500/1000
PROGRESS distance-chain-32 600/1000
PROGRESS distance-chain-32 700/1000
PROGRESS distance-chain-32 800/1000
PROGRESS distance-chain-32 900/1000
PROGRESS distance-chain-32 1000/1000
RESULT distance-chain-32 old-p50-bytes=159392 new-p50-bytes=141280 paired-wins=1000/1000
CASE sparse-projection-513 samples=1000 repetitions=1
PROGRESS sparse-projection-513 100/1000
PROGRESS sparse-projection-513 200/1000
PROGRESS sparse-projection-513 300/1000
PROGRESS sparse-projection-513 400/1000
PROGRESS sparse-projection-513 500/1000
PROGRESS sparse-projection-513 600/1000
PROGRESS sparse-projection-513 700/1000
PROGRESS sparse-projection-513 800/1000
PROGRESS sparse-projection-513 900/1000
PROGRESS sparse-projection-513 1000/1000
RESULT sparse-projection-513 old-p50-bytes=58168 new-p50-bytes=58200 paired-wins=3/1000
CASE external-compose-256 samples=1000 repetitions=1
PROGRESS external-compose-256 100/1000
PROGRESS external-compose-256 200/1000
PROGRESS external-compose-256 300/1000
PROGRESS external-compose-256 400/1000
PROGRESS external-compose-256 500/1000
PROGRESS external-compose-256 600/1000
PROGRESS external-compose-256 700/1000
PROGRESS external-compose-256 800/1000
PROGRESS external-compose-256 900/1000
PROGRESS external-compose-256 1000/1000
RESULT external-compose-256 old-p50-bytes=145184 new-p50-bytes=87968 paired-wins=998/1000
CASE empty-distances-512 samples=1000 repetitions=1
PROGRESS empty-distances-512 100/1000
PROGRESS empty-distances-512 200/1000
PROGRESS empty-distances-512 300/1000
PROGRESS empty-distances-512 400/1000
PROGRESS empty-distances-512 500/1000
PROGRESS empty-distances-512 600/1000
PROGRESS empty-distances-512 700/1000
PROGRESS empty-distances-512 800/1000
PROGRESS empty-distances-512 900/1000
PROGRESS empty-distances-512 1000/1000
RESULT empty-distances-512 old-p50-bytes=2153744 new-p50-bytes=2153888 paired-wins=1/1000
CASE sparse-distances-512 samples=1000 repetitions=1
PROGRESS sparse-distances-512 100/1000
PROGRESS sparse-distances-512 200/1000
PROGRESS sparse-distances-512 300/1000
PROGRESS sparse-distances-512 400/1000
PROGRESS sparse-distances-512 500/1000
PROGRESS sparse-distances-512 600/1000
PROGRESS sparse-distances-512 700/1000
PROGRESS sparse-distances-512 800/1000
PROGRESS sparse-distances-512 900/1000
PROGRESS sparse-distances-512 1000/1000
RESULT sparse-distances-512 old-p50-bytes=2154336 new-p50-bytes=2154480 paired-wins=33/1000
CASE cold-index-256 samples=1000 repetitions=1
PROGRESS cold-index-256 100/1000
PROGRESS cold-index-256 200/1000
PROGRESS cold-index-256 300/1000
PROGRESS cold-index-256 400/1000
PROGRESS cold-index-256 500/1000
PROGRESS cold-index-256 600/1000
PROGRESS cold-index-256 700/1000
PROGRESS cold-index-256 800/1000
PROGRESS cold-index-256 900/1000
PROGRESS cold-index-256 1000/1000
RESULT cold-index-256 old-p50-bytes=63920 new-p50-bytes=63920 paired-wins=1/1000
OK
