[test-lane] START exclusive python3
[row-propagation] START build
{'name': 'build', 'exit': 0, 'seconds': 4.621053208000376}
[row-propagation] START oracle
[test-lane] RUNNING exclusive (5s)
[row-propagation] RUNNING oracle
[test-lane] RUNNING exclusive (10s)
[row-propagation] RUNNING oracle
[test-lane] RUNNING exclusive (15s)
{'name': 'oracle', 'exit': 0, 'seconds': 11.562141374997736}
[row-propagation] START first
[test-lane] RUNNING exclusive (20s)
[row-propagation] RUNNING first
[test-lane] RUNNING exclusive (25s)
[row-propagation] RUNNING first
[test-lane] RUNNING exclusive (30s)
[row-propagation] RUNNING first
[test-lane] RUNNING exclusive (35s)
[row-propagation] RUNNING first
[test-lane] RUNNING exclusive (40s)
[row-propagation] RUNNING first
[test-lane] RUNNING exclusive (45s)
[row-propagation] RUNNING first
[test-lane] RUNNING exclusive (50s)
[row-propagation] RUNNING first
[test-lane] RUNNING exclusive (55s)
[row-propagation] RUNNING first
[test-lane] RUNNING exclusive (60s)
[row-propagation] RUNNING first
[test-lane] RUNNING exclusive (65s)
[row-propagation] RUNNING first
[test-lane] RUNNING exclusive (70s)
[row-propagation] RUNNING first
[test-lane] RUNNING exclusive (75s)
[row-propagation] RUNNING first
[test-lane] RUNNING exclusive (80s)
[row-propagation] RUNNING first
[test-lane] RUNNING exclusive (85s)
[row-propagation] RUNNING first
[test-lane] RUNNING exclusive (90s)
[row-propagation] RUNNING first
[test-lane] RUNNING exclusive (95s)
[row-propagation] RUNNING first
[test-lane] RUNNING exclusive (100s)
[row-propagation] RUNNING first
[test-lane] RUNNING exclusive (105s)
[row-propagation] RUNNING first
[test-lane] RUNNING exclusive (110s)
[row-propagation] RUNNING first
[test-lane] RUNNING exclusive (115s)
[row-propagation] RUNNING first
[test-lane] RUNNING exclusive (120s)
[row-propagation] RUNNING first
[test-lane] RUNNING exclusive (125s)
[row-propagation] RUNNING first
[test-lane] RUNNING exclusive (130s)
[row-propagation] RUNNING first
[test-lane] RUNNING exclusive (135s)
[row-propagation] RUNNING first
[test-lane] RUNNING exclusive (140s)
[row-propagation] RUNNING first
[test-lane] RUNNING exclusive (145s)
[row-propagation] RUNNING first
[test-lane] RUNNING exclusive (150s)
[row-propagation] RUNNING first
[test-lane] RUNNING exclusive (155s)
[row-propagation] RUNNING first
[test-lane] RUNNING exclusive (160s)
[row-propagation] RUNNING first
[test-lane] RUNNING exclusive (165s)
[row-propagation] RUNNING first
[test-lane] RUNNING exclusive (170s)
[row-propagation] RUNNING first
[test-lane] RUNNING exclusive (175s)
[row-propagation] RUNNING first
[test-lane] RUNNING exclusive (180s)
[row-propagation] RUNNING first
[test-lane] RUNNING exclusive (185s)
[row-propagation] RUNNING first
[test-lane] RUNNING exclusive (190s)
[row-propagation] RUNNING first
[test-lane] RUNNING exclusive (195s)
[row-propagation] RUNNING first
[test-lane] RUNNING exclusive (200s)
[row-propagation] RUNNING first
[test-lane] RUNNING exclusive (205s)
[row-propagation] RUNNING first
[test-lane] RUNNING exclusive (210s)
[row-propagation] RUNNING first
[test-lane] RUNNING exclusive (215s)
[row-propagation] RUNNING first
[test-lane] RUNNING exclusive (220s)
[row-propagation] RUNNING first
[test-lane] RUNNING exclusive (225s)
[row-propagation] RUNNING first
[test-lane] RUNNING exclusive (230s)
[row-propagation] RUNNING first
[test-lane] RUNNING exclusive (235s)
[row-propagation] RUNNING first
[test-lane] RUNNING exclusive (240s)
[row-propagation] RUNNING first
[test-lane] RUNNING exclusive (245s)
[row-propagation] RUNNING first
[test-lane] RUNNING exclusive (250s)
{'name': 'first', 'exit': 0, 'seconds': 234.91002995900635}
[row-propagation] START repeat
[test-lane] RUNNING exclusive (255s)
[row-propagation] RUNNING repeat
[test-lane] RUNNING exclusive (260s)
[row-propagation] RUNNING repeat
[test-lane] RUNNING exclusive (265s)
[row-propagation] RUNNING repeat
[test-lane] RUNNING exclusive (270s)
[row-propagation] RUNNING repeat
[test-lane] RUNNING exclusive (275s)
[row-propagation] RUNNING repeat
[test-lane] RUNNING exclusive (280s)
[row-propagation] RUNNING repeat
[test-lane] RUNNING exclusive (285s)
[row-propagation] RUNNING repeat
[test-lane] RUNNING exclusive (290s)
[row-propagation] RUNNING repeat
[test-lane] RUNNING exclusive (295s)
[row-propagation] RUNNING repeat
[test-lane] RUNNING exclusive (300s)
[row-propagation] RUNNING repeat
[test-lane] RUNNING exclusive (305s)
[row-propagation] RUNNING repeat
[test-lane] RUNNING exclusive (310s)
[row-propagation] RUNNING repeat
[test-lane] RUNNING exclusive (315s)
[row-propagation] RUNNING repeat
[test-lane] RUNNING exclusive (320s)
[row-propagation] RUNNING repeat
[test-lane] RUNNING exclusive (325s)
[row-propagation] RUNNING repeat
[test-lane] RUNNING exclusive (330s)
[row-propagation] RUNNING repeat
[test-lane] RUNNING exclusive (335s)
[row-propagation] RUNNING repeat
[test-lane] RUNNING exclusive (340s)
[row-propagation] RUNNING repeat
[test-lane] RUNNING exclusive (345s)
[row-propagation] RUNNING repeat
[test-lane] RUNNING exclusive (350s)
[row-propagation] RUNNING repeat
[test-lane] RUNNING exclusive (355s)
[row-propagation] RUNNING repeat
[test-lane] RUNNING exclusive (360s)
[row-propagation] RUNNING repeat
[test-lane] RUNNING exclusive (365s)
[row-propagation] RUNNING repeat
[test-lane] RUNNING exclusive (370s)
[row-propagation] RUNNING repeat
[test-lane] RUNNING exclusive (375s)
[row-propagation] RUNNING repeat
[test-lane] RUNNING exclusive (380s)
[row-propagation] RUNNING repeat
[test-lane] RUNNING exclusive (385s)
[row-propagation] RUNNING repeat
[test-lane] RUNNING exclusive (390s)
[row-propagation] RUNNING repeat
[test-lane] RUNNING exclusive (395s)
[row-propagation] RUNNING repeat
[test-lane] RUNNING exclusive (400s)
[row-propagation] RUNNING repeat
[test-lane] RUNNING exclusive (405s)
[row-propagation] RUNNING repeat
[test-lane] RUNNING exclusive (410s)
[row-propagation] RUNNING repeat
[test-lane] RUNNING exclusive (415s)
[row-propagation] RUNNING repeat
[test-lane] RUNNING exclusive (420s)
[row-propagation] RUNNING repeat
[test-lane] RUNNING exclusive (425s)
[row-propagation] RUNNING repeat
[test-lane] RUNNING exclusive (430s)
[row-propagation] RUNNING repeat
[test-lane] RUNNING exclusive (436s)
[row-propagation] RUNNING repeat
[test-lane] RUNNING exclusive (441s)
[row-propagation] RUNNING repeat
[test-lane] RUNNING exclusive (446s)
[row-propagation] RUNNING repeat
[test-lane] RUNNING exclusive (451s)
[row-propagation] RUNNING repeat
[test-lane] RUNNING exclusive (456s)
[row-propagation] RUNNING repeat
{'name': 'repeat', 'exit': 0, 'seconds': 206.69228129099793}
[test-lane] END exclusive exit=0
