frontier-complete-32-degree-1 counter_delta_decrease=True timing=False [(362352, 303520, 119000, 387000, 34), (362352, 303520, 114000, 384000, 24)]
frontier-complete-32-degree-2 counter_delta_decrease=True timing=False [(366320, 273824, 154000, 378000, 36), (366320, 273824, 152000, 375000, 39)]
frontier-complete-32-degree-4 counter_delta_decrease=True timing=False [(375792, 263584, 216000, 391000, 48), (375792, 263584, 215000, 390000, 64)]
frontier-complete-32-degree-8 counter_delta_decrease=True timing=False [(395536, 267712, 341000, 428000, 88), (395536, 267712, 338000, 425000, 68)]
frontier-complete-32-degree-16 counter_delta_decrease=True timing=False [(432464, 288192, 599000, 506000, 865), (432464, 288192, 592000, 501000, 901)]
frontier-complete-32-degree-31 counter_delta_decrease=True timing=True [(455504, 288192, 1101000, 637000, 902), (455504, 288192, 1087000, 630000, 915)]
frontier-complete-fanout-64 counter_delta_decrease=True timing=False [(1571056, 1413120, 26811000, 2820000, 822), (1571056, 1413120, 9586000, 2761000, 892)]
frontier-projection-256 counter_delta_decrease=False timing=False [(165696, 570960, 301000, 564000, 66), (165696, 570960, 302000, 568000, 81)]
frontier-closure-chain-32 counter_delta_decrease=False timing=False [(107808, 111216, 44000, 67000, 38), (107808, 111216, 44000, 67000, 18)]
frontier-distance-chain-32 counter_delta_decrease=True timing=False [(141184, 135504, 53000, 193000, 26), (141184, 135504, 54000, 194000, 28)]
frontier-empty-distances-512 counter_delta_decrease=True timing=True [(2153824, 61568, 111000, 23000, 991), (2153824, 61568, 109000, 23000, 991)]
frontier-sparse-distances-512 counter_delta_decrease=True timing=True [(2155040, 66656, 113000, 27000, 985), (2155040, 66656, 112000, 27000, 993)]
warshall-complete-32-degree-1 counter_delta_decrease=True timing=False [(362320, 304016, 114000, 391000, 20), (362320, 304016, 122000, 396000, 31)]
warshall-complete-32-degree-2 counter_delta_decrease=True timing=False [(366288, 274320, 154000, 388000, 49), (366288, 274320, 152000, 385000, 28)]
warshall-complete-32-degree-4 counter_delta_decrease=True timing=False [(375760, 264080, 217000, 400000, 62), (375760, 264080, 215000, 398000, 38)]
warshall-complete-32-degree-8 counter_delta_decrease=True timing=False [(395472, 268176, 341000, 436000, 96), (395472, 268176, 340000, 436000, 82)]
warshall-complete-32-degree-16 counter_delta_decrease=True timing=False [(432400, 288656, 600000, 514000, 863), (432400, 288656, 595000, 511000, 869)]
warshall-complete-32-degree-31 counter_delta_decrease=True timing=False [(455440, 288656, 1098000, 645000, 894), (455440, 288656, 1098000, 646000, 880)]
warshall-complete-fanout-64 counter_delta_decrease=False timing=False [(1571088, 1610752, 23500000, 2952000, 833), (1571088, 1610752, 26204000, 2961000, 823)]
warshall-projection-256 counter_delta_decrease=False timing=False [(165728, 570992, 299000, 563000, 64), (165728, 570992, 299000, 564000, 68)]
warshall-closure-chain-32 counter_delta_decrease=True timing=True [(107840, 73328, 43000, 40000, 949), (107840, 73328, 43000, 40000, 959)]
warshall-distance-chain-32 counter_delta_decrease=True timing=False [(141184, 135504, 53000, 192000, 22), (141184, 135504, 53000, 193000, 18)]
warshall-empty-distances-512 counter_delta_decrease=True timing=True [(2153824, 61568, 111000, 23000, 991), (2153824, 61568, 110000, 23000, 987)]
warshall-sparse-distances-512 counter_delta_decrease=True timing=True [(2155040, 66656, 113000, 26000, 978), (2155040, 66656, 113000, 27000, 982)]
