ASP_GERBIL_SCHEME_POLICY=1 GERBIL_BUILD_CORES="${GERBIL_BUILD_CORES:-$(getconf NPROCESSORS_ONLN)}" gerbil build
[asp-build] phase=spec-project-start owner=asp-build-api/native-import-closure executor=std/make elapsedMs=0
[asp-gerbil-scheme-policy] START selected modules=37
[asp-build] phase=spec-project-active owner=asp-build-api/native-import-closure executor=std/make elapsedMs=5006
[asp-gerbil-scheme-policy] COMPLETE findings=0 errors=0
[asp-build] phase=spec-project-complete targetCount=37 owner=asp-build-api/native-import-closure executor=std/make elapsedMs=5122
... compile table/expression
... compile table/funs
... execute compile job (compile-file /private/tmp/ascent-plan-audit-20261002/.gerbil/lib/gerbil-ascent/table/expression~0.scm)
... execute compile job (compile-file /private/tmp/ascent-plan-audit-20261002/.gerbil/lib/gerbil-ascent/table/expression.scm)
... compile table/eqrel
... compile table/trrel
... compile program/aggregators
... compile program/funs
... compile program/analysis
... compile program/summary
... compile candidate/closure
... compile candidate/types
... execute compile job (compile-file /private/tmp/ascent-plan-audit-20261002/.gerbil/lib/gerbil-ascent/table/funs~0.scm)
... compile interface/request
... compile core/binary-program
... compile table/provider
... compile table/storage
... compile table/interface
... compile program/types
... execute compile job (compile-file /private/tmp/ascent-plan-audit-20261002/.gerbil/lib/gerbil-ascent/table/funs.scm)
... compile program/objects
... compile program/planning
... compile program/scheme-checked
... compile program/syntax
... compile program/evaluate
... execute compile job (compile-file /private/tmp/ascent-plan-audit-20261002/.gerbil/lib/gerbil-ascent/table/eqrel~0.scm)
... execute compile job (compile-file /private/tmp/ascent-plan-audit-20261002/.gerbil/lib/gerbil-ascent/table/eqrel.scm)
... execute compile job (compile-file /private/tmp/ascent-plan-audit-20261002/.gerbil/lib/gerbil-ascent/table/trrel~0.scm)
... execute compile job (compile-file /private/tmp/ascent-plan-audit-20261002/.gerbil/lib/gerbil-ascent/table/trrel.scm)
... execute compile job (compile-file /private/tmp/ascent-plan-audit-20261002/.gerbil/lib/gerbil-ascent/program/aggregators~0.scm)
... execute compile job (compile-file /private/tmp/ascent-plan-audit-20261002/.gerbil/lib/gerbil-ascent/program/aggregators.scm)
... execute compile job (compile-file /private/tmp/ascent-plan-audit-20261002/.gerbil/lib/gerbil-ascent/program/funs~0.scm)
... execute compile job (compile-file /private/tmp/ascent-plan-audit-20261002/.gerbil/lib/gerbil-ascent/program/funs.scm)
... execute compile job (compile-file /private/tmp/ascent-plan-audit-20261002/.gerbil/lib/gerbil-ascent/program/analysis~0.scm)
... execute compile job (compile-file /private/tmp/ascent-plan-audit-20261002/.gerbil/lib/gerbil-ascent/program/analysis.scm)
... execute compile job (compile-file /private/tmp/ascent-plan-audit-20261002/.gerbil/lib/gerbil-ascent/program/summary~0.scm)
... execute compile job (compile-file /private/tmp/ascent-plan-audit-20261002/.gerbil/lib/gerbil-ascent/program/summary.scm)
... execute compile job (compile-file /private/tmp/ascent-plan-audit-20261002/.gerbil/lib/gerbil-ascent/candidate/closure~0.scm)
... execute compile job (compile-file /private/tmp/ascent-plan-audit-20261002/.gerbil/lib/gerbil-ascent/candidate/closure.scm)
... compile program/operator
... compile candidate/program
... execute compile job (compile-file /private/tmp/ascent-plan-audit-20261002/.gerbil/lib/gerbil-ascent/candidate/types~0.scm)
... compile program/session
... compile program/operator-change
... compile program/scheme-admission
... compile candidate/funs
... compile candidate/provenance
... compile candidate/finite-evidence
... execute compile job (compile-file /private/tmp/ascent-plan-audit-20261002/.gerbil/lib/gerbil-ascent/candidate/types.scm)
... compile program/scheme-language
... execute compile job (compile-file /private/tmp/ascent-plan-audit-20261002/.gerbil/lib/gerbil-ascent/interface/request~0.scm)
... execute compile job (compile-file /private/tmp/ascent-plan-audit-20261002/.gerbil/lib/gerbil-ascent/interface/request.scm)
... execute compile job (compile-file /private/tmp/ascent-plan-audit-20261002/.gerbil/lib/gerbil-ascent/candidate/types~1.scm)
... compile program/operator-session
... compile candidate/nonmembership
... execute compile job (compile-file /private/tmp/ascent-plan-audit-20261002/.gerbil/lib/gerbil-ascent/core/binary-program~0.scm)
... compile candidate/stratified-proof
... compile program/interface
... compile candidate/stratified-producer
... compile candidate/reasoning
... compile temporal/lens
... execute compile job (compile-file /private/tmp/ascent-plan-audit-20261002/.gerbil/lib/gerbil-ascent/core/binary-program.scm)
... execute compile job (compile-file /private/tmp/ascent-plan-audit-20261002/.gerbil/lib/gerbil-ascent/table/provider~0.scm)
... execute compile job (compile-file /private/tmp/ascent-plan-audit-20261002/.gerbil/lib/gerbil-ascent/table/provider.scm)
... execute compile job (compile-file /private/tmp/ascent-plan-audit-20261002/.gerbil/lib/gerbil-ascent/table/storage~0.scm)
... execute compile job (compile-file /private/tmp/ascent-plan-audit-20261002/.gerbil/lib/gerbil-ascent/table/storage.scm)
... execute compile job (compile-file /private/tmp/ascent-plan-audit-20261002/.gerbil/lib/gerbil-ascent/table/interface.scm)
... execute compile job (compile-file /private/tmp/ascent-plan-audit-20261002/.gerbil/lib/gerbil-ascent/program/types~0.scm)
... execute compile job (compile-file /private/tmp/ascent-plan-audit-20261002/.gerbil/lib/gerbil-ascent/program/types.scm)
... execute compile job (compile-file /private/tmp/ascent-plan-audit-20261002/.gerbil/lib/gerbil-ascent/program/objects~0.scm)
... execute compile job (compile-file /private/tmp/ascent-plan-audit-20261002/.gerbil/lib/gerbil-ascent/program/objects.scm)
... execute compile job (compile-file /private/tmp/ascent-plan-audit-20261002/.gerbil/lib/gerbil-ascent/program/planning~0.scm)
... execute compile job (compile-file /private/tmp/ascent-plan-audit-20261002/.gerbil/lib/gerbil-ascent/program/planning.scm)
... execute compile job (compile-file /private/tmp/ascent-plan-audit-20261002/.gerbil/lib/gerbil-ascent/program/scheme-checked~0.scm)
... execute compile job (compile-file /private/tmp/ascent-plan-audit-20261002/.gerbil/lib/gerbil-ascent/program/scheme-checked.scm)
... execute compile job (compile-file /private/tmp/ascent-plan-audit-20261002/.gerbil/lib/gerbil-ascent/program/syntax.scm)
... execute compile job (compile-file /private/tmp/ascent-plan-audit-20261002/.gerbil/lib/gerbil-ascent/program/evaluate~0.scm)
... execute compile job (compile-file /private/tmp/ascent-plan-audit-20261002/.gerbil/lib/gerbil-ascent/program/evaluate.scm)
... execute compile job (compile-file /private/tmp/ascent-plan-audit-20261002/.gerbil/lib/gerbil-ascent/program/operator~0.scm)
... execute compile job (compile-file /private/tmp/ascent-plan-audit-20261002/.gerbil/lib/gerbil-ascent/program/operator.scm)
... execute compile job (compile-file /private/tmp/ascent-plan-audit-20261002/.gerbil/lib/gerbil-ascent/program/operator~1.scm)
... execute compile job (compile-file /private/tmp/ascent-plan-audit-20261002/.gerbil/lib/gerbil-ascent/program/syntax~1.scm)
... execute compile job (compile-file /private/tmp/ascent-plan-audit-20261002/.gerbil/lib/gerbil-ascent/candidate/program~0.scm)
... execute compile job (compile-file /private/tmp/ascent-plan-audit-20261002/.gerbil/lib/gerbil-ascent/candidate/program.scm)
... execute compile job (compile-file /private/tmp/ascent-plan-audit-20261002/.gerbil/lib/gerbil-ascent/program/session~0.scm)
... execute compile job (compile-file /private/tmp/ascent-plan-audit-20261002/.gerbil/lib/gerbil-ascent/program/session.scm)
... execute compile job (compile-file /private/tmp/ascent-plan-audit-20261002/.gerbil/lib/gerbil-ascent/program/operator-change~0.scm)
... execute compile job (compile-file /private/tmp/ascent-plan-audit-20261002/.gerbil/lib/gerbil-ascent/program/operator-change.scm)
... execute compile job (compile-file /private/tmp/ascent-plan-audit-20261002/.gerbil/lib/gerbil-ascent/program/scheme-admission~0.scm)
... execute compile job (compile-file /private/tmp/ascent-plan-audit-20261002/.gerbil/lib/gerbil-ascent/program/scheme-admission.scm)
... execute compile job (compile-file /private/tmp/ascent-plan-audit-20261002/.gerbil/lib/gerbil-ascent/candidate/funs~0.scm)
... execute compile job (compile-file /private/tmp/ascent-plan-audit-20261002/.gerbil/lib/gerbil-ascent/candidate/funs.scm)
... execute compile job (compile-file /private/tmp/ascent-plan-audit-20261002/.gerbil/lib/gerbil-ascent/program/scheme-admission~1.scm)
... execute compile job (compile-file /private/tmp/ascent-plan-audit-20261002/.gerbil/lib/gerbil-ascent/candidate/provenance~0.scm)
... execute compile job (compile-file /private/tmp/ascent-plan-audit-20261002/.gerbil/lib/gerbil-ascent/candidate/provenance.scm)
... execute compile job (compile-file /private/tmp/ascent-plan-audit-20261002/.gerbil/lib/gerbil-ascent/candidate/provenance~1.scm)
... execute compile job (compile-file /private/tmp/ascent-plan-audit-20261002/.gerbil/lib/gerbil-ascent/candidate/finite-evidence~0.scm)
... execute compile job (compile-file /private/tmp/ascent-plan-audit-20261002/.gerbil/lib/gerbil-ascent/candidate/finite-evidence.scm)
... execute compile job (compile-file /private/tmp/ascent-plan-audit-20261002/.gerbil/lib/gerbil-ascent/candidate/finite-evidence~1.scm)
... execute compile job (compile-file /private/tmp/ascent-plan-audit-20261002/.gerbil/lib/gerbil-ascent/program/scheme-language.scm)
... execute compile job (compile-file /private/tmp/ascent-plan-audit-20261002/.gerbil/lib/gerbil-ascent/program/operator-session~0.scm)
... execute compile job (compile-file /private/tmp/ascent-plan-audit-20261002/.gerbil/lib/gerbil-ascent/program/operator-session.scm)
... execute compile job (compile-file /private/tmp/ascent-plan-audit-20261002/.gerbil/lib/gerbil-ascent/program/operator-session~1.scm)
... execute compile job (compile-file /private/tmp/ascent-plan-audit-20261002/.gerbil/lib/gerbil-ascent/program/scheme-language~1.scm)
... execute compile job (compile-file /private/tmp/ascent-plan-audit-20261002/.gerbil/lib/gerbil-ascent/candidate/nonmembership~0.scm)
... execute compile job (compile-file /private/tmp/ascent-plan-audit-20261002/.gerbil/lib/gerbil-ascent/candidate/nonmembership.scm)
... execute compile job (compile-file /private/tmp/ascent-plan-audit-20261002/.gerbil/lib/gerbil-ascent/candidate/nonmembership~1.scm)
... execute compile job (compile-file /private/tmp/ascent-plan-audit-20261002/.gerbil/lib/gerbil-ascent/candidate/stratified-proof~0.scm)
... execute compile job (compile-file /private/tmp/ascent-plan-audit-20261002/.gerbil/lib/gerbil-ascent/candidate/stratified-proof.scm)
... execute compile job (compile-file /private/tmp/ascent-plan-audit-20261002/.gerbil/lib/gerbil-ascent/program/interface.scm)
... execute compile job (compile-file /private/tmp/ascent-plan-audit-20261002/.gerbil/lib/gerbil-ascent/candidate/stratified-producer~0.scm)
... execute compile job (compile-file /private/tmp/ascent-plan-audit-20261002/.gerbil/lib/gerbil-ascent/candidate/stratified-producer.scm)
... execute compile job (compile-file /private/tmp/ascent-plan-audit-20261002/.gerbil/lib/gerbil-ascent/candidate/reasoning~0.scm)
... execute compile job (compile-file /private/tmp/ascent-plan-audit-20261002/.gerbil/lib/gerbil-ascent/candidate/reasoning.scm)
... execute compile job (compile-file /private/tmp/ascent-plan-audit-20261002/.gerbil/lib/gerbil-ascent/candidate/reasoning~1.scm)
... execute compile job (compile-file /private/tmp/ascent-plan-audit-20261002/.gerbil/lib/gerbil-ascent/temporal/lens~0.scm)
... execute compile job (compile-file /private/tmp/ascent-plan-audit-20261002/.gerbil/lib/gerbil-ascent/temporal/lens.scm)
... build in current directory
*** WARNING module std/net/request is DEPRECATED and will be removed in the future
