HARNESS Scheme DSL closure
MODULE t/qualification/scheme-higher-order-test.ss
SUITE Finite positive higher-order descriptors
CASE a function accepts a function and returns a closure over a finite fix
CASE-OK a function accepts a function and returns a closure over a finite fix
CASE one returned function can be instantiated twice without capture aliasing
CASE-OK one returned function can be instantiated twice without capture aliasing
CASE application checks nested function input and result signatures
CASE-OK application checks nested function input and result signatures
CASE finite domains reject bad rows and mappings instead of clamping
CASE-OK finite domains reject bad rows and mappings instead of clamping
CASE typed construction freezes caller-owned source and domain spines
CASE-OK typed construction freezes caller-owned source and domain spines
CASE escaped parameters and opaque function results reject
CASE-OK escaped parameters and opaque function results reject
CASE fixed points require finite relation endofunctions and expansion is bounded
CASE-OK fixed points require finite relation endofunctions and expansion is bounded
CASE typed native sessions retain finite domains through replacement and rollback
CASE-OK typed native sessions retain finite domains through replacement and rollback
CASE native derivations outside the declared domain raise instead of truncating
CASE-OK native derivations outside the declared domain raise instead of truncating
CASE admission reconstructs finite predicates and rejects forged domain data
CASE-OK admission reconstructs finite predicates and rejects forged domain data
CASE height expressions distinguish relation height and higher-order function space
CASE-OK height expressions distinguish relation height and higher-order function space
SUITE-OK Finite positive higher-order descriptors
MODULE-OK t/qualification/scheme-higher-order-test.ss
HARNESS-OK Scheme DSL closure
OK
