[result-publication] START final-first
[result-publication] RUNNING final-first
[result-publication] RUNNING final-first
[result-publication] RUNNING final-first
[result-publication] RUNNING final-first
[result-publication] RUNNING final-first
[result-publication] RUNNING final-first
[result-publication] RUNNING final-first
[result-publication] RUNNING final-first
[result-publication] RUNNING final-first
[result-publication] RUNNING final-first
[result-publication] RUNNING final-first
[result-publication] RUNNING final-first
[result-publication] RUNNING final-first
[result-publication] RUNNING final-first
[result-publication] RUNNING final-first
[result-publication] RUNNING final-first
[result-publication] RUNNING final-first
[result-publication] RUNNING final-first
[result-publication] RUNNING final-first
[result-publication] RUNNING final-first
[result-publication] RUNNING final-first
[result-publication] RUNNING final-first
[result-publication] RUNNING final-first
[result-publication] RUNNING final-first
[result-publication] RUNNING final-first
[result-publication] RUNNING final-first
{'name': 'final-first', 'exit': 0, 'seconds': 133.8389828750005}
[result-publication] START final-repeat
[result-publication] RUNNING final-repeat
[result-publication] RUNNING final-repeat
[result-publication] RUNNING final-repeat
[result-publication] RUNNING final-repeat
[result-publication] RUNNING final-repeat
[result-publication] RUNNING final-repeat
[result-publication] RUNNING final-repeat
[result-publication] RUNNING final-repeat
[result-publication] RUNNING final-repeat
[result-publication] RUNNING final-repeat
[result-publication] RUNNING final-repeat
[result-publication] RUNNING final-repeat
{'name': 'final-repeat', 'exit': 0, 'seconds': 64.86329774999467}
[result-publication] START final-policy
[result-publication] RUNNING final-policy
{'name': 'final-policy', 'exit': 70, 'seconds': 9.22483079200174}
