timeout 180s env GERBIL_LOADPATH="/Users/guangtao/ghq/github.com/tao3k/meta-relational-reasoning/.data/worktrees/ascent-dsl-closure-20261004${GERBIL_LOADPATH:+:$GERBIL_LOADPATH}" gerbil env gxi -:max-heap=1G,debug=q t/harness/run.ss build-dsl-closure
DSL-SOURCE-FROZEN
*** ERROR IN __with-lock -- 
*** ERROR IN "t/qualification/scheme-model-closure-test.ss"@308.7-319.27
--- Syntax Error: Bad syntax; invalid match target
--- Context: 
 at expand
 at gerbil-ascent/t/qualification/scheme-model-closure-test
... form:   (test-case
             (case-id record)
             (let (actual (case-value record))
               (check-equal? actual (list-ref record 3))
               (displayln
                "STUDY-CASE "
                (json->string
                 (hash ("id" (case-id record))
                       ("family" (symbol->string (car record)))
                       ("variant" (symbol->string (cadr record)))
                       ("imports" (map symbol->string (case-imports record)))
                       ("expression" (datum-text (caddr record)))
                       ("nativeDatum" (datum-text actual))
                       ("independentDatum" (datum-text (list-ref record 3))))))
               (force-output)))
*** WARNING module std/net/request is DEPRECATED and will be removed in the future
*** ERROR IN std/misc/process#run-process__% -- 
*** ERROR IN "misc/process.ss"@25.35-25.46 [ProcessError]: process exited with non-zero status
--- irritants: "gxi" 17920 (path: "gxi" arguments: ("-:max-heap=1G,debug=q" "t/harness/run.ss" "build-dsl-closure") environment: #f directory: #f stdin-redirection: #f stdout-redirection: #f stderr-redirection: #f pseudo-terminal: #f show-console: #f) 
--- continuation backtrace:
[0] raise                                                                                                                                                                   
[1] std/misc/process#run-process__%                                                                                                                                                                                                                                                                                                                      ((if (procedure? _%check-status716621%_) _%check-status716621%_ std/misc/process#check-process-success) _%status716638%_ _%settings716631%_)
error: recipe `build-dsl-closure` failed on line 692 with exit code 70
