DSL-ARTIFACT-VERIFIED f7a520571fba124356ffce2e29aadc76f9cdd0ad6ab934624b1221313d97bec0
(BENEFIT independent 0 AB (fresh 189/500000 3.080000000000027e-4 3) (retained 1859/500000 4.019999999999996e-4 1))
(BENEFIT independent 1 BA (fresh 63/1000000 6.199999999999262e-5 3) (retained 17/100000 1.6800000000000148e-4 1))
(BENEFIT independent 2 AB (fresh 13/200000 6.399999999999462e-5 3) (retained 157/1000000 1.5599999999998948e-4 1))
(BENEFIT independent 3 BA (fresh 61/1000000 6.0999999999991616e-5 3) (retained 163/1000000 1.6300000000001036e-4 1))
(BENEFIT independent 4 AB (fresh 111/1000000 1.0499999999999399e-4 3) (retained 13/62500 2.0599999999999785e-4 1))
(BENEFIT independent 5 BA (fresh 31/500000 6.1000000000005494e-5 3) (retained 171/1000000 1.6800000000000148e-4 1))
(BENEFIT independent 6 AB (fresh 31/500000 6.0999999999991616e-5 3) (retained 157/1000000 1.5700000000000436e-4 1))
(BENEFIT independent 7 BA (fresh 61/1000000 5.9999999999990616e-5 3) (retained 91/500000 1.789999999999986e-4 1))
(BENEFIT independent 8 AB (fresh 63/1000000 6.20000000000065e-5 3) (retained 77/500000 1.5400000000000136e-4 1))
(BENEFIT independent 9 BA (fresh 3/50000 5.8000000000002494e-5 3) (retained 153/1000000 1.5300000000000036e-4 1))
(BENEFIT independent 10 AB (fresh 31/500000 6.0000000000004494e-5 3) (retained 19/125000 1.5099999999999836e-4 1))
(BENEFIT independent 11 BA (fresh 3/50000 5.9000000000003494e-5 3) (retained 153/1000000 1.5300000000000036e-4 1))
(BENEFIT independent 12 AB (fresh 61/1000000 6.0000000000004494e-5 3) (retained 3/20000 1.4899999999999636e-4 1))
(BENEFIT independent 13 BA (fresh 33/500000 6.499999999999562e-5 3) (retained 117/500000 2.289999999999931e-4 1))
(BENEFIT independent 14 AB (fresh 4799/250000 3.2300000000000384e-4 3) (retained 8139/500000 4.280000000000117e-4 1))
(BENEFIT independent 15 BA (fresh 13/200000 6.40000000000085e-5 3) (retained 49/250000 1.9500000000000073e-4 1))
(BENEFIT independent 16 AB (fresh 19/250000 7.40000000000185e-5 3) (retained 107/250000 1.7899999999998473e-4 1))
(BENEFIT independent 17 BA (fresh 29/500000 5.8000000000002494e-5 3) (retained 79/500000 1.569999999999766e-4 1))
(BENEFIT independent 18 AB (fresh 307/100000 1.0600000000000886e-4 3) (retained 191/1000000 1.8899999999999473e-4 1))
(BENEFIT independent 19 BA (fresh 67/1000000 6.60000000000105e-5 3) (retained 59/250000 2.3200000000000998e-4 1))
(BENEFIT recursive 0 AB (fresh 19/200000 9.200000000000874e-5 3) (retained 9/50000 1.7800000000001148e-4 2))
(BENEFIT recursive 1 BA (fresh 53/1000000 5.2999999999997494e-5 3) (retained 87/500000 1.7200000000000548e-4 2))
(BENEFIT recursive 2 AB (fresh 23/250000 8.900000000000574e-5 3) (retained 603/1000000 4.969999999999974e-4 2))
(BENEFIT recursive 3 BA (fresh 67/1000000 6.60000000000105e-5 3) (retained 789/1000000 4.7399999999997444e-4 2))
(BENEFIT recursive 4 AB (fresh 3/50000 5.8000000000002494e-5 3) (retained 179/1000000 1.7799999999998373e-4 2))
(BENEFIT recursive 5 BA (fresh 13/250000 5.1999999999996493e-5 3) (retained 17/100000 1.6900000000000248e-4 2))
(BENEFIT recursive 6 AB (fresh 53/1000000 5.2999999999997494e-5 3) (retained 41/250000 1.6299999999999648e-4 2))
(BENEFIT recursive 7 BA (fresh 37/250000 1.4599999999997948e-4 3) (retained 619/1000000 3.9300000000000446e-4 2))
(BENEFIT recursive 8 AB (fresh 207/1000000 1.2399999999998523e-4 3) (retained 179/1000000 1.7800000000001148e-4 2))
(BENEFIT recursive 9 BA (fresh 13/250000 5.099999999999549e-5 3) (retained 87/500000 1.7300000000000648e-4 2))
(BENEFIT recursive 10 AB (fresh 53/1000000 5.2999999999997494e-5 3) (retained 21/125000 1.6800000000000148e-4 2))
(BENEFIT recursive 11 BA (fresh 59/1000000 5.9000000000003494e-5 3) (retained 689/1000000 5.249999999999977e-4 2))
(BENEFIT recursive 12 AB (fresh 4587/1000000 2.2500000000003073e-4 3) (retained 3843/250000 7.169999999999954e-4 2))
(BENEFIT recursive 13 BA (fresh 3/50000 5.899999999997574e-5 3) (retained 359/1000000 2.650000000000152e-4 2))
(BENEFIT recursive 14 AB (fresh 17/250000 6.399999999998074e-5 3) (retained 37/200000 1.8300000000001648e-4 2))
(BENEFIT recursive 15 BA (fresh 5569/1000000 1.0199999999999099e-4 3) (retained 89/500000 1.7500000000000848e-4 2))
(BENEFIT recursive 16 AB (fresh 11907/1000000 2.750000000000252e-4 3) (retained 531/1000000 5.280000000000007e-4 2))
(BENEFIT recursive 17 BA (fresh 59/1000000 5.799999999997474e-5 3) (retained 51/200000 2.500000000000002e-4 2))
(BENEFIT recursive 18 AB (fresh 29/500000 5.6000000000000494e-5 3) (retained 173/1000000 1.7100000000000448e-4 2))
(BENEFIT recursive 19 BA (fresh 13/250000 5.099999999999549e-5 3) (retained 87/500000 1.7300000000000648e-4 2))
(BENEFIT all-inputs 0 AB (fresh 311/1000000 3.0400000000002647e-4 3) (retained 13/25000 5.170000000000452e-4 3))
(BENEFIT all-inputs 1 BA (fresh 67/1000000 6.60000000000105e-5 3) (retained 333/500000 5.529999999999979e-4 3))
(BENEFIT all-inputs 2 AB (fresh 59/1000000 5.7000000000001494e-5 3) (retained 179/1000000 1.7799999999998373e-4 3))
(BENEFIT all-inputs 3 BA (fresh 13/250000 5.099999999999549e-5 3) (retained 9/50000 1.7900000000001248e-4 3))
(BENEFIT all-inputs 4 AB (fresh 59/1000000 5.7000000000001494e-5 3) (retained 17/100000 1.7000000000000348e-4 3))
(BENEFIT all-inputs 5 BA (fresh 61/1000000 6.099999999997774e-5 3) (retained 137/500000 2.6799999999999047e-4 3))
(BENEFIT all-inputs 6 AB (fresh 49/500000 9.599999999998499e-5 3) (retained 107/500000 2.1299999999999097e-4 3))
(BENEFIT all-inputs 7 BA (fresh 11/200000 5.3999999999998494e-5 3) (retained 93/500000 1.8300000000001648e-4 3))
(BENEFIT all-inputs 8 AB (fresh 29/500000 5.699999999997374e-5 3) (retained 7/40000 1.7300000000000648e-4 3))
(BENEFIT all-inputs 9 BA (fresh 53/1000000 5.2999999999997494e-5 3) (retained 43/250000 1.7100000000000448e-4 3))
(BENEFIT all-inputs 10 AB (fresh 3/31250 9.299999999998199e-5 3) (retained 1093/50000 5.510000000000237e-4 3))
(BENEFIT all-inputs 11 BA (fresh 57/1000000 5.7000000000001494e-5 3) (retained 207/1000000 2.0199999999997997e-4 3))
(BENEFIT all-inputs 12 AB (fresh 193/1000000 1.8699999999999273e-4 3) (retained 1851/500000 5.750000000000199e-4 3))
(BENEFIT all-inputs 13 BA (fresh 1/12500 7.90000000000235e-5 3) (retained 5753/250000 6.400000000000017e-4 3))
(BENEFIT all-inputs 14 AB (fresh 7/100000 6.70000000000115e-5 3) (retained 189/1000000 1.8799999999999373e-4 3))
(BENEFIT all-inputs 15 BA (fresh 7/100000 6.999999999998674e-5 3) (retained 11/62500 1.7399999999997973e-4 3))
(BENEFIT all-inputs 16 AB (fresh 57/1000000 5.6000000000000494e-5 3) (retained 43/250000 1.7300000000000648e-4 3))
(BENEFIT all-inputs 17 BA (fresh 53/1000000 5.1999999999996493e-5 3) (retained 43/250000 1.7100000000000448e-4 3))
(BENEFIT all-inputs 18 AB (fresh 7/125000 5.4999999999999494e-5 3) (retained 171/1000000 1.7000000000000348e-4 3))
(BENEFIT all-inputs 19 BA (fresh 53/1000000 5.2999999999997494e-5 3) (retained 173/1000000 1.7200000000000548e-4 3))
BENEFIT-OK pairs=60 independent-native-verdicts=120
