HARNESS ("t/qualification/ascent-temporal-lens-test.ss")
MODULE t/qualification/ascent-temporal-lens-test.ss
SUITE finite temporal lens integrated gate
CASE dual supports, last withdrawal and immutable generations
CASE-OK dual supports, last withdrawal and immutable generations
CASE late knowledge and half-open valid window remain independent
CASE-OK late knowledge and half-open valid window remain independent
CASE missing parents, open cuts and unknown time never prove absence
CASE-OK missing parents, open cuts and unknown time never prove absence
CASE cycle/order/clock/generation failures preserve accepted answer
CASE-OK cycle/order/clock/generation failures preserve accepted answer
CASE concurrent events, isolated hypothetical sources and detached data
CASE-OK concurrent events, isolated hypothetical sources and detached data
CASE POO extension cannot relabel an equal-output native receipt
CASE-OK POO extension cannot relabel an equal-output native receipt
CASE native receipt tampering cannot pass lens verification
CASE-OK native receipt tampering cannot pass lens verification
CASE independent cut knowledge and window cross product
TEMPORAL-CUT 0
TEMPORAL-CUT 1
TEMPORAL-CUT 2
TEMPORAL-CUT 3
TEMPORAL-CUT 4
TEMPORAL-CUT 5
TEMPORAL-CUT 6
TEMPORAL-CUT 7
CASE-OK independent cut knowledge and window cross product
CASE all 64 ordered four-node graphs under both source orders
TEMPORAL-GRAPH 0
TEMPORAL-GRAPH 1
TEMPORAL-GRAPH 2
TEMPORAL-GRAPH 3
TEMPORAL-GRAPH 4
TEMPORAL-GRAPH 5
TEMPORAL-GRAPH 6
TEMPORAL-GRAPH 7
TEMPORAL-GRAPH 8
TEMPORAL-GRAPH 9
TEMPORAL-GRAPH 10
TEMPORAL-GRAPH 11
TEMPORAL-GRAPH 12
TEMPORAL-GRAPH 13
TEMPORAL-GRAPH 14
TEMPORAL-GRAPH 15
TEMPORAL-GRAPH 16
TEMPORAL-GRAPH 17
TEMPORAL-GRAPH 18
TEMPORAL-GRAPH 19
TEMPORAL-GRAPH 20
TEMPORAL-GRAPH 21
TEMPORAL-GRAPH 22
TEMPORAL-GRAPH 23
TEMPORAL-GRAPH 24
TEMPORAL-GRAPH 25
TEMPORAL-GRAPH 26
TEMPORAL-GRAPH 27
TEMPORAL-GRAPH 28
TEMPORAL-GRAPH 29
TEMPORAL-GRAPH 30
TEMPORAL-GRAPH 31
TEMPORAL-GRAPH 32
TEMPORAL-GRAPH 33
TEMPORAL-GRAPH 34
TEMPORAL-GRAPH 35
TEMPORAL-GRAPH 36
TEMPORAL-GRAPH 37
TEMPORAL-GRAPH 38
TEMPORAL-GRAPH 39
TEMPORAL-GRAPH 40
TEMPORAL-GRAPH 41
TEMPORAL-GRAPH 42
TEMPORAL-GRAPH 43
TEMPORAL-GRAPH 44
TEMPORAL-GRAPH 45
TEMPORAL-GRAPH 46
TEMPORAL-GRAPH 47
TEMPORAL-GRAPH 48
TEMPORAL-GRAPH 49
TEMPORAL-GRAPH 50
TEMPORAL-GRAPH 51
TEMPORAL-GRAPH 52
TEMPORAL-GRAPH 53
TEMPORAL-GRAPH 54
TEMPORAL-GRAPH 55
TEMPORAL-GRAPH 56
TEMPORAL-GRAPH 57
TEMPORAL-GRAPH 58
TEMPORAL-GRAPH 59
TEMPORAL-GRAPH 60
TEMPORAL-GRAPH 61
TEMPORAL-GRAPH 62
TEMPORAL-GRAPH 63
CASE-OK all 64 ordered four-node graphs under both source orders
SUITE-OK finite temporal lens integrated gate
MODULE-OK t/qualification/ascent-temporal-lens-test.ss
HARNESS-OK ("t/qualification/ascent-temporal-lens-test.ss")
OK
TEMPORAL-SCALE 8 0 50.633907318115234 15.069961547851562
TEMPORAL-SCALE 8 1 16.12401008605957 15.48314094543457
TEMPORAL-SCALE 8 2 45.027971267700195 15.017986297607422
TEMPORAL-SCALE 8 3 15.120983123779297 14.961957931518555
TEMPORAL-SCALE 8 4 43.65897178649902 15.06495475769043
TEMPORAL-SCALE 32 0 27.287006378173828 56.596994400024414
TEMPORAL-SCALE 32 1 27.647018432617188 27.608871459960938
TEMPORAL-SCALE 32 2 56.09416961669922 27.797937393188477
TEMPORAL-SCALE 32 3 46.582937240600586 69.65994834899902
TEMPORAL-SCALE 32 4 28.01799774169922 90.46196937561035
TEMPORAL-SCALE 128 0 217.91505813598633 219.70510482788086
TEMPORAL-SCALE 128 1 219.18797492980957 246.59204483032227
TEMPORAL-SCALE 128 2 190.4890537261963 222.14007377624512
TEMPORAL-SCALE 128 3 226.35984420776367 268.3429718017578
TEMPORAL-SCALE 128 4 227.34689712524414 221.8918800354004
END
