[materialization] START final-policy
[materialization] RUNNING final-policy
[materialization] RUNNING final-policy
[materialization] RUNNING final-policy
[materialization] RUNNING final-policy
{'name': 'final-policy', 'exit': 0, 'seconds': 21.157746290999057}
[materialization] START final-suite
[materialization] RUNNING final-suite
[materialization] RUNNING final-suite
[materialization] RUNNING final-suite
[materialization] RUNNING final-suite
[materialization] RUNNING final-suite
[materialization] RUNNING final-suite
[materialization] RUNNING final-suite
[materialization] RUNNING final-suite
[materialization] RUNNING final-suite
[materialization] RUNNING final-suite
[materialization] RUNNING final-suite
[materialization] RUNNING final-suite
[materialization] RUNNING final-suite
[materialization] RUNNING final-suite
[materialization] RUNNING final-suite
[materialization] RUNNING final-suite
[materialization] RUNNING final-suite
[materialization] RUNNING final-suite
[materialization] RUNNING final-suite
[materialization] RUNNING final-suite
[materialization] RUNNING final-suite
[materialization] RUNNING final-suite
[materialization] RUNNING final-suite
[materialization] RUNNING final-suite
[materialization] RUNNING final-suite
[materialization] RUNNING final-suite
[materialization] RUNNING final-suite
{'name': 'final-suite', 'exit': 0, 'seconds': 137.39165858300112}
[materialization] START final-first
[materialization] RUNNING final-first
[materialization] RUNNING final-first
[materialization] RUNNING final-first
{'name': 'final-first', 'exit': 0, 'seconds': 15.612114916999417}
[materialization] START final-repeat
[materialization] RUNNING final-repeat
[materialization] RUNNING final-repeat
{'name': 'final-repeat', 'exit': 0, 'seconds': 12.128227958004572}
[materialization] START final-table-expression
[materialization] RUNNING final-table-expression
[materialization] RUNNING final-table-expression
[materialization] RUNNING final-table-expression
[materialization] RUNNING final-table-expression
[materialization] RUNNING final-table-expression
{'name': 'final-table-expression', 'exit': 0, 'seconds': 26.86018891599815}
[materialization] START final-membership
[materialization] RUNNING final-membership
{'name': 'final-membership', 'exit': 0, 'seconds': 7.606237042004068}
[materialization] START final-closure
{'name': 'final-closure', 'exit': 0, 'seconds': 4.86887983300403}
