python3 tools/test_execution.py run -- just _materialization-benchmark
[test-lane] START exclusive just
[test-lane] RUNNING exclusive (5s)
... compile table/expression
... compile t/qualification/ascent-materialization-reference
[test-lane] RUNNING exclusive (10s)
[test-lane] RUNNING exclusive (15s)
[test-lane] RUNNING exclusive (20s)
... execute compile job (compile-file /Users/guangtao/ghq/github.com/tao3k/gerbil-ascent/.gerbil/relation-materialization/lib/gerbil-ascent/t/qualification/ascent-materialization-reference~0.scm)
... execute compile job (compile-file /Users/guangtao/ghq/github.com/tao3k/gerbil-ascent/.gerbil/relation-materialization/lib/gerbil-ascent/t/qualification/ascent-materialization-reference.scm)
... execute compile job (compile-file /Users/guangtao/ghq/github.com/tao3k/gerbil-ascent/.gerbil/relation-materialization/lib/gerbil-ascent/table/expression~0.scm)
... execute compile job (compile-file /Users/guangtao/ghq/github.com/tao3k/gerbil-ascent/.gerbil/relation-materialization/lib/gerbil-ascent/table/expression.scm)
[test-lane] RUNNING exclusive (25s)
[test-lane] RUNNING exclusive (30s)
CASE cold-projection-256 samples=1000 repetitions=1
[test-lane] RUNNING exclusive (35s)
[test-lane] RUNNING exclusive (40s)
*** ERROR IN clan/poo/object#.ref -- Heap overflow
error: recipe `_materialization-benchmark` failed with exit code 70
[test-lane] END exclusive exit=70
error: recipe `materialization-benchmark` failed on line 595 with exit code 70
