[ascent-ss] START ascent-table-expression (1000 samples)
[ascent-test] START t/performance/ascent-scenario-performance-test.ss
[test-lane] START exclusive t/performance/ascent-scenario-performance-test.ss
HARNESS ("t/performance/ascent-scenario-performance-test.ss")
MODULE t/performance/ascent-scenario-performance-test.ss
SUITE ASCENT SS scenario
CASE bounded scenario
[test-lane] RUNNING exclusive (5s)
[ascent-ss] RUNNING ascent-table-expression (10s)
[test-lane] RUNNING exclusive (10s)
[test-lane] RUNNING exclusive (15s)
[ascent-ss] RUNNING ascent-table-expression (20s)
[test-lane] RUNNING exclusive (20s)
[test-lane] RUNNING exclusive (25s)
[gerbil-ascent-benchmark] ascent-table-expression baseline-p95=42.679ms candidate-p95=1.58ms semanticEquivalent=#t
CASE-OK bounded scenario
SUITE-OK ASCENT SS scenario
MODULE-OK t/performance/ascent-scenario-performance-test.ss
HARNESS-OK ("t/performance/ascent-scenario-performance-test.ss")
OK
[test-lane] END exclusive exit=0
[ascent-test] PASS t/performance/ascent-scenario-performance-test.ss (30s)
[ascent-ss] PASS ascent-table-expression (30s)
