[ascent-test] START t/qualification/ascent-materialization-test.ss
[test-lane] START exclusive t/qualification/ascent-materialization-test.ss
HARNESS ("t/qualification/ascent-materialization-test.ss")
MODULE t/qualification/ascent-materialization-test.ss
SUITE Complete persistent relation materialization
CASE all 512 graphs match independent composition closure and shortest distance
[test-lane] RUNNING exclusive (5s)
ERROR CHECK (.ref new 'at-most-two-hop-pairs) "t/qualification/ascent-materialization-test.ss"@56.26-56.59

*** ERROR IN ? [PooFlowDebugMemoryAnomaly]: POO Flow debug memory policy rejected the observed phase
--- continuation backtrace:
[0] raise                                                                                                                                                                   
[1] ##interrupt-handler                                                                                                                                                     
[2] clan/poo/object#.ref                                                                                                                                                    
[3] clan/poo/object#.ref                                                                                                                                                    
[4] clan/poo/object#.ref                                                                                                                                                    
[5] clan/poo/object#.ref                                                                                                                                                    
[6] clan/poo/object#.ref                                                                                                                                                    
[7] clan/poo/object#.ref                                                                                                                                                    
[8] clan/poo/object#.ref                                                                                                                                                    
[9] clan/poo/object#.ref                                                                                                                                                    
...
[4699035] std/test/base#__test-harness!                                                                                                                                                                                                                                                                                                                  (##call-with-current-continuation __tmp242457)
[4699036] std/test/base#__test-harness!                                                                                                                                                                                                                                                                                                                  (##for-each __tmp242456 __tmp242455)
[4699037] std/test/base#__test-harness!                                                                                                                                                                                                                                                                                                                  (##for-each __tmp242456 __tmp242455)
[4699038] gerbil/tools/gxtest#gxtest-main                                                                                                                                   
CASE demanded snapshots remain independent after source withdrawal and replacement
ERROR CASE demanded snapshots remain independent after source withdrawal and replacement
Heap overflow
CASE public neighbor overrides retain ordered callback traces and external composition
[test-lane] RUNNING exclusive (10s)
ERROR CASE public neighbor overrides retain ordered callback traces and external composition
Heap overflow
CASE bounded closure retains exact failures across empty dense and sparse snapshots
CASE-OK bounded closure retains exact failures across empty dense and sparse snapshots
SUITE-OK Complete persistent relation materialization
MODULE-OK t/qualification/ascent-materialization-test.ss
HARNESS-OK ("t/qualification/ascent-materialization-test.ss")
[test-lane] RUNNING exclusive (15s)
ERROR HARNESS (t/qualification/ascent-materialization-test.ss)
at HARNESS ("t/qualification/ascent-materialization-test.ss")
at MODULE t/qualification/ascent-materialization-test.ss
at SUITE Complete persistent relation materialization
at CHECK (.ref new 'at-most-two-hop-pairs) "t/qualification/ascent-materialization-test.ss"@56.26-56.59

*** ERROR IN ? [PooFlowDebugMemoryAnomaly]: POO Flow debug memory policy rejected the observed phase
--- continuation backtrace:
[0] raise                                                                                                                                                                   
[1] ##interrupt-handler                                                                                                                                                     
[2] clan/poo/object#.ref                                                                                                                                                    
[3] clan/poo/object#.ref                                                                                                                                                    
[4] clan/poo/object#.ref                                                                                                                                                    
[5] clan/poo/object#.ref                                                                                                                                                    
[6] clan/poo/object#.ref                                                                                                                                                    
[7] clan/poo/object#.ref                                                                                                                                                    
[8] clan/poo/object#.ref                                                                                                                                                    
[9] clan/poo/object#.ref                                                                                                                                                    
...
[4699035] std/test/base#__test-harness!                                                                                                                                                                                                                                                                                                                  (##call-with-current-continuation __tmp242457)
[4699036] std/test/base#__test-harness!                                                                                                                                                                                                                                                                                                                  (##for-each __tmp242456 __tmp242455)
[4699037] std/test/base#__test-harness!                                                                                                                                                                                                                                                                                                                  (##for-each __tmp242456 __tmp242455)
[4699038] gerbil/tools/gxtest#gxtest-main                                                                                                                                   
at CASE demanded snapshots remain independent after source withdrawal and replacement
Heap overflow
at CASE public neighbor overrides retain ordered callback traces and external composition
Heap overflow
[test-lane] RUNNING exclusive (20s)
[test-lane] END exclusive exit=0
error: recipe `test-file` failed with exit code 1
