[materialization] START policy-complete
[materialization] RUNNING policy-complete
[materialization] RUNNING policy-complete
{'name': 'policy-complete', 'exit': 0, 'seconds': 11.6947657500059}
[materialization] START full-suite
[materialization] RUNNING full-suite
[materialization] RUNNING full-suite
[materialization] RUNNING full-suite
[materialization] RUNNING full-suite
[materialization] RUNNING full-suite
[materialization] RUNNING full-suite
[materialization] RUNNING full-suite
[materialization] RUNNING full-suite
[materialization] RUNNING full-suite
[materialization] RUNNING full-suite
[materialization] RUNNING full-suite
[materialization] RUNNING full-suite
[materialization] RUNNING full-suite
[materialization] RUNNING full-suite
[materialization] RUNNING full-suite
[materialization] RUNNING full-suite
[materialization] RUNNING full-suite
[materialization] RUNNING full-suite
[materialization] RUNNING full-suite
[materialization] RUNNING full-suite
[materialization] RUNNING full-suite
[materialization] RUNNING full-suite
[materialization] RUNNING full-suite
{'name': 'full-suite', 'exit': 0, 'seconds': 118.25652020899724}
[materialization] START paired-first
[materialization] RUNNING paired-first
[materialization] RUNNING paired-first
[materialization] RUNNING paired-first
{'name': 'paired-first', 'exit': 0, 'seconds': 17.623521000001347}
[materialization] START paired-repeat
[materialization] RUNNING paired-repeat
[materialization] RUNNING paired-repeat
{'name': 'paired-repeat', 'exit': 0, 'seconds': 13.516875708999578}
[materialization] START original-table-expression
[materialization] RUNNING original-table-expression
[materialization] RUNNING original-table-expression
[materialization] RUNNING original-table-expression
[materialization] RUNNING original-table-expression
[materialization] RUNNING original-table-expression
[materialization] RUNNING original-table-expression
[materialization] RUNNING original-table-expression
{'name': 'original-table-expression', 'exit': 1, 'seconds': 36.91424862500571}
[materialization] START original-membership
[materialization] RUNNING original-membership
[materialization] RUNNING original-membership
[materialization] RUNNING original-membership
[materialization] RUNNING original-membership
[materialization] RUNNING original-membership
[materialization] RUNNING original-membership
[materialization] RUNNING original-membership
[materialization] RUNNING original-membership
[materialization] RUNNING original-membership
[materialization] RUNNING original-membership
[materialization] RUNNING original-membership
[materialization] RUNNING original-membership
{'name': 'original-membership', 'exit': 0, 'seconds': 63.85484225000255}
[materialization] START original-closure
[materialization] RUNNING original-closure
[materialization] RUNNING original-closure
[materialization] RUNNING original-closure
{'name': 'original-closure', 'exit': 0, 'seconds': 15.2606512919956}
