NATIVE-MODULE-OK /Users/guangtao/ghq/github.com/tao3k/gerbil-ascent/.gerbil/native-paths/lib/gerbil-ascent/table/expression.ssi
NATIVE-MODULE-OK /Users/guangtao/ghq/github.com/tao3k/gerbil-ascent/.gerbil/native-paths/lib/gerbil-ascent/t/performance/native-paths/reference.ssi
CASE complete-16 samples=1000 repetitions=1
PROGRESS complete-16 10/1000
PROGRESS complete-16 20/1000
PROGRESS complete-16 30/1000
PROGRESS complete-16 40/1000
PROGRESS complete-16 50/1000
PROGRESS complete-16 60/1000
PROGRESS complete-16 70/1000
PROGRESS complete-16 80/1000
PROGRESS complete-16 90/1000
PROGRESS complete-16 100/1000
PROGRESS complete-16 110/1000
PROGRESS complete-16 120/1000
PROGRESS complete-16 130/1000
PROGRESS complete-16 140/1000
PROGRESS complete-16 150/1000
PROGRESS complete-16 160/1000
PROGRESS complete-16 170/1000
PROGRESS complete-16 180/1000
PROGRESS complete-16 190/1000
PROGRESS complete-16 200/1000
PROGRESS complete-16 210/1000
PROGRESS complete-16 220/1000
PROGRESS complete-16 230/1000
PROGRESS complete-16 240/1000
PROGRESS complete-16 250/1000
PROGRESS complete-16 260/1000
PROGRESS complete-16 270/1000
PROGRESS complete-16 280/1000
PROGRESS complete-16 290/1000
PROGRESS complete-16 300/1000
PROGRESS complete-16 310/1000
PROGRESS complete-16 320/1000
PROGRESS complete-16 330/1000
PROGRESS complete-16 340/1000
PROGRESS complete-16 350/1000
PROGRESS complete-16 360/1000
PROGRESS complete-16 370/1000
PROGRESS complete-16 380/1000
PROGRESS complete-16 390/1000
PROGRESS complete-16 400/1000
PROGRESS complete-16 410/1000
PROGRESS complete-16 420/1000
PROGRESS complete-16 430/1000
PROGRESS complete-16 440/1000
PROGRESS complete-16 450/1000
PROGRESS complete-16 460/1000
PROGRESS complete-16 470/1000
PROGRESS complete-16 480/1000
PROGRESS complete-16 490/1000
PROGRESS complete-16 500/1000
PROGRESS complete-16 510/1000
PROGRESS complete-16 520/1000
PROGRESS complete-16 530/1000
PROGRESS complete-16 540/1000
PROGRESS complete-16 550/1000
PROGRESS complete-16 560/1000
PROGRESS complete-16 570/1000
PROGRESS complete-16 580/1000
PROGRESS complete-16 590/1000
PROGRESS complete-16 600/1000
PROGRESS complete-16 610/1000
PROGRESS complete-16 620/1000
PROGRESS complete-16 630/1000
PROGRESS complete-16 640/1000
PROGRESS complete-16 650/1000
PROGRESS complete-16 660/1000
PROGRESS complete-16 670/1000
PROGRESS complete-16 680/1000
PROGRESS complete-16 690/1000
PROGRESS complete-16 700/1000
PROGRESS complete-16 710/1000
PROGRESS complete-16 720/1000
PROGRESS complete-16 730/1000
PROGRESS complete-16 740/1000
PROGRESS complete-16 750/1000
PROGRESS complete-16 760/1000
PROGRESS complete-16 770/1000
PROGRESS complete-16 780/1000
PROGRESS complete-16 790/1000
PROGRESS complete-16 800/1000
PROGRESS complete-16 810/1000
PROGRESS complete-16 820/1000
PROGRESS complete-16 830/1000
PROGRESS complete-16 840/1000
PROGRESS complete-16 850/1000
PROGRESS complete-16 860/1000
PROGRESS complete-16 870/1000
PROGRESS complete-16 880/1000
PROGRESS complete-16 890/1000
PROGRESS complete-16 900/1000
PROGRESS complete-16 910/1000
PROGRESS complete-16 920/1000
PROGRESS complete-16 930/1000
PROGRESS complete-16 940/1000
PROGRESS complete-16 950/1000
PROGRESS complete-16 960/1000
PROGRESS complete-16 970/1000
PROGRESS complete-16 980/1000
PROGRESS complete-16 990/1000
PROGRESS complete-16 1000/1000
RESULT complete-16 old-p50-ns=67000 new-p50-ns=66000
CASE complete-degree-16-32 samples=1000 repetitions=1
PROGRESS complete-degree-16-32 10/1000
PROGRESS complete-degree-16-32 20/1000
PROGRESS complete-degree-16-32 30/1000
PROGRESS complete-degree-16-32 40/1000
PROGRESS complete-degree-16-32 50/1000
PROGRESS complete-degree-16-32 60/1000
PROGRESS complete-degree-16-32 70/1000
PROGRESS complete-degree-16-32 80/1000
PROGRESS complete-degree-16-32 90/1000
PROGRESS complete-degree-16-32 100/1000
PROGRESS complete-degree-16-32 110/1000
PROGRESS complete-degree-16-32 120/1000
PROGRESS complete-degree-16-32 130/1000
PROGRESS complete-degree-16-32 140/1000
PROGRESS complete-degree-16-32 150/1000
PROGRESS complete-degree-16-32 160/1000
PROGRESS complete-degree-16-32 170/1000
PROGRESS complete-degree-16-32 180/1000
PROGRESS complete-degree-16-32 190/1000
PROGRESS complete-degree-16-32 200/1000
PROGRESS complete-degree-16-32 210/1000
PROGRESS complete-degree-16-32 220/1000
PROGRESS complete-degree-16-32 230/1000
PROGRESS complete-degree-16-32 240/1000
PROGRESS complete-degree-16-32 250/1000
PROGRESS complete-degree-16-32 260/1000
PROGRESS complete-degree-16-32 270/1000
PROGRESS complete-degree-16-32 280/1000
PROGRESS complete-degree-16-32 290/1000
PROGRESS complete-degree-16-32 300/1000
PROGRESS complete-degree-16-32 310/1000
PROGRESS complete-degree-16-32 320/1000
PROGRESS complete-degree-16-32 330/1000
PROGRESS complete-degree-16-32 340/1000
PROGRESS complete-degree-16-32 350/1000
PROGRESS complete-degree-16-32 360/1000
PROGRESS complete-degree-16-32 370/1000
PROGRESS complete-degree-16-32 380/1000
PROGRESS complete-degree-16-32 390/1000
PROGRESS complete-degree-16-32 400/1000
PROGRESS complete-degree-16-32 410/1000
PROGRESS complete-degree-16-32 420/1000
PROGRESS complete-degree-16-32 430/1000
PROGRESS complete-degree-16-32 440/1000
PROGRESS complete-degree-16-32 450/1000
PROGRESS complete-degree-16-32 460/1000
PROGRESS complete-degree-16-32 470/1000
PROGRESS complete-degree-16-32 480/1000
PROGRESS complete-degree-16-32 490/1000
PROGRESS complete-degree-16-32 500/1000
PROGRESS complete-degree-16-32 510/1000
PROGRESS complete-degree-16-32 520/1000
PROGRESS complete-degree-16-32 530/1000
PROGRESS complete-degree-16-32 540/1000
PROGRESS complete-degree-16-32 550/1000
PROGRESS complete-degree-16-32 560/1000
PROGRESS complete-degree-16-32 570/1000
PROGRESS complete-degree-16-32 580/1000
PROGRESS complete-degree-16-32 590/1000
PROGRESS complete-degree-16-32 600/1000
PROGRESS complete-degree-16-32 610/1000
PROGRESS complete-degree-16-32 620/1000
PROGRESS complete-degree-16-32 630/1000
PROGRESS complete-degree-16-32 640/1000
PROGRESS complete-degree-16-32 650/1000
PROGRESS complete-degree-16-32 660/1000
PROGRESS complete-degree-16-32 670/1000
PROGRESS complete-degree-16-32 680/1000
PROGRESS complete-degree-16-32 690/1000
PROGRESS complete-degree-16-32 700/1000
PROGRESS complete-degree-16-32 710/1000
PROGRESS complete-degree-16-32 720/1000
PROGRESS complete-degree-16-32 730/1000
PROGRESS complete-degree-16-32 740/1000
PROGRESS complete-degree-16-32 750/1000
PROGRESS complete-degree-16-32 760/1000
PROGRESS complete-degree-16-32 770/1000
PROGRESS complete-degree-16-32 780/1000
PROGRESS complete-degree-16-32 790/1000
PROGRESS complete-degree-16-32 800/1000
PROGRESS complete-degree-16-32 810/1000
PROGRESS complete-degree-16-32 820/1000
PROGRESS complete-degree-16-32 830/1000
PROGRESS complete-degree-16-32 840/1000
PROGRESS complete-degree-16-32 850/1000
PROGRESS complete-degree-16-32 860/1000
PROGRESS complete-degree-16-32 870/1000
PROGRESS complete-degree-16-32 880/1000
PROGRESS complete-degree-16-32 890/1000
PROGRESS complete-degree-16-32 900/1000
PROGRESS complete-degree-16-32 910/1000
PROGRESS complete-degree-16-32 920/1000
PROGRESS complete-degree-16-32 930/1000
PROGRESS complete-degree-16-32 940/1000
PROGRESS complete-degree-16-32 950/1000
PROGRESS complete-degree-16-32 960/1000
PROGRESS complete-degree-16-32 970/1000
PROGRESS complete-degree-16-32 980/1000
PROGRESS complete-degree-16-32 990/1000
PROGRESS complete-degree-16-32 1000/1000
RESULT complete-degree-16-32 old-p50-ns=511000 new-p50-ns=512000
CASE complete-degree-23-32 samples=1000 repetitions=1
PROGRESS complete-degree-23-32 10/1000
PROGRESS complete-degree-23-32 20/1000
PROGRESS complete-degree-23-32 30/1000
PROGRESS complete-degree-23-32 40/1000
PROGRESS complete-degree-23-32 50/1000
PROGRESS complete-degree-23-32 60/1000
PROGRESS complete-degree-23-32 70/1000
PROGRESS complete-degree-23-32 80/1000
PROGRESS complete-degree-23-32 90/1000
PROGRESS complete-degree-23-32 100/1000
PROGRESS complete-degree-23-32 110/1000
PROGRESS complete-degree-23-32 120/1000
PROGRESS complete-degree-23-32 130/1000
PROGRESS complete-degree-23-32 140/1000
PROGRESS complete-degree-23-32 150/1000
PROGRESS complete-degree-23-32 160/1000
PROGRESS complete-degree-23-32 170/1000
PROGRESS complete-degree-23-32 180/1000
PROGRESS complete-degree-23-32 190/1000
PROGRESS complete-degree-23-32 200/1000
PROGRESS complete-degree-23-32 210/1000
PROGRESS complete-degree-23-32 220/1000
PROGRESS complete-degree-23-32 230/1000
PROGRESS complete-degree-23-32 240/1000
PROGRESS complete-degree-23-32 250/1000
PROGRESS complete-degree-23-32 260/1000
PROGRESS complete-degree-23-32 270/1000
PROGRESS complete-degree-23-32 280/1000
PROGRESS complete-degree-23-32 290/1000
PROGRESS complete-degree-23-32 300/1000
PROGRESS complete-degree-23-32 310/1000
PROGRESS complete-degree-23-32 320/1000
PROGRESS complete-degree-23-32 330/1000
PROGRESS complete-degree-23-32 340/1000
PROGRESS complete-degree-23-32 350/1000
PROGRESS complete-degree-23-32 360/1000
PROGRESS complete-degree-23-32 370/1000
PROGRESS complete-degree-23-32 380/1000
PROGRESS complete-degree-23-32 390/1000
PROGRESS complete-degree-23-32 400/1000
PROGRESS complete-degree-23-32 410/1000
PROGRESS complete-degree-23-32 420/1000
PROGRESS complete-degree-23-32 430/1000
PROGRESS complete-degree-23-32 440/1000
PROGRESS complete-degree-23-32 450/1000
PROGRESS complete-degree-23-32 460/1000
PROGRESS complete-degree-23-32 470/1000
PROGRESS complete-degree-23-32 480/1000
PROGRESS complete-degree-23-32 490/1000
PROGRESS complete-degree-23-32 500/1000
PROGRESS complete-degree-23-32 510/1000
PROGRESS complete-degree-23-32 520/1000
PROGRESS complete-degree-23-32 530/1000
PROGRESS complete-degree-23-32 540/1000
PROGRESS complete-degree-23-32 550/1000
PROGRESS complete-degree-23-32 560/1000
PROGRESS complete-degree-23-32 570/1000
PROGRESS complete-degree-23-32 580/1000
PROGRESS complete-degree-23-32 590/1000
PROGRESS complete-degree-23-32 600/1000
PROGRESS complete-degree-23-32 610/1000
PROGRESS complete-degree-23-32 620/1000
PROGRESS complete-degree-23-32 630/1000
PROGRESS complete-degree-23-32 640/1000
PROGRESS complete-degree-23-32 650/1000
PROGRESS complete-degree-23-32 660/1000
PROGRESS complete-degree-23-32 670/1000
PROGRESS complete-degree-23-32 680/1000
PROGRESS complete-degree-23-32 690/1000
PROGRESS complete-degree-23-32 700/1000
PROGRESS complete-degree-23-32 710/1000
PROGRESS complete-degree-23-32 720/1000
PROGRESS complete-degree-23-32 730/1000
PROGRESS complete-degree-23-32 740/1000
PROGRESS complete-degree-23-32 750/1000
PROGRESS complete-degree-23-32 760/1000
PROGRESS complete-degree-23-32 770/1000
PROGRESS complete-degree-23-32 780/1000
PROGRESS complete-degree-23-32 790/1000
PROGRESS complete-degree-23-32 800/1000
PROGRESS complete-degree-23-32 810/1000
PROGRESS complete-degree-23-32 820/1000
PROGRESS complete-degree-23-32 830/1000
PROGRESS complete-degree-23-32 840/1000
PROGRESS complete-degree-23-32 850/1000
PROGRESS complete-degree-23-32 860/1000
PROGRESS complete-degree-23-32 870/1000
PROGRESS complete-degree-23-32 880/1000
PROGRESS complete-degree-23-32 890/1000
PROGRESS complete-degree-23-32 900/1000
PROGRESS complete-degree-23-32 910/1000
PROGRESS complete-degree-23-32 920/1000
PROGRESS complete-degree-23-32 930/1000
PROGRESS complete-degree-23-32 940/1000
PROGRESS complete-degree-23-32 950/1000
PROGRESS complete-degree-23-32 960/1000
PROGRESS complete-degree-23-32 970/1000
PROGRESS complete-degree-23-32 980/1000
PROGRESS complete-degree-23-32 990/1000
PROGRESS complete-degree-23-32 1000/1000
RESULT complete-degree-23-32 old-p50-ns=708000 new-p50-ns=711000
CASE complete-degree-24-32 samples=1000 repetitions=1
PROGRESS complete-degree-24-32 10/1000
PROGRESS complete-degree-24-32 20/1000
PROGRESS complete-degree-24-32 30/1000
PROGRESS complete-degree-24-32 40/1000
PROGRESS complete-degree-24-32 50/1000
PROGRESS complete-degree-24-32 60/1000
PROGRESS complete-degree-24-32 70/1000
PROGRESS complete-degree-24-32 80/1000
PROGRESS complete-degree-24-32 90/1000
PROGRESS complete-degree-24-32 100/1000
PROGRESS complete-degree-24-32 110/1000
PROGRESS complete-degree-24-32 120/1000
PROGRESS complete-degree-24-32 130/1000
PROGRESS complete-degree-24-32 140/1000
PROGRESS complete-degree-24-32 150/1000
PROGRESS complete-degree-24-32 160/1000
PROGRESS complete-degree-24-32 170/1000
PROGRESS complete-degree-24-32 180/1000
PROGRESS complete-degree-24-32 190/1000
PROGRESS complete-degree-24-32 200/1000
PROGRESS complete-degree-24-32 210/1000
PROGRESS complete-degree-24-32 220/1000
PROGRESS complete-degree-24-32 230/1000
PROGRESS complete-degree-24-32 240/1000
PROGRESS complete-degree-24-32 250/1000
PROGRESS complete-degree-24-32 260/1000
PROGRESS complete-degree-24-32 270/1000
PROGRESS complete-degree-24-32 280/1000
PROGRESS complete-degree-24-32 290/1000
PROGRESS complete-degree-24-32 300/1000
PROGRESS complete-degree-24-32 310/1000
PROGRESS complete-degree-24-32 320/1000
PROGRESS complete-degree-24-32 330/1000
PROGRESS complete-degree-24-32 340/1000
PROGRESS complete-degree-24-32 350/1000
PROGRESS complete-degree-24-32 360/1000
PROGRESS complete-degree-24-32 370/1000
PROGRESS complete-degree-24-32 380/1000
PROGRESS complete-degree-24-32 390/1000
PROGRESS complete-degree-24-32 400/1000
PROGRESS complete-degree-24-32 410/1000
PROGRESS complete-degree-24-32 420/1000
PROGRESS complete-degree-24-32 430/1000
PROGRESS complete-degree-24-32 440/1000
PROGRESS complete-degree-24-32 450/1000
PROGRESS complete-degree-24-32 460/1000
PROGRESS complete-degree-24-32 470/1000
PROGRESS complete-degree-24-32 480/1000
PROGRESS complete-degree-24-32 490/1000
PROGRESS complete-degree-24-32 500/1000
PROGRESS complete-degree-24-32 510/1000
PROGRESS complete-degree-24-32 520/1000
PROGRESS complete-degree-24-32 530/1000
PROGRESS complete-degree-24-32 540/1000
PROGRESS complete-degree-24-32 550/1000
PROGRESS complete-degree-24-32 560/1000
PROGRESS complete-degree-24-32 570/1000
PROGRESS complete-degree-24-32 580/1000
PROGRESS complete-degree-24-32 590/1000
PROGRESS complete-degree-24-32 600/1000
PROGRESS complete-degree-24-32 610/1000
PROGRESS complete-degree-24-32 620/1000
PROGRESS complete-degree-24-32 630/1000
PROGRESS complete-degree-24-32 640/1000
PROGRESS complete-degree-24-32 650/1000
PROGRESS complete-degree-24-32 660/1000
PROGRESS complete-degree-24-32 670/1000
PROGRESS complete-degree-24-32 680/1000
PROGRESS complete-degree-24-32 690/1000
PROGRESS complete-degree-24-32 700/1000
PROGRESS complete-degree-24-32 710/1000
PROGRESS complete-degree-24-32 720/1000
PROGRESS complete-degree-24-32 730/1000
PROGRESS complete-degree-24-32 740/1000
PROGRESS complete-degree-24-32 750/1000
PROGRESS complete-degree-24-32 760/1000
PROGRESS complete-degree-24-32 770/1000
PROGRESS complete-degree-24-32 780/1000
PROGRESS complete-degree-24-32 790/1000
PROGRESS complete-degree-24-32 800/1000
PROGRESS complete-degree-24-32 810/1000
PROGRESS complete-degree-24-32 820/1000
PROGRESS complete-degree-24-32 830/1000
PROGRESS complete-degree-24-32 840/1000
PROGRESS complete-degree-24-32 850/1000
PROGRESS complete-degree-24-32 860/1000
PROGRESS complete-degree-24-32 870/1000
PROGRESS complete-degree-24-32 880/1000
PROGRESS complete-degree-24-32 890/1000
PROGRESS complete-degree-24-32 900/1000
PROGRESS complete-degree-24-32 910/1000
PROGRESS complete-degree-24-32 920/1000
PROGRESS complete-degree-24-32 930/1000
PROGRESS complete-degree-24-32 940/1000
PROGRESS complete-degree-24-32 950/1000
PROGRESS complete-degree-24-32 960/1000
PROGRESS complete-degree-24-32 970/1000
PROGRESS complete-degree-24-32 980/1000
PROGRESS complete-degree-24-32 990/1000
PROGRESS complete-degree-24-32 1000/1000
RESULT complete-degree-24-32 old-p50-ns=736000 new-p50-ns=424000
CASE complete-degree-31-32 samples=1000 repetitions=1
PROGRESS complete-degree-31-32 10/1000
PROGRESS complete-degree-31-32 20/1000
PROGRESS complete-degree-31-32 30/1000
PROGRESS complete-degree-31-32 40/1000
PROGRESS complete-degree-31-32 50/1000
PROGRESS complete-degree-31-32 60/1000
PROGRESS complete-degree-31-32 70/1000
PROGRESS complete-degree-31-32 80/1000
PROGRESS complete-degree-31-32 90/1000
PROGRESS complete-degree-31-32 100/1000
PROGRESS complete-degree-31-32 110/1000
PROGRESS complete-degree-31-32 120/1000
PROGRESS complete-degree-31-32 130/1000
PROGRESS complete-degree-31-32 140/1000
PROGRESS complete-degree-31-32 150/1000
PROGRESS complete-degree-31-32 160/1000
PROGRESS complete-degree-31-32 170/1000
PROGRESS complete-degree-31-32 180/1000
PROGRESS complete-degree-31-32 190/1000
PROGRESS complete-degree-31-32 200/1000
PROGRESS complete-degree-31-32 210/1000
PROGRESS complete-degree-31-32 220/1000
PROGRESS complete-degree-31-32 230/1000
PROGRESS complete-degree-31-32 240/1000
PROGRESS complete-degree-31-32 250/1000
PROGRESS complete-degree-31-32 260/1000
PROGRESS complete-degree-31-32 270/1000
PROGRESS complete-degree-31-32 280/1000
PROGRESS complete-degree-31-32 290/1000
PROGRESS complete-degree-31-32 300/1000
PROGRESS complete-degree-31-32 310/1000
PROGRESS complete-degree-31-32 320/1000
PROGRESS complete-degree-31-32 330/1000
PROGRESS complete-degree-31-32 340/1000
PROGRESS complete-degree-31-32 350/1000
PROGRESS complete-degree-31-32 360/1000
PROGRESS complete-degree-31-32 370/1000
PROGRESS complete-degree-31-32 380/1000
PROGRESS complete-degree-31-32 390/1000
PROGRESS complete-degree-31-32 400/1000
PROGRESS complete-degree-31-32 410/1000
PROGRESS complete-degree-31-32 420/1000
PROGRESS complete-degree-31-32 430/1000
PROGRESS complete-degree-31-32 440/1000
PROGRESS complete-degree-31-32 450/1000
PROGRESS complete-degree-31-32 460/1000
PROGRESS complete-degree-31-32 470/1000
PROGRESS complete-degree-31-32 480/1000
PROGRESS complete-degree-31-32 490/1000
PROGRESS complete-degree-31-32 500/1000
PROGRESS complete-degree-31-32 510/1000
PROGRESS complete-degree-31-32 520/1000
PROGRESS complete-degree-31-32 530/1000
PROGRESS complete-degree-31-32 540/1000
PROGRESS complete-degree-31-32 550/1000
PROGRESS complete-degree-31-32 560/1000
PROGRESS complete-degree-31-32 570/1000
PROGRESS complete-degree-31-32 580/1000
PROGRESS complete-degree-31-32 590/1000
PROGRESS complete-degree-31-32 600/1000
PROGRESS complete-degree-31-32 610/1000
PROGRESS complete-degree-31-32 620/1000
PROGRESS complete-degree-31-32 630/1000
PROGRESS complete-degree-31-32 640/1000
PROGRESS complete-degree-31-32 650/1000
PROGRESS complete-degree-31-32 660/1000
PROGRESS complete-degree-31-32 670/1000
PROGRESS complete-degree-31-32 680/1000
PROGRESS complete-degree-31-32 690/1000
PROGRESS complete-degree-31-32 700/1000
PROGRESS complete-degree-31-32 710/1000
PROGRESS complete-degree-31-32 720/1000
PROGRESS complete-degree-31-32 730/1000
PROGRESS complete-degree-31-32 740/1000
PROGRESS complete-degree-31-32 750/1000
PROGRESS complete-degree-31-32 760/1000
PROGRESS complete-degree-31-32 770/1000
PROGRESS complete-degree-31-32 780/1000
PROGRESS complete-degree-31-32 790/1000
PROGRESS complete-degree-31-32 800/1000
PROGRESS complete-degree-31-32 810/1000
PROGRESS complete-degree-31-32 820/1000
PROGRESS complete-degree-31-32 830/1000
PROGRESS complete-degree-31-32 840/1000
PROGRESS complete-degree-31-32 850/1000
PROGRESS complete-degree-31-32 860/1000
PROGRESS complete-degree-31-32 870/1000
PROGRESS complete-degree-31-32 880/1000
PROGRESS complete-degree-31-32 890/1000
PROGRESS complete-degree-31-32 900/1000
PROGRESS complete-degree-31-32 910/1000
PROGRESS complete-degree-31-32 920/1000
PROGRESS complete-degree-31-32 930/1000
PROGRESS complete-degree-31-32 940/1000
PROGRESS complete-degree-31-32 950/1000
PROGRESS complete-degree-31-32 960/1000
PROGRESS complete-degree-31-32 970/1000
PROGRESS complete-degree-31-32 980/1000
PROGRESS complete-degree-31-32 990/1000
PROGRESS complete-degree-31-32 1000/1000
RESULT complete-degree-31-32 old-p50-ns=942000 new-p50-ns=544000
CASE complete-degree-48-64 samples=1000 repetitions=1
PROGRESS complete-degree-48-64 10/1000
PROGRESS complete-degree-48-64 20/1000
PROGRESS complete-degree-48-64 30/1000
PROGRESS complete-degree-48-64 40/1000
PROGRESS complete-degree-48-64 50/1000
PROGRESS complete-degree-48-64 60/1000
PROGRESS complete-degree-48-64 70/1000
PROGRESS complete-degree-48-64 80/1000
PROGRESS complete-degree-48-64 90/1000
PROGRESS complete-degree-48-64 100/1000
PROGRESS complete-degree-48-64 110/1000
PROGRESS complete-degree-48-64 120/1000
PROGRESS complete-degree-48-64 130/1000
PROGRESS complete-degree-48-64 140/1000
PROGRESS complete-degree-48-64 150/1000
PROGRESS complete-degree-48-64 160/1000
PROGRESS complete-degree-48-64 170/1000
PROGRESS complete-degree-48-64 180/1000
PROGRESS complete-degree-48-64 190/1000
PROGRESS complete-degree-48-64 200/1000
PROGRESS complete-degree-48-64 210/1000
PROGRESS complete-degree-48-64 220/1000
PROGRESS complete-degree-48-64 230/1000
PROGRESS complete-degree-48-64 240/1000
PROGRESS complete-degree-48-64 250/1000
PROGRESS complete-degree-48-64 260/1000
PROGRESS complete-degree-48-64 270/1000
PROGRESS complete-degree-48-64 280/1000
PROGRESS complete-degree-48-64 290/1000
PROGRESS complete-degree-48-64 300/1000
PROGRESS complete-degree-48-64 310/1000
PROGRESS complete-degree-48-64 320/1000
PROGRESS complete-degree-48-64 330/1000
PROGRESS complete-degree-48-64 340/1000
PROGRESS complete-degree-48-64 350/1000
PROGRESS complete-degree-48-64 360/1000
PROGRESS complete-degree-48-64 370/1000
PROGRESS complete-degree-48-64 380/1000
PROGRESS complete-degree-48-64 390/1000
PROGRESS complete-degree-48-64 400/1000
PROGRESS complete-degree-48-64 410/1000
PROGRESS complete-degree-48-64 420/1000
PROGRESS complete-degree-48-64 430/1000
PROGRESS complete-degree-48-64 440/1000
PROGRESS complete-degree-48-64 450/1000
PROGRESS complete-degree-48-64 460/1000
PROGRESS complete-degree-48-64 470/1000
PROGRESS complete-degree-48-64 480/1000
PROGRESS complete-degree-48-64 490/1000
PROGRESS complete-degree-48-64 500/1000
PROGRESS complete-degree-48-64 510/1000
PROGRESS complete-degree-48-64 520/1000
PROGRESS complete-degree-48-64 530/1000
PROGRESS complete-degree-48-64 540/1000
PROGRESS complete-degree-48-64 550/1000
PROGRESS complete-degree-48-64 560/1000
PROGRESS complete-degree-48-64 570/1000
PROGRESS complete-degree-48-64 580/1000
PROGRESS complete-degree-48-64 590/1000
PROGRESS complete-degree-48-64 600/1000
PROGRESS complete-degree-48-64 610/1000
PROGRESS complete-degree-48-64 620/1000
PROGRESS complete-degree-48-64 630/1000
PROGRESS complete-degree-48-64 640/1000
PROGRESS complete-degree-48-64 650/1000
PROGRESS complete-degree-48-64 660/1000
PROGRESS complete-degree-48-64 670/1000
PROGRESS complete-degree-48-64 680/1000
PROGRESS complete-degree-48-64 690/1000
PROGRESS complete-degree-48-64 700/1000
PROGRESS complete-degree-48-64 710/1000
PROGRESS complete-degree-48-64 720/1000
PROGRESS complete-degree-48-64 730/1000
PROGRESS complete-degree-48-64 740/1000
PROGRESS complete-degree-48-64 750/1000
PROGRESS complete-degree-48-64 760/1000
PROGRESS complete-degree-48-64 770/1000
PROGRESS complete-degree-48-64 780/1000
PROGRESS complete-degree-48-64 790/1000
PROGRESS complete-degree-48-64 800/1000
PROGRESS complete-degree-48-64 810/1000
PROGRESS complete-degree-48-64 820/1000
PROGRESS complete-degree-48-64 830/1000
PROGRESS complete-degree-48-64 840/1000
PROGRESS complete-degree-48-64 850/1000
PROGRESS complete-degree-48-64 860/1000
PROGRESS complete-degree-48-64 870/1000
PROGRESS complete-degree-48-64 880/1000
PROGRESS complete-degree-48-64 890/1000
PROGRESS complete-degree-48-64 900/1000
PROGRESS complete-degree-48-64 910/1000
PROGRESS complete-degree-48-64 920/1000
PROGRESS complete-degree-48-64 930/1000
PROGRESS complete-degree-48-64 940/1000
PROGRESS complete-degree-48-64 950/1000
PROGRESS complete-degree-48-64 960/1000
PROGRESS complete-degree-48-64 970/1000
PROGRESS complete-degree-48-64 980/1000
PROGRESS complete-degree-48-64 990/1000
PROGRESS complete-degree-48-64 1000/1000
RESULT complete-degree-48-64 old-p50-ns=4393000 new-p50-ns=2119000
CASE complete-degree-63-64 samples=1000 repetitions=1
PROGRESS complete-degree-63-64 10/1000
PROGRESS complete-degree-63-64 20/1000
PROGRESS complete-degree-63-64 30/1000
PROGRESS complete-degree-63-64 40/1000
PROGRESS complete-degree-63-64 50/1000
PROGRESS complete-degree-63-64 60/1000
PROGRESS complete-degree-63-64 70/1000
PROGRESS complete-degree-63-64 80/1000
PROGRESS complete-degree-63-64 90/1000
PROGRESS complete-degree-63-64 100/1000
PROGRESS complete-degree-63-64 110/1000
PROGRESS complete-degree-63-64 120/1000
PROGRESS complete-degree-63-64 130/1000
PROGRESS complete-degree-63-64 140/1000
PROGRESS complete-degree-63-64 150/1000
PROGRESS complete-degree-63-64 160/1000
PROGRESS complete-degree-63-64 170/1000
PROGRESS complete-degree-63-64 180/1000
PROGRESS complete-degree-63-64 190/1000
PROGRESS complete-degree-63-64 200/1000
PROGRESS complete-degree-63-64 210/1000
PROGRESS complete-degree-63-64 220/1000
PROGRESS complete-degree-63-64 230/1000
PROGRESS complete-degree-63-64 240/1000
PROGRESS complete-degree-63-64 250/1000
PROGRESS complete-degree-63-64 260/1000
PROGRESS complete-degree-63-64 270/1000
PROGRESS complete-degree-63-64 280/1000
PROGRESS complete-degree-63-64 290/1000
PROGRESS complete-degree-63-64 300/1000
PROGRESS complete-degree-63-64 310/1000
PROGRESS complete-degree-63-64 320/1000
PROGRESS complete-degree-63-64 330/1000
PROGRESS complete-degree-63-64 340/1000
PROGRESS complete-degree-63-64 350/1000
PROGRESS complete-degree-63-64 360/1000
PROGRESS complete-degree-63-64 370/1000
PROGRESS complete-degree-63-64 380/1000
PROGRESS complete-degree-63-64 390/1000
PROGRESS complete-degree-63-64 400/1000
PROGRESS complete-degree-63-64 410/1000
PROGRESS complete-degree-63-64 420/1000
PROGRESS complete-degree-63-64 430/1000
PROGRESS complete-degree-63-64 440/1000
PROGRESS complete-degree-63-64 450/1000
PROGRESS complete-degree-63-64 460/1000
PROGRESS complete-degree-63-64 470/1000
PROGRESS complete-degree-63-64 480/1000
PROGRESS complete-degree-63-64 490/1000
PROGRESS complete-degree-63-64 500/1000
PROGRESS complete-degree-63-64 510/1000
PROGRESS complete-degree-63-64 520/1000
PROGRESS complete-degree-63-64 530/1000
PROGRESS complete-degree-63-64 540/1000
PROGRESS complete-degree-63-64 550/1000
PROGRESS complete-degree-63-64 560/1000
PROGRESS complete-degree-63-64 570/1000
PROGRESS complete-degree-63-64 580/1000
PROGRESS complete-degree-63-64 590/1000
PROGRESS complete-degree-63-64 600/1000
PROGRESS complete-degree-63-64 610/1000
PROGRESS complete-degree-63-64 620/1000
PROGRESS complete-degree-63-64 630/1000
PROGRESS complete-degree-63-64 640/1000
PROGRESS complete-degree-63-64 650/1000
PROGRESS complete-degree-63-64 660/1000
PROGRESS complete-degree-63-64 670/1000
PROGRESS complete-degree-63-64 680/1000
PROGRESS complete-degree-63-64 690/1000
PROGRESS complete-degree-63-64 700/1000
PROGRESS complete-degree-63-64 710/1000
PROGRESS complete-degree-63-64 720/1000
PROGRESS complete-degree-63-64 730/1000
PROGRESS complete-degree-63-64 740/1000
PROGRESS complete-degree-63-64 750/1000
PROGRESS complete-degree-63-64 760/1000
PROGRESS complete-degree-63-64 770/1000
PROGRESS complete-degree-63-64 780/1000
PROGRESS complete-degree-63-64 790/1000
PROGRESS complete-degree-63-64 800/1000
PROGRESS complete-degree-63-64 810/1000
PROGRESS complete-degree-63-64 820/1000
PROGRESS complete-degree-63-64 830/1000
PROGRESS complete-degree-63-64 840/1000
PROGRESS complete-degree-63-64 850/1000
PROGRESS complete-degree-63-64 860/1000
PROGRESS complete-degree-63-64 870/1000
PROGRESS complete-degree-63-64 880/1000
PROGRESS complete-degree-63-64 890/1000
PROGRESS complete-degree-63-64 900/1000
PROGRESS complete-degree-63-64 910/1000
PROGRESS complete-degree-63-64 920/1000
PROGRESS complete-degree-63-64 930/1000
PROGRESS complete-degree-63-64 940/1000
PROGRESS complete-degree-63-64 950/1000
PROGRESS complete-degree-63-64 960/1000
PROGRESS complete-degree-63-64 970/1000
PROGRESS complete-degree-63-64 980/1000
PROGRESS complete-degree-63-64 990/1000
PROGRESS complete-degree-63-64 1000/1000
RESULT complete-degree-63-64 old-p50-ns=5854000 new-p50-ns=2923000
CASE closure-fanout-32 samples=1000 repetitions=1
PROGRESS closure-fanout-32 10/1000
PROGRESS closure-fanout-32 20/1000
PROGRESS closure-fanout-32 30/1000
PROGRESS closure-fanout-32 40/1000
PROGRESS closure-fanout-32 50/1000
PROGRESS closure-fanout-32 60/1000
PROGRESS closure-fanout-32 70/1000
PROGRESS closure-fanout-32 80/1000
PROGRESS closure-fanout-32 90/1000
PROGRESS closure-fanout-32 100/1000
PROGRESS closure-fanout-32 110/1000
PROGRESS closure-fanout-32 120/1000
PROGRESS closure-fanout-32 130/1000
PROGRESS closure-fanout-32 140/1000
PROGRESS closure-fanout-32 150/1000
PROGRESS closure-fanout-32 160/1000
PROGRESS closure-fanout-32 170/1000
PROGRESS closure-fanout-32 180/1000
PROGRESS closure-fanout-32 190/1000
PROGRESS closure-fanout-32 200/1000
PROGRESS closure-fanout-32 210/1000
PROGRESS closure-fanout-32 220/1000
PROGRESS closure-fanout-32 230/1000
PROGRESS closure-fanout-32 240/1000
PROGRESS closure-fanout-32 250/1000
PROGRESS closure-fanout-32 260/1000
PROGRESS closure-fanout-32 270/1000
PROGRESS closure-fanout-32 280/1000
PROGRESS closure-fanout-32 290/1000
PROGRESS closure-fanout-32 300/1000
PROGRESS closure-fanout-32 310/1000
PROGRESS closure-fanout-32 320/1000
PROGRESS closure-fanout-32 330/1000
PROGRESS closure-fanout-32 340/1000
PROGRESS closure-fanout-32 350/1000
PROGRESS closure-fanout-32 360/1000
PROGRESS closure-fanout-32 370/1000
PROGRESS closure-fanout-32 380/1000
PROGRESS closure-fanout-32 390/1000
PROGRESS closure-fanout-32 400/1000
PROGRESS closure-fanout-32 410/1000
PROGRESS closure-fanout-32 420/1000
PROGRESS closure-fanout-32 430/1000
PROGRESS closure-fanout-32 440/1000
PROGRESS closure-fanout-32 450/1000
PROGRESS closure-fanout-32 460/1000
PROGRESS closure-fanout-32 470/1000
PROGRESS closure-fanout-32 480/1000
PROGRESS closure-fanout-32 490/1000
PROGRESS closure-fanout-32 500/1000
PROGRESS closure-fanout-32 510/1000
PROGRESS closure-fanout-32 520/1000
PROGRESS closure-fanout-32 530/1000
PROGRESS closure-fanout-32 540/1000
PROGRESS closure-fanout-32 550/1000
PROGRESS closure-fanout-32 560/1000
PROGRESS closure-fanout-32 570/1000
PROGRESS closure-fanout-32 580/1000
PROGRESS closure-fanout-32 590/1000
PROGRESS closure-fanout-32 600/1000
PROGRESS closure-fanout-32 610/1000
PROGRESS closure-fanout-32 620/1000
PROGRESS closure-fanout-32 630/1000
PROGRESS closure-fanout-32 640/1000
PROGRESS closure-fanout-32 650/1000
PROGRESS closure-fanout-32 660/1000
PROGRESS closure-fanout-32 670/1000
PROGRESS closure-fanout-32 680/1000
PROGRESS closure-fanout-32 690/1000
PROGRESS closure-fanout-32 700/1000
PROGRESS closure-fanout-32 710/1000
PROGRESS closure-fanout-32 720/1000
PROGRESS closure-fanout-32 730/1000
PROGRESS closure-fanout-32 740/1000
PROGRESS closure-fanout-32 750/1000
PROGRESS closure-fanout-32 760/1000
PROGRESS closure-fanout-32 770/1000
PROGRESS closure-fanout-32 780/1000
PROGRESS closure-fanout-32 790/1000
PROGRESS closure-fanout-32 800/1000
PROGRESS closure-fanout-32 810/1000
PROGRESS closure-fanout-32 820/1000
PROGRESS closure-fanout-32 830/1000
PROGRESS closure-fanout-32 840/1000
PROGRESS closure-fanout-32 850/1000
PROGRESS closure-fanout-32 860/1000
PROGRESS closure-fanout-32 870/1000
PROGRESS closure-fanout-32 880/1000
PROGRESS closure-fanout-32 890/1000
PROGRESS closure-fanout-32 900/1000
PROGRESS closure-fanout-32 910/1000
PROGRESS closure-fanout-32 920/1000
PROGRESS closure-fanout-32 930/1000
PROGRESS closure-fanout-32 940/1000
PROGRESS closure-fanout-32 950/1000
PROGRESS closure-fanout-32 960/1000
PROGRESS closure-fanout-32 970/1000
PROGRESS closure-fanout-32 980/1000
PROGRESS closure-fanout-32 990/1000
PROGRESS closure-fanout-32 1000/1000
RESULT closure-fanout-32 old-p50-ns=612000 new-p50-ns=325000
CASE distance-fanout-32 samples=1000 repetitions=1
PROGRESS distance-fanout-32 10/1000
PROGRESS distance-fanout-32 20/1000
PROGRESS distance-fanout-32 30/1000
PROGRESS distance-fanout-32 40/1000
PROGRESS distance-fanout-32 50/1000
PROGRESS distance-fanout-32 60/1000
PROGRESS distance-fanout-32 70/1000
PROGRESS distance-fanout-32 80/1000
PROGRESS distance-fanout-32 90/1000
PROGRESS distance-fanout-32 100/1000
PROGRESS distance-fanout-32 110/1000
PROGRESS distance-fanout-32 120/1000
PROGRESS distance-fanout-32 130/1000
PROGRESS distance-fanout-32 140/1000
PROGRESS distance-fanout-32 150/1000
PROGRESS distance-fanout-32 160/1000
PROGRESS distance-fanout-32 170/1000
PROGRESS distance-fanout-32 180/1000
PROGRESS distance-fanout-32 190/1000
PROGRESS distance-fanout-32 200/1000
PROGRESS distance-fanout-32 210/1000
PROGRESS distance-fanout-32 220/1000
PROGRESS distance-fanout-32 230/1000
PROGRESS distance-fanout-32 240/1000
PROGRESS distance-fanout-32 250/1000
PROGRESS distance-fanout-32 260/1000
PROGRESS distance-fanout-32 270/1000
PROGRESS distance-fanout-32 280/1000
PROGRESS distance-fanout-32 290/1000
PROGRESS distance-fanout-32 300/1000
PROGRESS distance-fanout-32 310/1000
PROGRESS distance-fanout-32 320/1000
PROGRESS distance-fanout-32 330/1000
PROGRESS distance-fanout-32 340/1000
PROGRESS distance-fanout-32 350/1000
PROGRESS distance-fanout-32 360/1000
PROGRESS distance-fanout-32 370/1000
PROGRESS distance-fanout-32 380/1000
PROGRESS distance-fanout-32 390/1000
PROGRESS distance-fanout-32 400/1000
PROGRESS distance-fanout-32 410/1000
PROGRESS distance-fanout-32 420/1000
PROGRESS distance-fanout-32 430/1000
PROGRESS distance-fanout-32 440/1000
PROGRESS distance-fanout-32 450/1000
PROGRESS distance-fanout-32 460/1000
PROGRESS distance-fanout-32 470/1000
PROGRESS distance-fanout-32 480/1000
PROGRESS distance-fanout-32 490/1000
PROGRESS distance-fanout-32 500/1000
PROGRESS distance-fanout-32 510/1000
PROGRESS distance-fanout-32 520/1000
PROGRESS distance-fanout-32 530/1000
PROGRESS distance-fanout-32 540/1000
PROGRESS distance-fanout-32 550/1000
PROGRESS distance-fanout-32 560/1000
PROGRESS distance-fanout-32 570/1000
PROGRESS distance-fanout-32 580/1000
PROGRESS distance-fanout-32 590/1000
PROGRESS distance-fanout-32 600/1000
PROGRESS distance-fanout-32 610/1000
PROGRESS distance-fanout-32 620/1000
PROGRESS distance-fanout-32 630/1000
PROGRESS distance-fanout-32 640/1000
PROGRESS distance-fanout-32 650/1000
PROGRESS distance-fanout-32 660/1000
PROGRESS distance-fanout-32 670/1000
PROGRESS distance-fanout-32 680/1000
PROGRESS distance-fanout-32 690/1000
PROGRESS distance-fanout-32 700/1000
PROGRESS distance-fanout-32 710/1000
PROGRESS distance-fanout-32 720/1000
PROGRESS distance-fanout-32 730/1000
PROGRESS distance-fanout-32 740/1000
PROGRESS distance-fanout-32 750/1000
PROGRESS distance-fanout-32 760/1000
PROGRESS distance-fanout-32 770/1000
PROGRESS distance-fanout-32 780/1000
PROGRESS distance-fanout-32 790/1000
PROGRESS distance-fanout-32 800/1000
PROGRESS distance-fanout-32 810/1000
PROGRESS distance-fanout-32 820/1000
PROGRESS distance-fanout-32 830/1000
PROGRESS distance-fanout-32 840/1000
PROGRESS distance-fanout-32 850/1000
PROGRESS distance-fanout-32 860/1000
PROGRESS distance-fanout-32 870/1000
PROGRESS distance-fanout-32 880/1000
PROGRESS distance-fanout-32 890/1000
PROGRESS distance-fanout-32 900/1000
PROGRESS distance-fanout-32 910/1000
PROGRESS distance-fanout-32 920/1000
PROGRESS distance-fanout-32 930/1000
PROGRESS distance-fanout-32 940/1000
PROGRESS distance-fanout-32 950/1000
PROGRESS distance-fanout-32 960/1000
PROGRESS distance-fanout-32 970/1000
PROGRESS distance-fanout-32 980/1000
PROGRESS distance-fanout-32 990/1000
PROGRESS distance-fanout-32 1000/1000
RESULT distance-fanout-32 old-p50-ns=424000 new-p50-ns=335000
CASE distance-then-closure-32 samples=1000 repetitions=1
PROGRESS distance-then-closure-32 10/1000
PROGRESS distance-then-closure-32 20/1000
PROGRESS distance-then-closure-32 30/1000
PROGRESS distance-then-closure-32 40/1000
PROGRESS distance-then-closure-32 50/1000
PROGRESS distance-then-closure-32 60/1000
PROGRESS distance-then-closure-32 70/1000
PROGRESS distance-then-closure-32 80/1000
PROGRESS distance-then-closure-32 90/1000
PROGRESS distance-then-closure-32 100/1000
PROGRESS distance-then-closure-32 110/1000
PROGRESS distance-then-closure-32 120/1000
PROGRESS distance-then-closure-32 130/1000
PROGRESS distance-then-closure-32 140/1000
PROGRESS distance-then-closure-32 150/1000
PROGRESS distance-then-closure-32 160/1000
PROGRESS distance-then-closure-32 170/1000
PROGRESS distance-then-closure-32 180/1000
PROGRESS distance-then-closure-32 190/1000
PROGRESS distance-then-closure-32 200/1000
PROGRESS distance-then-closure-32 210/1000
PROGRESS distance-then-closure-32 220/1000
PROGRESS distance-then-closure-32 230/1000
PROGRESS distance-then-closure-32 240/1000
PROGRESS distance-then-closure-32 250/1000
PROGRESS distance-then-closure-32 260/1000
PROGRESS distance-then-closure-32 270/1000
PROGRESS distance-then-closure-32 280/1000
PROGRESS distance-then-closure-32 290/1000
PROGRESS distance-then-closure-32 300/1000
PROGRESS distance-then-closure-32 310/1000
PROGRESS distance-then-closure-32 320/1000
PROGRESS distance-then-closure-32 330/1000
PROGRESS distance-then-closure-32 340/1000
PROGRESS distance-then-closure-32 350/1000
PROGRESS distance-then-closure-32 360/1000
PROGRESS distance-then-closure-32 370/1000
PROGRESS distance-then-closure-32 380/1000
PROGRESS distance-then-closure-32 390/1000
PROGRESS distance-then-closure-32 400/1000
PROGRESS distance-then-closure-32 410/1000
PROGRESS distance-then-closure-32 420/1000
PROGRESS distance-then-closure-32 430/1000
PROGRESS distance-then-closure-32 440/1000
PROGRESS distance-then-closure-32 450/1000
PROGRESS distance-then-closure-32 460/1000
PROGRESS distance-then-closure-32 470/1000
PROGRESS distance-then-closure-32 480/1000
PROGRESS distance-then-closure-32 490/1000
PROGRESS distance-then-closure-32 500/1000
PROGRESS distance-then-closure-32 510/1000
PROGRESS distance-then-closure-32 520/1000
PROGRESS distance-then-closure-32 530/1000
PROGRESS distance-then-closure-32 540/1000
PROGRESS distance-then-closure-32 550/1000
PROGRESS distance-then-closure-32 560/1000
PROGRESS distance-then-closure-32 570/1000
PROGRESS distance-then-closure-32 580/1000
PROGRESS distance-then-closure-32 590/1000
PROGRESS distance-then-closure-32 600/1000
PROGRESS distance-then-closure-32 610/1000
PROGRESS distance-then-closure-32 620/1000
PROGRESS distance-then-closure-32 630/1000
PROGRESS distance-then-closure-32 640/1000
PROGRESS distance-then-closure-32 650/1000
PROGRESS distance-then-closure-32 660/1000
PROGRESS distance-then-closure-32 670/1000
PROGRESS distance-then-closure-32 680/1000
PROGRESS distance-then-closure-32 690/1000
PROGRESS distance-then-closure-32 700/1000
PROGRESS distance-then-closure-32 710/1000
PROGRESS distance-then-closure-32 720/1000
PROGRESS distance-then-closure-32 730/1000
PROGRESS distance-then-closure-32 740/1000
PROGRESS distance-then-closure-32 750/1000
PROGRESS distance-then-closure-32 760/1000
PROGRESS distance-then-closure-32 770/1000
PROGRESS distance-then-closure-32 780/1000
PROGRESS distance-then-closure-32 790/1000
PROGRESS distance-then-closure-32 800/1000
PROGRESS distance-then-closure-32 810/1000
PROGRESS distance-then-closure-32 820/1000
PROGRESS distance-then-closure-32 830/1000
PROGRESS distance-then-closure-32 840/1000
PROGRESS distance-then-closure-32 850/1000
PROGRESS distance-then-closure-32 860/1000
PROGRESS distance-then-closure-32 870/1000
PROGRESS distance-then-closure-32 880/1000
PROGRESS distance-then-closure-32 890/1000
PROGRESS distance-then-closure-32 900/1000
PROGRESS distance-then-closure-32 910/1000
PROGRESS distance-then-closure-32 920/1000
PROGRESS distance-then-closure-32 930/1000
PROGRESS distance-then-closure-32 940/1000
PROGRESS distance-then-closure-32 950/1000
PROGRESS distance-then-closure-32 960/1000
PROGRESS distance-then-closure-32 970/1000
PROGRESS distance-then-closure-32 980/1000
PROGRESS distance-then-closure-32 990/1000
PROGRESS distance-then-closure-32 1000/1000
RESULT distance-then-closure-32 old-p50-ns=747000 new-p50-ns=349000
CASE distance-chain-32 samples=1000 repetitions=1
PROGRESS distance-chain-32 10/1000
PROGRESS distance-chain-32 20/1000
PROGRESS distance-chain-32 30/1000
PROGRESS distance-chain-32 40/1000
PROGRESS distance-chain-32 50/1000
PROGRESS distance-chain-32 60/1000
PROGRESS distance-chain-32 70/1000
PROGRESS distance-chain-32 80/1000
PROGRESS distance-chain-32 90/1000
PROGRESS distance-chain-32 100/1000
PROGRESS distance-chain-32 110/1000
PROGRESS distance-chain-32 120/1000
PROGRESS distance-chain-32 130/1000
PROGRESS distance-chain-32 140/1000
PROGRESS distance-chain-32 150/1000
PROGRESS distance-chain-32 160/1000
PROGRESS distance-chain-32 170/1000
PROGRESS distance-chain-32 180/1000
PROGRESS distance-chain-32 190/1000
PROGRESS distance-chain-32 200/1000
PROGRESS distance-chain-32 210/1000
PROGRESS distance-chain-32 220/1000
PROGRESS distance-chain-32 230/1000
PROGRESS distance-chain-32 240/1000
PROGRESS distance-chain-32 250/1000
PROGRESS distance-chain-32 260/1000
PROGRESS distance-chain-32 270/1000
PROGRESS distance-chain-32 280/1000
PROGRESS distance-chain-32 290/1000
PROGRESS distance-chain-32 300/1000
PROGRESS distance-chain-32 310/1000
PROGRESS distance-chain-32 320/1000
PROGRESS distance-chain-32 330/1000
PROGRESS distance-chain-32 340/1000
PROGRESS distance-chain-32 350/1000
PROGRESS distance-chain-32 360/1000
PROGRESS distance-chain-32 370/1000
PROGRESS distance-chain-32 380/1000
PROGRESS distance-chain-32 390/1000
PROGRESS distance-chain-32 400/1000
PROGRESS distance-chain-32 410/1000
PROGRESS distance-chain-32 420/1000
PROGRESS distance-chain-32 430/1000
PROGRESS distance-chain-32 440/1000
PROGRESS distance-chain-32 450/1000
PROGRESS distance-chain-32 460/1000
PROGRESS distance-chain-32 470/1000
PROGRESS distance-chain-32 480/1000
PROGRESS distance-chain-32 490/1000
PROGRESS distance-chain-32 500/1000
PROGRESS distance-chain-32 510/1000
PROGRESS distance-chain-32 520/1000
PROGRESS distance-chain-32 530/1000
PROGRESS distance-chain-32 540/1000
PROGRESS distance-chain-32 550/1000
PROGRESS distance-chain-32 560/1000
PROGRESS distance-chain-32 570/1000
PROGRESS distance-chain-32 580/1000
PROGRESS distance-chain-32 590/1000
PROGRESS distance-chain-32 600/1000
PROGRESS distance-chain-32 610/1000
PROGRESS distance-chain-32 620/1000
PROGRESS distance-chain-32 630/1000
PROGRESS distance-chain-32 640/1000
PROGRESS distance-chain-32 650/1000
PROGRESS distance-chain-32 660/1000
PROGRESS distance-chain-32 670/1000
PROGRESS distance-chain-32 680/1000
PROGRESS distance-chain-32 690/1000
PROGRESS distance-chain-32 700/1000
PROGRESS distance-chain-32 710/1000
PROGRESS distance-chain-32 720/1000
PROGRESS distance-chain-32 730/1000
PROGRESS distance-chain-32 740/1000
PROGRESS distance-chain-32 750/1000
PROGRESS distance-chain-32 760/1000
PROGRESS distance-chain-32 770/1000
PROGRESS distance-chain-32 780/1000
PROGRESS distance-chain-32 790/1000
PROGRESS distance-chain-32 800/1000
PROGRESS distance-chain-32 810/1000
PROGRESS distance-chain-32 820/1000
PROGRESS distance-chain-32 830/1000
PROGRESS distance-chain-32 840/1000
PROGRESS distance-chain-32 850/1000
PROGRESS distance-chain-32 860/1000
PROGRESS distance-chain-32 870/1000
PROGRESS distance-chain-32 880/1000
PROGRESS distance-chain-32 890/1000
PROGRESS distance-chain-32 900/1000
PROGRESS distance-chain-32 910/1000
PROGRESS distance-chain-32 920/1000
PROGRESS distance-chain-32 930/1000
PROGRESS distance-chain-32 940/1000
PROGRESS distance-chain-32 950/1000
PROGRESS distance-chain-32 960/1000
PROGRESS distance-chain-32 970/1000
PROGRESS distance-chain-32 980/1000
PROGRESS distance-chain-32 990/1000
PROGRESS distance-chain-32 1000/1000
RESULT distance-chain-32 old-p50-ns=51000 new-p50-ns=51000
CASE distance-chain-128 samples=1000 repetitions=1
PROGRESS distance-chain-128 10/1000
PROGRESS distance-chain-128 20/1000
PROGRESS distance-chain-128 30/1000
PROGRESS distance-chain-128 40/1000
PROGRESS distance-chain-128 50/1000
PROGRESS distance-chain-128 60/1000
PROGRESS distance-chain-128 70/1000
PROGRESS distance-chain-128 80/1000
PROGRESS distance-chain-128 90/1000
PROGRESS distance-chain-128 100/1000
PROGRESS distance-chain-128 110/1000
PROGRESS distance-chain-128 120/1000
PROGRESS distance-chain-128 130/1000
PROGRESS distance-chain-128 140/1000
PROGRESS distance-chain-128 150/1000
PROGRESS distance-chain-128 160/1000
PROGRESS distance-chain-128 170/1000
PROGRESS distance-chain-128 180/1000
PROGRESS distance-chain-128 190/1000
PROGRESS distance-chain-128 200/1000
PROGRESS distance-chain-128 210/1000
PROGRESS distance-chain-128 220/1000
PROGRESS distance-chain-128 230/1000
PROGRESS distance-chain-128 240/1000
PROGRESS distance-chain-128 250/1000
PROGRESS distance-chain-128 260/1000
PROGRESS distance-chain-128 270/1000
PROGRESS distance-chain-128 280/1000
PROGRESS distance-chain-128 290/1000
PROGRESS distance-chain-128 300/1000
PROGRESS distance-chain-128 310/1000
PROGRESS distance-chain-128 320/1000
PROGRESS distance-chain-128 330/1000
PROGRESS distance-chain-128 340/1000
PROGRESS distance-chain-128 350/1000
PROGRESS distance-chain-128 360/1000
PROGRESS distance-chain-128 370/1000
PROGRESS distance-chain-128 380/1000
PROGRESS distance-chain-128 390/1000
PROGRESS distance-chain-128 400/1000
PROGRESS distance-chain-128 410/1000
PROGRESS distance-chain-128 420/1000
PROGRESS distance-chain-128 430/1000
PROGRESS distance-chain-128 440/1000
PROGRESS distance-chain-128 450/1000
PROGRESS distance-chain-128 460/1000
PROGRESS distance-chain-128 470/1000
PROGRESS distance-chain-128 480/1000
PROGRESS distance-chain-128 490/1000
PROGRESS distance-chain-128 500/1000
PROGRESS distance-chain-128 510/1000
PROGRESS distance-chain-128 520/1000
PROGRESS distance-chain-128 530/1000
PROGRESS distance-chain-128 540/1000
PROGRESS distance-chain-128 550/1000
PROGRESS distance-chain-128 560/1000
PROGRESS distance-chain-128 570/1000
PROGRESS distance-chain-128 580/1000
PROGRESS distance-chain-128 590/1000
PROGRESS distance-chain-128 600/1000
PROGRESS distance-chain-128 610/1000
PROGRESS distance-chain-128 620/1000
PROGRESS distance-chain-128 630/1000
PROGRESS distance-chain-128 640/1000
PROGRESS distance-chain-128 650/1000
PROGRESS distance-chain-128 660/1000
PROGRESS distance-chain-128 670/1000
PROGRESS distance-chain-128 680/1000
PROGRESS distance-chain-128 690/1000
PROGRESS distance-chain-128 700/1000
PROGRESS distance-chain-128 710/1000
PROGRESS distance-chain-128 720/1000
PROGRESS distance-chain-128 730/1000
PROGRESS distance-chain-128 740/1000
PROGRESS distance-chain-128 750/1000
PROGRESS distance-chain-128 760/1000
PROGRESS distance-chain-128 770/1000
PROGRESS distance-chain-128 780/1000
PROGRESS distance-chain-128 790/1000
PROGRESS distance-chain-128 800/1000
PROGRESS distance-chain-128 810/1000
PROGRESS distance-chain-128 820/1000
PROGRESS distance-chain-128 830/1000
PROGRESS distance-chain-128 840/1000
PROGRESS distance-chain-128 850/1000
PROGRESS distance-chain-128 860/1000
PROGRESS distance-chain-128 870/1000
PROGRESS distance-chain-128 880/1000
PROGRESS distance-chain-128 890/1000
PROGRESS distance-chain-128 900/1000
PROGRESS distance-chain-128 910/1000
PROGRESS distance-chain-128 920/1000
PROGRESS distance-chain-128 930/1000
PROGRESS distance-chain-128 940/1000
PROGRESS distance-chain-128 950/1000
PROGRESS distance-chain-128 960/1000
PROGRESS distance-chain-128 970/1000
PROGRESS distance-chain-128 980/1000
PROGRESS distance-chain-128 990/1000
PROGRESS distance-chain-128 1000/1000
RESULT distance-chain-128 old-p50-ns=435000 new-p50-ns=432000
CASE closure-chain-32 samples=1000 repetitions=1
PROGRESS closure-chain-32 10/1000
PROGRESS closure-chain-32 20/1000
PROGRESS closure-chain-32 30/1000
PROGRESS closure-chain-32 40/1000
PROGRESS closure-chain-32 50/1000
PROGRESS closure-chain-32 60/1000
PROGRESS closure-chain-32 70/1000
PROGRESS closure-chain-32 80/1000
PROGRESS closure-chain-32 90/1000
PROGRESS closure-chain-32 100/1000
PROGRESS closure-chain-32 110/1000
PROGRESS closure-chain-32 120/1000
PROGRESS closure-chain-32 130/1000
PROGRESS closure-chain-32 140/1000
PROGRESS closure-chain-32 150/1000
PROGRESS closure-chain-32 160/1000
PROGRESS closure-chain-32 170/1000
PROGRESS closure-chain-32 180/1000
PROGRESS closure-chain-32 190/1000
PROGRESS closure-chain-32 200/1000
PROGRESS closure-chain-32 210/1000
PROGRESS closure-chain-32 220/1000
PROGRESS closure-chain-32 230/1000
PROGRESS closure-chain-32 240/1000
PROGRESS closure-chain-32 250/1000
PROGRESS closure-chain-32 260/1000
PROGRESS closure-chain-32 270/1000
PROGRESS closure-chain-32 280/1000
PROGRESS closure-chain-32 290/1000
PROGRESS closure-chain-32 300/1000
PROGRESS closure-chain-32 310/1000
PROGRESS closure-chain-32 320/1000
PROGRESS closure-chain-32 330/1000
PROGRESS closure-chain-32 340/1000
PROGRESS closure-chain-32 350/1000
PROGRESS closure-chain-32 360/1000
PROGRESS closure-chain-32 370/1000
PROGRESS closure-chain-32 380/1000
PROGRESS closure-chain-32 390/1000
PROGRESS closure-chain-32 400/1000
PROGRESS closure-chain-32 410/1000
PROGRESS closure-chain-32 420/1000
PROGRESS closure-chain-32 430/1000
PROGRESS closure-chain-32 440/1000
PROGRESS closure-chain-32 450/1000
PROGRESS closure-chain-32 460/1000
PROGRESS closure-chain-32 470/1000
PROGRESS closure-chain-32 480/1000
PROGRESS closure-chain-32 490/1000
PROGRESS closure-chain-32 500/1000
PROGRESS closure-chain-32 510/1000
PROGRESS closure-chain-32 520/1000
PROGRESS closure-chain-32 530/1000
PROGRESS closure-chain-32 540/1000
PROGRESS closure-chain-32 550/1000
PROGRESS closure-chain-32 560/1000
PROGRESS closure-chain-32 570/1000
PROGRESS closure-chain-32 580/1000
PROGRESS closure-chain-32 590/1000
PROGRESS closure-chain-32 600/1000
PROGRESS closure-chain-32 610/1000
PROGRESS closure-chain-32 620/1000
PROGRESS closure-chain-32 630/1000
PROGRESS closure-chain-32 640/1000
PROGRESS closure-chain-32 650/1000
PROGRESS closure-chain-32 660/1000
PROGRESS closure-chain-32 670/1000
PROGRESS closure-chain-32 680/1000
PROGRESS closure-chain-32 690/1000
PROGRESS closure-chain-32 700/1000
PROGRESS closure-chain-32 710/1000
PROGRESS closure-chain-32 720/1000
PROGRESS closure-chain-32 730/1000
PROGRESS closure-chain-32 740/1000
PROGRESS closure-chain-32 750/1000
PROGRESS closure-chain-32 760/1000
PROGRESS closure-chain-32 770/1000
PROGRESS closure-chain-32 780/1000
PROGRESS closure-chain-32 790/1000
PROGRESS closure-chain-32 800/1000
PROGRESS closure-chain-32 810/1000
PROGRESS closure-chain-32 820/1000
PROGRESS closure-chain-32 830/1000
PROGRESS closure-chain-32 840/1000
PROGRESS closure-chain-32 850/1000
PROGRESS closure-chain-32 860/1000
PROGRESS closure-chain-32 870/1000
PROGRESS closure-chain-32 880/1000
PROGRESS closure-chain-32 890/1000
PROGRESS closure-chain-32 900/1000
PROGRESS closure-chain-32 910/1000
PROGRESS closure-chain-32 920/1000
PROGRESS closure-chain-32 930/1000
PROGRESS closure-chain-32 940/1000
PROGRESS closure-chain-32 950/1000
PROGRESS closure-chain-32 960/1000
PROGRESS closure-chain-32 970/1000
PROGRESS closure-chain-32 980/1000
PROGRESS closure-chain-32 990/1000
PROGRESS closure-chain-32 1000/1000
RESULT closure-chain-32 old-p50-ns=43000 new-p50-ns=43000
CASE projection-256 samples=1000 repetitions=1
PROGRESS projection-256 10/1000
PROGRESS projection-256 20/1000
PROGRESS projection-256 30/1000
PROGRESS projection-256 40/1000
PROGRESS projection-256 50/1000
PROGRESS projection-256 60/1000
PROGRESS projection-256 70/1000
PROGRESS projection-256 80/1000
PROGRESS projection-256 90/1000
PROGRESS projection-256 100/1000
PROGRESS projection-256 110/1000
PROGRESS projection-256 120/1000
PROGRESS projection-256 130/1000
PROGRESS projection-256 140/1000
PROGRESS projection-256 150/1000
PROGRESS projection-256 160/1000
PROGRESS projection-256 170/1000
PROGRESS projection-256 180/1000
PROGRESS projection-256 190/1000
PROGRESS projection-256 200/1000
PROGRESS projection-256 210/1000
PROGRESS projection-256 220/1000
PROGRESS projection-256 230/1000
PROGRESS projection-256 240/1000
PROGRESS projection-256 250/1000
PROGRESS projection-256 260/1000
PROGRESS projection-256 270/1000
PROGRESS projection-256 280/1000
PROGRESS projection-256 290/1000
PROGRESS projection-256 300/1000
PROGRESS projection-256 310/1000
PROGRESS projection-256 320/1000
PROGRESS projection-256 330/1000
PROGRESS projection-256 340/1000
PROGRESS projection-256 350/1000
PROGRESS projection-256 360/1000
PROGRESS projection-256 370/1000
PROGRESS projection-256 380/1000
PROGRESS projection-256 390/1000
PROGRESS projection-256 400/1000
PROGRESS projection-256 410/1000
PROGRESS projection-256 420/1000
PROGRESS projection-256 430/1000
PROGRESS projection-256 440/1000
PROGRESS projection-256 450/1000
PROGRESS projection-256 460/1000
PROGRESS projection-256 470/1000
PROGRESS projection-256 480/1000
PROGRESS projection-256 490/1000
PROGRESS projection-256 500/1000
PROGRESS projection-256 510/1000
PROGRESS projection-256 520/1000
PROGRESS projection-256 530/1000
PROGRESS projection-256 540/1000
PROGRESS projection-256 550/1000
PROGRESS projection-256 560/1000
PROGRESS projection-256 570/1000
PROGRESS projection-256 580/1000
PROGRESS projection-256 590/1000
PROGRESS projection-256 600/1000
PROGRESS projection-256 610/1000
PROGRESS projection-256 620/1000
PROGRESS projection-256 630/1000
PROGRESS projection-256 640/1000
PROGRESS projection-256 650/1000
PROGRESS projection-256 660/1000
PROGRESS projection-256 670/1000
PROGRESS projection-256 680/1000
PROGRESS projection-256 690/1000
PROGRESS projection-256 700/1000
PROGRESS projection-256 710/1000
PROGRESS projection-256 720/1000
PROGRESS projection-256 730/1000
PROGRESS projection-256 740/1000
PROGRESS projection-256 750/1000
PROGRESS projection-256 760/1000
PROGRESS projection-256 770/1000
PROGRESS projection-256 780/1000
PROGRESS projection-256 790/1000
PROGRESS projection-256 800/1000
PROGRESS projection-256 810/1000
PROGRESS projection-256 820/1000
PROGRESS projection-256 830/1000
PROGRESS projection-256 840/1000
PROGRESS projection-256 850/1000
PROGRESS projection-256 860/1000
PROGRESS projection-256 870/1000
PROGRESS projection-256 880/1000
PROGRESS projection-256 890/1000
PROGRESS projection-256 900/1000
PROGRESS projection-256 910/1000
PROGRESS projection-256 920/1000
PROGRESS projection-256 930/1000
PROGRESS projection-256 940/1000
PROGRESS projection-256 950/1000
PROGRESS projection-256 960/1000
PROGRESS projection-256 970/1000
PROGRESS projection-256 980/1000
PROGRESS projection-256 990/1000
PROGRESS projection-256 1000/1000
RESULT projection-256 old-p50-ns=296000 new-p50-ns=296000
CASE empty-distances-64 samples=1000 repetitions=1
PROGRESS empty-distances-64 10/1000
PROGRESS empty-distances-64 20/1000
PROGRESS empty-distances-64 30/1000
PROGRESS empty-distances-64 40/1000
PROGRESS empty-distances-64 50/1000
PROGRESS empty-distances-64 60/1000
PROGRESS empty-distances-64 70/1000
PROGRESS empty-distances-64 80/1000
PROGRESS empty-distances-64 90/1000
PROGRESS empty-distances-64 100/1000
PROGRESS empty-distances-64 110/1000
PROGRESS empty-distances-64 120/1000
PROGRESS empty-distances-64 130/1000
PROGRESS empty-distances-64 140/1000
PROGRESS empty-distances-64 150/1000
PROGRESS empty-distances-64 160/1000
PROGRESS empty-distances-64 170/1000
PROGRESS empty-distances-64 180/1000
PROGRESS empty-distances-64 190/1000
PROGRESS empty-distances-64 200/1000
PROGRESS empty-distances-64 210/1000
PROGRESS empty-distances-64 220/1000
PROGRESS empty-distances-64 230/1000
PROGRESS empty-distances-64 240/1000
PROGRESS empty-distances-64 250/1000
PROGRESS empty-distances-64 260/1000
PROGRESS empty-distances-64 270/1000
PROGRESS empty-distances-64 280/1000
PROGRESS empty-distances-64 290/1000
PROGRESS empty-distances-64 300/1000
PROGRESS empty-distances-64 310/1000
PROGRESS empty-distances-64 320/1000
PROGRESS empty-distances-64 330/1000
PROGRESS empty-distances-64 340/1000
PROGRESS empty-distances-64 350/1000
PROGRESS empty-distances-64 360/1000
PROGRESS empty-distances-64 370/1000
PROGRESS empty-distances-64 380/1000
PROGRESS empty-distances-64 390/1000
PROGRESS empty-distances-64 400/1000
PROGRESS empty-distances-64 410/1000
PROGRESS empty-distances-64 420/1000
PROGRESS empty-distances-64 430/1000
PROGRESS empty-distances-64 440/1000
PROGRESS empty-distances-64 450/1000
PROGRESS empty-distances-64 460/1000
PROGRESS empty-distances-64 470/1000
PROGRESS empty-distances-64 480/1000
PROGRESS empty-distances-64 490/1000
PROGRESS empty-distances-64 500/1000
PROGRESS empty-distances-64 510/1000
PROGRESS empty-distances-64 520/1000
PROGRESS empty-distances-64 530/1000
PROGRESS empty-distances-64 540/1000
PROGRESS empty-distances-64 550/1000
PROGRESS empty-distances-64 560/1000
PROGRESS empty-distances-64 570/1000
PROGRESS empty-distances-64 580/1000
PROGRESS empty-distances-64 590/1000
PROGRESS empty-distances-64 600/1000
PROGRESS empty-distances-64 610/1000
PROGRESS empty-distances-64 620/1000
PROGRESS empty-distances-64 630/1000
PROGRESS empty-distances-64 640/1000
PROGRESS empty-distances-64 650/1000
PROGRESS empty-distances-64 660/1000
PROGRESS empty-distances-64 670/1000
PROGRESS empty-distances-64 680/1000
PROGRESS empty-distances-64 690/1000
PROGRESS empty-distances-64 700/1000
PROGRESS empty-distances-64 710/1000
PROGRESS empty-distances-64 720/1000
PROGRESS empty-distances-64 730/1000
PROGRESS empty-distances-64 740/1000
PROGRESS empty-distances-64 750/1000
PROGRESS empty-distances-64 760/1000
PROGRESS empty-distances-64 770/1000
PROGRESS empty-distances-64 780/1000
PROGRESS empty-distances-64 790/1000
PROGRESS empty-distances-64 800/1000
PROGRESS empty-distances-64 810/1000
PROGRESS empty-distances-64 820/1000
PROGRESS empty-distances-64 830/1000
PROGRESS empty-distances-64 840/1000
PROGRESS empty-distances-64 850/1000
PROGRESS empty-distances-64 860/1000
PROGRESS empty-distances-64 870/1000
PROGRESS empty-distances-64 880/1000
PROGRESS empty-distances-64 890/1000
PROGRESS empty-distances-64 900/1000
PROGRESS empty-distances-64 910/1000
PROGRESS empty-distances-64 920/1000
PROGRESS empty-distances-64 930/1000
PROGRESS empty-distances-64 940/1000
PROGRESS empty-distances-64 950/1000
PROGRESS empty-distances-64 960/1000
PROGRESS empty-distances-64 970/1000
PROGRESS empty-distances-64 980/1000
PROGRESS empty-distances-64 990/1000
PROGRESS empty-distances-64 1000/1000
RESULT empty-distances-64 old-p50-ns=13000 new-p50-ns=14000
CASE empty-distances-512 samples=1000 repetitions=1
PROGRESS empty-distances-512 10/1000
PROGRESS empty-distances-512 20/1000
PROGRESS empty-distances-512 30/1000
PROGRESS empty-distances-512 40/1000
PROGRESS empty-distances-512 50/1000
PROGRESS empty-distances-512 60/1000
PROGRESS empty-distances-512 70/1000
PROGRESS empty-distances-512 80/1000
PROGRESS empty-distances-512 90/1000
PROGRESS empty-distances-512 100/1000
PROGRESS empty-distances-512 110/1000
PROGRESS empty-distances-512 120/1000
PROGRESS empty-distances-512 130/1000
PROGRESS empty-distances-512 140/1000
PROGRESS empty-distances-512 150/1000
PROGRESS empty-distances-512 160/1000
PROGRESS empty-distances-512 170/1000
PROGRESS empty-distances-512 180/1000
PROGRESS empty-distances-512 190/1000
PROGRESS empty-distances-512 200/1000
PROGRESS empty-distances-512 210/1000
PROGRESS empty-distances-512 220/1000
PROGRESS empty-distances-512 230/1000
PROGRESS empty-distances-512 240/1000
PROGRESS empty-distances-512 250/1000
PROGRESS empty-distances-512 260/1000
PROGRESS empty-distances-512 270/1000
PROGRESS empty-distances-512 280/1000
PROGRESS empty-distances-512 290/1000
PROGRESS empty-distances-512 300/1000
PROGRESS empty-distances-512 310/1000
PROGRESS empty-distances-512 320/1000
PROGRESS empty-distances-512 330/1000
PROGRESS empty-distances-512 340/1000
PROGRESS empty-distances-512 350/1000
PROGRESS empty-distances-512 360/1000
PROGRESS empty-distances-512 370/1000
PROGRESS empty-distances-512 380/1000
PROGRESS empty-distances-512 390/1000
PROGRESS empty-distances-512 400/1000
PROGRESS empty-distances-512 410/1000
PROGRESS empty-distances-512 420/1000
PROGRESS empty-distances-512 430/1000
PROGRESS empty-distances-512 440/1000
PROGRESS empty-distances-512 450/1000
PROGRESS empty-distances-512 460/1000
PROGRESS empty-distances-512 470/1000
PROGRESS empty-distances-512 480/1000
PROGRESS empty-distances-512 490/1000
PROGRESS empty-distances-512 500/1000
PROGRESS empty-distances-512 510/1000
PROGRESS empty-distances-512 520/1000
PROGRESS empty-distances-512 530/1000
PROGRESS empty-distances-512 540/1000
PROGRESS empty-distances-512 550/1000
PROGRESS empty-distances-512 560/1000
PROGRESS empty-distances-512 570/1000
PROGRESS empty-distances-512 580/1000
PROGRESS empty-distances-512 590/1000
PROGRESS empty-distances-512 600/1000
PROGRESS empty-distances-512 610/1000
PROGRESS empty-distances-512 620/1000
PROGRESS empty-distances-512 630/1000
PROGRESS empty-distances-512 640/1000
PROGRESS empty-distances-512 650/1000
PROGRESS empty-distances-512 660/1000
PROGRESS empty-distances-512 670/1000
PROGRESS empty-distances-512 680/1000
PROGRESS empty-distances-512 690/1000
PROGRESS empty-distances-512 700/1000
PROGRESS empty-distances-512 710/1000
PROGRESS empty-distances-512 720/1000
PROGRESS empty-distances-512 730/1000
PROGRESS empty-distances-512 740/1000
PROGRESS empty-distances-512 750/1000
PROGRESS empty-distances-512 760/1000
PROGRESS empty-distances-512 770/1000
PROGRESS empty-distances-512 780/1000
PROGRESS empty-distances-512 790/1000
PROGRESS empty-distances-512 800/1000
PROGRESS empty-distances-512 810/1000
PROGRESS empty-distances-512 820/1000
PROGRESS empty-distances-512 830/1000
PROGRESS empty-distances-512 840/1000
PROGRESS empty-distances-512 850/1000
PROGRESS empty-distances-512 860/1000
PROGRESS empty-distances-512 870/1000
PROGRESS empty-distances-512 880/1000
PROGRESS empty-distances-512 890/1000
PROGRESS empty-distances-512 900/1000
PROGRESS empty-distances-512 910/1000
PROGRESS empty-distances-512 920/1000
PROGRESS empty-distances-512 930/1000
PROGRESS empty-distances-512 940/1000
PROGRESS empty-distances-512 950/1000
PROGRESS empty-distances-512 960/1000
PROGRESS empty-distances-512 970/1000
PROGRESS empty-distances-512 980/1000
PROGRESS empty-distances-512 990/1000
PROGRESS empty-distances-512 1000/1000
RESULT empty-distances-512 old-p50-ns=15000 new-p50-ns=15000
CASE sparse-distances-512 samples=1000 repetitions=1
PROGRESS sparse-distances-512 10/1000
PROGRESS sparse-distances-512 20/1000
PROGRESS sparse-distances-512 30/1000
PROGRESS sparse-distances-512 40/1000
PROGRESS sparse-distances-512 50/1000
PROGRESS sparse-distances-512 60/1000
PROGRESS sparse-distances-512 70/1000
PROGRESS sparse-distances-512 80/1000
PROGRESS sparse-distances-512 90/1000
PROGRESS sparse-distances-512 100/1000
PROGRESS sparse-distances-512 110/1000
PROGRESS sparse-distances-512 120/1000
PROGRESS sparse-distances-512 130/1000
PROGRESS sparse-distances-512 140/1000
PROGRESS sparse-distances-512 150/1000
PROGRESS sparse-distances-512 160/1000
PROGRESS sparse-distances-512 170/1000
PROGRESS sparse-distances-512 180/1000
PROGRESS sparse-distances-512 190/1000
PROGRESS sparse-distances-512 200/1000
PROGRESS sparse-distances-512 210/1000
PROGRESS sparse-distances-512 220/1000
PROGRESS sparse-distances-512 230/1000
PROGRESS sparse-distances-512 240/1000
PROGRESS sparse-distances-512 250/1000
PROGRESS sparse-distances-512 260/1000
PROGRESS sparse-distances-512 270/1000
PROGRESS sparse-distances-512 280/1000
PROGRESS sparse-distances-512 290/1000
PROGRESS sparse-distances-512 300/1000
PROGRESS sparse-distances-512 310/1000
PROGRESS sparse-distances-512 320/1000
PROGRESS sparse-distances-512 330/1000
PROGRESS sparse-distances-512 340/1000
PROGRESS sparse-distances-512 350/1000
PROGRESS sparse-distances-512 360/1000
PROGRESS sparse-distances-512 370/1000
PROGRESS sparse-distances-512 380/1000
PROGRESS sparse-distances-512 390/1000
PROGRESS sparse-distances-512 400/1000
PROGRESS sparse-distances-512 410/1000
PROGRESS sparse-distances-512 420/1000
PROGRESS sparse-distances-512 430/1000
PROGRESS sparse-distances-512 440/1000
PROGRESS sparse-distances-512 450/1000
PROGRESS sparse-distances-512 460/1000
PROGRESS sparse-distances-512 470/1000
PROGRESS sparse-distances-512 480/1000
PROGRESS sparse-distances-512 490/1000
PROGRESS sparse-distances-512 500/1000
PROGRESS sparse-distances-512 510/1000
PROGRESS sparse-distances-512 520/1000
PROGRESS sparse-distances-512 530/1000
PROGRESS sparse-distances-512 540/1000
PROGRESS sparse-distances-512 550/1000
PROGRESS sparse-distances-512 560/1000
PROGRESS sparse-distances-512 570/1000
PROGRESS sparse-distances-512 580/1000
PROGRESS sparse-distances-512 590/1000
PROGRESS sparse-distances-512 600/1000
PROGRESS sparse-distances-512 610/1000
PROGRESS sparse-distances-512 620/1000
PROGRESS sparse-distances-512 630/1000
PROGRESS sparse-distances-512 640/1000
PROGRESS sparse-distances-512 650/1000
PROGRESS sparse-distances-512 660/1000
PROGRESS sparse-distances-512 670/1000
PROGRESS sparse-distances-512 680/1000
PROGRESS sparse-distances-512 690/1000
PROGRESS sparse-distances-512 700/1000
PROGRESS sparse-distances-512 710/1000
PROGRESS sparse-distances-512 720/1000
PROGRESS sparse-distances-512 730/1000
PROGRESS sparse-distances-512 740/1000
PROGRESS sparse-distances-512 750/1000
PROGRESS sparse-distances-512 760/1000
PROGRESS sparse-distances-512 770/1000
PROGRESS sparse-distances-512 780/1000
PROGRESS sparse-distances-512 790/1000
PROGRESS sparse-distances-512 800/1000
PROGRESS sparse-distances-512 810/1000
PROGRESS sparse-distances-512 820/1000
PROGRESS sparse-distances-512 830/1000
PROGRESS sparse-distances-512 840/1000
PROGRESS sparse-distances-512 850/1000
PROGRESS sparse-distances-512 860/1000
PROGRESS sparse-distances-512 870/1000
PROGRESS sparse-distances-512 880/1000
PROGRESS sparse-distances-512 890/1000
PROGRESS sparse-distances-512 900/1000
PROGRESS sparse-distances-512 910/1000
PROGRESS sparse-distances-512 920/1000
PROGRESS sparse-distances-512 930/1000
PROGRESS sparse-distances-512 940/1000
PROGRESS sparse-distances-512 950/1000
PROGRESS sparse-distances-512 960/1000
PROGRESS sparse-distances-512 970/1000
PROGRESS sparse-distances-512 980/1000
PROGRESS sparse-distances-512 990/1000
PROGRESS sparse-distances-512 1000/1000
RESULT sparse-distances-512 old-p50-ns=17000 new-p50-ns=17000
CASE empty-distances-513 samples=1000 repetitions=1
PROGRESS empty-distances-513 10/1000
PROGRESS empty-distances-513 20/1000
PROGRESS empty-distances-513 30/1000
PROGRESS empty-distances-513 40/1000
PROGRESS empty-distances-513 50/1000
PROGRESS empty-distances-513 60/1000
PROGRESS empty-distances-513 70/1000
PROGRESS empty-distances-513 80/1000
PROGRESS empty-distances-513 90/1000
PROGRESS empty-distances-513 100/1000
PROGRESS empty-distances-513 110/1000
PROGRESS empty-distances-513 120/1000
PROGRESS empty-distances-513 130/1000
PROGRESS empty-distances-513 140/1000
PROGRESS empty-distances-513 150/1000
PROGRESS empty-distances-513 160/1000
PROGRESS empty-distances-513 170/1000
PROGRESS empty-distances-513 180/1000
PROGRESS empty-distances-513 190/1000
PROGRESS empty-distances-513 200/1000
PROGRESS empty-distances-513 210/1000
PROGRESS empty-distances-513 220/1000
PROGRESS empty-distances-513 230/1000
PROGRESS empty-distances-513 240/1000
PROGRESS empty-distances-513 250/1000
PROGRESS empty-distances-513 260/1000
PROGRESS empty-distances-513 270/1000
PROGRESS empty-distances-513 280/1000
PROGRESS empty-distances-513 290/1000
PROGRESS empty-distances-513 300/1000
PROGRESS empty-distances-513 310/1000
PROGRESS empty-distances-513 320/1000
PROGRESS empty-distances-513 330/1000
PROGRESS empty-distances-513 340/1000
PROGRESS empty-distances-513 350/1000
PROGRESS empty-distances-513 360/1000
PROGRESS empty-distances-513 370/1000
PROGRESS empty-distances-513 380/1000
PROGRESS empty-distances-513 390/1000
PROGRESS empty-distances-513 400/1000
PROGRESS empty-distances-513 410/1000
PROGRESS empty-distances-513 420/1000
PROGRESS empty-distances-513 430/1000
PROGRESS empty-distances-513 440/1000
PROGRESS empty-distances-513 450/1000
PROGRESS empty-distances-513 460/1000
PROGRESS empty-distances-513 470/1000
PROGRESS empty-distances-513 480/1000
PROGRESS empty-distances-513 490/1000
PROGRESS empty-distances-513 500/1000
PROGRESS empty-distances-513 510/1000
PROGRESS empty-distances-513 520/1000
PROGRESS empty-distances-513 530/1000
PROGRESS empty-distances-513 540/1000
PROGRESS empty-distances-513 550/1000
PROGRESS empty-distances-513 560/1000
PROGRESS empty-distances-513 570/1000
PROGRESS empty-distances-513 580/1000
PROGRESS empty-distances-513 590/1000
PROGRESS empty-distances-513 600/1000
PROGRESS empty-distances-513 610/1000
PROGRESS empty-distances-513 620/1000
PROGRESS empty-distances-513 630/1000
PROGRESS empty-distances-513 640/1000
PROGRESS empty-distances-513 650/1000
PROGRESS empty-distances-513 660/1000
PROGRESS empty-distances-513 670/1000
PROGRESS empty-distances-513 680/1000
PROGRESS empty-distances-513 690/1000
PROGRESS empty-distances-513 700/1000
PROGRESS empty-distances-513 710/1000
PROGRESS empty-distances-513 720/1000
PROGRESS empty-distances-513 730/1000
PROGRESS empty-distances-513 740/1000
PROGRESS empty-distances-513 750/1000
PROGRESS empty-distances-513 760/1000
PROGRESS empty-distances-513 770/1000
PROGRESS empty-distances-513 780/1000
PROGRESS empty-distances-513 790/1000
PROGRESS empty-distances-513 800/1000
PROGRESS empty-distances-513 810/1000
PROGRESS empty-distances-513 820/1000
PROGRESS empty-distances-513 830/1000
PROGRESS empty-distances-513 840/1000
PROGRESS empty-distances-513 850/1000
PROGRESS empty-distances-513 860/1000
PROGRESS empty-distances-513 870/1000
PROGRESS empty-distances-513 880/1000
PROGRESS empty-distances-513 890/1000
PROGRESS empty-distances-513 900/1000
PROGRESS empty-distances-513 910/1000
PROGRESS empty-distances-513 920/1000
PROGRESS empty-distances-513 930/1000
PROGRESS empty-distances-513 940/1000
PROGRESS empty-distances-513 950/1000
PROGRESS empty-distances-513 960/1000
PROGRESS empty-distances-513 970/1000
PROGRESS empty-distances-513 980/1000
PROGRESS empty-distances-513 990/1000
PROGRESS empty-distances-513 1000/1000
RESULT empty-distances-513 old-p50-ns=14000 new-p50-ns=14000
CASE sparse-distances-513 samples=1000 repetitions=1
PROGRESS sparse-distances-513 10/1000
PROGRESS sparse-distances-513 20/1000
PROGRESS sparse-distances-513 30/1000
PROGRESS sparse-distances-513 40/1000
PROGRESS sparse-distances-513 50/1000
PROGRESS sparse-distances-513 60/1000
PROGRESS sparse-distances-513 70/1000
PROGRESS sparse-distances-513 80/1000
PROGRESS sparse-distances-513 90/1000
PROGRESS sparse-distances-513 100/1000
PROGRESS sparse-distances-513 110/1000
PROGRESS sparse-distances-513 120/1000
PROGRESS sparse-distances-513 130/1000
PROGRESS sparse-distances-513 140/1000
PROGRESS sparse-distances-513 150/1000
PROGRESS sparse-distances-513 160/1000
PROGRESS sparse-distances-513 170/1000
PROGRESS sparse-distances-513 180/1000
PROGRESS sparse-distances-513 190/1000
PROGRESS sparse-distances-513 200/1000
PROGRESS sparse-distances-513 210/1000
PROGRESS sparse-distances-513 220/1000
PROGRESS sparse-distances-513 230/1000
PROGRESS sparse-distances-513 240/1000
PROGRESS sparse-distances-513 250/1000
PROGRESS sparse-distances-513 260/1000
PROGRESS sparse-distances-513 270/1000
PROGRESS sparse-distances-513 280/1000
PROGRESS sparse-distances-513 290/1000
PROGRESS sparse-distances-513 300/1000
PROGRESS sparse-distances-513 310/1000
PROGRESS sparse-distances-513 320/1000
PROGRESS sparse-distances-513 330/1000
PROGRESS sparse-distances-513 340/1000
PROGRESS sparse-distances-513 350/1000
PROGRESS sparse-distances-513 360/1000
PROGRESS sparse-distances-513 370/1000
PROGRESS sparse-distances-513 380/1000
PROGRESS sparse-distances-513 390/1000
PROGRESS sparse-distances-513 400/1000
PROGRESS sparse-distances-513 410/1000
PROGRESS sparse-distances-513 420/1000
PROGRESS sparse-distances-513 430/1000
PROGRESS sparse-distances-513 440/1000
PROGRESS sparse-distances-513 450/1000
PROGRESS sparse-distances-513 460/1000
PROGRESS sparse-distances-513 470/1000
PROGRESS sparse-distances-513 480/1000
PROGRESS sparse-distances-513 490/1000
PROGRESS sparse-distances-513 500/1000
PROGRESS sparse-distances-513 510/1000
PROGRESS sparse-distances-513 520/1000
PROGRESS sparse-distances-513 530/1000
PROGRESS sparse-distances-513 540/1000
PROGRESS sparse-distances-513 550/1000
PROGRESS sparse-distances-513 560/1000
PROGRESS sparse-distances-513 570/1000
PROGRESS sparse-distances-513 580/1000
PROGRESS sparse-distances-513 590/1000
PROGRESS sparse-distances-513 600/1000
PROGRESS sparse-distances-513 610/1000
PROGRESS sparse-distances-513 620/1000
PROGRESS sparse-distances-513 630/1000
PROGRESS sparse-distances-513 640/1000
PROGRESS sparse-distances-513 650/1000
PROGRESS sparse-distances-513 660/1000
PROGRESS sparse-distances-513 670/1000
PROGRESS sparse-distances-513 680/1000
PROGRESS sparse-distances-513 690/1000
PROGRESS sparse-distances-513 700/1000
PROGRESS sparse-distances-513 710/1000
PROGRESS sparse-distances-513 720/1000
PROGRESS sparse-distances-513 730/1000
PROGRESS sparse-distances-513 740/1000
PROGRESS sparse-distances-513 750/1000
PROGRESS sparse-distances-513 760/1000
PROGRESS sparse-distances-513 770/1000
PROGRESS sparse-distances-513 780/1000
PROGRESS sparse-distances-513 790/1000
PROGRESS sparse-distances-513 800/1000
PROGRESS sparse-distances-513 810/1000
PROGRESS sparse-distances-513 820/1000
PROGRESS sparse-distances-513 830/1000
PROGRESS sparse-distances-513 840/1000
PROGRESS sparse-distances-513 850/1000
PROGRESS sparse-distances-513 860/1000
PROGRESS sparse-distances-513 870/1000
PROGRESS sparse-distances-513 880/1000
PROGRESS sparse-distances-513 890/1000
PROGRESS sparse-distances-513 900/1000
PROGRESS sparse-distances-513 910/1000
PROGRESS sparse-distances-513 920/1000
PROGRESS sparse-distances-513 930/1000
PROGRESS sparse-distances-513 940/1000
PROGRESS sparse-distances-513 950/1000
PROGRESS sparse-distances-513 960/1000
PROGRESS sparse-distances-513 970/1000
PROGRESS sparse-distances-513 980/1000
PROGRESS sparse-distances-513 990/1000
PROGRESS sparse-distances-513 1000/1000
RESULT sparse-distances-513 old-p50-ns=17000 new-p50-ns=17000
OK
