ORACLE 32/512
ORACLE 64/512
ORACLE 96/512
ORACLE 128/512
ORACLE 160/512
ORACLE 192/512
ORACLE 224/512
ORACLE 256/512
ORACLE 288/512
ORACLE 320/512
ORACLE 352/512
ORACLE 384/512
ORACLE 416/512
ORACLE 448/512
ORACLE 480/512
ORACLE 512/512
BOUNDARY 16
BOUNDARY 17
BOUNDARY 31
BOUNDARY 32
BOUNDARY 61
BOUNDARY 62
BOUNDARY 63
BOUNDARY 64
BOUNDARY 65
BOUNDARY 511
BOUNDARY 512
CYCLE START 512
CYCLE OK 512
CYCLE START 513
CYCLE OK 513
SNAPSHOT 8
SNAPSHOT 512
SNAPSHOT 513
CALLBACK OK
ROW-ORACLE 32/512
ROW-ORACLE 64/512
ROW-ORACLE 96/512
ROW-ORACLE 128/512
ROW-ORACLE 160/512
ROW-ORACLE 192/512
ROW-ORACLE 224/512
ROW-ORACLE 256/512
ROW-ORACLE 288/512
ROW-ORACLE 320/512
ROW-ORACLE 352/512
ROW-ORACLE 384/512
ROW-ORACLE 416/512
ROW-ORACLE 448/512
ROW-ORACLE 480/512
ROW-ORACLE 512/512
NATIVE-SNAPSHOT 32
NATIVE-SNAPSHOT 33
NATIVE-SNAPSHOT 64
NATIVE-SNAPSHOT 65
NATIVE-SNAPSHOT 127
NATIVE-SNAPSHOT 128
FALLBACK 16
FALLBACK 31
FALLBACK 129
DENSE-UNREACHABLE OK
LEGACY-VIEW OK
OK
