complete-16 False [(67000, 66000, 423), (68000, 68000, 423)]
complete-degree-16-32 False [(511000, 512000, 283), (523000, 524000, 383)]
complete-degree-23-32 False [(708000, 711000, 263), (721000, 724000, 321)]
complete-degree-24-32 False [(736000, 424000, 930), (751000, 432000, 861)]
complete-degree-31-32 False [(942000, 544000, 899), (955000, 551000, 867)]
complete-degree-48-64 False [(4393000, 2119000, 852), (7692000, 2467000, 807)]
complete-degree-63-64 False [(5854000, 2923000, 839), (11096000, 4031000, 794)]
closure-fanout-32 False [(612000, 325000, 947), (618000, 328000, 898)]
distance-fanout-32 False [(424000, 335000, 944), (429000, 337000, 860)]
distance-then-closure-32 True [(747000, 349000, 948), (752000, 351000, 922)]
distance-chain-32 False [(51000, 51000, 198), (51000, 51000, 214)]
distance-chain-128 False [(435000, 432000, 602), (438000, 436000, 589)]
closure-chain-32 False [(43000, 43000, 172), (43000, 43000, 210)]
projection-256 False [(296000, 296000, 415), (295000, 295000, 478)]
empty-distances-64 False [(13000, 14000, 75), (13000, 14000, 111)]
empty-distances-512 False [(15000, 15000, 290), (15000, 15000, 298)]
sparse-distances-512 False [(17000, 17000, 262), (18000, 18000, 272)]
empty-distances-513 False [(14000, 14000, 209), (14000, 15000, 238)]
sparse-distances-513 False [(17000, 17000, 226), (18000, 18000, 262)]
Traceback (most recent call last):
  File "/Users/guangtao/ghq/github.com/tao3k/gerbil-ascent/t/performance/native-paths/report.py", line 29, in <module>
    assert all(r['timing_qualified'] for r in results if r['name'] in ('complete-degree-31-32', 'closure-fanout-32', 'distance-then-closure-32')), 'shared native path demands must qualify'
           ~~~^^^^^^^^^^^^^^^^^^^^^^^^^^^^^^^^^^^^^^^^^^^^^^^^^^^^^^^^^^^^^^^^^^^^^^^^^^^^^^^^^^^^^^^^^^^^^^^^^^^^^^^^^^^^^^^^^^^^^^^^^^^^^^^^^^^
AssertionError: shared native path demands must qualify
