[test-lane] START exclusive just
timeout 90s gxi -:max-heap=1G,debug=q tools/build-multi-frontier-benchmark.ss
... compile program/evaluate
... compile t/qualification/ascent-multi-frontier-reference-evaluate
[test-lane] RUNNING exclusive (5s)
... execute compile job (compile-file /Users/guangtao/ghq/github.com/tao3k/gerbil-ascent/.gerbil/multi-frontier/lib/gerbil-ascent/t/qualification/ascent-multi-frontier-reference-evaluate~0.scm)
... execute compile job (compile-file /Users/guangtao/ghq/github.com/tao3k/gerbil-ascent/.gerbil/multi-frontier/lib/gerbil-ascent/t/qualification/ascent-multi-frontier-reference-evaluate.scm)
... execute compile job (compile-file /Users/guangtao/ghq/github.com/tao3k/gerbil-ascent/.gerbil/multi-frontier/lib/gerbil-ascent/program/evaluate~0.scm)
... execute compile job (compile-file /Users/guangtao/ghq/github.com/tao3k/gerbil-ascent/.gerbil/multi-frontier/lib/gerbil-ascent/program/evaluate.scm)
GERBIL_LOADPATH="$ASCENT_MULTI_FRONTIER_LIB${GERBIL_LOADPATH:+:$GERBIL_LOADPATH}" timeout 150s gxi -:max-heap=1G,debug=q t/performance/multi-frontier-benchmark.ss
[test-lane] RUNNING exclusive (10s)
CASE control-chain-16 samples=1000 repetitions=1
PROGRESS control-chain-16 100/1000
PROGRESS control-chain-16 200/1000
PROGRESS control-chain-16 300/1000
PROGRESS control-chain-16 400/1000
PROGRESS control-chain-16 500/1000
PROGRESS control-chain-16 600/1000
PROGRESS control-chain-16 700/1000
PROGRESS control-chain-16 800/1000
PROGRESS control-chain-16 900/1000
PROGRESS control-chain-16 1000/1000
RESULT control-chain-16 old-p50-ns=19000 new-p50-ns=19000 paired-wins=270/1000
CASE control-chain-256 samples=1000 repetitions=1
PROGRESS control-chain-256 100/1000
PROGRESS control-chain-256 200/1000
PROGRESS control-chain-256 300/1000
PROGRESS control-chain-256 400/1000
PROGRESS control-chain-256 500/1000
PROGRESS control-chain-256 600/1000
PROGRESS control-chain-256 700/1000
PROGRESS control-chain-256 800/1000
PROGRESS control-chain-256 900/1000
PROGRESS control-chain-256 1000/1000
RESULT control-chain-256 old-p50-ns=326000 new-p50-ns=331000 paired-wins=157/1000
CASE multi-chain-16 samples=1000 repetitions=1
PROGRESS multi-chain-16 100/1000
PROGRESS multi-chain-16 200/1000
PROGRESS multi-chain-16 300/1000
PROGRESS multi-chain-16 400/1000
PROGRESS multi-chain-16 500/1000
PROGRESS multi-chain-16 600/1000
PROGRESS multi-chain-16 700/1000
PROGRESS multi-chain-16 800/1000
PROGRESS multi-chain-16 900/1000
PROGRESS multi-chain-16 1000/1000
RESULT multi-chain-16 old-p50-ns=48000 new-p50-ns=37000 paired-wins=987/1000
CASE multi-chain-256 samples=1000 repetitions=1
PROGRESS multi-chain-256 100/1000
PROGRESS multi-chain-256 200/1000
[test-lane] RUNNING exclusive (15s)
PROGRESS multi-chain-256 300/1000
PROGRESS multi-chain-256 400/1000
PROGRESS multi-chain-256 500/1000
PROGRESS multi-chain-256 600/1000
PROGRESS multi-chain-256 700/1000
PROGRESS multi-chain-256 800/1000
PROGRESS multi-chain-256 900/1000
[test-lane] RUNNING exclusive (20s)
PROGRESS multi-chain-256 1000/1000
RESULT multi-chain-256 old-p50-ns=3343000 new-p50-ns=674000 paired-wins=993/1000
*** ERROR IN for-each -- 
*** ERROR IN ? [Error]: size optimization failed matched admission
--- irritants: (name . control-chain-256) 
--- continuation backtrace:
[0] error                                                                                                                                                                   
[1] for-each                                                                                                                                                                
[2] (interaction)                                                                                                                                                           "t/performance/multi-frontier-benchmark.ss"@109:3-116:13                                                                                                                     (for-each (lambda (#:receipt1932) (if (if (<= (cdr (assq 'new-p50-ns #:receipt1932)) (cdr (assq 'old-p50-ns #:receipt1932))) (let ((#:$e1934 (not (cdr (assq 'requi...
[3] ##load                                                                                                                                                                  
[4] ##load                                                                                                                                                                  
[5] gerbil/main#gxi-main                                                                                                                                                    
error: recipe `_multi-frontier-benchmark` failed on line 490 with exit code 70
[test-lane] END exclusive exit=70
error: recipe `multi-frontier-benchmark` failed with exit code 70
