python3 tools/test_execution.py run -- python3 tools/performance_execution.py "ascent-table-expression"
[native-performance] REUSE verified snapshot /Users/guangtao/ghq/github.com/tao3k/gerbil-ascent/.gerbil/performance-execution/snapshot-knm47nvn/snapshot.json
[ascent-ss] START ascent-table-expression (1000 samples)
[ascent-test] START t/performance/ascent-scenario-performance-test.ss
[test-lane] RUNNING exclusive (5s)
[test-lane] RUNNING exclusive (5s)
HARNESS ("t/performance/ascent-scenario-performance-test.ss")
MODULE t/performance/ascent-scenario-performance-test.ss
SUITE ASCENT SS scenario
CASE bounded scenario
NATIVE-MODULES-OK
[test-lane] RUNNING exclusive (10s)
[ascent-ss] RUNNING ascent-table-expression (10s)
[test-lane] RUNNING exclusive (10s)
[test-lane] RUNNING exclusive (15s)
[test-lane] RUNNING exclusive (15s)
[test-lane] RUNNING exclusive (20s)
[ascent-ss] RUNNING ascent-table-expression (20s)
[test-lane] RUNNING exclusive (20s)
[test-lane] RUNNING exclusive (25s)
[test-lane] RUNNING exclusive (25s)
[test-lane] RUNNING exclusive (30s)
[ascent-ss] RUNNING ascent-table-expression (30s)
[test-lane] RUNNING exclusive (30s)
[test-lane] RUNNING exclusive (35s)
[test-lane] RUNNING exclusive (35s)
[test-lane] RUNNING exclusive (40s)
[ascent-ss] RUNNING ascent-table-expression (40s)
[test-lane] RUNNING exclusive (40s)
[test-lane] RUNNING exclusive (45s)
[test-lane] RUNNING exclusive (45s)
[test-lane] RUNNING exclusive (50s)
[ascent-ss] RUNNING ascent-table-expression (50s)
[test-lane] RUNNING exclusive (50s)
[test-lane] RUNNING exclusive (55s)
[test-lane] RUNNING exclusive (55s)
[test-lane] RUNNING exclusive (60s)
[ascent-ss] RUNNING ascent-table-expression (60s)
[test-lane] RUNNING exclusive (60s)
[test-lane] RUNNING exclusive (65s)
[test-lane] RUNNING exclusive (65s)
[test-lane] RUNNING exclusive (70s)
[ascent-ss] RUNNING ascent-table-expression (70s)
[test-lane] RUNNING exclusive (70s)
[test-lane] RUNNING exclusive (75s)
[test-lane] RUNNING exclusive (75s)
[test-lane] RUNNING exclusive (80s)
[ascent-ss] RUNNING ascent-table-expression (80s)
[test-lane] RUNNING exclusive (80s)
[test-lane] RUNNING exclusive (85s)
[test-lane] RUNNING exclusive (85s)
[test-lane] RUNNING exclusive (90s)
[ascent-ss] RUNNING ascent-table-expression (90s)
[test-lane] RUNNING exclusive (90s)
[test-lane] RUNNING exclusive (95s)
[test-lane] RUNNING exclusive (95s)
[test-lane] RUNNING exclusive (100s)
[ascent-ss] RUNNING ascent-table-expression (100s)
[test-lane] RUNNING exclusive (100s)
[test-lane] RUNNING exclusive (105s)
[test-lane] RUNNING exclusive (105s)
[test-lane] RUNNING exclusive (110s)
[ascent-ss] RUNNING ascent-table-expression (111s)
[test-lane] RUNNING exclusive (110s)
[test-lane] RUNNING exclusive (115s)
[test-lane] RUNNING exclusive (115s)
[test-lane] RUNNING exclusive (120s)
[ascent-ss] RUNNING ascent-table-expression (121s)
[test-lane] RUNNING exclusive (120s)
[test-lane] RUNNING exclusive (125s)
[test-lane] RUNNING exclusive (125s)
[test-lane] END exclusive exit=124
error: recipe `test-file` failed with exit code 124
[ascent-ss] FAIL ascent-table-expression (129s, exit=124)
error: recipe `_performance-scenario` failed with exit code 124
Traceback (most recent call last):
  File "/Users/guangtao/ghq/github.com/tao3k/gerbil-ascent/tools/performance_execution.py", line 148, in <module>
    main()
    ~~~~^^
  File "/Users/guangtao/ghq/github.com/tao3k/gerbil-ascent/tools/performance_execution.py", line 143, in main
    run(['just', '_performance-scenario', target], environment)
    ~~~^^^^^^^^^^^^^^^^^^^^^^^^^^^^^^^^^^^^^^^^^^^^^^^^^^^^^^^^
  File "/Users/guangtao/ghq/github.com/tao3k/gerbil-ascent/tools/performance_execution.py", line 53, in run
    return subprocess.run(command, cwd=ROOT, env=environment,
           ~~~~~~~~~~~~~~^^^^^^^^^^^^^^^^^^^^^^^^^^^^^^^^^^^^
                          pass_fds=(descriptor,), check=True)
                          ^^^^^^^^^^^^^^^^^^^^^^^^^^^^^^^^^^^
  File "/nix/store/6chc08n3zaqs22bv5wylgpmh85h7ykn6-python3-3.13.12-env/lib/python3.13/subprocess.py", line 577, in run
    raise CalledProcessError(retcode, process.args,
                             output=stdout, stderr=stderr)
subprocess.CalledProcessError: Command '['just', '_performance-scenario', 'ascent-table-expression']' returned non-zero exit status 124.
[test-lane] END exclusive exit=1
error: recipe `performance-scenario` failed on line 239 with exit code 1
