[test-lane] START exclusive python3
[distance-rows] START build
[test-lane] RUNNING exclusive (5s)
[distance-rows] RUNNING build
Traceback (most recent call last):
  File "/Users/guangtao/ghq/github.com/tao3k/gerbil-ascent/t/performance/distance-rows/qualify.py", line 74, in <module>
    run('build', ['timeout', '150s', 'gxi', '-:max-heap=1G,debug=q', str(root / 'build.ss')])
    ~~~^^^^^^^^^^^^^^^^^^^^^^^^^^^^^^^^^^^^^^^^^^^^^^^^^^^^^^^^^^^^^^^^^^^^^^^^^^^^^^^^^^^^^^
  File "/Users/guangtao/ghq/github.com/tao3k/gerbil-ascent/t/performance/distance-rows/qualify.py", line 63, in run
    assert not status, log[-3000:]
           ^^^^^^^^^^
AssertionError: *** ERROR IN __with-lock -- 
*** ERROR IN "table/expression.ss"@310.61-310.65
--- Syntax Error: Reference to unbound identifier
--- Context: 
 at expand
 at gerbil-ascent/table/expression
... form:   (%#ref from)
... detail: from at "table/expression.ss"@310.61-310.65

[test-lane] END exclusive exit=1
