python3 tools/test_execution.py run -- just _check-policy
ASP_GERBIL_SCHEME_POLICY=1 GERBIL_BUILD_CORES="${GERBIL_BUILD_CORES:-$(getconf NPROCESSORS_ONLN)}" gerbil build
[test-lane] RUNNING exclusive (5s)
[asp-gerbil-scheme-policy] START selected modules=41
[test-lane] RUNNING exclusive (10s)
[asp-gerbil-scheme-policy] COMPLETE findings=0 errors=0
[test-lane] RUNNING exclusive (15s)
... compile table/expression
[test-lane] RUNNING exclusive (20s)
... execute compile job (compile-file /private/tmp/ascent-test-scheduling-gerbil/lib/gerbil-ascent/table/expression~0.scm)
... execute compile job (compile-file /private/tmp/ascent-test-scheduling-gerbil/lib/gerbil-ascent/table/expression.scm)
... compile table/interface
... compile core/binary-program
[test-lane] RUNNING exclusive (25s)
... execute compile job (compile-file /private/tmp/ascent-test-scheduling-gerbil/lib/gerbil-ascent/table/interface.scm)
... execute compile job (compile-file /private/tmp/ascent-test-scheduling-gerbil/lib/gerbil-ascent/core/binary-program~0.scm)
... execute compile job (compile-file /private/tmp/ascent-test-scheduling-gerbil/lib/gerbil-ascent/core/binary-program.scm)
[test-lane] RUNNING exclusive (30s)
[test-lane] RUNNING exclusive (35s)
... build in current directory
*** WARNING module std/net/request is DEPRECATED and will be removed in the future
[test-lane] END exclusive exit=0
