[test-lane] START exclusive python3
[distance-rows] START build
[test-lane] RUNNING exclusive (5s)
[distance-rows] RUNNING build
[test-lane] RUNNING exclusive (10s)
[distance-rows] RUNNING build
[test-lane] RUNNING exclusive (15s)
[distance-rows] RUNNING build
{'name': 'build', 'exit': 0, 'seconds': 16.122683207999216}
[distance-rows] START oracle
[test-lane] RUNNING exclusive (20s)
[distance-rows] RUNNING oracle
[test-lane] RUNNING exclusive (25s)
[distance-rows] RUNNING oracle
{'name': 'oracle', 'exit': 0, 'seconds': 10.444880165996437}
[distance-rows] START first
[test-lane] RUNNING exclusive (30s)
[distance-rows] RUNNING first
[test-lane] RUNNING exclusive (35s)
[distance-rows] RUNNING first
[test-lane] RUNNING exclusive (40s)
[distance-rows] RUNNING first
[test-lane] RUNNING exclusive (45s)
[distance-rows] RUNNING first
[test-lane] RUNNING exclusive (50s)
[distance-rows] RUNNING first
[test-lane] RUNNING exclusive (55s)
[distance-rows] RUNNING first
[test-lane] RUNNING exclusive (60s)
[distance-rows] RUNNING first
{'name': 'first', 'exit': 0, 'seconds': 38.11912158299674}
[distance-rows] START repeat
[test-lane] RUNNING exclusive (65s)
[distance-rows] RUNNING repeat
[test-lane] RUNNING exclusive (70s)
[distance-rows] RUNNING repeat
[test-lane] RUNNING exclusive (75s)
[distance-rows] RUNNING repeat
[test-lane] RUNNING exclusive (80s)
[distance-rows] RUNNING repeat
[test-lane] RUNNING exclusive (85s)
[distance-rows] RUNNING repeat
[test-lane] RUNNING exclusive (90s)
[distance-rows] RUNNING repeat
[test-lane] RUNNING exclusive (95s)
[distance-rows] RUNNING repeat
[test-lane] RUNNING exclusive (100s)
[distance-rows] RUNNING repeat
[test-lane] RUNNING exclusive (105s)
[distance-rows] RUNNING repeat
[test-lane] RUNNING exclusive (110s)
{'name': 'repeat', 'exit': 0, 'seconds': 47.21552279200114}
[test-lane] END exclusive exit=0
