[test-lane] START exclusive python3
[native-performance] REUSE verified snapshot /Users/guangtao/ghq/github.com/tao3k/gerbil-ascent/t/performance/distance-rows/production-snapshot.json
[distance-rows] RECHECK ascent-table-expression
[test-lane] RUNNING exclusive (5s)
[distance-rows] RECHECK RUNNING ascent-table-expression
[test-lane] RUNNING exclusive (10s)
[distance-rows] RECHECK RUNNING ascent-table-expression
[test-lane] RUNNING exclusive (15s)
[distance-rows] RECHECK RUNNING ascent-table-expression
[test-lane] RUNNING exclusive (20s)
[distance-rows] RECHECK RUNNING ascent-table-expression
[test-lane] RUNNING exclusive (25s)
[distance-rows] RECHECK RUNNING ascent-table-expression
[test-lane] RUNNING exclusive (30s)
[distance-rows] RECHECK RUNNING ascent-table-expression
[test-lane] RUNNING exclusive (35s)
[distance-rows] RECHECK RUNNING ascent-table-expression
[test-lane] RUNNING exclusive (40s)
[distance-rows] RECHECK RUNNING ascent-table-expression
[test-lane] RUNNING exclusive (45s)
[distance-rows] RECHECK RUNNING ascent-table-expression
[test-lane] RUNNING exclusive (50s)
[distance-rows] RECHECK RUNNING ascent-table-expression
[test-lane] RUNNING exclusive (55s)
[distance-rows] RECHECK RUNNING ascent-table-expression
[test-lane] RUNNING exclusive (60s)
[distance-rows] RECHECK RUNNING ascent-table-expression
[test-lane] RUNNING exclusive (65s)
[distance-rows] RECHECK RUNNING ascent-table-expression
[test-lane] RUNNING exclusive (70s)
[distance-rows] RECHECK RUNNING ascent-table-expression
[test-lane] RUNNING exclusive (75s)
[distance-rows] RECHECK RUNNING ascent-table-expression
[{'name': 'ascent-table-expression', 'exit': 0, 'seconds': 78.01139387500007}]
[test-lane] END exclusive exit=0
