NATIVE-MODULE-OK /Users/guangtao/ghq/github.com/tao3k/gerbil-ascent/.gerbil/distance-rows/lib/gerbil-ascent/table/expression.ssi
NATIVE-MODULE-OK /Users/guangtao/ghq/github.com/tao3k/gerbil-ascent/.gerbil/distance-rows/lib/gerbil-ascent/t/performance/distance-rows/reference.ssi
CASE complete-16 samples=1000 repetitions=1
PROGRESS complete-16 10/1000
PROGRESS complete-16 20/1000
PROGRESS complete-16 30/1000
PROGRESS complete-16 40/1000
PROGRESS complete-16 50/1000
PROGRESS complete-16 60/1000
PROGRESS complete-16 70/1000
PROGRESS complete-16 80/1000
PROGRESS complete-16 90/1000
PROGRESS complete-16 100/1000
PROGRESS complete-16 110/1000
PROGRESS complete-16 120/1000
PROGRESS complete-16 130/1000
PROGRESS complete-16 140/1000
PROGRESS complete-16 150/1000
PROGRESS complete-16 160/1000
PROGRESS complete-16 170/1000
PROGRESS complete-16 180/1000
PROGRESS complete-16 190/1000
PROGRESS complete-16 200/1000
PROGRESS complete-16 210/1000
PROGRESS complete-16 220/1000
PROGRESS complete-16 230/1000
PROGRESS complete-16 240/1000
PROGRESS complete-16 250/1000
PROGRESS complete-16 260/1000
PROGRESS complete-16 270/1000
PROGRESS complete-16 280/1000
PROGRESS complete-16 290/1000
PROGRESS complete-16 300/1000
PROGRESS complete-16 310/1000
PROGRESS complete-16 320/1000
PROGRESS complete-16 330/1000
PROGRESS complete-16 340/1000
PROGRESS complete-16 350/1000
PROGRESS complete-16 360/1000
PROGRESS complete-16 370/1000
PROGRESS complete-16 380/1000
PROGRESS complete-16 390/1000
PROGRESS complete-16 400/1000
PROGRESS complete-16 410/1000
PROGRESS complete-16 420/1000
PROGRESS complete-16 430/1000
PROGRESS complete-16 440/1000
PROGRESS complete-16 450/1000
PROGRESS complete-16 460/1000
PROGRESS complete-16 470/1000
PROGRESS complete-16 480/1000
PROGRESS complete-16 490/1000
PROGRESS complete-16 500/1000
PROGRESS complete-16 510/1000
PROGRESS complete-16 520/1000
PROGRESS complete-16 530/1000
PROGRESS complete-16 540/1000
PROGRESS complete-16 550/1000
PROGRESS complete-16 560/1000
PROGRESS complete-16 570/1000
PROGRESS complete-16 580/1000
PROGRESS complete-16 590/1000
PROGRESS complete-16 600/1000
PROGRESS complete-16 610/1000
PROGRESS complete-16 620/1000
PROGRESS complete-16 630/1000
PROGRESS complete-16 640/1000
PROGRESS complete-16 650/1000
PROGRESS complete-16 660/1000
PROGRESS complete-16 670/1000
PROGRESS complete-16 680/1000
PROGRESS complete-16 690/1000
PROGRESS complete-16 700/1000
PROGRESS complete-16 710/1000
PROGRESS complete-16 720/1000
PROGRESS complete-16 730/1000
PROGRESS complete-16 740/1000
PROGRESS complete-16 750/1000
PROGRESS complete-16 760/1000
PROGRESS complete-16 770/1000
PROGRESS complete-16 780/1000
PROGRESS complete-16 790/1000
PROGRESS complete-16 800/1000
PROGRESS complete-16 810/1000
PROGRESS complete-16 820/1000
PROGRESS complete-16 830/1000
PROGRESS complete-16 840/1000
PROGRESS complete-16 850/1000
PROGRESS complete-16 860/1000
PROGRESS complete-16 870/1000
PROGRESS complete-16 880/1000
PROGRESS complete-16 890/1000
PROGRESS complete-16 900/1000
PROGRESS complete-16 910/1000
PROGRESS complete-16 920/1000
PROGRESS complete-16 930/1000
PROGRESS complete-16 940/1000
PROGRESS complete-16 950/1000
PROGRESS complete-16 960/1000
PROGRESS complete-16 970/1000
PROGRESS complete-16 980/1000
PROGRESS complete-16 990/1000
PROGRESS complete-16 1000/1000
RESULT complete-16 old-p50-ns=68000 new-p50-ns=67000
CASE complete-fanout-32 samples=1000 repetitions=1
PROGRESS complete-fanout-32 10/1000
PROGRESS complete-fanout-32 20/1000
PROGRESS complete-fanout-32 30/1000
PROGRESS complete-fanout-32 40/1000
PROGRESS complete-fanout-32 50/1000
PROGRESS complete-fanout-32 60/1000
PROGRESS complete-fanout-32 70/1000
PROGRESS complete-fanout-32 80/1000
PROGRESS complete-fanout-32 90/1000
PROGRESS complete-fanout-32 100/1000
PROGRESS complete-fanout-32 110/1000
PROGRESS complete-fanout-32 120/1000
PROGRESS complete-fanout-32 130/1000
PROGRESS complete-fanout-32 140/1000
PROGRESS complete-fanout-32 150/1000
PROGRESS complete-fanout-32 160/1000
PROGRESS complete-fanout-32 170/1000
PROGRESS complete-fanout-32 180/1000
PROGRESS complete-fanout-32 190/1000
PROGRESS complete-fanout-32 200/1000
PROGRESS complete-fanout-32 210/1000
PROGRESS complete-fanout-32 220/1000
PROGRESS complete-fanout-32 230/1000
PROGRESS complete-fanout-32 240/1000
PROGRESS complete-fanout-32 250/1000
PROGRESS complete-fanout-32 260/1000
PROGRESS complete-fanout-32 270/1000
PROGRESS complete-fanout-32 280/1000
PROGRESS complete-fanout-32 290/1000
PROGRESS complete-fanout-32 300/1000
PROGRESS complete-fanout-32 310/1000
PROGRESS complete-fanout-32 320/1000
PROGRESS complete-fanout-32 330/1000
PROGRESS complete-fanout-32 340/1000
PROGRESS complete-fanout-32 350/1000
PROGRESS complete-fanout-32 360/1000
PROGRESS complete-fanout-32 370/1000
PROGRESS complete-fanout-32 380/1000
PROGRESS complete-fanout-32 390/1000
PROGRESS complete-fanout-32 400/1000
PROGRESS complete-fanout-32 410/1000
PROGRESS complete-fanout-32 420/1000
PROGRESS complete-fanout-32 430/1000
PROGRESS complete-fanout-32 440/1000
PROGRESS complete-fanout-32 450/1000
PROGRESS complete-fanout-32 460/1000
PROGRESS complete-fanout-32 470/1000
PROGRESS complete-fanout-32 480/1000
PROGRESS complete-fanout-32 490/1000
PROGRESS complete-fanout-32 500/1000
PROGRESS complete-fanout-32 510/1000
PROGRESS complete-fanout-32 520/1000
PROGRESS complete-fanout-32 530/1000
PROGRESS complete-fanout-32 540/1000
PROGRESS complete-fanout-32 550/1000
PROGRESS complete-fanout-32 560/1000
PROGRESS complete-fanout-32 570/1000
PROGRESS complete-fanout-32 580/1000
PROGRESS complete-fanout-32 590/1000
PROGRESS complete-fanout-32 600/1000
PROGRESS complete-fanout-32 610/1000
PROGRESS complete-fanout-32 620/1000
PROGRESS complete-fanout-32 630/1000
PROGRESS complete-fanout-32 640/1000
PROGRESS complete-fanout-32 650/1000
PROGRESS complete-fanout-32 660/1000
PROGRESS complete-fanout-32 670/1000
PROGRESS complete-fanout-32 680/1000
PROGRESS complete-fanout-32 690/1000
PROGRESS complete-fanout-32 700/1000
PROGRESS complete-fanout-32 710/1000
PROGRESS complete-fanout-32 720/1000
PROGRESS complete-fanout-32 730/1000
PROGRESS complete-fanout-32 740/1000
PROGRESS complete-fanout-32 750/1000
PROGRESS complete-fanout-32 760/1000
PROGRESS complete-fanout-32 770/1000
PROGRESS complete-fanout-32 780/1000
PROGRESS complete-fanout-32 790/1000
PROGRESS complete-fanout-32 800/1000
PROGRESS complete-fanout-32 810/1000
PROGRESS complete-fanout-32 820/1000
PROGRESS complete-fanout-32 830/1000
PROGRESS complete-fanout-32 840/1000
PROGRESS complete-fanout-32 850/1000
PROGRESS complete-fanout-32 860/1000
PROGRESS complete-fanout-32 870/1000
PROGRESS complete-fanout-32 880/1000
PROGRESS complete-fanout-32 890/1000
PROGRESS complete-fanout-32 900/1000
PROGRESS complete-fanout-32 910/1000
PROGRESS complete-fanout-32 920/1000
PROGRESS complete-fanout-32 930/1000
PROGRESS complete-fanout-32 940/1000
PROGRESS complete-fanout-32 950/1000
PROGRESS complete-fanout-32 960/1000
PROGRESS complete-fanout-32 970/1000
PROGRESS complete-fanout-32 980/1000
PROGRESS complete-fanout-32 990/1000
PROGRESS complete-fanout-32 1000/1000
RESULT complete-fanout-32 old-p50-ns=1213000 new-p50-ns=1015000
CASE distance-chain-32 samples=1000 repetitions=1
PROGRESS distance-chain-32 10/1000
PROGRESS distance-chain-32 20/1000
PROGRESS distance-chain-32 30/1000
PROGRESS distance-chain-32 40/1000
PROGRESS distance-chain-32 50/1000
PROGRESS distance-chain-32 60/1000
PROGRESS distance-chain-32 70/1000
PROGRESS distance-chain-32 80/1000
PROGRESS distance-chain-32 90/1000
PROGRESS distance-chain-32 100/1000
PROGRESS distance-chain-32 110/1000
PROGRESS distance-chain-32 120/1000
PROGRESS distance-chain-32 130/1000
PROGRESS distance-chain-32 140/1000
PROGRESS distance-chain-32 150/1000
PROGRESS distance-chain-32 160/1000
PROGRESS distance-chain-32 170/1000
PROGRESS distance-chain-32 180/1000
PROGRESS distance-chain-32 190/1000
PROGRESS distance-chain-32 200/1000
PROGRESS distance-chain-32 210/1000
PROGRESS distance-chain-32 220/1000
PROGRESS distance-chain-32 230/1000
PROGRESS distance-chain-32 240/1000
PROGRESS distance-chain-32 250/1000
PROGRESS distance-chain-32 260/1000
PROGRESS distance-chain-32 270/1000
PROGRESS distance-chain-32 280/1000
PROGRESS distance-chain-32 290/1000
PROGRESS distance-chain-32 300/1000
PROGRESS distance-chain-32 310/1000
PROGRESS distance-chain-32 320/1000
PROGRESS distance-chain-32 330/1000
PROGRESS distance-chain-32 340/1000
PROGRESS distance-chain-32 350/1000
PROGRESS distance-chain-32 360/1000
PROGRESS distance-chain-32 370/1000
PROGRESS distance-chain-32 380/1000
PROGRESS distance-chain-32 390/1000
PROGRESS distance-chain-32 400/1000
PROGRESS distance-chain-32 410/1000
PROGRESS distance-chain-32 420/1000
PROGRESS distance-chain-32 430/1000
PROGRESS distance-chain-32 440/1000
PROGRESS distance-chain-32 450/1000
PROGRESS distance-chain-32 460/1000
PROGRESS distance-chain-32 470/1000
PROGRESS distance-chain-32 480/1000
PROGRESS distance-chain-32 490/1000
PROGRESS distance-chain-32 500/1000
PROGRESS distance-chain-32 510/1000
PROGRESS distance-chain-32 520/1000
PROGRESS distance-chain-32 530/1000
PROGRESS distance-chain-32 540/1000
PROGRESS distance-chain-32 550/1000
PROGRESS distance-chain-32 560/1000
PROGRESS distance-chain-32 570/1000
PROGRESS distance-chain-32 580/1000
PROGRESS distance-chain-32 590/1000
PROGRESS distance-chain-32 600/1000
PROGRESS distance-chain-32 610/1000
PROGRESS distance-chain-32 620/1000
PROGRESS distance-chain-32 630/1000
PROGRESS distance-chain-32 640/1000
PROGRESS distance-chain-32 650/1000
PROGRESS distance-chain-32 660/1000
PROGRESS distance-chain-32 670/1000
PROGRESS distance-chain-32 680/1000
PROGRESS distance-chain-32 690/1000
PROGRESS distance-chain-32 700/1000
PROGRESS distance-chain-32 710/1000
PROGRESS distance-chain-32 720/1000
PROGRESS distance-chain-32 730/1000
PROGRESS distance-chain-32 740/1000
PROGRESS distance-chain-32 750/1000
PROGRESS distance-chain-32 760/1000
PROGRESS distance-chain-32 770/1000
PROGRESS distance-chain-32 780/1000
PROGRESS distance-chain-32 790/1000
PROGRESS distance-chain-32 800/1000
PROGRESS distance-chain-32 810/1000
PROGRESS distance-chain-32 820/1000
PROGRESS distance-chain-32 830/1000
PROGRESS distance-chain-32 840/1000
PROGRESS distance-chain-32 850/1000
PROGRESS distance-chain-32 860/1000
PROGRESS distance-chain-32 870/1000
PROGRESS distance-chain-32 880/1000
PROGRESS distance-chain-32 890/1000
PROGRESS distance-chain-32 900/1000
PROGRESS distance-chain-32 910/1000
PROGRESS distance-chain-32 920/1000
PROGRESS distance-chain-32 930/1000
PROGRESS distance-chain-32 940/1000
PROGRESS distance-chain-32 950/1000
PROGRESS distance-chain-32 960/1000
PROGRESS distance-chain-32 970/1000
PROGRESS distance-chain-32 980/1000
PROGRESS distance-chain-32 990/1000
PROGRESS distance-chain-32 1000/1000
RESULT distance-chain-32 old-p50-ns=51000 new-p50-ns=51000
CASE distance-chain-128 samples=1000 repetitions=1
PROGRESS distance-chain-128 10/1000
PROGRESS distance-chain-128 20/1000
PROGRESS distance-chain-128 30/1000
PROGRESS distance-chain-128 40/1000
PROGRESS distance-chain-128 50/1000
PROGRESS distance-chain-128 60/1000
PROGRESS distance-chain-128 70/1000
PROGRESS distance-chain-128 80/1000
PROGRESS distance-chain-128 90/1000
PROGRESS distance-chain-128 100/1000
PROGRESS distance-chain-128 110/1000
PROGRESS distance-chain-128 120/1000
PROGRESS distance-chain-128 130/1000
PROGRESS distance-chain-128 140/1000
PROGRESS distance-chain-128 150/1000
PROGRESS distance-chain-128 160/1000
PROGRESS distance-chain-128 170/1000
PROGRESS distance-chain-128 180/1000
PROGRESS distance-chain-128 190/1000
PROGRESS distance-chain-128 200/1000
PROGRESS distance-chain-128 210/1000
PROGRESS distance-chain-128 220/1000
PROGRESS distance-chain-128 230/1000
PROGRESS distance-chain-128 240/1000
PROGRESS distance-chain-128 250/1000
PROGRESS distance-chain-128 260/1000
PROGRESS distance-chain-128 270/1000
PROGRESS distance-chain-128 280/1000
PROGRESS distance-chain-128 290/1000
PROGRESS distance-chain-128 300/1000
PROGRESS distance-chain-128 310/1000
PROGRESS distance-chain-128 320/1000
PROGRESS distance-chain-128 330/1000
PROGRESS distance-chain-128 340/1000
PROGRESS distance-chain-128 350/1000
PROGRESS distance-chain-128 360/1000
PROGRESS distance-chain-128 370/1000
PROGRESS distance-chain-128 380/1000
PROGRESS distance-chain-128 390/1000
PROGRESS distance-chain-128 400/1000
PROGRESS distance-chain-128 410/1000
PROGRESS distance-chain-128 420/1000
PROGRESS distance-chain-128 430/1000
PROGRESS distance-chain-128 440/1000
PROGRESS distance-chain-128 450/1000
PROGRESS distance-chain-128 460/1000
PROGRESS distance-chain-128 470/1000
PROGRESS distance-chain-128 480/1000
PROGRESS distance-chain-128 490/1000
PROGRESS distance-chain-128 500/1000
PROGRESS distance-chain-128 510/1000
PROGRESS distance-chain-128 520/1000
PROGRESS distance-chain-128 530/1000
PROGRESS distance-chain-128 540/1000
PROGRESS distance-chain-128 550/1000
PROGRESS distance-chain-128 560/1000
PROGRESS distance-chain-128 570/1000
PROGRESS distance-chain-128 580/1000
PROGRESS distance-chain-128 590/1000
PROGRESS distance-chain-128 600/1000
PROGRESS distance-chain-128 610/1000
PROGRESS distance-chain-128 620/1000
PROGRESS distance-chain-128 630/1000
PROGRESS distance-chain-128 640/1000
PROGRESS distance-chain-128 650/1000
PROGRESS distance-chain-128 660/1000
PROGRESS distance-chain-128 670/1000
PROGRESS distance-chain-128 680/1000
PROGRESS distance-chain-128 690/1000
PROGRESS distance-chain-128 700/1000
PROGRESS distance-chain-128 710/1000
PROGRESS distance-chain-128 720/1000
PROGRESS distance-chain-128 730/1000
PROGRESS distance-chain-128 740/1000
PROGRESS distance-chain-128 750/1000
PROGRESS distance-chain-128 760/1000
PROGRESS distance-chain-128 770/1000
PROGRESS distance-chain-128 780/1000
PROGRESS distance-chain-128 790/1000
PROGRESS distance-chain-128 800/1000
PROGRESS distance-chain-128 810/1000
PROGRESS distance-chain-128 820/1000
PROGRESS distance-chain-128 830/1000
PROGRESS distance-chain-128 840/1000
PROGRESS distance-chain-128 850/1000
PROGRESS distance-chain-128 860/1000
PROGRESS distance-chain-128 870/1000
PROGRESS distance-chain-128 880/1000
PROGRESS distance-chain-128 890/1000
PROGRESS distance-chain-128 900/1000
PROGRESS distance-chain-128 910/1000
PROGRESS distance-chain-128 920/1000
PROGRESS distance-chain-128 930/1000
PROGRESS distance-chain-128 940/1000
PROGRESS distance-chain-128 950/1000
PROGRESS distance-chain-128 960/1000
PROGRESS distance-chain-128 970/1000
PROGRESS distance-chain-128 980/1000
PROGRESS distance-chain-128 990/1000
PROGRESS distance-chain-128 1000/1000
RESULT distance-chain-128 old-p50-ns=444000 new-p50-ns=439000
CASE closure-chain-32 samples=1000 repetitions=1
PROGRESS closure-chain-32 10/1000
PROGRESS closure-chain-32 20/1000
PROGRESS closure-chain-32 30/1000
PROGRESS closure-chain-32 40/1000
PROGRESS closure-chain-32 50/1000
PROGRESS closure-chain-32 60/1000
PROGRESS closure-chain-32 70/1000
PROGRESS closure-chain-32 80/1000
PROGRESS closure-chain-32 90/1000
PROGRESS closure-chain-32 100/1000
PROGRESS closure-chain-32 110/1000
PROGRESS closure-chain-32 120/1000
PROGRESS closure-chain-32 130/1000
PROGRESS closure-chain-32 140/1000
PROGRESS closure-chain-32 150/1000
PROGRESS closure-chain-32 160/1000
PROGRESS closure-chain-32 170/1000
PROGRESS closure-chain-32 180/1000
PROGRESS closure-chain-32 190/1000
PROGRESS closure-chain-32 200/1000
PROGRESS closure-chain-32 210/1000
PROGRESS closure-chain-32 220/1000
PROGRESS closure-chain-32 230/1000
PROGRESS closure-chain-32 240/1000
PROGRESS closure-chain-32 250/1000
PROGRESS closure-chain-32 260/1000
PROGRESS closure-chain-32 270/1000
PROGRESS closure-chain-32 280/1000
PROGRESS closure-chain-32 290/1000
PROGRESS closure-chain-32 300/1000
PROGRESS closure-chain-32 310/1000
PROGRESS closure-chain-32 320/1000
PROGRESS closure-chain-32 330/1000
PROGRESS closure-chain-32 340/1000
PROGRESS closure-chain-32 350/1000
PROGRESS closure-chain-32 360/1000
PROGRESS closure-chain-32 370/1000
PROGRESS closure-chain-32 380/1000
PROGRESS closure-chain-32 390/1000
PROGRESS closure-chain-32 400/1000
PROGRESS closure-chain-32 410/1000
PROGRESS closure-chain-32 420/1000
PROGRESS closure-chain-32 430/1000
PROGRESS closure-chain-32 440/1000
PROGRESS closure-chain-32 450/1000
PROGRESS closure-chain-32 460/1000
PROGRESS closure-chain-32 470/1000
PROGRESS closure-chain-32 480/1000
PROGRESS closure-chain-32 490/1000
PROGRESS closure-chain-32 500/1000
PROGRESS closure-chain-32 510/1000
PROGRESS closure-chain-32 520/1000
PROGRESS closure-chain-32 530/1000
PROGRESS closure-chain-32 540/1000
PROGRESS closure-chain-32 550/1000
PROGRESS closure-chain-32 560/1000
PROGRESS closure-chain-32 570/1000
PROGRESS closure-chain-32 580/1000
PROGRESS closure-chain-32 590/1000
PROGRESS closure-chain-32 600/1000
PROGRESS closure-chain-32 610/1000
PROGRESS closure-chain-32 620/1000
PROGRESS closure-chain-32 630/1000
PROGRESS closure-chain-32 640/1000
PROGRESS closure-chain-32 650/1000
PROGRESS closure-chain-32 660/1000
PROGRESS closure-chain-32 670/1000
PROGRESS closure-chain-32 680/1000
PROGRESS closure-chain-32 690/1000
PROGRESS closure-chain-32 700/1000
PROGRESS closure-chain-32 710/1000
PROGRESS closure-chain-32 720/1000
PROGRESS closure-chain-32 730/1000
PROGRESS closure-chain-32 740/1000
PROGRESS closure-chain-32 750/1000
PROGRESS closure-chain-32 760/1000
PROGRESS closure-chain-32 770/1000
PROGRESS closure-chain-32 780/1000
PROGRESS closure-chain-32 790/1000
PROGRESS closure-chain-32 800/1000
PROGRESS closure-chain-32 810/1000
PROGRESS closure-chain-32 820/1000
PROGRESS closure-chain-32 830/1000
PROGRESS closure-chain-32 840/1000
PROGRESS closure-chain-32 850/1000
PROGRESS closure-chain-32 860/1000
PROGRESS closure-chain-32 870/1000
PROGRESS closure-chain-32 880/1000
PROGRESS closure-chain-32 890/1000
PROGRESS closure-chain-32 900/1000
PROGRESS closure-chain-32 910/1000
PROGRESS closure-chain-32 920/1000
PROGRESS closure-chain-32 930/1000
PROGRESS closure-chain-32 940/1000
PROGRESS closure-chain-32 950/1000
PROGRESS closure-chain-32 960/1000
PROGRESS closure-chain-32 970/1000
PROGRESS closure-chain-32 980/1000
PROGRESS closure-chain-32 990/1000
PROGRESS closure-chain-32 1000/1000
RESULT closure-chain-32 old-p50-ns=44000 new-p50-ns=44000
CASE projection-256 samples=1000 repetitions=1
PROGRESS projection-256 10/1000
PROGRESS projection-256 20/1000
PROGRESS projection-256 30/1000
PROGRESS projection-256 40/1000
PROGRESS projection-256 50/1000
PROGRESS projection-256 60/1000
PROGRESS projection-256 70/1000
PROGRESS projection-256 80/1000
PROGRESS projection-256 90/1000
PROGRESS projection-256 100/1000
PROGRESS projection-256 110/1000
PROGRESS projection-256 120/1000
PROGRESS projection-256 130/1000
PROGRESS projection-256 140/1000
PROGRESS projection-256 150/1000
PROGRESS projection-256 160/1000
PROGRESS projection-256 170/1000
PROGRESS projection-256 180/1000
PROGRESS projection-256 190/1000
PROGRESS projection-256 200/1000
PROGRESS projection-256 210/1000
PROGRESS projection-256 220/1000
PROGRESS projection-256 230/1000
PROGRESS projection-256 240/1000
PROGRESS projection-256 250/1000
PROGRESS projection-256 260/1000
PROGRESS projection-256 270/1000
PROGRESS projection-256 280/1000
PROGRESS projection-256 290/1000
PROGRESS projection-256 300/1000
PROGRESS projection-256 310/1000
PROGRESS projection-256 320/1000
PROGRESS projection-256 330/1000
PROGRESS projection-256 340/1000
PROGRESS projection-256 350/1000
PROGRESS projection-256 360/1000
PROGRESS projection-256 370/1000
PROGRESS projection-256 380/1000
PROGRESS projection-256 390/1000
PROGRESS projection-256 400/1000
PROGRESS projection-256 410/1000
PROGRESS projection-256 420/1000
PROGRESS projection-256 430/1000
PROGRESS projection-256 440/1000
PROGRESS projection-256 450/1000
PROGRESS projection-256 460/1000
PROGRESS projection-256 470/1000
PROGRESS projection-256 480/1000
PROGRESS projection-256 490/1000
PROGRESS projection-256 500/1000
PROGRESS projection-256 510/1000
PROGRESS projection-256 520/1000
PROGRESS projection-256 530/1000
PROGRESS projection-256 540/1000
PROGRESS projection-256 550/1000
PROGRESS projection-256 560/1000
PROGRESS projection-256 570/1000
PROGRESS projection-256 580/1000
PROGRESS projection-256 590/1000
PROGRESS projection-256 600/1000
PROGRESS projection-256 610/1000
PROGRESS projection-256 620/1000
PROGRESS projection-256 630/1000
PROGRESS projection-256 640/1000
PROGRESS projection-256 650/1000
PROGRESS projection-256 660/1000
PROGRESS projection-256 670/1000
PROGRESS projection-256 680/1000
PROGRESS projection-256 690/1000
PROGRESS projection-256 700/1000
PROGRESS projection-256 710/1000
PROGRESS projection-256 720/1000
PROGRESS projection-256 730/1000
PROGRESS projection-256 740/1000
PROGRESS projection-256 750/1000
PROGRESS projection-256 760/1000
PROGRESS projection-256 770/1000
PROGRESS projection-256 780/1000
PROGRESS projection-256 790/1000
PROGRESS projection-256 800/1000
PROGRESS projection-256 810/1000
PROGRESS projection-256 820/1000
PROGRESS projection-256 830/1000
PROGRESS projection-256 840/1000
PROGRESS projection-256 850/1000
PROGRESS projection-256 860/1000
PROGRESS projection-256 870/1000
PROGRESS projection-256 880/1000
PROGRESS projection-256 890/1000
PROGRESS projection-256 900/1000
PROGRESS projection-256 910/1000
PROGRESS projection-256 920/1000
PROGRESS projection-256 930/1000
PROGRESS projection-256 940/1000
PROGRESS projection-256 950/1000
PROGRESS projection-256 960/1000
PROGRESS projection-256 970/1000
PROGRESS projection-256 980/1000
PROGRESS projection-256 990/1000
PROGRESS projection-256 1000/1000
RESULT projection-256 old-p50-ns=302000 new-p50-ns=302000
CASE empty-distances-512 samples=1000 repetitions=1
PROGRESS empty-distances-512 10/1000
PROGRESS empty-distances-512 20/1000
PROGRESS empty-distances-512 30/1000
PROGRESS empty-distances-512 40/1000
PROGRESS empty-distances-512 50/1000
PROGRESS empty-distances-512 60/1000
PROGRESS empty-distances-512 70/1000
PROGRESS empty-distances-512 80/1000
PROGRESS empty-distances-512 90/1000
PROGRESS empty-distances-512 100/1000
PROGRESS empty-distances-512 110/1000
PROGRESS empty-distances-512 120/1000
PROGRESS empty-distances-512 130/1000
PROGRESS empty-distances-512 140/1000
PROGRESS empty-distances-512 150/1000
PROGRESS empty-distances-512 160/1000
PROGRESS empty-distances-512 170/1000
PROGRESS empty-distances-512 180/1000
PROGRESS empty-distances-512 190/1000
PROGRESS empty-distances-512 200/1000
PROGRESS empty-distances-512 210/1000
PROGRESS empty-distances-512 220/1000
PROGRESS empty-distances-512 230/1000
PROGRESS empty-distances-512 240/1000
PROGRESS empty-distances-512 250/1000
PROGRESS empty-distances-512 260/1000
PROGRESS empty-distances-512 270/1000
PROGRESS empty-distances-512 280/1000
PROGRESS empty-distances-512 290/1000
PROGRESS empty-distances-512 300/1000
PROGRESS empty-distances-512 310/1000
PROGRESS empty-distances-512 320/1000
PROGRESS empty-distances-512 330/1000
PROGRESS empty-distances-512 340/1000
PROGRESS empty-distances-512 350/1000
PROGRESS empty-distances-512 360/1000
PROGRESS empty-distances-512 370/1000
PROGRESS empty-distances-512 380/1000
PROGRESS empty-distances-512 390/1000
PROGRESS empty-distances-512 400/1000
PROGRESS empty-distances-512 410/1000
PROGRESS empty-distances-512 420/1000
PROGRESS empty-distances-512 430/1000
PROGRESS empty-distances-512 440/1000
PROGRESS empty-distances-512 450/1000
PROGRESS empty-distances-512 460/1000
PROGRESS empty-distances-512 470/1000
PROGRESS empty-distances-512 480/1000
PROGRESS empty-distances-512 490/1000
PROGRESS empty-distances-512 500/1000
PROGRESS empty-distances-512 510/1000
PROGRESS empty-distances-512 520/1000
PROGRESS empty-distances-512 530/1000
PROGRESS empty-distances-512 540/1000
PROGRESS empty-distances-512 550/1000
PROGRESS empty-distances-512 560/1000
PROGRESS empty-distances-512 570/1000
PROGRESS empty-distances-512 580/1000
PROGRESS empty-distances-512 590/1000
PROGRESS empty-distances-512 600/1000
PROGRESS empty-distances-512 610/1000
PROGRESS empty-distances-512 620/1000
PROGRESS empty-distances-512 630/1000
PROGRESS empty-distances-512 640/1000
PROGRESS empty-distances-512 650/1000
PROGRESS empty-distances-512 660/1000
PROGRESS empty-distances-512 670/1000
PROGRESS empty-distances-512 680/1000
PROGRESS empty-distances-512 690/1000
PROGRESS empty-distances-512 700/1000
PROGRESS empty-distances-512 710/1000
PROGRESS empty-distances-512 720/1000
PROGRESS empty-distances-512 730/1000
PROGRESS empty-distances-512 740/1000
PROGRESS empty-distances-512 750/1000
PROGRESS empty-distances-512 760/1000
PROGRESS empty-distances-512 770/1000
PROGRESS empty-distances-512 780/1000
PROGRESS empty-distances-512 790/1000
PROGRESS empty-distances-512 800/1000
PROGRESS empty-distances-512 810/1000
PROGRESS empty-distances-512 820/1000
PROGRESS empty-distances-512 830/1000
PROGRESS empty-distances-512 840/1000
PROGRESS empty-distances-512 850/1000
PROGRESS empty-distances-512 860/1000
PROGRESS empty-distances-512 870/1000
PROGRESS empty-distances-512 880/1000
PROGRESS empty-distances-512 890/1000
PROGRESS empty-distances-512 900/1000
PROGRESS empty-distances-512 910/1000
PROGRESS empty-distances-512 920/1000
PROGRESS empty-distances-512 930/1000
PROGRESS empty-distances-512 940/1000
PROGRESS empty-distances-512 950/1000
PROGRESS empty-distances-512 960/1000
PROGRESS empty-distances-512 970/1000
PROGRESS empty-distances-512 980/1000
PROGRESS empty-distances-512 990/1000
PROGRESS empty-distances-512 1000/1000
RESULT empty-distances-512 old-p50-ns=111000 new-p50-ns=16000
CASE sparse-distances-512 samples=1000 repetitions=1
PROGRESS sparse-distances-512 10/1000
PROGRESS sparse-distances-512 20/1000
PROGRESS sparse-distances-512 30/1000
PROGRESS sparse-distances-512 40/1000
PROGRESS sparse-distances-512 50/1000
PROGRESS sparse-distances-512 60/1000
PROGRESS sparse-distances-512 70/1000
PROGRESS sparse-distances-512 80/1000
PROGRESS sparse-distances-512 90/1000
PROGRESS sparse-distances-512 100/1000
PROGRESS sparse-distances-512 110/1000
PROGRESS sparse-distances-512 120/1000
PROGRESS sparse-distances-512 130/1000
PROGRESS sparse-distances-512 140/1000
PROGRESS sparse-distances-512 150/1000
PROGRESS sparse-distances-512 160/1000
PROGRESS sparse-distances-512 170/1000
PROGRESS sparse-distances-512 180/1000
PROGRESS sparse-distances-512 190/1000
PROGRESS sparse-distances-512 200/1000
PROGRESS sparse-distances-512 210/1000
PROGRESS sparse-distances-512 220/1000
PROGRESS sparse-distances-512 230/1000
PROGRESS sparse-distances-512 240/1000
PROGRESS sparse-distances-512 250/1000
PROGRESS sparse-distances-512 260/1000
PROGRESS sparse-distances-512 270/1000
PROGRESS sparse-distances-512 280/1000
PROGRESS sparse-distances-512 290/1000
PROGRESS sparse-distances-512 300/1000
PROGRESS sparse-distances-512 310/1000
PROGRESS sparse-distances-512 320/1000
PROGRESS sparse-distances-512 330/1000
PROGRESS sparse-distances-512 340/1000
PROGRESS sparse-distances-512 350/1000
PROGRESS sparse-distances-512 360/1000
PROGRESS sparse-distances-512 370/1000
PROGRESS sparse-distances-512 380/1000
PROGRESS sparse-distances-512 390/1000
PROGRESS sparse-distances-512 400/1000
PROGRESS sparse-distances-512 410/1000
PROGRESS sparse-distances-512 420/1000
PROGRESS sparse-distances-512 430/1000
PROGRESS sparse-distances-512 440/1000
PROGRESS sparse-distances-512 450/1000
PROGRESS sparse-distances-512 460/1000
PROGRESS sparse-distances-512 470/1000
PROGRESS sparse-distances-512 480/1000
PROGRESS sparse-distances-512 490/1000
PROGRESS sparse-distances-512 500/1000
PROGRESS sparse-distances-512 510/1000
PROGRESS sparse-distances-512 520/1000
PROGRESS sparse-distances-512 530/1000
PROGRESS sparse-distances-512 540/1000
PROGRESS sparse-distances-512 550/1000
PROGRESS sparse-distances-512 560/1000
PROGRESS sparse-distances-512 570/1000
PROGRESS sparse-distances-512 580/1000
PROGRESS sparse-distances-512 590/1000
PROGRESS sparse-distances-512 600/1000
PROGRESS sparse-distances-512 610/1000
PROGRESS sparse-distances-512 620/1000
PROGRESS sparse-distances-512 630/1000
PROGRESS sparse-distances-512 640/1000
PROGRESS sparse-distances-512 650/1000
PROGRESS sparse-distances-512 660/1000
PROGRESS sparse-distances-512 670/1000
PROGRESS sparse-distances-512 680/1000
PROGRESS sparse-distances-512 690/1000
PROGRESS sparse-distances-512 700/1000
PROGRESS sparse-distances-512 710/1000
PROGRESS sparse-distances-512 720/1000
PROGRESS sparse-distances-512 730/1000
PROGRESS sparse-distances-512 740/1000
PROGRESS sparse-distances-512 750/1000
PROGRESS sparse-distances-512 760/1000
PROGRESS sparse-distances-512 770/1000
PROGRESS sparse-distances-512 780/1000
PROGRESS sparse-distances-512 790/1000
PROGRESS sparse-distances-512 800/1000
PROGRESS sparse-distances-512 810/1000
PROGRESS sparse-distances-512 820/1000
PROGRESS sparse-distances-512 830/1000
PROGRESS sparse-distances-512 840/1000
PROGRESS sparse-distances-512 850/1000
PROGRESS sparse-distances-512 860/1000
PROGRESS sparse-distances-512 870/1000
PROGRESS sparse-distances-512 880/1000
PROGRESS sparse-distances-512 890/1000
PROGRESS sparse-distances-512 900/1000
PROGRESS sparse-distances-512 910/1000
PROGRESS sparse-distances-512 920/1000
PROGRESS sparse-distances-512 930/1000
PROGRESS sparse-distances-512 940/1000
PROGRESS sparse-distances-512 950/1000
PROGRESS sparse-distances-512 960/1000
PROGRESS sparse-distances-512 970/1000
PROGRESS sparse-distances-512 980/1000
PROGRESS sparse-distances-512 990/1000
PROGRESS sparse-distances-512 1000/1000
RESULT sparse-distances-512 old-p50-ns=113000 new-p50-ns=19000
CASE single-origin-512 samples=1000 repetitions=1
PROGRESS single-origin-512 10/1000
PROGRESS single-origin-512 20/1000
PROGRESS single-origin-512 30/1000
PROGRESS single-origin-512 40/1000
PROGRESS single-origin-512 50/1000
PROGRESS single-origin-512 60/1000
PROGRESS single-origin-512 70/1000
PROGRESS single-origin-512 80/1000
PROGRESS single-origin-512 90/1000
PROGRESS single-origin-512 100/1000
PROGRESS single-origin-512 110/1000
PROGRESS single-origin-512 120/1000
PROGRESS single-origin-512 130/1000
PROGRESS single-origin-512 140/1000
PROGRESS single-origin-512 150/1000
PROGRESS single-origin-512 160/1000
PROGRESS single-origin-512 170/1000
PROGRESS single-origin-512 180/1000
PROGRESS single-origin-512 190/1000
PROGRESS single-origin-512 200/1000
PROGRESS single-origin-512 210/1000
PROGRESS single-origin-512 220/1000
PROGRESS single-origin-512 230/1000
PROGRESS single-origin-512 240/1000
PROGRESS single-origin-512 250/1000
PROGRESS single-origin-512 260/1000
PROGRESS single-origin-512 270/1000
PROGRESS single-origin-512 280/1000
PROGRESS single-origin-512 290/1000
PROGRESS single-origin-512 300/1000
PROGRESS single-origin-512 310/1000
PROGRESS single-origin-512 320/1000
PROGRESS single-origin-512 330/1000
PROGRESS single-origin-512 340/1000
PROGRESS single-origin-512 350/1000
PROGRESS single-origin-512 360/1000
PROGRESS single-origin-512 370/1000
PROGRESS single-origin-512 380/1000
PROGRESS single-origin-512 390/1000
PROGRESS single-origin-512 400/1000
PROGRESS single-origin-512 410/1000
PROGRESS single-origin-512 420/1000
PROGRESS single-origin-512 430/1000
PROGRESS single-origin-512 440/1000
PROGRESS single-origin-512 450/1000
PROGRESS single-origin-512 460/1000
PROGRESS single-origin-512 470/1000
PROGRESS single-origin-512 480/1000
PROGRESS single-origin-512 490/1000
PROGRESS single-origin-512 500/1000
PROGRESS single-origin-512 510/1000
PROGRESS single-origin-512 520/1000
PROGRESS single-origin-512 530/1000
PROGRESS single-origin-512 540/1000
PROGRESS single-origin-512 550/1000
PROGRESS single-origin-512 560/1000
PROGRESS single-origin-512 570/1000
PROGRESS single-origin-512 580/1000
PROGRESS single-origin-512 590/1000
PROGRESS single-origin-512 600/1000
PROGRESS single-origin-512 610/1000
PROGRESS single-origin-512 620/1000
PROGRESS single-origin-512 630/1000
PROGRESS single-origin-512 640/1000
PROGRESS single-origin-512 650/1000
PROGRESS single-origin-512 660/1000
PROGRESS single-origin-512 670/1000
PROGRESS single-origin-512 680/1000
PROGRESS single-origin-512 690/1000
PROGRESS single-origin-512 700/1000
PROGRESS single-origin-512 710/1000
PROGRESS single-origin-512 720/1000
PROGRESS single-origin-512 730/1000
PROGRESS single-origin-512 740/1000
PROGRESS single-origin-512 750/1000
PROGRESS single-origin-512 760/1000
PROGRESS single-origin-512 770/1000
PROGRESS single-origin-512 780/1000
PROGRESS single-origin-512 790/1000
PROGRESS single-origin-512 800/1000
PROGRESS single-origin-512 810/1000
PROGRESS single-origin-512 820/1000
PROGRESS single-origin-512 830/1000
PROGRESS single-origin-512 840/1000
PROGRESS single-origin-512 850/1000
PROGRESS single-origin-512 860/1000
PROGRESS single-origin-512 870/1000
PROGRESS single-origin-512 880/1000
PROGRESS single-origin-512 890/1000
PROGRESS single-origin-512 900/1000
PROGRESS single-origin-512 910/1000
PROGRESS single-origin-512 920/1000
PROGRESS single-origin-512 930/1000
PROGRESS single-origin-512 940/1000
PROGRESS single-origin-512 950/1000
PROGRESS single-origin-512 960/1000
PROGRESS single-origin-512 970/1000
PROGRESS single-origin-512 980/1000
PROGRESS single-origin-512 990/1000
PROGRESS single-origin-512 1000/1000
RESULT single-origin-512 old-p50-ns=115000 new-p50-ns=21000
CASE empty-distances-513 samples=1000 repetitions=1
PROGRESS empty-distances-513 10/1000
PROGRESS empty-distances-513 20/1000
PROGRESS empty-distances-513 30/1000
PROGRESS empty-distances-513 40/1000
PROGRESS empty-distances-513 50/1000
PROGRESS empty-distances-513 60/1000
PROGRESS empty-distances-513 70/1000
PROGRESS empty-distances-513 80/1000
PROGRESS empty-distances-513 90/1000
PROGRESS empty-distances-513 100/1000
PROGRESS empty-distances-513 110/1000
PROGRESS empty-distances-513 120/1000
PROGRESS empty-distances-513 130/1000
PROGRESS empty-distances-513 140/1000
PROGRESS empty-distances-513 150/1000
PROGRESS empty-distances-513 160/1000
PROGRESS empty-distances-513 170/1000
PROGRESS empty-distances-513 180/1000
PROGRESS empty-distances-513 190/1000
PROGRESS empty-distances-513 200/1000
PROGRESS empty-distances-513 210/1000
PROGRESS empty-distances-513 220/1000
PROGRESS empty-distances-513 230/1000
PROGRESS empty-distances-513 240/1000
PROGRESS empty-distances-513 250/1000
PROGRESS empty-distances-513 260/1000
PROGRESS empty-distances-513 270/1000
PROGRESS empty-distances-513 280/1000
PROGRESS empty-distances-513 290/1000
PROGRESS empty-distances-513 300/1000
PROGRESS empty-distances-513 310/1000
PROGRESS empty-distances-513 320/1000
PROGRESS empty-distances-513 330/1000
PROGRESS empty-distances-513 340/1000
PROGRESS empty-distances-513 350/1000
PROGRESS empty-distances-513 360/1000
PROGRESS empty-distances-513 370/1000
PROGRESS empty-distances-513 380/1000
PROGRESS empty-distances-513 390/1000
PROGRESS empty-distances-513 400/1000
PROGRESS empty-distances-513 410/1000
PROGRESS empty-distances-513 420/1000
PROGRESS empty-distances-513 430/1000
PROGRESS empty-distances-513 440/1000
PROGRESS empty-distances-513 450/1000
PROGRESS empty-distances-513 460/1000
PROGRESS empty-distances-513 470/1000
PROGRESS empty-distances-513 480/1000
PROGRESS empty-distances-513 490/1000
PROGRESS empty-distances-513 500/1000
PROGRESS empty-distances-513 510/1000
PROGRESS empty-distances-513 520/1000
PROGRESS empty-distances-513 530/1000
PROGRESS empty-distances-513 540/1000
PROGRESS empty-distances-513 550/1000
PROGRESS empty-distances-513 560/1000
PROGRESS empty-distances-513 570/1000
PROGRESS empty-distances-513 580/1000
PROGRESS empty-distances-513 590/1000
PROGRESS empty-distances-513 600/1000
PROGRESS empty-distances-513 610/1000
PROGRESS empty-distances-513 620/1000
PROGRESS empty-distances-513 630/1000
PROGRESS empty-distances-513 640/1000
PROGRESS empty-distances-513 650/1000
PROGRESS empty-distances-513 660/1000
PROGRESS empty-distances-513 670/1000
PROGRESS empty-distances-513 680/1000
PROGRESS empty-distances-513 690/1000
PROGRESS empty-distances-513 700/1000
PROGRESS empty-distances-513 710/1000
PROGRESS empty-distances-513 720/1000
PROGRESS empty-distances-513 730/1000
PROGRESS empty-distances-513 740/1000
PROGRESS empty-distances-513 750/1000
PROGRESS empty-distances-513 760/1000
PROGRESS empty-distances-513 770/1000
PROGRESS empty-distances-513 780/1000
PROGRESS empty-distances-513 790/1000
PROGRESS empty-distances-513 800/1000
PROGRESS empty-distances-513 810/1000
PROGRESS empty-distances-513 820/1000
PROGRESS empty-distances-513 830/1000
PROGRESS empty-distances-513 840/1000
PROGRESS empty-distances-513 850/1000
PROGRESS empty-distances-513 860/1000
PROGRESS empty-distances-513 870/1000
PROGRESS empty-distances-513 880/1000
PROGRESS empty-distances-513 890/1000
PROGRESS empty-distances-513 900/1000
PROGRESS empty-distances-513 910/1000
PROGRESS empty-distances-513 920/1000
PROGRESS empty-distances-513 930/1000
PROGRESS empty-distances-513 940/1000
PROGRESS empty-distances-513 950/1000
PROGRESS empty-distances-513 960/1000
PROGRESS empty-distances-513 970/1000
PROGRESS empty-distances-513 980/1000
PROGRESS empty-distances-513 990/1000
PROGRESS empty-distances-513 1000/1000
RESULT empty-distances-513 old-p50-ns=15000 new-p50-ns=15000
CASE sparse-distances-513 samples=1000 repetitions=1
PROGRESS sparse-distances-513 10/1000
PROGRESS sparse-distances-513 20/1000
PROGRESS sparse-distances-513 30/1000
PROGRESS sparse-distances-513 40/1000
PROGRESS sparse-distances-513 50/1000
PROGRESS sparse-distances-513 60/1000
PROGRESS sparse-distances-513 70/1000
PROGRESS sparse-distances-513 80/1000
PROGRESS sparse-distances-513 90/1000
PROGRESS sparse-distances-513 100/1000
PROGRESS sparse-distances-513 110/1000
PROGRESS sparse-distances-513 120/1000
PROGRESS sparse-distances-513 130/1000
PROGRESS sparse-distances-513 140/1000
PROGRESS sparse-distances-513 150/1000
PROGRESS sparse-distances-513 160/1000
PROGRESS sparse-distances-513 170/1000
PROGRESS sparse-distances-513 180/1000
PROGRESS sparse-distances-513 190/1000
PROGRESS sparse-distances-513 200/1000
PROGRESS sparse-distances-513 210/1000
PROGRESS sparse-distances-513 220/1000
PROGRESS sparse-distances-513 230/1000
PROGRESS sparse-distances-513 240/1000
PROGRESS sparse-distances-513 250/1000
PROGRESS sparse-distances-513 260/1000
PROGRESS sparse-distances-513 270/1000
PROGRESS sparse-distances-513 280/1000
PROGRESS sparse-distances-513 290/1000
PROGRESS sparse-distances-513 300/1000
PROGRESS sparse-distances-513 310/1000
PROGRESS sparse-distances-513 320/1000
PROGRESS sparse-distances-513 330/1000
PROGRESS sparse-distances-513 340/1000
PROGRESS sparse-distances-513 350/1000
PROGRESS sparse-distances-513 360/1000
PROGRESS sparse-distances-513 370/1000
PROGRESS sparse-distances-513 380/1000
PROGRESS sparse-distances-513 390/1000
PROGRESS sparse-distances-513 400/1000
PROGRESS sparse-distances-513 410/1000
PROGRESS sparse-distances-513 420/1000
PROGRESS sparse-distances-513 430/1000
PROGRESS sparse-distances-513 440/1000
PROGRESS sparse-distances-513 450/1000
PROGRESS sparse-distances-513 460/1000
PROGRESS sparse-distances-513 470/1000
PROGRESS sparse-distances-513 480/1000
PROGRESS sparse-distances-513 490/1000
PROGRESS sparse-distances-513 500/1000
PROGRESS sparse-distances-513 510/1000
PROGRESS sparse-distances-513 520/1000
PROGRESS sparse-distances-513 530/1000
PROGRESS sparse-distances-513 540/1000
PROGRESS sparse-distances-513 550/1000
PROGRESS sparse-distances-513 560/1000
PROGRESS sparse-distances-513 570/1000
PROGRESS sparse-distances-513 580/1000
PROGRESS sparse-distances-513 590/1000
PROGRESS sparse-distances-513 600/1000
PROGRESS sparse-distances-513 610/1000
PROGRESS sparse-distances-513 620/1000
PROGRESS sparse-distances-513 630/1000
PROGRESS sparse-distances-513 640/1000
PROGRESS sparse-distances-513 650/1000
PROGRESS sparse-distances-513 660/1000
PROGRESS sparse-distances-513 670/1000
PROGRESS sparse-distances-513 680/1000
PROGRESS sparse-distances-513 690/1000
PROGRESS sparse-distances-513 700/1000
PROGRESS sparse-distances-513 710/1000
PROGRESS sparse-distances-513 720/1000
PROGRESS sparse-distances-513 730/1000
PROGRESS sparse-distances-513 740/1000
PROGRESS sparse-distances-513 750/1000
PROGRESS sparse-distances-513 760/1000
PROGRESS sparse-distances-513 770/1000
PROGRESS sparse-distances-513 780/1000
PROGRESS sparse-distances-513 790/1000
PROGRESS sparse-distances-513 800/1000
PROGRESS sparse-distances-513 810/1000
PROGRESS sparse-distances-513 820/1000
PROGRESS sparse-distances-513 830/1000
PROGRESS sparse-distances-513 840/1000
PROGRESS sparse-distances-513 850/1000
PROGRESS sparse-distances-513 860/1000
PROGRESS sparse-distances-513 870/1000
PROGRESS sparse-distances-513 880/1000
PROGRESS sparse-distances-513 890/1000
PROGRESS sparse-distances-513 900/1000
PROGRESS sparse-distances-513 910/1000
PROGRESS sparse-distances-513 920/1000
PROGRESS sparse-distances-513 930/1000
PROGRESS sparse-distances-513 940/1000
PROGRESS sparse-distances-513 950/1000
PROGRESS sparse-distances-513 960/1000
PROGRESS sparse-distances-513 970/1000
PROGRESS sparse-distances-513 980/1000
PROGRESS sparse-distances-513 990/1000
PROGRESS sparse-distances-513 1000/1000
RESULT sparse-distances-513 old-p50-ns=17000 new-p50-ns=17000
OK
