python3 tools/test_execution.py run -- python3 tools/performance_execution.py "ascent-table-expression"
[native-performance] REUSE verified snapshot /Users/guangtao/ghq/github.com/tao3k/gerbil-ascent/.gerbil/performance-execution/snapshot-alldtgok/snapshot.json
[ascent-ss] START ascent-table-expression (1000 samples)
[ascent-test] START t/performance/ascent-scenario-performance-test.ss
[test-lane] RUNNING exclusive (5s)
[test-lane] RUNNING exclusive (5s)
[test-lane] RUNNING exclusive (10s)
HARNESS ("t/performance/ascent-scenario-performance-test.ss")
MODULE t/performance/ascent-scenario-performance-test.ss
SUITE ASCENT SS scenario
CASE bounded scenario
NATIVE-MODULES-OK
[ascent-ss] RUNNING ascent-table-expression (10s)
[test-lane] RUNNING exclusive (10s)
[test-lane] RUNNING exclusive (15s)
[test-lane] RUNNING exclusive (15s)
[test-lane] RUNNING exclusive (20s)
[ascent-ss] RUNNING ascent-table-expression (20s)
[test-lane] RUNNING exclusive (20s)
[test-lane] RUNNING exclusive (25s)
[test-lane] RUNNING exclusive (25s)
[test-lane] RUNNING exclusive (30s)
[ascent-ss] RUNNING ascent-table-expression (30s)
[test-lane] RUNNING exclusive (30s)
[test-lane] RUNNING exclusive (35s)
[test-lane] RUNNING exclusive (35s)
[test-lane] RUNNING exclusive (40s)
[ascent-ss] RUNNING ascent-table-expression (40s)
[test-lane] RUNNING exclusive (40s)
[test-lane] RUNNING exclusive (45s)
[test-lane] RUNNING exclusive (45s)
[test-lane] RUNNING exclusive (50s)
[ascent-ss] RUNNING ascent-table-expression (50s)
[test-lane] RUNNING exclusive (50s)
[test-lane] RUNNING exclusive (55s)
[test-lane] RUNNING exclusive (55s)
[test-lane] RUNNING exclusive (60s)
[ascent-ss] RUNNING ascent-table-expression (60s)
[test-lane] RUNNING exclusive (60s)
[test-lane] RUNNING exclusive (65s)
[test-lane] RUNNING exclusive (65s)
[test-lane] RUNNING exclusive (70s)
[ascent-ss] RUNNING ascent-table-expression (70s)
[test-lane] RUNNING exclusive (70s)
ERROR CASE bounded scenario

*** ERROR IN ? [Error]: ASCENT relation projection exceeded the benchmark budget
--- irritants: ((benchmarkKind . scenario-e2e) (rule . GERBIL-SCHEME-AGENT-R031) (feature . ascent-table-expression) (optimizationFocus . "optimized Scheme module with official UIntTrieSet foldl input, local vector adjacency, bounded byte-vector deduplication, and canonical list-sort output") (inputShape . "256 vertices with two outgoing edges each, encoded as 512 bounded binary pairs") (expectedOutcome . "one- and two-hop relation projection has 1024 distinct pairs") (timingSource . ":std/time/precise#current-time-precise") (elapsedNs . 5213000) (elapsed . "5.213ms") (admissionStatistic . p95) (runtimeStats (timingSource . ":std/time/precise#current-time-precise") (memorySource . ":gerbil/runtime/gambit###process-statistics") (gcPrecondition . ":gerbil/runtime/gambit###gc") (memoryBefore (gc-heap-size . 379284880) (gc-alloc . 43303286536) (gc-live . 125956960) (gc-movable . 119965136) (gc-still . 5991824)) (memoryAfter (gc-heap-size . 379284880) (gc-alloc . 43303286536) (gc-live . 125956960) (gc-movable . 119965136) (gc-still . 5991824)) (memoryDelta (gc-heap-size . 0) (gc-alloc . 0) (gc-live . 0) (gc-movable . 0) (gc-still . 0))) (max_total . 2000us) (sampleCount . 1000) (samplesNs 420000 325000 300000 296000 297000 296000 294000 296000 296000 295000 303000 297000 295000 294000 298000 294000 295000 294000 293000 293000 365000 303000 299000 294000 299000 317000 297000 294000 294000 292000 294000 294000 294000 294000 293000 293000 293000 294000 293000 293000 372000 302000 298000 296000 296000 294000 296000 296000 294000 294000 296000 294000 294000 293000 293000 293000 695000 775000 33873000 736000 350000 300000 298000 296000 295000 294000 293000 294000 294000 300000 295000 294000 293000 293000 293000 292000 293000 293000 294000 293000 362000 302000 299000 298000 296000 296000 297000 296000 295000 296000 295000 1882000 307000 298000 297000 314000 298000 296000 295000 296000 369000 304000 300000 299000 296000 295000 294000 296000 296000 295000 294000 294000 294000 300000 305000 311000 296000 294000 294000 294000 390000 306000 300000 22035000 16458000 725000 674000 664000 685000 675000 676000 674000 672000 684000 672000 739000 701000 705000 759000 684000 367000 301000 297000 296000 300000 295000 310000 294000 294000 294000 294000 295000 294000 295000 294000 294000 294000 295000 295000 297000 344000 301000 295000 296000 293000 293000 295000 308000 297000 295000 294000 295000 292000 292000 75708000 21782000 25266000 14943000 725000 4196000 366000 300000 297000 295000 295000 296000 294000 294000 294000 294000 294000 293000 293000 295000 294000 296000 295000 295000 315000 298000 383000 305000 300000 297000 297000 297000 295000 296000 297000 295000 295000 294000 295000 294000 297000 294000 294000 294000 293000 294000 26868000 733000 377000 310000 298000 297000 294000 294000 295000 294000 294000 294000 12519000 738000 6878000 32297000 5213000 319000 299000 296000 1760000 799000 2290000 804000 735000 752000 892000 760000 319000 299000 296000 296000 295000 295000 296000 294000 293000 295000 294000 293000 17232000 16538000 7128000 5415000 1481000 314000 318000 497000 312000 2051000 1351000 749000 687000 4763000 314000 298000 296000 295000 297000 295000 346000 299000 298000 297000 295000 294000 295000 296000 295000 295000 295000 295000 293000 294000 294000 293000 293000 295000 292000 294000 381000 303000 297000 298000 297000 296000 294000 293000 294000 16353000 330000 61415000 332000 302000 299000 300000 298000 299000 294000 295000 370000 302000 297000 297000 294000 14396000 20632000 14134000 14226000 9039000 310000 298000 297000 297000 300000 303000 296000 332000 306000 301000 366000 302000 308000 299000 295000 295000 295000 293000 295000 296000 295000 295000 301000 295000 294000 295000 293000 300000 294000 296000 369000 303000 298000 297000 296000 314000 297000 296000 294000 295000 295000 294000 296000 296000 305000 299000 294000 293000 293000 297000 336000 296000 294000 296000 295000 292000 293000 296000 295000 295000 294000 294000 295000 19621000 323000 16015000 320000 298000 295000 295000 3450000 18497000 32698000 339000 302000 300000 297000 297000 295000 296000 309000 298000 295000 294000 295000 295000 293000 295000 295000 295000 372000 304000 299000 299000 299000 295000 296000 295000 293000 295000 293000 292000 295000 295000 293000 294000 298000 298000 293000 295000 385000 304000 301000 300000 300000 298000 297000 295000 295000 295000 294000 294000 293000 294000 293000 294000 317000 299000 294000 294000 381000 303000 298000 37413000 8640000 319000 300000 298000 299000 295000 295000 296000 295000 294000 293000 297000 315000 298000 296000 296000 359000 300000 296000 295000 296000 294000 296000 295000 310000 296000 296000 295000 294000 298000 13695000 755000 8670000 307000 298000 296000 378000 301000 298000 299000 298000 296000 39247000 719000 11233000 921000 753000 712000 677000 676000 645000 342000 390000 417000 1505000 305000 394000 324000 304000 298000 297000 295000 296000 297000 295000 295000 294000 295000 294000 299000 296000 294000 295000 296000 296000 295000 18053000 1453000 1300000 321000 302000 298000 295000 296000 296000 296000 296000 298000 297000 296000 295000 293000 297000 296000 299000 298000 369000 302000 299000 296000 299000 313000 299000 295000 293000 293000 296000 294000 293000 295000 293000 295000 295000 299000 295000 294000 331000 298000 295000 295000 297000 296000 294000 294000 296000 296000 296000 295000 296000 294000 300000 303000 295000 294000 305000 295000 810000 2812000 888000 927000 791000 1218000 707000 677000 1842000 365000 302000 299000 296000 295000 294000 296000 741000 345000 302000 296000 374000 302000 299000 297000 300000 302000 297000 295000 297000 296000 295000 294000 298000 294000 295000 294000 295000 5035000 327000 302000 383000 306000 300000 301000 299000 296000 296000 362000 298000 296000 295000 295000 294000 294000 298000 315000 310000 308000 313000 301000 364000 302000 298000 297000 296000 296000 296000 298000 296000 296000 298000 295000 123944000 319000 299000 297000 297000 296000 295000 296000 388000 303000 301000 297000 298000 297000 295000 298000 295000 301000 295000 294000 309000 298000 293000 293000 293000 14355000 6824000 560000 1048000 764000 11161000 12921000 10290000 448000 307000 307000 297000 295000 295000 294000 296000 296000 294000 295000 293000 295000 294000 294000 7033000 314000 300000 297000 295000 298000 2500000 308000 297000 295000 294000 334000 3092000 828000 448000 307000 299000 298000 300000 297000 810000 683000 1661000 15956000 715000 28558000 346000 300000 299000 297000 296000 295000 294000 293000 293000 293000 293000 294000 293000 293000 369000 301000 306000 301000 298000 297000 295000 296000 294000 293000 295000 310000 296000 294000 295000 294000 295000 296000 294000 299000 377000 302000 297000 43892000 2243000 12299000 11261000 348000 5550000 723000 534000 905000 314000 299000 296000 5436000 3632000 318000 302000 310000 388000 308000 303000 320000 299000 296000 295000 296000 297000 295000 294000 295000 294000 296000 297000 296000 295000 297000 296000 296000 344000 300000 311000 296000 295000 296000 295000 295000 297000 295000 293000 295000 293000 295000 293000 296000 295000 296000 293000 294000 380000 303000 298000 298000 295000 316000 298000 295000 292000 294000 294000 302000 297000 294000 294000 294000 294000 295000 294000 294000 381000 305000 303000 299000 297000 299000 297000 294000 294000 295000 293000 298000 304000 295000 295000 296000 293000 295000 295000 294000 373000 306000 295000 296000 298000 294000 312000 295000 293000 293000 293000 295000 294000 293000 298000 295000 293000 295000 293000 293000 378000 302000 299000 296000 296000 296000 296000 296000 295000 295000 294000 295000 295000 299000 296000 293000 294000 294000 294000 293000 18939000 15606000 323000 299000 296000 296000 295000 296000 295000 295000 765000 309000 297000 297000 296000 293000 295000 296000 295000 294000 387000 307000 298000 298000 320000 299000 296000 297000 297000 297000 299000 297000 297000 300000 298000 298000 297000 301000 301000 298000 372000 303000 294000 297000 295000 295000 295000 293000 293000 294000 293000 293000 292000 294000 293000 293000 294000 295000 315000 299000 375000 303000 300000 300000 297000 296000 295000 294000 300000 296000 298000 294000 295000 293000 292000 313000 295000 294000 293000 34790000) (minNs . 292000) (p50Ns . 296000) (p95Ns . 5213000) (maxNs . 123944000) (target_total . 950us) (regression_budget . 1050us) (expected_over_input_budget . 1000us) (targetRationale . "Measure index construction and demanded two-hop relation composition together over 512 source pairs.") (measurementPhases baseline-projection candidate-projection assert-semantic-gate assert-time-gate observe-runtime-memory) (status . fail)) 
--- continuation backtrace:
[0] error                                                                                                                                                                   
[1] (interaction)                                                                                                                                                           "t/scenarios/performance/ascent-table-expression/scenario.ss"@57:7-58:32                                                                                                     (error "ASCENT relation projection exceeded the benchmark budget" #:candidate-receipt2146)
[2] ##load                                                                                                                                                                  
[3] ##load                                                                                                                                                                  
[4] core/observability/debug#call-with-poo-flow-debug-memory-case-watchdog__%                                                                                               
[5] ##call-with-values                                                                                                                                                      
[6] std/test/base#__test-case!                                                                                                                                                                                                                                                                                                                           ((let () (declare (not safe)) (##unchecked-structure-ref _%tc499784%_ '6 '#f '#f)))
[7] std/test/base#__test-suite!                                                                                                                                                                                                                                                                                                                          (##call-with-current-continuation __tmp242471)
[8] std/test/base#__test-suite!                                                                                                                                                                                                                                                                                                                          (##for-each __tmp242470 __tmp242469)
[9] std/test/base#__test-suite!                                                                                                                                                                                                                                                                                                                          (##for-each __tmp242470 __tmp242469)
...
[13] std/test/base#__test-harness!                                                                                                                                                                                                                                                                                                                       (##call-with-current-continuation __tmp242457)
[14] std/test/base#__test-harness!                                                                                                                                                                                                                                                                                                                       (##for-each __tmp242456 __tmp242455)
[15] std/test/base#__test-harness!                                                                                                                                                                                                                                                                                                                       (##for-each __tmp242456 __tmp242455)
[16] gerbil/tools/gxtest#gxtest-main                                                                                                                                        
SUITE-OK ASCENT SS scenario
MODULE-OK t/performance/ascent-scenario-performance-test.ss
HARNESS-OK ("t/performance/ascent-scenario-performance-test.ss")
ERROR HARNESS (t/performance/ascent-scenario-performance-test.ss)
at HARNESS ("t/performance/ascent-scenario-performance-test.ss")
at MODULE t/performance/ascent-scenario-performance-test.ss
at SUITE ASCENT SS scenario
at CASE bounded scenario

*** ERROR IN ? [Error]: ASCENT relation projection exceeded the benchmark budget
--- irritants: ((benchmarkKind . scenario-e2e) (rule . GERBIL-SCHEME-AGENT-R031) (feature . ascent-table-expression) (optimizationFocus . "optimized Scheme module with official UIntTrieSet foldl input, local vector adjacency, bounded byte-vector deduplication, and canonical list-sort output") (inputShape . "256 vertices with two outgoing edges each, encoded as 512 bounded binary pairs") (expectedOutcome . "one- and two-hop relation projection has 1024 distinct pairs") (timingSource . ":std/time/precise#current-time-precise") (elapsedNs . 5213000) (elapsed . "5.213ms") (admissionStatistic . p95) (runtimeStats (timingSource . ":std/time/precise#current-time-precise") (memorySource . ":gerbil/runtime/gambit###process-statistics") (gcPrecondition . ":gerbil/runtime/gambit###gc") (memoryBefore (gc-heap-size . 379284880) (gc-alloc . 43303286536) (gc-live . 125956960) (gc-movable . 119965136) (gc-still . 5991824)) (memoryAfter (gc-heap-size . 379284880) (gc-alloc . 43303286536) (gc-live . 125956960) (gc-movable . 119965136) (gc-still . 5991824)) (memoryDelta (gc-heap-size . 0) (gc-alloc . 0) (gc-live . 0) (gc-movable . 0) (gc-still . 0))) (max_total . 2000us) (sampleCount . 1000) (samplesNs 420000 325000 300000 296000 297000 296000 294000 296000 296000 295000 303000 297000 295000 294000 298000 294000 295000 294000 293000 293000 365000 303000 299000 294000 299000 317000 297000 294000 294000 292000 294000 294000 294000 294000 293000 293000 293000 294000 293000 293000 372000 302000 298000 296000 296000 294000 296000 296000 294000 294000 296000 294000 294000 293000 293000 293000 695000 775000 33873000 736000 350000 300000 298000 296000 295000 294000 293000 294000 294000 300000 295000 294000 293000 293000 293000 292000 293000 293000 294000 293000 362000 302000 299000 298000 296000 296000 297000 296000 295000 296000 295000 1882000 307000 298000 297000 314000 298000 296000 295000 296000 369000 304000 300000 299000 296000 295000 294000 296000 296000 295000 294000 294000 294000 300000 305000 311000 296000 294000 294000 294000 390000 306000 300000 22035000 16458000 725000 674000 664000 685000 675000 676000 674000 672000 684000 672000 739000 701000 705000 759000 684000 367000 301000 297000 296000 300000 295000 310000 294000 294000 294000 294000 295000 294000 295000 294000 294000 294000 295000 295000 297000 344000 301000 295000 296000 293000 293000 295000 308000 297000 295000 294000 295000 292000 292000 75708000 21782000 25266000 14943000 725000 4196000 366000 300000 297000 295000 295000 296000 294000 294000 294000 294000 294000 293000 293000 295000 294000 296000 295000 295000 315000 298000 383000 305000 300000 297000 297000 297000 295000 296000 297000 295000 295000 294000 295000 294000 297000 294000 294000 294000 293000 294000 26868000 733000 377000 310000 298000 297000 294000 294000 295000 294000 294000 294000 12519000 738000 6878000 32297000 5213000 319000 299000 296000 1760000 799000 2290000 804000 735000 752000 892000 760000 319000 299000 296000 296000 295000 295000 296000 294000 293000 295000 294000 293000 17232000 16538000 7128000 5415000 1481000 314000 318000 497000 312000 2051000 1351000 749000 687000 4763000 314000 298000 296000 295000 297000 295000 346000 299000 298000 297000 295000 294000 295000 296000 295000 295000 295000 295000 293000 294000 294000 293000 293000 295000 292000 294000 381000 303000 297000 298000 297000 296000 294000 293000 294000 16353000 330000 61415000 332000 302000 299000 300000 298000 299000 294000 295000 370000 302000 297000 297000 294000 14396000 20632000 14134000 14226000 9039000 310000 298000 297000 297000 300000 303000 296000 332000 306000 301000 366000 302000 308000 299000 295000 295000 295000 293000 295000 296000 295000 295000 301000 295000 294000 295000 293000 300000 294000 296000 369000 303000 298000 297000 296000 314000 297000 296000 294000 295000 295000 294000 296000 296000 305000 299000 294000 293000 293000 297000 336000 296000 294000 296000 295000 292000 293000 296000 295000 295000 294000 294000 295000 19621000 323000 16015000 320000 298000 295000 295000 3450000 18497000 32698000 339000 302000 300000 297000 297000 295000 296000 309000 298000 295000 294000 295000 295000 293000 295000 295000 295000 372000 304000 299000 299000 299000 295000 296000 295000 293000 295000 293000 292000 295000 295000 293000 294000 298000 298000 293000 295000 385000 304000 301000 300000 300000 298000 297000 295000 295000 295000 294000 294000 293000 294000 293000 294000 317000 299000 294000 294000 381000 303000 298000 37413000 8640000 319000 300000 298000 299000 295000 295000 296000 295000 294000 293000 297000 315000 298000 296000 296000 359000 300000 296000 295000 296000 294000 296000 295000 310000 296000 296000 295000 294000 298000 13695000 755000 8670000 307000 298000 296000 378000 301000 298000 299000 298000 296000 39247000 719000 11233000 921000 753000 712000 677000 676000 645000 342000 390000 417000 1505000 305000 394000 324000 304000 298000 297000 295000 296000 297000 295000 295000 294000 295000 294000 299000 296000 294000 295000 296000 296000 295000 18053000 1453000 1300000 321000 302000 298000 295000 296000 296000 296000 296000 298000 297000 296000 295000 293000 297000 296000 299000 298000 369000 302000 299000 296000 299000 313000 299000 295000 293000 293000 296000 294000 293000 295000 293000 295000 295000 299000 295000 294000 331000 298000 295000 295000 297000 296000 294000 294000 296000 296000 296000 295000 296000 294000 300000 303000 295000 294000 305000 295000 810000 2812000 888000 927000 791000 1218000 707000 677000 1842000 365000 302000 299000 296000 295000 294000 296000 741000 345000 302000 296000 374000 302000 299000 297000 300000 302000 297000 295000 297000 296000 295000 294000 298000 294000 295000 294000 295000 5035000 327000 302000 383000 306000 300000 301000 299000 296000 296000 362000 298000 296000 295000 295000 294000 294000 298000 315000 310000 308000 313000 301000 364000 302000 298000 297000 296000 296000 296000 298000 296000 296000 298000 295000 123944000 319000 299000 297000 297000 296000 295000 296000 388000 303000 301000 297000 298000 297000 295000 298000 295000 301000 295000 294000 309000 298000 293000 293000 293000 14355000 6824000 560000 1048000 764000 11161000 12921000 10290000 448000 307000 307000 297000 295000 295000 294000 296000 296000 294000 295000 293000 295000 294000 294000 7033000 314000 300000 297000 295000 298000 2500000 308000 297000 295000 294000 334000 3092000 828000 448000 307000 299000 298000 300000 297000 810000 683000 1661000 15956000 715000 28558000 346000 300000 299000 297000 296000 295000 294000 293000 293000 293000 293000 294000 293000 293000 369000 301000 306000 301000 298000 297000 295000 296000 294000 293000 295000 310000 296000 294000 295000 294000 295000 296000 294000 299000 377000 302000 297000 43892000 2243000 12299000 11261000 348000 5550000 723000 534000 905000 314000 299000 296000 5436000 3632000 318000 302000 310000 388000 308000 303000 320000 299000 296000 295000 296000 297000 295000 294000 295000 294000 296000 297000 296000 295000 297000 296000 296000 344000 300000 311000 296000 295000 296000 295000 295000 297000 295000 293000 295000 293000 295000 293000 296000 295000 296000 293000 294000 380000 303000 298000 298000 295000 316000 298000 295000 292000 294000 294000 302000 297000 294000 294000 294000 294000 295000 294000 294000 381000 305000 303000 299000 297000 299000 297000 294000 294000 295000 293000 298000 304000 295000 295000 296000 293000 295000 295000 294000 373000 306000 295000 296000 298000 294000 312000 295000 293000 293000 293000 295000 294000 293000 298000 295000 293000 295000 293000 293000 378000 302000 299000 296000 296000 296000 296000 296000 295000 295000 294000 295000 295000 299000 296000 293000 294000 294000 294000 293000 18939000 15606000 323000 299000 296000 296000 295000 296000 295000 295000 765000 309000 297000 297000 296000 293000 295000 296000 295000 294000 387000 307000 298000 298000 320000 299000 296000 297000 297000 297000 299000 297000 297000 300000 298000 298000 297000 301000 301000 298000 372000 303000 294000 297000 295000 295000 295000 293000 293000 294000 293000 293000 292000 294000 293000 293000 294000 295000 315000 299000 375000 303000 300000 300000 297000 296000 295000 294000 300000 296000 298000 294000 295000 293000 292000 313000 295000 294000 293000 34790000) (minNs . 292000) (p50Ns . 296000) (p95Ns . 5213000) (maxNs . 123944000) (target_total . 950us) (regression_budget . 1050us) (expected_over_input_budget . 1000us) (targetRationale . "Measure index construction and demanded two-hop relation composition together over 512 source pairs.") (measurementPhases baseline-projection candidate-projection assert-semantic-gate assert-time-gate observe-runtime-memory) (status . fail)) 
--- continuation backtrace:
[0] error                                                                                                                                                                   
[1] (interaction)                                                                                                                                                           "t/scenarios/performance/ascent-table-expression/scenario.ss"@57:7-58:32                                                                                                     (error "ASCENT relation projection exceeded the benchmark budget" #:candidate-receipt2146)
[2] ##load                                                                                                                                                                  
[3] ##load                                                                                                                                                                  
[4] core/observability/debug#call-with-poo-flow-debug-memory-case-watchdog__%                                                                                               
[5] ##call-with-values                                                                                                                                                      
[6] std/test/base#__test-case!                                                                                                                                                                                                                                                                                                                           ((let () (declare (not safe)) (##unchecked-structure-ref _%tc499784%_ '6 '#f '#f)))
[7] std/test/base#__test-suite!                                                                                                                                                                                                                                                                                                                          (##call-with-current-continuation __tmp242471)
[8] std/test/base#__test-suite!                                                                                                                                                                                                                                                                                                                          (##for-each __tmp242470 __tmp242469)
[9] std/test/base#__test-suite!                                                                                                                                                                                                                                                                                                                          (##for-each __tmp242470 __tmp242469)
...
[13] std/test/base#__test-harness!                                                                                                                                                                                                                                                                                                                       (##call-with-current-continuation __tmp242457)
[14] std/test/base#__test-harness!                                                                                                                                                                                                                                                                                                                       (##for-each __tmp242456 __tmp242455)
[15] std/test/base#__test-harness!                                                                                                                                                                                                                                                                                                                       (##for-each __tmp242456 __tmp242455)
[16] gerbil/tools/gxtest#gxtest-main                                                                                                                                        
[test-lane] RUNNING exclusive (75s)
[test-lane] RUNNING exclusive (75s)
[test-lane] END exclusive exit=0
error: recipe `test-file` failed with exit code 1
[ascent-ss] FAIL ascent-table-expression (79s, exit=1)
error: recipe `_performance-scenario` failed with exit code 1
Traceback (most recent call last):
  File "/Users/guangtao/ghq/github.com/tao3k/gerbil-ascent/tools/performance_execution.py", line 148, in <module>
    main()
    ~~~~^^
  File "/Users/guangtao/ghq/github.com/tao3k/gerbil-ascent/tools/performance_execution.py", line 143, in main
    run(['just', '_performance-scenario', target], environment)
    ~~~^^^^^^^^^^^^^^^^^^^^^^^^^^^^^^^^^^^^^^^^^^^^^^^^^^^^^^^^
  File "/Users/guangtao/ghq/github.com/tao3k/gerbil-ascent/tools/performance_execution.py", line 53, in run
    return subprocess.run(command, cwd=ROOT, env=environment,
           ~~~~~~~~~~~~~~^^^^^^^^^^^^^^^^^^^^^^^^^^^^^^^^^^^^
                          pass_fds=(descriptor,), check=True)
                          ^^^^^^^^^^^^^^^^^^^^^^^^^^^^^^^^^^^
  File "/nix/store/6chc08n3zaqs22bv5wylgpmh85h7ykn6-python3-3.13.12-env/lib/python3.13/subprocess.py", line 577, in run
    raise CalledProcessError(retcode, process.args,
                             output=stdout, stderr=stderr)
subprocess.CalledProcessError: Command '['just', '_performance-scenario', 'ascent-table-expression']' returned non-zero exit status 1.
[test-lane] END exclusive exit=1
error: recipe `performance-scenario` failed on line 239 with exit code 1
