python3 tools/test_execution.py run -- python3 tools/performance_execution.py "ascent-reachability-closure"
[native-performance] REUSE verified snapshot /Users/guangtao/ghq/github.com/tao3k/gerbil-ascent/.gerbil/performance-execution/snapshot-alldtgok/snapshot.json
[ascent-ss] START ascent-reachability-closure (1000 samples)
[ascent-test] START t/performance/ascent-scenario-performance-test.ss
HARNESS ("t/performance/ascent-scenario-performance-test.ss")
MODULE t/performance/ascent-scenario-performance-test.ss
SUITE ASCENT SS scenario
CASE bounded scenario
NATIVE-MODULES-OK
[test-lane] RUNNING exclusive (5s)
[gerbil-ascent-benchmark] ascent-reachability-closure p95=83us pairs=190 semanticEquivalent=#t
CASE-OK bounded scenario
SUITE-OK ASCENT SS scenario
MODULE-OK t/performance/ascent-scenario-performance-test.ss
HARNESS-OK ("t/performance/ascent-scenario-performance-test.ss")
OK
[test-lane] RUNNING exclusive (5s)
[test-lane] END exclusive exit=0
[ascent-test] PASS t/performance/ascent-scenario-performance-test.ss (6s)
[ascent-ss] PASS ascent-reachability-closure (6s)
[test-lane] END exclusive exit=0
