[test-lane] START exclusive python3
[native-performance] REUSE verified snapshot /Users/guangtao/ghq/github.com/tao3k/gerbil-ascent/t/qualification/asp-v0122/production-snapshot.json
START recheck-ascent-table-expression
[test-lane] RUNNING exclusive (5s)
RUNNING recheck-ascent-table-expression
[test-lane] RUNNING exclusive (10s)
RUNNING recheck-ascent-table-expression
[test-lane] RUNNING exclusive (15s)
RUNNING recheck-ascent-table-expression
[test-lane] RUNNING exclusive (20s)
RUNNING recheck-ascent-table-expression
[test-lane] RUNNING exclusive (25s)
RUNNING recheck-ascent-table-expression
[test-lane] RUNNING exclusive (30s)
RUNNING recheck-ascent-table-expression
[test-lane] RUNNING exclusive (35s)
RUNNING recheck-ascent-table-expression
[test-lane] RUNNING exclusive (40s)
RUNNING recheck-ascent-table-expression
[test-lane] RUNNING exclusive (45s)
RUNNING recheck-ascent-table-expression
{'name': 'recheck-ascent-table-expression', 'exit': 0, 'seconds': 47.11841062500025}
[test-lane] END exclusive exit=0
