START recheck-production
RUNNING recheck-production
RUNNING recheck-production
RUNNING recheck-production
RUNNING recheck-production
RUNNING recheck-production
RUNNING recheck-production
RUNNING recheck-production
RUNNING recheck-production
RUNNING recheck-production
{'name': 'recheck-production', 'exit': 0, 'seconds': 48.537993207995896}
START functional-suite
RUNNING functional-suite
RUNNING functional-suite
RUNNING functional-suite
RUNNING functional-suite
RUNNING functional-suite
RUNNING functional-suite
RUNNING functional-suite
RUNNING functional-suite
RUNNING functional-suite
RUNNING functional-suite
RUNNING functional-suite
RUNNING functional-suite
RUNNING functional-suite
RUNNING functional-suite
RUNNING functional-suite
RUNNING functional-suite
RUNNING functional-suite
RUNNING functional-suite
RUNNING functional-suite
RUNNING functional-suite
RUNNING functional-suite
RUNNING functional-suite
RUNNING functional-suite
RUNNING functional-suite
RUNNING functional-suite
RUNNING functional-suite
RUNNING functional-suite
RUNNING functional-suite
RUNNING functional-suite
RUNNING functional-suite
RUNNING functional-suite
RUNNING functional-suite
RUNNING functional-suite
RUNNING functional-suite
RUNNING functional-suite
RUNNING functional-suite
RUNNING functional-suite
RUNNING functional-suite
RUNNING functional-suite
{'name': 'functional-suite', 'exit': 0, 'seconds': 198.40701166600047}
VERIFIED 48 modules 373 Cases
