python3 tools/test_execution.py run -- python3 tools/performance_execution.py "ascent-binary-program"
[native-performance] REUSE verified snapshot /Users/guangtao/ghq/github.com/tao3k/gerbil-ascent/.gerbil/performance-execution/snapshot-n74pemwa/snapshot.json
[ascent-test] START t/performance/ascent-binary-program-performance-test.ss
[test-lane] RUNNING exclusive (5s)
[test-lane] RUNNING exclusive (5s)
HARNESS ("t/performance/ascent-binary-program-performance-test.ss")
MODULE t/performance/ascent-binary-program-performance-test.ss
SUITE ASCENT Scheme binary program performance
CASE twenty-node chain within standard fixture
NATIVE-MODULES-OK
[test-lane] RUNNING exclusive (10s)
[test-lane] RUNNING exclusive (10s)
[gerbil-ascent-benchmark] ascent-binary-program p95=121us
CASE-OK twenty-node chain within standard fixture
SUITE-OK ASCENT Scheme binary program performance
MODULE-OK t/performance/ascent-binary-program-performance-test.ss
HARNESS-OK ("t/performance/ascent-binary-program-performance-test.ss")
OK
[test-lane] RUNNING exclusive (15s)
[test-lane] RUNNING exclusive (15s)
[test-lane] END exclusive exit=0
[ascent-test] PASS t/performance/ascent-binary-program-performance-test.ss (16s)
[test-lane] END exclusive exit=0
