python3 tools/test_execution.py run -- python3 tools/performance_execution.py "ascent-byods-trrel"
[native-performance] REUSE verified snapshot /Users/guangtao/ghq/github.com/tao3k/gerbil-ascent/.gerbil/performance-execution/snapshot-n74pemwa/snapshot.json
[ascent-ss] START ascent-byods-trrel (1000 samples)
[ascent-test] START t/performance/ascent-scenario-performance-test.ss
[test-lane] RUNNING exclusive (5s)
[test-lane] RUNNING exclusive (5s)
HARNESS ("t/performance/ascent-scenario-performance-test.ss")
MODULE t/performance/ascent-scenario-performance-test.ss
SUITE ASCENT SS scenario
CASE bounded scenario
NATIVE-MODULES-OK
[test-lane] RUNNING exclusive (10s)
[ascent-ss] RUNNING ascent-byods-trrel (10s)
[test-lane] RUNNING exclusive (10s)
[test-lane] RUNNING exclusive (15s)
[test-lane] RUNNING exclusive (15s)
[test-lane] RUNNING exclusive (20s)
[ascent-ss] RUNNING ascent-byods-trrel (20s)
[test-lane] RUNNING exclusive (20s)
[test-lane] RUNNING exclusive (25s)
[test-lane] RUNNING exclusive (25s)
[test-lane] RUNNING exclusive (30s)
[gerbil-ascent-benchmark] ascent-byods-tr p95=389us semanticEquivalent=#t
[ascent-ss] RUNNING ascent-byods-trrel (30s)
[test-lane] RUNNING exclusive (30s)
[test-lane] RUNNING exclusive (35s)
[test-lane] RUNNING exclusive (35s)
[test-lane] RUNNING exclusive (40s)
[ascent-ss] RUNNING ascent-byods-trrel (40s)
[test-lane] RUNNING exclusive (40s)
[gerbil-ascent-benchmark] ascent-byods-uf p95=435us semanticEquivalent=#t
[test-lane] RUNNING exclusive (45s)
[test-lane] RUNNING exclusive (45s)
[test-lane] RUNNING exclusive (50s)
[ascent-ss] RUNNING ascent-byods-trrel (50s)
[test-lane] RUNNING exclusive (50s)
[test-lane] RUNNING exclusive (55s)
[test-lane] RUNNING exclusive (55s)
[gerbil-ascent-benchmark] ascent-byods-tr-ring p95=109us semanticEquivalent=#t
[test-lane] RUNNING exclusive (60s)
[ascent-ss] RUNNING ascent-byods-trrel (60s)
[test-lane] RUNNING exclusive (60s)
[test-lane] RUNNING exclusive (65s)
[test-lane] RUNNING exclusive (65s)
[gerbil-ascent-benchmark] ascent-byods-uf-ring p95=126us semanticEquivalent=#t
CASE-OK bounded scenario
SUITE-OK ASCENT SS scenario
MODULE-OK t/performance/ascent-scenario-performance-test.ss
HARNESS-OK ("t/performance/ascent-scenario-performance-test.ss")
OK
[test-lane] RUNNING exclusive (70s)
[ascent-ss] RUNNING ascent-byods-trrel (70s)
[test-lane] RUNNING exclusive (70s)
[test-lane] END exclusive exit=0
[ascent-test] PASS t/performance/ascent-scenario-performance-test.ss (74s)
[ascent-ss] PASS ascent-byods-trrel (75s)
[test-lane] RUNNING exclusive (75s)
[test-lane] END exclusive exit=0
