python3 tools/test_execution.py run -- python3 tools/performance_execution.py "ascent-var-points-to"
[native-performance] REUSE verified snapshot /Users/guangtao/ghq/github.com/tao3k/gerbil-ascent/.gerbil/performance-execution/snapshot-n74pemwa/snapshot.json
[ascent-ss] START ascent-var-points-to (1000 samples)
[ascent-test] START t/performance/ascent-scenario-performance-test.ss
[test-lane] RUNNING exclusive (5s)
[test-lane] RUNNING exclusive (5s)
HARNESS ("t/performance/ascent-scenario-performance-test.ss")
MODULE t/performance/ascent-scenario-performance-test.ss
SUITE ASCENT SS scenario
CASE bounded scenario
NATIVE-MODULES-OK
[test-lane] RUNNING exclusive (10s)
[ascent-ss] RUNNING ascent-var-points-to (10s)
[test-lane] RUNNING exclusive (10s)
[gerbil-ascent-benchmark] ascent-var-points-to p95=69us semanticEquivalent=#t
CASE-OK bounded scenario
SUITE-OK ASCENT SS scenario
MODULE-OK t/performance/ascent-scenario-performance-test.ss
HARNESS-OK ("t/performance/ascent-scenario-performance-test.ss")
OK
[test-lane] RUNNING exclusive (15s)
[test-lane] RUNNING exclusive (15s)
[test-lane] END exclusive exit=0
[ascent-test] PASS t/performance/ascent-scenario-performance-test.ss (16s)
[ascent-ss] PASS ascent-var-points-to (17s)
[test-lane] END exclusive exit=0
