python3 tools/test_execution.py run -- python3 tools/performance_execution.py "ascent-upstream-examples"
[native-performance] REUSE verified snapshot /Users/guangtao/ghq/github.com/tao3k/gerbil-ascent/.gerbil/performance-execution/snapshot-n74pemwa/snapshot.json
[ascent-ss] START ascent-upstream-examples (1000 samples)
[ascent-test] START t/performance/ascent-scenario-performance-test.ss
[test-lane] RUNNING exclusive (5s)
[test-lane] RUNNING exclusive (5s)
HARNESS ("t/performance/ascent-scenario-performance-test.ss")
MODULE t/performance/ascent-scenario-performance-test.ss
SUITE ASCENT SS scenario
CASE bounded scenario
NATIVE-MODULES-OK
[test-lane] RUNNING exclusive (10s)
[ascent-ss] RUNNING ascent-upstream-examples (10s)
[test-lane] RUNNING exclusive (10s)
[gerbil-ascent-benchmark] ascent-fibonacci p95=62us semanticEquivalent=#t
[test-lane] RUNNING exclusive (15s)
[test-lane] RUNNING exclusive (15s)
[gerbil-ascent-benchmark] ascent-context-flow p95=88us semanticEquivalent=#t
CASE-OK bounded scenario
SUITE-OK ASCENT SS scenario
MODULE-OK t/performance/ascent-scenario-performance-test.ss
HARNESS-OK ("t/performance/ascent-scenario-performance-test.ss")
OK
[test-lane] RUNNING exclusive (20s)
[ascent-ss] RUNNING ascent-upstream-examples (20s)
[test-lane] RUNNING exclusive (20s)
[test-lane] END exclusive exit=0
[ascent-test] PASS t/performance/ascent-scenario-performance-test.ss (20s)
[ascent-ss] PASS ascent-upstream-examples (21s)
[test-lane] END exclusive exit=0
