python3 tools/test_execution.py run -- python3 tools/performance_execution.py "ascent-table-expression"
[native-performance] REUSE verified snapshot /Users/guangtao/ghq/github.com/tao3k/gerbil-ascent/.gerbil/performance-execution/snapshot-n74pemwa/snapshot.json
[ascent-ss] START ascent-table-expression (1000 samples)
[ascent-test] START t/performance/ascent-scenario-performance-test.ss
[test-lane] RUNNING exclusive (5s)
[test-lane] RUNNING exclusive (5s)
HARNESS ("t/performance/ascent-scenario-performance-test.ss")
MODULE t/performance/ascent-scenario-performance-test.ss
SUITE ASCENT SS scenario
CASE bounded scenario
NATIVE-MODULES-OK
[test-lane] RUNNING exclusive (10s)
[ascent-ss] RUNNING ascent-table-expression (10s)
[test-lane] RUNNING exclusive (10s)
[test-lane] RUNNING exclusive (15s)
[test-lane] RUNNING exclusive (15s)
[test-lane] RUNNING exclusive (20s)
[ascent-ss] RUNNING ascent-table-expression (20s)
[test-lane] RUNNING exclusive (20s)
[test-lane] RUNNING exclusive (25s)
[test-lane] RUNNING exclusive (25s)
[test-lane] RUNNING exclusive (30s)
[ascent-ss] RUNNING ascent-table-expression (30s)
[test-lane] RUNNING exclusive (30s)
[test-lane] RUNNING exclusive (35s)
[test-lane] RUNNING exclusive (35s)
[test-lane] RUNNING exclusive (40s)
[ascent-ss] RUNNING ascent-table-expression (40s)
[test-lane] RUNNING exclusive (40s)
[test-lane] RUNNING exclusive (45s)
[test-lane] RUNNING exclusive (45s)
[test-lane] RUNNING exclusive (50s)
[ascent-ss] RUNNING ascent-table-expression (50s)
[test-lane] RUNNING exclusive (50s)
[test-lane] RUNNING exclusive (55s)
[test-lane] RUNNING exclusive (55s)
[test-lane] RUNNING exclusive (60s)
[ascent-ss] RUNNING ascent-table-expression (60s)
[test-lane] RUNNING exclusive (60s)
[test-lane] RUNNING exclusive (65s)
[test-lane] RUNNING exclusive (65s)
[test-lane] RUNNING exclusive (70s)
[ascent-ss] RUNNING ascent-table-expression (70s)
[test-lane] RUNNING exclusive (70s)
[test-lane] RUNNING exclusive (75s)
[test-lane] RUNNING exclusive (75s)
[test-lane] RUNNING exclusive (80s)
[ascent-ss] RUNNING ascent-table-expression (80s)
[test-lane] RUNNING exclusive (80s)
[test-lane] RUNNING exclusive (85s)
[test-lane] RUNNING exclusive (85s)
[test-lane] RUNNING exclusive (90s)
ERROR CASE bounded scenario

*** ERROR IN ? [Error]: ASCENT relation projection exceeded the benchmark budget
--- irritants: ((benchmarkKind . scenario-e2e) (rule . GERBIL-SCHEME-AGENT-R031) (feature . ascent-table-expression) (optimizationFocus . "optimized Scheme module with official UIntTrieSet foldl input, local vector adjacency, bounded byte-vector deduplication, and canonical list-sort output") (inputShape . "256 vertices with two outgoing edges each, encoded as 512 bounded binary pairs") (expectedOutcome . "one- and two-hop relation projection has 1024 distinct pairs") (timingSource . ":std/time/precise#current-time-precise") (elapsedNs . 3768000) (elapsed . "3.768ms") (admissionStatistic . p95) (runtimeStats (timingSource . ":std/time/precise#current-time-precise") (memorySource . ":gerbil/runtime/gambit###process-statistics") (gcPrecondition . ":gerbil/runtime/gambit###gc") (memoryBefore (gc-heap-size . 318467472) (gc-alloc . 36823617008) (gc-live . 138308048) (gc-movable . 132316224) (gc-still . 5991824)) (memoryAfter (gc-heap-size . 318467472) (gc-alloc . 36823617008) (gc-live . 138308048) (gc-movable . 132316224) (gc-still . 5991824)) (memoryDelta (gc-heap-size . 0) (gc-alloc . 0) (gc-live . 0) (gc-movable . 0) (gc-still . 0))) (max_total . 2000us) (sampleCount . 1000) (samplesNs 451000 385000 377000 383000 379000 381000 379000 377000 379000 376000 378000 378000 378000 377000 376000 375000 375000 389000 379000 376000 407000 375000 373000 372000 371000 370000 372000 389000 371000 371000 373000 372000 371000 370000 372000 375000 371000 368000 369000 370000 884000 770000 766000 1324000 413000 383000 379000 376000 374000 373000 376000 382000 1336000 388000 380000 2619000 791000 761000 3302000 393000 436000 380000 373000 396000 380000 377000 377000 373000 371000 371000 373000 371000 370000 371000 370000 372000 370000 371000 370000 370000 431000 362000 355000 357000 358000 360000 22410000 16799000 913000 39942000 380000 362000 357000 355000 356000 354000 356000 356000 355000 353000 425000 364000 359000 357000 356000 354000 356000 355000 354000 354000 355000 356000 356000 40415000 803000 8369000 27706000 416000 363000 356000 425000 363000 357000 356000 355000 354000 370000 356000 353000 354000 358000 355000 354000 354000 354000 353000 353000 355000 354000 356000 427000 365000 357000 1242000 379000 2834000 375000 360000 358000 355000 367000 507000 2921000 1936000 376000 346000 359000 342000 339000 340000 428000 362000 358000 356000 355000 360000 363000 357000 357000 361000 354000 358000 364000 354000 355000 354000 356000 356000 355000 355000 406000 358000 356000 353000 354000 353000 353000 355000 353000 355000 352000 352000 352000 365000 356000 353000 353000 356000 359000 355000 433000 364000 358000 374000 355000 356000 358000 358000 353000 355000 356000 354000 13850000 370000 356000 356000 353000 358000 356000 357000 412000 363000 359000 356000 355000 354000 356000 355000 7625000 701000 373000 360000 357000 358000 354000 356000 355000 358000 355000 356000 426000 364000 358000 356000 356000 356000 356000 355000 356000 354000 355000 353000 356000 373000 363000 355000 356000 352000 353000 355000 429000 367000 361000 358000 72821000 384000 361000 358000 377000 358000 13272000 19889000 871000 2001000 376000 360000 358000 357000 358000 356000 433000 363000 357000 357000 355000 356000 354000 356000 359000 356000 356000 356000 354000 355000 353000 355000 356000 356000 377000 363000 426000 363000 359000 359000 356000 356000 355000 355000 356000 2524000 27386000 382000 706000 950000 3829000 1101000 978000 814000 370000 360000 421000 365000 380000 852000 1096000 999000 385000 375000 376000 383000 379000 379000 380000 377000 1495000 386000 384000 379000 378000 378000 442000 864000 387000 670000 1014000 741000 394000 377000 375000 377000 496000 634000 390000 374000 375000 373000 372000 376000 372000 370000 427000 409000 388000 375000 375000 388000 373000 374000 373000 371000 382000 19136000 1055000 1663000 690000 391000 374000 372000 1112000 939000 445000 383000 375000 373000 808000 885000 398000 374000 374000 373000 372000 369000 371000 372000 369000 370000 370000 381000 379000 382000 420000 374000 372000 373000 370000 370000 372000 369000 386000 371000 380000 378000 377000 376000 375000 377000 380000 374000 378000 373000 434000 378000 374000 372000 371000 371000 371000 370000 374000 371000 387000 41746000 1003000 1139000 483000 394000 381000 376000 375000 871000 854000 4211000 1600000 866000 740000 397000 395000 376000 376000 372000 371000 372000 371000 373000 370000 372000 380000 378000 378000 384000 442000 378000 375000 374000 7744000 1483000 966000 5888000 403000 1971000 561000 32842000 3768000 20917000 841000 1719000 858000 874000 795000 824000 475000 180914000 17419000 617000 381000 361000 360000 356000 376000 359000 356000 354000 355000 354000 363000 361000 360000 360000 367000 362000 442000 363000 357000 356000 380000 359000 354000 356000 357000 355000 373000 362000 365000 360000 361000 360000 415000 359000 360000 362000 426000 355000 351000 347000 344000 343000 339000 341000 340000 340000 350000 347000 347000 14646000 24395000 30361000 8980000 372000 358000 358000 425000 366000 358000 354000 357000 359000 354000 360000 8632000 1064000 537000 372000 461000 4169000 391000 1168000 2758000 1036000 370000 367000 550000 451000 12936000 408000 1096000 756000 377000 359000 357000 358000 355000 353000 355000 353000 355000 353000 354000 353000 366000 364000 431000 362000 356000 356000 355000 356000 354000 356000 353000 354000 364000 363000 358000 363000 361000 362000 360000 361000 358000 362000 417000 383000 361000 360000 356000 357000 356000 355000 355000 361000 363000 360000 360000 359000 358000 360000 361000 360000 362000 362000 4116000 389000 360000 358000 359000 357000 2718000 780000 761000 1331000 15556000 3631000 2432000 2126000 777000 790000 899000 843000 953000 794000 445000 380000 375000 374000 373000 370000 373000 374000 374000 370000 385000 380000 379000 378000 6903000 794000 9689000 414000 378000 41748000 459000 34739000 389000 376000 376000 374000 372000 373000 371000 370000 379000 379000 377000 390000 384000 379000 379000 374000 375000 375000 442000 381000 385000 377000 380000 374000 372000 371000 372000 370000 386000 376000 376000 387000 379000 375000 375000 375000 374000 374000 460000 381000 1125000 1037000 3529000 395000 377000 373000 373000 375000 376000 372000 377000 371000 371000 373000 370000 370000 371000 370000 757000 396000 368000 362000 362000 360000 359000 358000 370000 366000 364000 373000 6405000 455000 988000 500000 365000 737000 2034000 372000 423000 361000 357000 357000 355000 356000 416000 1242000 406000 360000 373000 356000 358000 442000 371000 357000 357000 356000 357000 354000 425000 361000 358000 354000 355000 356000 354000 355000 375000 355000 362000 360000 360000 363000 360000 358000 360000 358000 363000 361000 420000 361000 360000 355000 355000 353000 356000 356000 373000 371000 381000 378000 376000 378000 381000 407000 378000 378000 373000 375000 424000 361000 356000 357000 356000 356000 2141000 2106000 356000 356000 371000 354000 352000 354000 356000 2257000 402000 705000 1393000 380000 439000 379000 373000 374000 372000 374000 370000 371000 370000 371000 384000 378000 376000 375000 375000 379000 395000 377000 378000 13438000 417000 374000 373000 371000 371000 372000 371000 370000 369000 371000 380000 382000 374000 376000 604000 395000 375000 373000 662000 773000 444000 378000 374000 374000 372000 372000 372000 390000 371000 370000 380000 375000 376000 379000 375000 377000 379000 381000 376000 376000 980000 545000 376000 369000 374000 372000 374000 372000 372000 378000 378000 377000 376000 371000 370000 3605000 468000 383000 390000 377000 995000 383000 367000 5923000 71133000 392000 358000 3591000 777000 3192000 373000 462000 374000 2155000 25046000 386000 360000 361000 358000 358000 439000 361000 356000 356000 357000 357000 354000 807000 371000 359000 6225000 369000 360000 11050000 368000 359000 359000 356000 356000 1051000 417000 350000 2536000 19042000 5321000 354000 341000 368000 4442000 349000 344000 16871000 918000 765000 527000 424000 814000 629000 368000 350000 29940000 4624000 2702000 807000 354000 476000 336000 336000 331000 329000 1929000 352000 332000 330000 330000 331000 328000 391000 355000 333000 416000 349000 343000 344000 340000 341000 340000 1023000 495000 353000 345000 15400000 362000 9906000 374000 346000 343000 640000 1711000 785000) (minNs . 328000) (p50Ns . 372000) (p95Ns . 3768000) (maxNs . 180914000) (target_total . 950us) (regression_budget . 1050us) (expected_over_input_budget . 1000us) (targetRationale . "Measure index construction and demanded two-hop relation composition together over 512 source pairs.") (measurementPhases baseline-projection candidate-projection assert-semantic-gate assert-time-gate observe-runtime-memory) (status . fail)) 
--- continuation backtrace:
[0] error                                                                                                                                                                   
[1] (interaction)                                                                                                                                                           "t/scenarios/performance/ascent-table-expression/scenario.ss"@57:7-58:32                                                                                                     (error "ASCENT relation projection exceeded the benchmark budget" #:candidate-receipt2146)
[2] ##load                                                                                                                                                                  
[3] ##load                                                                                                                                                                  
[4] core/observability/debug#call-with-poo-flow-debug-memory-case-watchdog__%                                                                                               
[5] ##call-with-values                                                                                                                                                      
[6] std/test/base#__test-case!                                                                                                                                                                                                                                                                                                                           ((let () (declare (not safe)) (##unchecked-structure-ref _%tc499784%_ '6 '#f '#f)))
[7] std/test/base#__test-suite!                                                                                                                                                                                                                                                                                                                          (##call-with-current-continuation __tmp242471)
[8] std/test/base#__test-suite!                                                                                                                                                                                                                                                                                                                          (##for-each __tmp242470 __tmp242469)
[9] std/test/base#__test-suite!                                                                                                                                                                                                                                                                                                                          (##for-each __tmp242470 __tmp242469)
...
[13] std/test/base#__test-harness!                                                                                                                                                                                                                                                                                                                       (##call-with-current-continuation __tmp242457)
[14] std/test/base#__test-harness!                                                                                                                                                                                                                                                                                                                       (##for-each __tmp242456 __tmp242455)
[15] std/test/base#__test-harness!                                                                                                                                                                                                                                                                                                                       (##for-each __tmp242456 __tmp242455)
[16] gerbil/tools/gxtest#gxtest-main                                                                                                                                        
SUITE-OK ASCENT SS scenario
MODULE-OK t/performance/ascent-scenario-performance-test.ss
HARNESS-OK ("t/performance/ascent-scenario-performance-test.ss")
ERROR HARNESS (t/performance/ascent-scenario-performance-test.ss)
at HARNESS ("t/performance/ascent-scenario-performance-test.ss")
at MODULE t/performance/ascent-scenario-performance-test.ss
at SUITE ASCENT SS scenario
at CASE bounded scenario

*** ERROR IN ? [Error]: ASCENT relation projection exceeded the benchmark budget
--- irritants: ((benchmarkKind . scenario-e2e) (rule . GERBIL-SCHEME-AGENT-R031) (feature . ascent-table-expression) (optimizationFocus . "optimized Scheme module with official UIntTrieSet foldl input, local vector adjacency, bounded byte-vector deduplication, and canonical list-sort output") (inputShape . "256 vertices with two outgoing edges each, encoded as 512 bounded binary pairs") (expectedOutcome . "one- and two-hop relation projection has 1024 distinct pairs") (timingSource . ":std/time/precise#current-time-precise") (elapsedNs . 3768000) (elapsed . "3.768ms") (admissionStatistic . p95) (runtimeStats (timingSource . ":std/time/precise#current-time-precise") (memorySource . ":gerbil/runtime/gambit###process-statistics") (gcPrecondition . ":gerbil/runtime/gambit###gc") (memoryBefore (gc-heap-size . 318467472) (gc-alloc . 36823617008) (gc-live . 138308048) (gc-movable . 132316224) (gc-still . 5991824)) (memoryAfter (gc-heap-size . 318467472) (gc-alloc . 36823617008) (gc-live . 138308048) (gc-movable . 132316224) (gc-still . 5991824)) (memoryDelta (gc-heap-size . 0) (gc-alloc . 0) (gc-live . 0) (gc-movable . 0) (gc-still . 0))) (max_total . 2000us) (sampleCount . 1000) (samplesNs 451000 385000 377000 383000 379000 381000 379000 377000 379000 376000 378000 378000 378000 377000 376000 375000 375000 389000 379000 376000 407000 375000 373000 372000 371000 370000 372000 389000 371000 371000 373000 372000 371000 370000 372000 375000 371000 368000 369000 370000 884000 770000 766000 1324000 413000 383000 379000 376000 374000 373000 376000 382000 1336000 388000 380000 2619000 791000 761000 3302000 393000 436000 380000 373000 396000 380000 377000 377000 373000 371000 371000 373000 371000 370000 371000 370000 372000 370000 371000 370000 370000 431000 362000 355000 357000 358000 360000 22410000 16799000 913000 39942000 380000 362000 357000 355000 356000 354000 356000 356000 355000 353000 425000 364000 359000 357000 356000 354000 356000 355000 354000 354000 355000 356000 356000 40415000 803000 8369000 27706000 416000 363000 356000 425000 363000 357000 356000 355000 354000 370000 356000 353000 354000 358000 355000 354000 354000 354000 353000 353000 355000 354000 356000 427000 365000 357000 1242000 379000 2834000 375000 360000 358000 355000 367000 507000 2921000 1936000 376000 346000 359000 342000 339000 340000 428000 362000 358000 356000 355000 360000 363000 357000 357000 361000 354000 358000 364000 354000 355000 354000 356000 356000 355000 355000 406000 358000 356000 353000 354000 353000 353000 355000 353000 355000 352000 352000 352000 365000 356000 353000 353000 356000 359000 355000 433000 364000 358000 374000 355000 356000 358000 358000 353000 355000 356000 354000 13850000 370000 356000 356000 353000 358000 356000 357000 412000 363000 359000 356000 355000 354000 356000 355000 7625000 701000 373000 360000 357000 358000 354000 356000 355000 358000 355000 356000 426000 364000 358000 356000 356000 356000 356000 355000 356000 354000 355000 353000 356000 373000 363000 355000 356000 352000 353000 355000 429000 367000 361000 358000 72821000 384000 361000 358000 377000 358000 13272000 19889000 871000 2001000 376000 360000 358000 357000 358000 356000 433000 363000 357000 357000 355000 356000 354000 356000 359000 356000 356000 356000 354000 355000 353000 355000 356000 356000 377000 363000 426000 363000 359000 359000 356000 356000 355000 355000 356000 2524000 27386000 382000 706000 950000 3829000 1101000 978000 814000 370000 360000 421000 365000 380000 852000 1096000 999000 385000 375000 376000 383000 379000 379000 380000 377000 1495000 386000 384000 379000 378000 378000 442000 864000 387000 670000 1014000 741000 394000 377000 375000 377000 496000 634000 390000 374000 375000 373000 372000 376000 372000 370000 427000 409000 388000 375000 375000 388000 373000 374000 373000 371000 382000 19136000 1055000 1663000 690000 391000 374000 372000 1112000 939000 445000 383000 375000 373000 808000 885000 398000 374000 374000 373000 372000 369000 371000 372000 369000 370000 370000 381000 379000 382000 420000 374000 372000 373000 370000 370000 372000 369000 386000 371000 380000 378000 377000 376000 375000 377000 380000 374000 378000 373000 434000 378000 374000 372000 371000 371000 371000 370000 374000 371000 387000 41746000 1003000 1139000 483000 394000 381000 376000 375000 871000 854000 4211000 1600000 866000 740000 397000 395000 376000 376000 372000 371000 372000 371000 373000 370000 372000 380000 378000 378000 384000 442000 378000 375000 374000 7744000 1483000 966000 5888000 403000 1971000 561000 32842000 3768000 20917000 841000 1719000 858000 874000 795000 824000 475000 180914000 17419000 617000 381000 361000 360000 356000 376000 359000 356000 354000 355000 354000 363000 361000 360000 360000 367000 362000 442000 363000 357000 356000 380000 359000 354000 356000 357000 355000 373000 362000 365000 360000 361000 360000 415000 359000 360000 362000 426000 355000 351000 347000 344000 343000 339000 341000 340000 340000 350000 347000 347000 14646000 24395000 30361000 8980000 372000 358000 358000 425000 366000 358000 354000 357000 359000 354000 360000 8632000 1064000 537000 372000 461000 4169000 391000 1168000 2758000 1036000 370000 367000 550000 451000 12936000 408000 1096000 756000 377000 359000 357000 358000 355000 353000 355000 353000 355000 353000 354000 353000 366000 364000 431000 362000 356000 356000 355000 356000 354000 356000 353000 354000 364000 363000 358000 363000 361000 362000 360000 361000 358000 362000 417000 383000 361000 360000 356000 357000 356000 355000 355000 361000 363000 360000 360000 359000 358000 360000 361000 360000 362000 362000 4116000 389000 360000 358000 359000 357000 2718000 780000 761000 1331000 15556000 3631000 2432000 2126000 777000 790000 899000 843000 953000 794000 445000 380000 375000 374000 373000 370000 373000 374000 374000 370000 385000 380000 379000 378000 6903000 794000 9689000 414000 378000 41748000 459000 34739000 389000 376000 376000 374000 372000 373000 371000 370000 379000 379000 377000 390000 384000 379000 379000 374000 375000 375000 442000 381000 385000 377000 380000 374000 372000 371000 372000 370000 386000 376000 376000 387000 379000 375000 375000 375000 374000 374000 460000 381000 1125000 1037000 3529000 395000 377000 373000 373000 375000 376000 372000 377000 371000 371000 373000 370000 370000 371000 370000 757000 396000 368000 362000 362000 360000 359000 358000 370000 366000 364000 373000 6405000 455000 988000 500000 365000 737000 2034000 372000 423000 361000 357000 357000 355000 356000 416000 1242000 406000 360000 373000 356000 358000 442000 371000 357000 357000 356000 357000 354000 425000 361000 358000 354000 355000 356000 354000 355000 375000 355000 362000 360000 360000 363000 360000 358000 360000 358000 363000 361000 420000 361000 360000 355000 355000 353000 356000 356000 373000 371000 381000 378000 376000 378000 381000 407000 378000 378000 373000 375000 424000 361000 356000 357000 356000 356000 2141000 2106000 356000 356000 371000 354000 352000 354000 356000 2257000 402000 705000 1393000 380000 439000 379000 373000 374000 372000 374000 370000 371000 370000 371000 384000 378000 376000 375000 375000 379000 395000 377000 378000 13438000 417000 374000 373000 371000 371000 372000 371000 370000 369000 371000 380000 382000 374000 376000 604000 395000 375000 373000 662000 773000 444000 378000 374000 374000 372000 372000 372000 390000 371000 370000 380000 375000 376000 379000 375000 377000 379000 381000 376000 376000 980000 545000 376000 369000 374000 372000 374000 372000 372000 378000 378000 377000 376000 371000 370000 3605000 468000 383000 390000 377000 995000 383000 367000 5923000 71133000 392000 358000 3591000 777000 3192000 373000 462000 374000 2155000 25046000 386000 360000 361000 358000 358000 439000 361000 356000 356000 357000 357000 354000 807000 371000 359000 6225000 369000 360000 11050000 368000 359000 359000 356000 356000 1051000 417000 350000 2536000 19042000 5321000 354000 341000 368000 4442000 349000 344000 16871000 918000 765000 527000 424000 814000 629000 368000 350000 29940000 4624000 2702000 807000 354000 476000 336000 336000 331000 329000 1929000 352000 332000 330000 330000 331000 328000 391000 355000 333000 416000 349000 343000 344000 340000 341000 340000 1023000 495000 353000 345000 15400000 362000 9906000 374000 346000 343000 640000 1711000 785000) (minNs . 328000) (p50Ns . 372000) (p95Ns . 3768000) (maxNs . 180914000) (target_total . 950us) (regression_budget . 1050us) (expected_over_input_budget . 1000us) (targetRationale . "Measure index construction and demanded two-hop relation composition together over 512 source pairs.") (measurementPhases baseline-projection candidate-projection assert-semantic-gate assert-time-gate observe-runtime-memory) (status . fail)) 
--- continuation backtrace:
[0] error                                                                                                                                                                   
[1] (interaction)                                                                                                                                                           "t/scenarios/performance/ascent-table-expression/scenario.ss"@57:7-58:32                                                                                                     (error "ASCENT relation projection exceeded the benchmark budget" #:candidate-receipt2146)
[2] ##load                                                                                                                                                                  
[3] ##load                                                                                                                                                                  
[4] core/observability/debug#call-with-poo-flow-debug-memory-case-watchdog__%                                                                                               
[5] ##call-with-values                                                                                                                                                      
[6] std/test/base#__test-case!                                                                                                                                                                                                                                                                                                                           ((let () (declare (not safe)) (##unchecked-structure-ref _%tc499784%_ '6 '#f '#f)))
[7] std/test/base#__test-suite!                                                                                                                                                                                                                                                                                                                          (##call-with-current-continuation __tmp242471)
[8] std/test/base#__test-suite!                                                                                                                                                                                                                                                                                                                          (##for-each __tmp242470 __tmp242469)
[9] std/test/base#__test-suite!                                                                                                                                                                                                                                                                                                                          (##for-each __tmp242470 __tmp242469)
...
[13] std/test/base#__test-harness!                                                                                                                                                                                                                                                                                                                       (##call-with-current-continuation __tmp242457)
[14] std/test/base#__test-harness!                                                                                                                                                                                                                                                                                                                       (##for-each __tmp242456 __tmp242455)
[15] std/test/base#__test-harness!                                                                                                                                                                                                                                                                                                                       (##for-each __tmp242456 __tmp242455)
[16] gerbil/tools/gxtest#gxtest-main                                                                                                                                        
[ascent-ss] RUNNING ascent-table-expression (90s)
[test-lane] RUNNING exclusive (90s)
[test-lane] END exclusive exit=0
error: recipe `test-file` failed with exit code 1
[ascent-ss] FAIL ascent-table-expression (94s, exit=1)
error: recipe `_performance-scenario` failed with exit code 1
Traceback (most recent call last):
  File "/Users/guangtao/ghq/github.com/tao3k/gerbil-ascent/tools/performance_execution.py", line 148, in <module>
    main()
    ~~~~^^
  File "/Users/guangtao/ghq/github.com/tao3k/gerbil-ascent/tools/performance_execution.py", line 143, in main
    run(['just', '_performance-scenario', target], environment)
    ~~~^^^^^^^^^^^^^^^^^^^^^^^^^^^^^^^^^^^^^^^^^^^^^^^^^^^^^^^^
  File "/Users/guangtao/ghq/github.com/tao3k/gerbil-ascent/tools/performance_execution.py", line 53, in run
    return subprocess.run(command, cwd=ROOT, env=environment,
           ~~~~~~~~~~~~~~^^^^^^^^^^^^^^^^^^^^^^^^^^^^^^^^^^^^
                          pass_fds=(descriptor,), check=True)
                          ^^^^^^^^^^^^^^^^^^^^^^^^^^^^^^^^^^^
  File "/nix/store/6chc08n3zaqs22bv5wylgpmh85h7ykn6-python3-3.13.12-env/lib/python3.13/subprocess.py", line 577, in run
    raise CalledProcessError(retcode, process.args,
                             output=stdout, stderr=stderr)
subprocess.CalledProcessError: Command '['just', '_performance-scenario', 'ascent-table-expression']' returned non-zero exit status 1.
[test-lane] END exclusive exit=1
error: recipe `performance-scenario` failed on line 239 with exit code 1
