python3 tools/test_execution.py run -- python3 tools/performance_execution.py suite
[test-lane] START exclusive python3
[native-performance] BUILD modules=41 library=/Users/guangtao/ghq/github.com/tao3k/gerbil-ascent/.gerbil/performance-execution/snapshot-7lozxx_z/lib
[test-lane] RUNNING exclusive (5s)
... compile table/expression
... compile table/funs
... compile table/eqrel
... compile table/trrel
... compile program/aggregators
... compile program/graph
... compile program/analysis
... compile program/admission
... compile program/result
... compile candidate/closure
... compile candidate/types
... compile interface/request
[test-lane] RUNNING exclusive (10s)
[test-lane] RUNNING exclusive (15s)
... execute compile job (compile-file /Users/guangtao/ghq/github.com/tao3k/gerbil-ascent/.gerbil/performance-execution/snapshot-7lozxx_z/lib/gerbil-ascent/table/expression~0.scm)
... execute compile job (compile-file /Users/guangtao/ghq/github.com/tao3k/gerbil-ascent/.gerbil/performance-execution/snapshot-7lozxx_z/lib/gerbil-ascent/table/expression.scm)
... compile core/binary-program
... execute compile job (compile-file /Users/guangtao/ghq/github.com/tao3k/gerbil-ascent/.gerbil/performance-execution/snapshot-7lozxx_z/lib/gerbil-ascent/table/funs~0.scm)
... execute compile job (compile-file /Users/guangtao/ghq/github.com/tao3k/gerbil-ascent/.gerbil/performance-execution/snapshot-7lozxx_z/lib/gerbil-ascent/table/funs.scm)
... execute compile job (compile-file /Users/guangtao/ghq/github.com/tao3k/gerbil-ascent/.gerbil/performance-execution/snapshot-7lozxx_z/lib/gerbil-ascent/table/eqrel~0.scm)
... execute compile job (compile-file /Users/guangtao/ghq/github.com/tao3k/gerbil-ascent/.gerbil/performance-execution/snapshot-7lozxx_z/lib/gerbil-ascent/table/eqrel.scm)
... execute compile job (compile-file /Users/guangtao/ghq/github.com/tao3k/gerbil-ascent/.gerbil/performance-execution/snapshot-7lozxx_z/lib/gerbil-ascent/table/trrel~0.scm)
... execute compile job (compile-file /Users/guangtao/ghq/github.com/tao3k/gerbil-ascent/.gerbil/performance-execution/snapshot-7lozxx_z/lib/gerbil-ascent/table/trrel.scm)
... execute compile job (compile-file /Users/guangtao/ghq/github.com/tao3k/gerbil-ascent/.gerbil/performance-execution/snapshot-7lozxx_z/lib/gerbil-ascent/program/aggregators~0.scm)
... execute compile job (compile-file /Users/guangtao/ghq/github.com/tao3k/gerbil-ascent/.gerbil/performance-execution/snapshot-7lozxx_z/lib/gerbil-ascent/program/aggregators.scm)
... execute compile job (compile-file /Users/guangtao/ghq/github.com/tao3k/gerbil-ascent/.gerbil/performance-execution/snapshot-7lozxx_z/lib/gerbil-ascent/program/analysis~0.scm)
... execute compile job (compile-file /Users/guangtao/ghq/github.com/tao3k/gerbil-ascent/.gerbil/performance-execution/snapshot-7lozxx_z/lib/gerbil-ascent/program/analysis.scm)
... execute compile job (compile-file /Users/guangtao/ghq/github.com/tao3k/gerbil-ascent/.gerbil/performance-execution/snapshot-7lozxx_z/lib/gerbil-ascent/program/graph~0.scm)
... compile table/provider
... compile table/storage
... compile program/funs
... compile program/summary
... execute compile job (compile-file /Users/guangtao/ghq/github.com/tao3k/gerbil-ascent/.gerbil/performance-execution/snapshot-7lozxx_z/lib/gerbil-ascent/program/graph.scm)
... execute compile job (compile-file /Users/guangtao/ghq/github.com/tao3k/gerbil-ascent/.gerbil/performance-execution/snapshot-7lozxx_z/lib/gerbil-ascent/program/admission~0.scm)
... execute compile job (compile-file /Users/guangtao/ghq/github.com/tao3k/gerbil-ascent/.gerbil/performance-execution/snapshot-7lozxx_z/lib/gerbil-ascent/program/admission.scm)
... execute compile job (compile-file /Users/guangtao/ghq/github.com/tao3k/gerbil-ascent/.gerbil/performance-execution/snapshot-7lozxx_z/lib/gerbil-ascent/program/result~0.scm)
... execute compile job (compile-file /Users/guangtao/ghq/github.com/tao3k/gerbil-ascent/.gerbil/performance-execution/snapshot-7lozxx_z/lib/gerbil-ascent/program/result.scm)
... compile table/access
... compile program/positive
... compile table/interface
... compile program/types
... execute compile job (compile-file /Users/guangtao/ghq/github.com/tao3k/gerbil-ascent/.gerbil/performance-execution/snapshot-7lozxx_z/lib/gerbil-ascent/candidate/closure~0.scm)
... execute compile job (compile-file /Users/guangtao/ghq/github.com/tao3k/gerbil-ascent/.gerbil/performance-execution/snapshot-7lozxx_z/lib/gerbil-ascent/candidate/closure.scm)
... execute compile job (compile-file /Users/guangtao/ghq/github.com/tao3k/gerbil-ascent/.gerbil/performance-execution/snapshot-7lozxx_z/lib/gerbil-ascent/candidate/types~0.scm)
... execute compile job (compile-file /Users/guangtao/ghq/github.com/tao3k/gerbil-ascent/.gerbil/performance-execution/snapshot-7lozxx_z/lib/gerbil-ascent/candidate/types.scm)
... execute compile job (compile-file /Users/guangtao/ghq/github.com/tao3k/gerbil-ascent/.gerbil/performance-execution/snapshot-7lozxx_z/lib/gerbil-ascent/interface/request~0.scm)
... execute compile job (compile-file /Users/guangtao/ghq/github.com/tao3k/gerbil-ascent/.gerbil/performance-execution/snapshot-7lozxx_z/lib/gerbil-ascent/interface/request.scm)
... execute compile job (compile-file /Users/guangtao/ghq/github.com/tao3k/gerbil-ascent/.gerbil/performance-execution/snapshot-7lozxx_z/lib/gerbil-ascent/candidate/types~1.scm)
... execute compile job (compile-file /Users/guangtao/ghq/github.com/tao3k/gerbil-ascent/.gerbil/performance-execution/snapshot-7lozxx_z/lib/gerbil-ascent/core/binary-program~0.scm)
... execute compile job (compile-file /Users/guangtao/ghq/github.com/tao3k/gerbil-ascent/.gerbil/performance-execution/snapshot-7lozxx_z/lib/gerbil-ascent/core/binary-program.scm)
... execute compile job (compile-file /Users/guangtao/ghq/github.com/tao3k/gerbil-ascent/.gerbil/performance-execution/snapshot-7lozxx_z/lib/gerbil-ascent/table/provider~0.scm)
... execute compile job (compile-file /Users/guangtao/ghq/github.com/tao3k/gerbil-ascent/.gerbil/performance-execution/snapshot-7lozxx_z/lib/gerbil-ascent/table/provider.scm)
... execute compile job (compile-file /Users/guangtao/ghq/github.com/tao3k/gerbil-ascent/.gerbil/performance-execution/snapshot-7lozxx_z/lib/gerbil-ascent/table/storage~0.scm)
... execute compile job (compile-file /Users/guangtao/ghq/github.com/tao3k/gerbil-ascent/.gerbil/performance-execution/snapshot-7lozxx_z/lib/gerbil-ascent/program/summary~0.scm)
... compile program/objects
... execute compile job (compile-file /Users/guangtao/ghq/github.com/tao3k/gerbil-ascent/.gerbil/performance-execution/snapshot-7lozxx_z/lib/gerbil-ascent/program/summary.scm)
... execute compile job (compile-file /Users/guangtao/ghq/github.com/tao3k/gerbil-ascent/.gerbil/performance-execution/snapshot-7lozxx_z/lib/gerbil-ascent/program/funs~0.scm)
... compile program/planning
... compile program/scheme-checked
... compile program/syntax
[test-lane] RUNNING exclusive (20s)
... execute compile job (compile-file /Users/guangtao/ghq/github.com/tao3k/gerbil-ascent/.gerbil/performance-execution/snapshot-7lozxx_z/lib/gerbil-ascent/program/funs.scm)
... execute compile job (compile-file /Users/guangtao/ghq/github.com/tao3k/gerbil-ascent/.gerbil/performance-execution/snapshot-7lozxx_z/lib/gerbil-ascent/table/storage.scm)
... execute compile job (compile-file /Users/guangtao/ghq/github.com/tao3k/gerbil-ascent/.gerbil/performance-execution/snapshot-7lozxx_z/lib/gerbil-ascent/table/access~0.scm)
... execute compile job (compile-file /Users/guangtao/ghq/github.com/tao3k/gerbil-ascent/.gerbil/performance-execution/snapshot-7lozxx_z/lib/gerbil-ascent/table/access.scm)
... execute compile job (compile-file /Users/guangtao/ghq/github.com/tao3k/gerbil-ascent/.gerbil/performance-execution/snapshot-7lozxx_z/lib/gerbil-ascent/program/positive~0.scm)
... execute compile job (compile-file /Users/guangtao/ghq/github.com/tao3k/gerbil-ascent/.gerbil/performance-execution/snapshot-7lozxx_z/lib/gerbil-as[test-lane] RUNNING exclusive (25s)
cent/program/positive.scm)
... execute compile job (compile-file /Users/guangtao/ghq/github.com/tao3k/gerbil-ascent/.gerbil/performance-execution/snapshot-7lozxx_z/lib/gerbil-ascent/table/interface.scm)
... execute compile job (compile-file /Users/guangtao/ghq/github.com/tao3k/gerbil-ascent/.gerbil/performance-execution/snapshot-7lozxx_z/lib/gerbil-ascent/program/types~0.scm)
... execute compile job (compile-file /Users/guangtao/ghq/github.com/tao3k/gerbil-ascent/.gerbil/performance-execution/snapshot-7lozxx_z/lib/gerbil-ascent/program/types.scm)
... execute compile job (compile-file /Users/guangtao/ghq/github.com/tao3k/gerbil-ascent/.gerbil/performance-execution/snapshot-7lozxx_z/lib/gerbil-ascent/program/objects~0.scm)
... execute compile job (compile-file /Users/guangtao/ghq/github.com/tao3k/gerbil-ascent/.gerbil/performance-execution/snapshot-7lozxx_z/lib/gerbil-ascent/program/objects.scm)
... execute compile job (compile-file /Users/guangtao/ghq/github.com/tao3k/gerbil-ascent/.gerbil/performance-execution/snapshot-7lozxx_z/lib/gerbil-ascent/program/planning~0.scm)
... execute compile job (compile-file /Users/guangtao/ghq/github.com/tao3k/gerbil-ascent/.gerbil/performance-execution/snapshot-7lozxx_z/lib/gerbil-ascent/program/planning.scm)
... compile program/evaluate
... execute compile job (compile-file /Users/guangtao/ghq/github.com/tao3k/gerbil-ascent/.gerbil/performance-execution/snapshot-7lozxx_z/lib/gerbil-ascent/program/scheme-checked~0.scm)
... execute compile job (compile-file /Users/guangtao/ghq/github.com/tao3k/gerbil-ascent/.gerbil/performance-execution/snapshot-7lozxx_z/lib/gerbil-ascent/program/scheme-checked.scm)
... execute compile job (compile-file /Users/guangtao/ghq/github.com/tao3k/gerbil-ascent/.gerbil/performance-execution/snapshot-7lozxx_z/lib/gerbil-ascent/program/syntax.scm)
... compile program/operator
... compile candidate/program
[test-lane] RUNNING exclusive (30s)
... execute compile job (compile-file /Users/guangtao/ghq/github.com/tao3k/gerbil-ascent/.gerbil/performance-execution/snapshot-7lozxx_z/lib/gerbil-ascent/program/syntax~1.scm)
... execute compile job (compile-file /Users/guangtao/ghq/github.com/tao3k/gerbil-ascent/.gerbil/performance-execution/snapshot-7lozxx_z/lib/gerbil-ascent/program/evaluate~0.scm)
... execute compile job (compile-file /Users/guangtao/ghq/github.com/tao3k/gerbil-ascent/.gerbil/performance-execution/snapshot-7lozxx_z/lib/gerbil-ascent/program/evaluate.scm)
... compile program/session
... execute compile job (compile-file /Users/guangtao/ghq/github.com/tao3k/gerbil-ascent/.gerbil/performance-execution/snapshot-7lozxx_z/lib/gerbil-ascent/candidate/program~0.scm)
... execute compile job (compile-file /Users/guangtao/ghq/github.com/tao3k/gerbil-ascent/.gerbil/performance-execution/snapshot-7lozxx_z/lib/gerbil-ascent/candidate/program.scm)
... compile candidate/funs
... execute compile job (compile-file /Users/guangtao/ghq/github.com/tao3k/gerbil-ascent/.gerbil/performance-execution/snapshot-7lozxx_z/lib/gerbil-ascent/program/operator~0.scm)
... execute compile job (compile-file /Users/guangtao/ghq/github.com/tao3k/gerbil-ascent/.gerbil/performance-execution/snapshot-7lozxx_z/lib/gerbil-ascent/program/operator.scm)
... execute compile job (compile-file /Users/guangtao/ghq/github.com/tao3k/gerbil-ascent/.gerbil/performance-execution/snapshot-7lozxx_z/lib/gerbil-ascent/program/session~0.scm)
... execute compile job (compile-file /Users/guangtao/ghq/github.com/tao3k/gerbil-ascent/.gerbil/performance-execution/snapshot-7lozxx_z/lib/gerbil-ascent/program/session.scm)
... execute compile job (compile-file /Users/guangtao/ghq/github.com/tao3k/gerbil-ascent/.gerbil/performance-execution/snapshot-7lozxx_z/lib/gerbil-ascent/program/operator~1.scm)
... compile program/operator-change
... compile program/scheme-admission
... execute compile job (compile-file /Users/guangtao/ghq/github.com/tao3k/gerbil-ascent/.gerbil/performance-execution/snapshot-7lozxx_z/lib/gerbil-ascent/candidate/funs~0.scm)
... execute compile job (compile-file /Users/guangtao/ghq/github.com/tao3k/gerbil-ascent/.gerbil/performance-execution/snapshot-7lozxx_z/lib/gerbil-ascent/candidate/funs.scm)
... compile candidate/provenance
... compile candidate/finite-evidence
... execute compile job (compile-file /Users/guangtao/ghq/github.com/tao3k/gerbil-ascent/.gerbil/performance-execution/snapshot-7lozxx_z/lib/gerbil-ascent/program/operator-change~0.scm)
... execute compile job (compile-file /Users/guangtao/ghq/github.com/tao3k/gerbil-ascent/.gerbil/performance-execution/snapshot-7lozxx_z/lib/gerbil-ascent/program/operator-change.scm)
... execute compile job (compile-file /Users/guangtao/ghq/github.com/tao3k/gerbil-ascent/.gerbil/performance-execution/snapshot-7lozxx_z/lib/gerbil-ascent/program/scheme-admission~0.scm)
... execute compile job (compile-file /Users/guangtao/ghq/github.com/tao3k/gerbil-ascent/.gerbil/performance-execution/snapshot-7lozxx_z/lib/gerbil-ascent/program/scheme-admission.scm)
... execute compile job (compile-file /Users/guangtao/ghq/github.com/tao3k/gerbil-ascent/.gerbil/performance-execution/snapshot-7lozxx_z/lib/gerbil-ascent/program/scheme-admission~1.scm)
... compile program/scheme-language
... compile program/operator-session
[test-lane] RUNNING exclusive (35s)
... execute compile job (compile-file /Users/guangtao/ghq/github.com/tao3k/gerbil-ascent/.gerbil/performance-execution/snapshot-7lozxx_z/lib/gerbil-ascent/candidate/provenance~0.scm)
... execute compile job (compile-file /Users/guangtao/ghq/github.com/tao3k/gerbil-ascent/.gerbil/performance-execution/snapshot-7lozxx_z/lib/gerbil-ascent/candidate/finite-evidence~0.scm)
... execute compile job (compile-file /Users/guangtao/ghq/github.com/tao3k/gerbil-ascent/.gerbil/performance-execution/snapshot-7lozxx_z/lib/gerbil-ascent/candidate/provenance.scm)
... execute compile job (compile-file /Users/guangtao/ghq/github.com/tao3k/gerbil-ascent/.gerbil/performance-execution/snapshot-7lozxx_z/lib/gerbil-ascent/candidate/finite-evidence.scm)
... execute compile job (compile-file /Users/guangtao/ghq/github.com/tao3k/gerbil-ascent/.gerbil/performance-execution/snapshot-7lozxx_z/lib/gerbil-ascent/candidate/provenance~1.scm)
... execute compile job (compile-file /Users/guangtao/ghq/github.com/tao3k/gerbil-ascent/.gerbil/performance-execution/snapshot-7lozxx_z/lib/gerbil-ascent/candidate/finite-evidence~1.scm)
... execute compile job (compile-file /Users/guangtao/ghq/github.com/tao3k/gerbil-ascent/.gerbil/performance-execution/snapshot-7lozxx_z/lib/gerbil-ascent/program/scheme-language.scm)
... compile candidate/nonmembership
... compile candidate/stratified-proof
... execute compile job (compile-file /Users/guangtao/ghq/github.com/tao3k/gerbil-ascent/.gerbil/performance-execution/snapshot-7lozxx_z/lib/gerbil-ascent/program/operator-session~0.scm)
... compile program/interface
... compile candidate/stratified-producer
... execute compile job (compile-file /Users/guangtao/ghq/github.com/tao3k/gerbil-ascent/.gerbil/performance-execution/snapshot-7lozxx_z/lib/gerbil-ascent/program/operator-session.scm)
... compile candidate/reasoning
[test-lane] RUNNING exclusive (40s)
... execute compile job (compile-file /Users/guangtao/ghq/github.com/tao3k/gerbil-ascent/.gerbil/performance-execution/snapshot-7lozxx_z/lib/gerbil-ascent/program/operator-session~1.scm)
... execute compile job (compile-file /Users/guangtao/ghq/github.com/tao3k/gerbil-ascent/.gerbil/performance-execution/snapshot-7lozxx_z/lib/gerbil-ascent/program/scheme-language~1.scm)
... execute compile job (compile-file /Users/guangtao/ghq/github.com/tao3k/gerbil-ascent/.gerbil/performance-execution/snapshot-7lozxx_z/lib/gerbil-ascent/candidate/nonmembership~0.scm)
... execute compile job (compile-file /Users/guangtao/ghq/github.com/tao3k/gerbil-ascent/.gerbil/performance-execution/snapshot-7lozxx_z/lib/gerbil-ascent/candidate/nonmembership.scm)
... execute compile job (compile-file /Users/guangtao/ghq/github.com/tao3k/gerbil-ascent/.gerbil/performance-execution/snapshot-7lozxx_z/lib/gerbil-ascent/candidate/nonmembership~1.scm)
... execute compile job (compile-file /Users/guangtao/ghq/github.com/tao3k/gerbil-ascent/.gerbi[test-lane] RUNNING exclusive (45s)
[test-lane] RUNNING exclusive (50s)
[test-lane] RUNNING exclusive (55s)
[test-lane] RUNNING exclusive (60s)
l/performance-execution/snapshot-7lozxx_z/lib/gerbil-ascent/candidate/stratified-proof~0.scm)
... execute compile job (compile-file /Users/guangtao/ghq/github.com/tao3k/gerbil-ascent/.gerbil/performance-execution/snapshot-7lozxx_z/lib/gerbil-ascent/candidate/stratified-proof.scm)
... execute compile job (compile-file /Users/guangtao/ghq/github.com/tao3k/gerbil-ascent/.gerbil/performance-execution/snapshot-7lozxx_z/lib/gerbil-ascent/program/interface.scm)
... execute compile job (compile-file /Users/guangtao/ghq/github.com/tao3k/gerbil-ascent/.gerbil/performance-execution/snapshot-7lozxx_z/lib/gerbil-ascent/candidate/stratified-producer~0.scm)
... execute compile job (compile-file /Users/guangtao/ghq/github.com/tao3k/gerbil-ascent/.gerbil/performance-execution/snapshot-7lozxx_z/lib/gerbil-ascent/candidate/stratified-producer.scm)
... execute compile job (compile-file /Users/guangtao/ghq/github.com/tao3k/gerbil-ascent/.gerbil/performance-execution/snapshot-7lozxx_z/lib/gerbil-ascent/candidate/reasoning~0.scm)
... execute compile job (compile-file /Users/guangtao/ghq/github.com/tao3k/gerbil-ascent/.gerbil/performance-execution/snapshot-7lozxx_z/lib/gerbil-ascent/candidate/reasoning.scm)
... execute compile job (compile-file /Users/guangtao/ghq/github.com/tao3k/gerbil-ascent/.gerbil/performance-execution/snapshot-7lozxx_z/lib/gerbil-ascent/candidate/reasoning~1.scm)
[test-lane] RUNNING exclusive (65s)
[test-lane] RUNNING exclusive (70s)
[test-lane] RUNNING exclusive (75s)
[native-performance] VERIFIED modules=41 receipt=/Users/guangtao/ghq/github.com/tao3k/gerbil-ascent/.gerbil/performance-execution/snapshot-7lozxx_z/snapshot.json
python3 tools/test_execution.py run -- python3 tools/performance_execution.py "ascent-byods-trrel"
[native-performance] REUSE verified snapshot /Users/guangtao/ghq/github.com/tao3k/gerbil-ascent/.gerbil/performance-execution/snapshot-7lozxx_z/snapshot.json
[ascent-ss] START ascent-byods-trrel (1000 samples)
[ascent-test] START t/performance/ascent-scenario-performance-test.ss
[test-lane] RUNNING exclusive (80s)
[test-lane] RUNNING exclusive (5s)
[test-lane] RUNNING exclusive (5s)
[test-lane] RUNNING exclusive (85s)
HARNESS ("t/performance/ascent-scenario-performance-test.ss")
MODULE t/performance/ascent-scenario-performance-test.ss
SUITE ASCENT SS scenario
CASE bounded scenario
[test-lane] RUNNING exclusive (10s)
[ascent-ss] RUNNING ascent-byods-trrel (10s)
[test-lane] RUNNING exclusive (10s)
[test-lane] RUNNING exclusive (90s)
[test-lane] RUNNING exclusive (15s)
[test-lane] RUNNING exclusive (15s)
[test-lane] RUNNING exclusive (95s)
[test-lane] RUNNING exclusive (20s)
[ascent-ss] RUNNING ascent-byods-trrel (20s)
[test-lane] RUNNING exclusive (20s)
[test-lane] RUNNING exclusive (100s)
[test-lane] RUNNING exclusive (25s)
[test-lane] RUNNING exclusive (25s)
[test-lane] RUNNING exclusive (105s)
[gerbil-ascent-benchmark] ascent-byods-tr p95=512us semanticEquivalent=#t
[test-lane] RUNNING exclusive (30s)
[ascent-ss] RUNNING ascent-byods-trrel (30s)
[test-lane] RUNNING exclusive (30s)
[test-lane] RUNNING exclusive (110s)
[test-lane] RUNNING exclusive (35s)
[test-lane] RUNNING exclusive (35s)
[gerbil-ascent-benchmark] ascent-byods-uf p95=535us semanticEquivalent=#t
[test-lane] RUNNING exclusive (115s)
[test-lane] RUNNING exclusive (40s)
[ascent-ss] RUNNING ascent-byods-trrel (40s)
[test-lane] RUNNING exclusive (40s)
[test-lane] RUNNING exclusive (120s)
[gerbil-ascent-benchmark] ascent-byods-tr-ring p95=94us semanticEquivalent=#t
[test-lane] RUNNING exclusive (45s)
[test-lane] RUNNING exclusive (45s)
[test-lane] RUNNING exclusive (125s)
[gerbil-ascent-benchmark] ascent-byods-uf-ring p95=125us semanticEquivalent=#t
CASE-OK bounded scenario
SUITE-OK ASCENT SS scenario
MODULE-OK t/performance/ascent-scenario-performance-test.ss
HARNESS-OK ("t/performance/ascent-scenario-performance-test.ss")
OK
[test-lane] RUNNING exclusive (50s)
[ascent-ss] RUNNING ascent-byods-trrel (50s)
[test-lane] RUNNING exclusive (50s)
[test-lane] RUNNING exclusive (130s)
[test-lane] END exclusive exit=0
[ascent-test] PASS t/performance/ascent-scenario-performance-test.ss (52s)
[ascent-ss] PASS ascent-byods-trrel (53s)
[test-lane] END exclusive exit=0
python3 tools/test_execution.py run -- python3 tools/performance_execution.py "ascent-session-update"
[native-performance] REUSE verified snapshot /Users/guangtao/ghq/github.com/tao3k/gerbil-ascent/.gerbil/performance-execution/snapshot-7lozxx_z/snapshot.json
[ascent-ss] START ascent-session-update (1000 samples)
[ascent-test] START t/performance/ascent-scenario-performance-test.ss
[test-lane] RUNNING exclusive (135s)
[test-lane] RUNNING exclusive (5s)
[test-lane] RUNNING exclusive (5s)
HARNESS ("t/performance/ascent-scenario-performance-test.ss")
MODULE t/performance/ascent-scenario-performance-test.ss
SUITE ASCENT SS scenario
CASE bounded scenario
[test-lane] RUNNING exclusive (140s)
[test-lane] RUNNING exclusive (10s)
[ascent-ss] RUNNING ascent-session-update (10s)
[test-lane] RUNNING exclusive (10s)
[test-lane] RUNNING exclusive (145s)
[test-lane] RUNNING exclusive (15s)
[gerbil-ascent-benchmark] ascent-session-update p95=68us semanticEquivalent=#t
CASE-OK bounded scenario
SUITE-OK ASCENT SS scenario
MODULE-OK t/performance/ascent-scenario-performance-test.ss
HARNESS-OK ("t/performance/ascent-scenario-performance-test.ss")
OK
[test-lane] RUNNING exclusive (15s)
[test-lane] RUNNING exclusive (150s)
[test-lane] RUNNING exclusive (20s)
[test-lane] END exclusive exit=0
[ascent-test] PASS t/performance/ascent-scenario-performance-test.ss (19s)
[ascent-ss] PASS ascent-session-update (20s)
[test-lane] END exclusive exit=0
python3 tools/test_execution.py run -- python3 tools/performance_execution.py "ascent-ten-thousand-appends"
[native-performance] REUSE verified snapshot /Users/guangtao/ghq/github.com/tao3k/gerbil-ascent/.gerbil/performance-execution/snapshot-7lozxx_z/snapshot.json
[ascent-ss] START ascent-ten-thousand-appends (1000 samples)
[ascent-test] START t/performance/ascent-scenario-performance-test.ss
[test-lane] RUNNING exclusive (155s)
[test-lane] RUNNING exclusive (5s)
[test-lane] RUNNING exclusive (5s)
[test-lane] RUNNING exclusive (160s)
HARNESS ("t/performance/ascent-scenario-performance-test.ss")
MODULE t/performance/ascent-scenario-performance-test.ss
SUITE ASCENT SS scenario
CASE bounded scenario
[test-lane] RUNNING exclusive (10s)
[ascent-ss] RUNNING ascent-ten-thousand-appends (10s)
[test-lane] RUNNING exclusive (10s)
[test-lane] RUNNING exclusive (165s)
[test-lane] RUNNING exclusive (15s)
[test-lane] RUNNING exclusive (15s)
[test-lane] RUNNING exclusive (170s)
[test-lane] RUNNING exclusive (20s)
[ascent-ss] RUNNING ascent-ten-thousand-appends (20s)
[test-lane] RUNNING exclusive (20s)
[test-lane] RUNNING exclusive (175s)
[test-lane] RUNNING exclusive (25s)
[test-lane] RUNNING exclusive (25s)
[test-lane] RUNNING exclusive (180s)
[gerbil-ascent-benchmark] ascent-ten-thousand-appends p95=50.614ms
(p50-ns 2111000 p95-ns 50614000 max-ns 241962000 over-50ms 54)
ERROR CASE bounded scenario

*** ERROR IN ? [Error]: ASCENT ten-thousand-append latency exceeded the unchanged 50 ms bound
--- continuation backtrace:
[0] error                                                                                                                                                                   
[1] (interaction)                                                                                                                                                           "t/scenarios/performance/ascent-ten-thousand-appends/scenario.ss"@58:5-58:84                                                                                                 (error "ASCENT ten-thousand-append latency exceeded the unchanged 50 ms bound")
[2] ##load                                                                                                                                                                  
[3] ##load                                                                                                                                                                  
[4] core/observability/debug#call-with-poo-flow-debug-memory-case-watchdog__%                                                                                               
[5] ##call-with-values                                                                                                                                                      
[6] std/test/base#__test-case!                                                                                                                                                                                                                                                                                                                           ((let () (declare (not safe)) (##unchecked-structure-ref _%tc499784%_ '6 '#f '#f)))
[7] std/test/base#__test-suite!                                                                                                                                                                                                                                                                                                                          (##call-with-current-continuation __tmp242471)
[8] std/test/base#__test-suite!                                                                                                                                                                                                                                                                                                                          (##for-each __tmp242470 __tmp242469)
[9] std/test/base#__test-suite!                                                                                                                                                                                                                                                                                                                          (##for-each __tmp242470 __tmp242469)
...
[13] std/test/base#__test-harness!                                                                                                                                                                                                                                                                                                                       (##call-with-current-continuation __tmp242457)
[14] std/test/base#__test-harness!                                                                                                                                                                                                                                                                                                                       (##for-each __tmp242456 __tmp242455)
[15] std/test/base#__test-harness!                                                                                                                                                                                                                                                                                                                       (##for-each __tmp242456 __tmp242455)
[16] gerbil/tools/gxtest#gxtest-main                                                                                                                                        
SUITE-OK ASCENT SS scenario
MODULE-OK t/performance/ascent-scenario-performance-test.ss
HARNESS-OK ("t/performance/ascent-scenario-performance-test.ss")
ERROR HARNESS (t/performance/ascent-scenario-performance-test.ss)
at HARNESS ("t/performance/ascent-scenario-performance-test.ss")
at MODULE t/performance/ascent-scenario-performance-test.ss
at SUITE ASCENT SS scenario
at CASE bounded scenario

*** ERROR IN ? [Error]: ASCENT ten-thousand-append latency exceeded the unchanged 50 ms bound
--- continuation backtrace:
[0] error                                                                                                                                                                   
[1] (interaction)                                                                                                                                                           "t/scenarios/performance/ascent-ten-thousand-appends/scenario.ss"@58:5-58:84                                                                                                 (error "ASCENT ten-thousand-append latency exceeded the unchanged 50 ms bound")
[2] ##load                                                                                                                                                                  
[3] ##load                                                                                                                                                                  
[4] core/observability/debug#call-with-poo-flow-debug-memory-case-watchdog__%                                                                                               
[5] ##call-with-values                                                                                                                                                      
[6] std/test/base#__test-case!                                                                                                                                                                                                                                                                                                                           ((let () (declare (not safe)) (##unchecked-structure-ref _%tc499784%_ '6 '#f '#f)))
[7] std/test/base#__test-suite!                                                                                                                                                                                                                                                                                                                          (##call-with-current-continuation __tmp242471)
[8] std/test/base#__test-suite!                                                                                                                                                                                                                                                                                                                          (##for-each __tmp242470 __tmp242469)
[9] std/test/base#__test-suite!                                                                                                                                                                                                                                                                                                                          (##for-each __tmp242470 __tmp242469)
...
[13] std/test/base#__test-harness!                                                                                                                                                                                                                                                                                                                       (##call-with-current-continuation __tmp242457)
[14] std/test/base#__test-harness!                                                                                                                                                                                                                                                                                                                       (##for-each __tmp242456 __tmp242455)
[15] std/test/base#__test-harness!                                                                                                                                                                                                                                                                                                                       (##for-each __tmp242456 __tmp242455)
[16] gerbil/tools/gxtest#gxtest-main                                                                                                                                        
[test-lane] RUNNING exclusive (30s)
[ascent-ss] RUNNING ascent-ten-thousand-appends (30s)
[test-lane] RUNNING exclusive (30s)
[test-lane] RUNNING exclusive (185s)
[test-lane] END exclusive exit=0
error: recipe `test-file` failed with exit code 1
[ascent-ss] FAIL ascent-ten-thousand-appends (31s, exit=1)
error: recipe `_performance-scenario` failed with exit code 1
Traceback (most recent call last):
  File "/Users/guangtao/ghq/github.com/tao3k/gerbil-ascent/tools/performance_execution.py", line 146, in <module>
    main()
    ~~~~^^
  File "/Users/guangtao/ghq/github.com/tao3k/gerbil-ascent/tools/performance_execution.py", line 141, in main
    run(['just', '_performance-scenario', target], environment)
    ~~~^^^^^^^^^^^^^^^^^^^^^^^^^^^^^^^^^^^^^^^^^^^^^^^^^^^^^^^^
  File "/Users/guangtao/ghq/github.com/tao3k/gerbil-ascent/tools/performance_execution.py", line 53, in run
    return subprocess.run(command, cwd=ROOT, env=environment,
           ~~~~~~~~~~~~~~^^^^^^^^^^^^^^^^^^^^^^^^^^^^^^^^^^^^
                          pass_fds=(descriptor,), check=True)
                          ^^^^^^^^^^^^^^^^^^^^^^^^^^^^^^^^^^^
  File "/nix/store/6chc08n3zaqs22bv5wylgpmh85h7ykn6-python3-3.13.12-env/lib/python3.13/subprocess.py", line 577, in run
    raise CalledProcessError(retcode, process.args,
                             output=stdout, stderr=stderr)
subprocess.CalledProcessError: Command '['just', '_performance-scenario', 'ascent-ten-thousand-appends']' returned non-zero exit status 1.
[test-lane] END exclusive exit=1
error: recipe `performance-scenario` failed on line 239 with exit code 1
error: recipe `_performance` failed with exit code 1
Traceback (most recent call last):
  File "/Users/guangtao/ghq/github.com/tao3k/gerbil-ascent/tools/performance_execution.py", line 146, in <module>
    main()
    ~~~~^^
  File "/Users/guangtao/ghq/github.com/tao3k/gerbil-ascent/tools/performance_execution.py", line 137, in main
    run(['just', '_performance'], environment)
    ~~~^^^^^^^^^^^^^^^^^^^^^^^^^^^^^^^^^^^^^^^
  File "/Users/guangtao/ghq/github.com/tao3k/gerbil-ascent/tools/performance_execution.py", line 53, in run
    return subprocess.run(command, cwd=ROOT, env=environment,
           ~~~~~~~~~~~~~~^^^^^^^^^^^^^^^^^^^^^^^^^^^^^^^^^^^^
                          pass_fds=(descriptor,), check=True)
                          ^^^^^^^^^^^^^^^^^^^^^^^^^^^^^^^^^^^
  File "/nix/store/6chc08n3zaqs22bv5wylgpmh85h7ykn6-python3-3.13.12-env/lib/python3.13/subprocess.py", line 577, in run
    raise CalledProcessError(retcode, process.args,
                             output=stdout, stderr=stderr)
subprocess.CalledProcessError: Command '['just', '_performance']' returned non-zero exit status 1.
[test-lane] END exclusive exit=1
error: recipe `performance` failed on line 262 with exit code 1
