[test-lane] START exclusive python3
[native-performance] BUILD modules=41 library=/Users/guangtao/ghq/github.com/tao3k/gerbil-ascent/.gerbil/performance-execution/snapshot-n74pemwa/lib
[test-lane] RUNNING exclusive (5s)
... compile table/expression
... compile table/funs
... compile table/eqrel
... compile table/trrel
... compile program/aggregators
... compile program/graph
... compile program/analysis
... compile program/admission
... compile program/result
... compile candidate/closure
... compile candidate/types
... compile interface/request
[test-lane] RUNNING exclusive (10s)
... execute compile job (compile-file /Users/guangtao/ghq/github.com/tao3k/gerbil-ascent/.gerbil/performance-execution/snapshot-n74pemwa/lib/gerbil-ascent/table/expression~0.scm)
... execute compile job (compile-file /Users/guangtao/ghq/github.com/tao3k/gerbil-ascent/.gerbil/performance-execution/snapshot-n74pemwa/lib/gerbil-ascent/table/expression.scm)
... compile core/binary-program
... execute compile job (compile-file /Users/guangtao/ghq/github.com/tao3k/gerbil-ascent/.gerbil/performance-execution/snapshot-n74pemwa/lib/gerbil-ascent/table/funs~0.scm)
... execute compile job (compile-file /Users/guangtao/ghq/github.com/tao3k/gerbil-ascent/.gerbil/performance-execution/snapshot-n74pemwa/lib/gerbil-ascent/table/funs.scm)
... execute compile job (compile-file /Users/guangtao/ghq/github.com/tao3k/gerbil-ascent/.gerbil/performance-execution/snapshot-n74pemwa/lib/gerbil-ascent/table/eqrel~0.scm)
... execute compile job (compile-file /Users/guangtao/ghq/github.com/tao3k/gerbil-ascent/.gerbil/performance-execution/snapshot-n74pemwa/lib/gerbil-ascent/table/eqrel.scm)
... execute compile job (compile-file /Users/guangtao/ghq/github.com/tao3k/gerbil-ascent/.gerbil/performance-execution/snapshot-n74pemwa/lib/gerbil-ascent/table/trrel~0.scm)
... execute compile job (compile-file /Users/guangtao/ghq/github.com/tao3k/gerbil-ascent/.gerbil/performance-execution/snapshot-n74pemwa/lib/gerbil-ascent/table/trrel.scm)
... execute compile job (compile-file /Users/guangtao/ghq/github.com/tao3k/gerbil-ascent/.gerbil/performance-execution/snapshot-n74pemwa/lib/gerbil-ascent/program/graph~0.scm)
... execute compile job (compile-file /Users/guangtao/ghq/github.com/tao3k/gerbil-ascent/.gerbil/performance-execution/snapshot-n74pemwa/lib/gerbil-ascent/program/graph.scm)
... execute compile job (compile-file /Users/guangtao/ghq/github.com/tao3k/gerbil-ascent/.gerbil/performance-execution/snapshot-n74pemwa/lib/gerbil-ascent/program/aggregators~0.scm)
... execute compile job (compile-file /Users/guangtao/ghq/github.com/tao3k/gerbil-ascent/.gerbil/performance-execution/snapshot-n74pemwa/lib/gerbil-ascent/program/aggregators.scm)
... execute compile job (compile-file /Users/guangtao/ghq/github.com/tao3k/gerbil-ascent/.gerbil/performance-execution/snapshot-n74pemwa/lib/gerbil-ascent/program/admission~0.scm)
... compile table/provider
... compile table/storage
... compile program/funs
... compile program/summary
... execute compile job (compile-file /Users/guangtao/ghq/github.com/tao3k/gerbil-ascent/.gerbil/performance-execution/snapshot-n74pemwa/lib/gerbil-ascent/program/admission.scm)
... compile table/interface
... compile program/types
... compile table/access
... compile program/positive
[test-lane] RUNNING exclusive (15s)
... execute compile job (compile-file /Users/guangtao/ghq/github.com/tao3k/gerbil-ascent/.gerbil/performance-execution/snapshot-n74pemwa/lib/gerbil-ascent/program/analysis~0.scm)
... execute compile job (compile-file /Users/guangtao/ghq/github.com/tao3k/gerbil-ascent/.gerbil/performance-execution/snapshot-n74pemwa/lib/gerbil-ascent/program/analysis.scm)
... execute compile job (compile-file /Users/guangtao/ghq/github.com/tao3k/gerbil-ascent/.gerbil/performance-execution/snapshot-n74pemwa/lib/gerbil-ascent/candidate/closure~0.scm)
... execute compile job (compile-file /Users/guangtao/ghq/github.com/tao3k/gerbil-ascent/.gerbil/performance-execution/snapshot-n74pemwa/lib/gerbil-ascent/candidate/closure.scm)
... execute compile job (compile-file /Users/guangtao/ghq/github.com/tao3k/gerbil-ascent/.gerbil/performance-execution/snapshot-n74pemwa/lib/gerbil-ascent/program/result~0.scm)
... execute compile job (compile-file /Users/guangtao/ghq/github.com/tao3k/gerbil-ascent/.gerbil/performance-execution/snapshot-n74pemwa/lib/gerbil-ascent/program/result.scm)
... execute compile job (compile-file /Users/guangtao/ghq/github.com/tao3k/gerbil-ascent/.gerbil/performance-execution/snapshot-n74pemwa/lib/gerbil-ascent/candidate/types~0.scm)
... execute compile job (compile-file /Users/guangtao/ghq/github.com/tao3k/gerbil-ascent/.gerbil/performance-execution/snapshot-n74pemwa/lib/gerbil-ascent/candidate/types.scm)
... execute compile job (compile-file /Users/guangtao/ghq/github.com/tao3k/gerbil-ascent/.gerbil/performance-execution/snapshot-n74pemwa/lib/gerbil-ascent/interface/request~0.scm)
... execute compile job (compile-file /Users/guangtao/ghq/github.com/tao3k/gerbil-ascent/.gerbil/performance-execution/snapshot-n74pemwa/lib/gerbil-ascent/interface/request.scm)
... execute compile job (compile-file /Users/guangtao/ghq/github.com/tao3k/gerbil-ascent/.gerbil/performance-execution/snapshot-n74pemwa/lib/gerbil-ascent/candidate/types~1.scm)
... execute compile job (compile-file /Users/guangtao/ghq/github.com/tao3k/gerbil-ascent/.gerbil/performance-execution/snapshot-n74pemwa/lib/gerbil-ascent/core/binary-program~0.scm)
... execute compile job (compile-file /Users/guangtao/ghq/github.com/tao3k/gerbil-ascent/.gerbil/performance-execution/snapshot-n74pemwa/lib/gerbil-ascent/core/binary-program.scm)
... compile program/objects
... execute compile job (compile-file /Users/guangtao/ghq/github.com/tao3k/gerbil-ascent/.gerbil/performance-execution/snapshot-n74pemwa/lib/gerbil-ascent/table/storage~0.scm)
... compile program/planning
... compile program/scheme-checked
... compile program/syntax
... execute compile job (compile-file /Users/guangtao/ghq/github.com/tao3k/gerbil-ascent/.gerbil/performance-execution/snapshot-n74pemwa/lib/gerbil-ascent/table/storage.scm)
... execute compile job (compile-file /Users/guangtao/ghq/github.com/tao3k/gerbil-ascent/.gerbil/performance-execution/snapshot-n74pemwa/lib/gerbil-ascent/table/provider~0.scm)
... execute compile job (compile-file /Users/guangtao/ghq/github.com/tao3k/gerbil-ascent/.gerbil/performance-execution/snapshot-n74pemwa/lib/gerbil-ascent/table/provider.scm)
... execute compile job (compile-file /Users/guangtao/ghq/github.com/tao3k/gerbil-ascent/.gerbil/performance-execution/snapshot-n74pemwa/lib/gerbil-ascent/program/funs~0.scm)
... execute compile job (compile-file /Users/guangtao/ghq/github.com/tao3k/gerbil-ascent/.gerbil/performance-execution/snapshot-n74pemwa/lib/gerbil-ascent/program/funs.scm)
... execute compile job (compile-file /Users/guangtao/ghq/github.com/tao3k/gerbil-ascent/.gerbil/performance-execution/snapshot-n74pemwa/lib/gerbil-ascent/program/summary~0.scm)
... execute compile job (compile-file /Users/guangtao/ghq/github.com/tao3k/gerbil-ascent/.gerbil/performance-execution/snapshot-n74pemwa/lib/gerbil-ascent/program/summary.scm)
... execute compile job (compile-file /Users/guangtao/ghq/github.com/tao3k/gerbil-ascent/.gerbil/performance-execution/snapshot-n74pemwa/lib/gerbil-ascent/table/interface.scm)
... execute compile job (compile-file /Users/guangtao/ghq/github.com/tao3k/gerbil-ascent/.gerbil/performance-execution/snapshot-n74pemwa/lib/gerbil-ascent/program/types~0.scm)
... execute compile job (compile-file /Users/guangtao/ghq/github.com/tao3k/gerbil-ascent/.gerbil/performance-execution/snapshot-n74pemwa/lib/gerbil-ascent/program/types.scm)
... execute compile job (compile-file /Users/guangtao/ghq/github.com/tao3k/gerbil-ascent/.gerbil/performance-execution/snapshot-n74pemwa/lib/gerbil-ascent/table/access~0.scm)
... execute compile job (compile-file /Users/guangtao/ghq/github.com/tao3k/gerbil-ascent/.gerbil/performance-execution/[test-lane] RUNNING exclusive (20s)
[test-lane] RUNNING exclusive (25s)
snapshot-n74pemwa/lib/gerbil-ascent/table/access.scm)
... execute compile job (compile-file /Users/guangtao/ghq/github.com/tao3k/gerbil-ascent/.gerbil/performance-execution/snapshot-n74pemwa/lib/gerbil-ascent/program/positive~0.scm)
... execute compile job (compile-file /Users/guangtao/ghq/github.com/tao3k/gerbil-ascent/.gerbil/performance-execution/snapshot-n74pemwa/lib/gerbil-ascent/program/positive.scm)
... execute compile job (compile-file /Users/guangtao/ghq/github.com/tao3k/gerbil-ascent/.gerbil/performance-execution/snapshot-n74pemwa/lib/gerbil-ascent/program/objects~0.scm)
... execute compile job (compile-file /Users/guangtao/ghq/github.com/tao3k/gerbil-ascent/.gerbil/performance-execution/snapshot-n74pemwa/lib/gerbil-ascent/program/objects.scm)
... execute compile job (compile-file /Users/guangtao/ghq/github.com/tao3k/gerbil-ascent/.gerbil/performance-execution/snapshot-n74pemwa/lib/gerbil-ascent/program/planning~0.scm)
... execute compile job (compile-file /Users/guangtao/ghq/github.com/tao3k/gerbil-ascent/.gerbil/performance-execution/snapshot-n74pemwa/lib/gerbil-ascent/program/planning.scm)
... compile program/evaluate
... execute compile job (compile-file /Users/guangtao/ghq/github.com/tao3k/gerbil-ascent/.gerbil/performance-execution/snapshot-n74pemwa/lib/gerbil-ascent/program/syntax.scm)
... execute compile job (compile-file /Users/guangtao/ghq/github.com/tao3k/gerbil-ascent/.gerbil/performance-execution/snapshot-n74pemwa/lib/gerbil-ascent/program/scheme-checked~0.scm)
... execute compile job (compile-file /Users/guangtao/ghq/github.com/tao3k/gerbil-ascent/.gerbil/performance-execution/snapshot-n74pemwa/lib/gerbil-ascent/program/scheme-checked.scm)
... compile program/operator
... compile candidate/program
... execute compile job (compile-file /Users/guangtao/ghq/github.com/tao3k/gerbil-ascent/.gerbil/performance-execution/snapshot-n74pemwa/lib/gerbil-ascent/program/syntax~1.scm)
... execute compile job (compile-file /Users/guangtao/ghq/github.com/tao3k/gerbil-ascent/.gerbil/performance-execution/snapshot-n74pemwa/lib/gerbil-ascent/program/evaluate~0.scm)
... execute compile job (compile-file /Users/guangtao/ghq/github.com/tao3k/gerbil-ascent/.gerbil/performance-execution/snapshot-n74pemwa/lib/gerbil-ascent/program/evaluate.scm)
... compile program/session
... execute compile job (compile-file /Users/guangtao/ghq/github.com/tao3k/gerbil-ascent/.gerbil/performance-execution/snapshot-n74pemwa/lib/gerbil-ascent/candidate/program~0.scm)
... execute compile job (compile-file /Users/guangtao/ghq/github.com/tao3k/gerbil-ascent/.gerbil/performance-execution/snapshot-n74pemwa/lib/gerbil-ascent/candidate/program.scm)
... execute compile job (compile-file /Users/guangtao/ghq/github.com/tao3k/gerbil-ascent/.gerbil/performance-execution/snapshot-n74pemwa/lib/gerbil-ascent/program/operator~0.scm)
... execute compile job (compile-file /Users/guangtao/ghq/github.com/tao3k/gerbil-ascent/.gerbil/performance-execution/snapshot-n74pemwa/lib/gerbil-ascent/program/operator.scm)
... execute compile job (compile-file /Users/guangtao/ghq/github.com/tao3k/gerbil-ascent/.gerbil/performance-execution/snapshot-n74pemwa/lib/gerbil-ascent/program/operator~1.scm)
... compile candidate/funs
... compile program/operator-change
... execute compile job (compile-file /Users/guangtao/ghq/github.com/tao3k/gerbil-ascent/.gerbil/performance-execution/snapshot-n74pemwa/lib/gerbil-ascent/program/session~0.scm)
... execute compile job (compile-file /Users/guangtao/ghq/github.com/tao3k/gerbil-ascent/.gerbil/performance-execution/snapshot-n74pemwa/lib/gerbil-ascent/program/session.scm)
... compile program/scheme-admission
... execute compile job (compile-file /Users/guangtao/ghq/github.com/tao3k/gerbil-ascent/.gerbil/performance-execution/snapshot-n74pemwa/lib/gerbil-ascent/candidate/funs~0.scm)
... execute compile job (compile-file /Users/guangtao/ghq/github.com/tao3k/gerbil-ascent/.gerbil/performance-execution/snapshot-n74pemwa/lib/gerbil-ascent/candidate/funs.scm)
... compile candidate/provenance
... compile candidate/finite-evidence
... execute compile job (compile-file /Users/guangtao/ghq/github.com/tao3k/gerbil-ascent/.gerbil/performance-execution/snapshot-n74pemwa/lib/gerbil-ascent/program/operator-change~0.scm)
... execute compile job (compile-file /Users/guangtao/ghq/github.com/tao3k/gerbil-ascent/.gerbil/performance-execution/snapshot-n74pemwa/lib/gerbil-ascent/program/operator-change.scm)
... compile program/scheme-language
... compile program/operator-session
... compile candidate/stratified-proof
[test-lane] RUNNING exclusive (30s)
... execute compile job (compile-file /Users/guangtao/ghq/github.com/tao3k/gerbil-ascent/.gerbil/performance-execution/snapshot-n74pemwa/lib/gerbil-ascent/program/scheme-admission~0.scm)
... execute compile job (compile-file /Users/guangtao/ghq/github.com/tao3k/gerbil-ascent/.gerbil/performance-execution/snapshot-n74pemwa/lib/gerbil-ascent/program/scheme-admission.scm)
... execute compile job (compile-file /Users/guangtao/ghq/github.com/tao3k/gerbil-ascent/.gerbil/performance-execution/snapshot-n74pemwa/lib/gerbil-ascent/program/scheme-admission~1.scm)
... execute compile job (compile-file /Users/guangtao/ghq/github.com/tao3k/gerbil-ascent/.gerbil/performance-execution/snapshot-n74pemwa/lib/gerbil-ascent/candidate/provenance~0.scm)
... execute compile job (compile-file /Users/guangtao/ghq/github.com/tao3k/gerbil-ascent/.gerbil/performance-execution/snapshot-n74pemwa/lib/gerbil-ascent/candidate/finite-evidence~0.scm)
... execute compile job (compile-file /Users/guangtao/ghq/github.com/tao3k/gerbil-ascent/.gerbil/performance-execution/snapshot-n74pemwa/lib/gerbil-ascent/candidate/finite-evidence.scm)
... execute compile job (compile-file /Users/guangtao/ghq/github.com/tao3k/gerbil-ascent/.gerbil/performance-execution/snapshot-n74pemwa/lib/gerbil-ascent/candidate/finite-evidence~1.scm)
... execute compile job (compile-file /Users/guangtao/ghq/github.com/tao3k/gerbil-ascent/.gerbil/performance-execution/snapshot-n74pemwa/lib/gerbil-ascent/candidate/provenance.scm)
... execute compile job (compile-file /Users/guangtao/ghq/github.com/tao3k/gerbil-ascent/.gerbil/performance-execution/snapshot-n74pemwa/lib/gerbil-ascent/candidate/provenance~1.scm)
... compile candidate/nonmembership
... execute compile job (compile-file /Users/guangtao/ghq/github.com/tao3k/gerbil-ascent/.gerbil/performance-execution/snapshot-n74pemwa/lib/gerbil-ascent/program/scheme-language.scm)
... execute compile job (compile-file /Users/guangtao/ghq/github.com/tao3k/gerbil-ascent/.gerbil/performance-execution/snapshot-n74pemwa/lib/gerbil-ascent/program/operator-session~0.scm)
... execute compile job (compile-file /Users/guangtao/ghq/github.com/tao3k/gerbil-ascent/.gerbil/performance-execution/snapshot-n74pemwa/lib/gerbil-ascent/program/operator-session.scm)
... execute compile job (compile-file /Users/guangtao/ghq/github.com/tao3k/gerbil-ascent/.gerbil/performance-execution/snapshot-n74pemwa/lib/gerbil-ascent/program/scheme-language~1.scm)
... execute compile job (compile-file /Users/guangtao/ghq/github.com/tao3k/gerbil-ascent/.gerbil/performance-execution/snapshot-n74pemwa/lib/gerbil-ascent/candidate/stratified-proof~0.scm)
... compile candidate/stratified-producer
... compile program/interface
... compile candidate/reasoning
[test-lane] RUNNING exclusive (35s)
... execute compile job (compile-file /Users/guangtao/ghq/github.com/tao3k/gerbil-ascent/.gerbil/performance-execution/snapshot-n74pemwa/lib/gerbil-ascent/candidate/stratified-proof.scm)
... execute compile job (compile-file /Users/guangtao/ghq/github.com/tao3k/gerbil-ascent/.gerbil/performance-execution/snapshot-n74pemwa/lib/gerbil-ascent/program/operator-session~1.scm)
... execute compile job (compile-file /Users/guangtao/ghq/github.com/tao3k/gerbil-ascent/.gerbil/performance-execution/snapshot-n74pemwa/lib/gerbil-ascent/candidate/nonmembership~0.scm)
... execute compile job (compile-file /Users/guangtao/ghq/github.com/tao3k/gerbil-ascent/.gerbil/performance-execution/snapshot-n74pemwa/lib/gerbil-ascent/candidate/nonmembership.scm)
... execute compile job (compile-file /Users/guangtao/ghq/github.com/tao3k/gerbil-ascent/.gerbil/performance-execution/snapshot-n74pemwa/lib/gerbil-ascent/candidate/nonmembership~1.scm)
... execute compile job (compile-file /Users/guangtao/ghq/github.com/tao3k/gerbil-ascent/.gerb[test-lane] RUNNING exclusive (40s)
[test-lane] RUNNING exclusive (45s)
[test-lane] RUNNING exclusive (50s)
[test-lane] RUNNING exclusive (55s)
[test-lane] RUNNING exclusive (60s)
[test-lane] RUNNING exclusive (65s)
il/performance-execution/snapshot-n74pemwa/lib/gerbil-ascent/candidate/stratified-producer~0.scm)
... execute compile job (compile-file /Users/guangtao/ghq/github.com/tao3k/gerbil-ascent/.gerbil/performance-execution/snapshot-n74pemwa/lib/gerbil-ascent/candidate/stratified-producer.scm)
... execute compile job (compile-file /Users/guangtao/ghq/github.com/tao3k/gerbil-ascent/.gerbil/performance-execution/snapshot-n74pemwa/lib/gerbil-ascent/program/interface.scm)
... execute compile job (compile-file /Users/guangtao/ghq/github.com/tao3k/gerbil-ascent/.gerbil/performance-execution/snapshot-n74pemwa/lib/gerbil-ascent/candidate/reasoning~0.scm)
... execute compile job (compile-file /Users/guangtao/ghq/github.com/tao3k/gerbil-ascent/.gerbil/performance-execution/snapshot-n74pemwa/lib/gerbil-ascent/candidate/reasoning.scm)
... execute compile job (compile-file /Users/guangtao/ghq/github.com/tao3k/gerbil-ascent/.gerbil/performance-execution/snapshot-n74pemwa/lib/gerbil-ascent/candidate/reasoning~1.scm)
[test-lane] RUNNING exclusive (70s)
[test-lane] RUNNING exclusive (75s)
[test-lane] RUNNING exclusive (80s)
[native-performance] VERIFIED modules=41 receipt=/Users/guangtao/ghq/github.com/tao3k/gerbil-ascent/.gerbil/performance-execution/snapshot-n74pemwa/snapshot.json
[native-qualification] START ascent-byods-trrel
[test-lane] RUNNING exclusive (85s)
[native-qualification] RUNNING ascent-byods-trrel
[test-lane] RUNNING exclusive (90s)
[native-qualification] RUNNING ascent-byods-trrel
[test-lane] RUNNING exclusive (95s)
[native-qualification] RUNNING ascent-byods-trrel
[test-lane] RUNNING exclusive (100s)
[native-qualification] RUNNING ascent-byods-trrel
[test-lane] RUNNING exclusive (105s)
[native-qualification] RUNNING ascent-byods-trrel
[test-lane] RUNNING exclusive (110s)
[native-qualification] RUNNING ascent-byods-trrel
[test-lane] RUNNING exclusive (115s)
[native-qualification] RUNNING ascent-byods-trrel
[test-lane] RUNNING exclusive (120s)
[native-qualification] RUNNING ascent-byods-trrel
[test-lane] RUNNING exclusive (125s)
[native-qualification] RUNNING ascent-byods-trrel
[test-lane] RUNNING exclusive (130s)
[native-qualification] RUNNING ascent-byods-trrel
[test-lane] RUNNING exclusive (135s)
[native-qualification] RUNNING ascent-byods-trrel
[test-lane] RUNNING exclusive (140s)
[native-qualification] RUNNING ascent-byods-trrel
[test-lane] RUNNING exclusive (145s)
[native-qualification] RUNNING ascent-byods-trrel
[test-lane] RUNNING exclusive (150s)
[native-qualification] RUNNING ascent-byods-trrel
[test-lane] RUNNING exclusive (155s)
[native-qualification] RUNNING ascent-byods-trrel
{'name': 'ascent-byods-trrel', 'exit': 0, 'seconds': 75.75229525000032}
[native-qualification] START ascent-session-update
[test-lane] RUNNING exclusive (160s)
[native-qualification] RUNNING ascent-session-update
[test-lane] RUNNING exclusive (165s)
[native-qualification] RUNNING ascent-session-update
[test-lane] RUNNING exclusive (170s)
[native-qualification] RUNNING ascent-session-update
[test-lane] RUNNING exclusive (175s)
[native-qualification] RUNNING ascent-session-update
{'name': 'ascent-session-update', 'exit': 0, 'seconds': 22.503354167005455}
[native-qualification] START ascent-ten-thousand-appends
[test-lane] RUNNING exclusive (180s)
[native-qualification] RUNNING ascent-ten-thousand-appends
[test-lane] RUNNING exclusive (185s)
[native-qualification] RUNNING ascent-ten-thousand-appends
[test-lane] RUNNING exclusive (190s)
[native-qualification] RUNNING ascent-ten-thousand-appends
[test-lane] RUNNING exclusive (195s)
[native-qualification] RUNNING ascent-ten-thousand-appends
[test-lane] RUNNING exclusive (200s)
[native-qualification] RUNNING ascent-ten-thousand-appends
[test-lane] RUNNING exclusive (205s)
{'name': 'ascent-ten-thousand-appends', 'exit': 0, 'seconds': 25.194902834002278}
[native-qualification] START ascent-nonpositive-session-update
[test-lane] RUNNING exclusive (210s)
[native-qualification] RUNNING ascent-nonpositive-session-update
[test-lane] RUNNING exclusive (215s)
[native-qualification] RUNNING ascent-nonpositive-session-update
[test-lane] RUNNING exclusive (220s)
[native-qualification] RUNNING ascent-nonpositive-session-update
[test-lane] RUNNING exclusive (225s)
[native-qualification] RUNNING ascent-nonpositive-session-update
{'name': 'ascent-nonpositive-session-update', 'exit': 0, 'seconds': 22.105627707998792}
[native-qualification] START ascent-rule-clauses
[test-lane] RUNNING exclusive (230s)
[native-qualification] RUNNING ascent-rule-clauses
[test-lane] RUNNING exclusive (235s)
[native-qualification] RUNNING ascent-rule-clauses
[test-lane] RUNNING exclusive (240s)
[native-qualification] RUNNING ascent-rule-clauses
[test-lane] RUNNING exclusive (245s)
{'name': 'ascent-rule-clauses', 'exit': 0, 'seconds': 17.655785874994763}
[native-qualification] START ascent-var-points-to
[test-lane] RUNNING exclusive (250s)
[native-qualification] RUNNING ascent-var-points-to
[test-lane] RUNNING exclusive (255s)
[native-qualification] RUNNING ascent-var-points-to
[test-lane] RUNNING exclusive (260s)
[native-qualification] RUNNING ascent-var-points-to
{'name': 'ascent-var-points-to', 'exit': 0, 'seconds': 18.11374991699995}
[native-qualification] START ascent-upstream-examples
[test-lane] RUNNING exclusive (265s)
[native-qualification] RUNNING ascent-upstream-examples
[test-lane] RUNNING exclusive (270s)
[native-qualification] RUNNING ascent-upstream-examples
[test-lane] RUNNING exclusive (275s)
[native-qualification] RUNNING ascent-upstream-examples
[test-lane] RUNNING exclusive (280s)
[native-qualification] RUNNING ascent-upstream-examples
[test-lane] RUNNING exclusive (285s)
{'name': 'ascent-upstream-examples', 'exit': 0, 'seconds': 22.51808075000008}
[native-qualification] START ascent-product-session
[test-lane] RUNNING exclusive (290s)
[native-qualification] RUNNING ascent-product-session
[test-lane] RUNNING exclusive (295s)
[native-qualification] RUNNING ascent-product-session
[test-lane] RUNNING exclusive (300s)
[native-qualification] RUNNING ascent-product-session
[test-lane] RUNNING exclusive (305s)
{'name': 'ascent-product-session', 'exit': 0, 'seconds': 19.52759091599728}
[native-qualification] START ascent-mutual-recursive-heads
[test-lane] RUNNING exclusive (310s)
[native-qualification] RUNNING ascent-mutual-recursive-heads
[test-lane] RUNNING exclusive (315s)
[native-qualification] RUNNING ascent-mutual-recursive-heads
[test-lane] RUNNING exclusive (320s)
[native-qualification] RUNNING ascent-mutual-recursive-heads
{'name': 'ascent-mutual-recursive-heads', 'exit': 0, 'seconds': 17.270745875001012}
[native-qualification] START ascent-derived-aggregate
[test-lane] RUNNING exclusive (325s)
[native-qualification] RUNNING ascent-derived-aggregate
[test-lane] RUNNING exclusive (330s)
[native-qualification] RUNNING ascent-derived-aggregate
[test-lane] RUNNING exclusive (335s)
[native-qualification] RUNNING ascent-derived-aggregate
[test-lane] RUNNING exclusive (340s)
{'name': 'ascent-derived-aggregate', 'exit': 0, 'seconds': 16.443849125003908}
[native-qualification] START ascent-indexed-joins
[test-lane] RUNNING exclusive (345s)
[native-qualification] RUNNING ascent-indexed-joins
[test-lane] RUNNING exclusive (350s)
[native-qualification] RUNNING ascent-indexed-joins
[test-lane] RUNNING exclusive (355s)
[native-qualification] RUNNING ascent-indexed-joins
{'name': 'ascent-indexed-joins', 'exit': 0, 'seconds': 16.81393895799556}
[native-qualification] START ascent-byods-eqrel
[test-lane] RUNNING exclusive (360s)
[native-qualification] RUNNING ascent-byods-eqrel
[test-lane] RUNNING exclusive (365s)
[native-qualification] RUNNING ascent-byods-eqrel
[test-lane] RUNNING exclusive (370s)
[native-qualification] RUNNING ascent-byods-eqrel
[test-lane] RUNNING exclusive (375s)
{'name': 'ascent-byods-eqrel', 'exit': 0, 'seconds': 18.217982500005746}
[native-qualification] START ascent-binary-program
[test-lane] RUNNING exclusive (380s)
[native-qualification] RUNNING ascent-binary-program
[test-lane] RUNNING exclusive (385s)
[native-qualification] RUNNING ascent-binary-program
[test-lane] RUNNING exclusive (390s)
[native-qualification] RUNNING ascent-binary-program
{'name': 'ascent-binary-program', 'exit': 0, 'seconds': 17.414490167000622}
[native-qualification] START ascent-reachability-closure
[test-lane] RUNNING exclusive (395s)
[native-qualification] RUNNING ascent-reachability-closure
[test-lane] RUNNING exclusive (400s)
[native-qualification] RUNNING ascent-reachability-closure
[test-lane] RUNNING exclusive (405s)
[native-qualification] RUNNING ascent-reachability-closure
{'name': 'ascent-reachability-closure', 'exit': 0, 'seconds': 16.710320291000244}
[native-qualification] START ascent-table-expression
[test-lane] RUNNING exclusive (410s)
[test-lane] RUNNING exclusive (415s)
[native-qualification] RUNNING ascent-table-expression
[test-lane] RUNNING exclusive (420s)
[native-qualification] RUNNING ascent-table-expression
[test-lane] RUNNING exclusive (425s)
[native-qualification] RUNNING ascent-table-expression
[test-lane] RUNNING exclusive (430s)
[native-qualification] RUNNING ascent-table-expression
[test-lane] RUNNING exclusive (435s)
[native-qualification] RUNNING ascent-table-expression
[test-lane] RUNNING exclusive (440s)
[native-qualification] RUNNING ascent-table-expression
[test-lane] RUNNING exclusive (445s)
[native-qualification] RUNNING ascent-table-expression
[test-lane] RUNNING exclusive (450s)
[native-qualification] RUNNING ascent-table-expression
[test-lane] RUNNING exclusive (455s)
[native-qualification] RUNNING ascent-table-expression
[test-lane] RUNNING exclusive (460s)
[native-qualification] RUNNING ascent-table-expression
[test-lane] RUNNING exclusive (465s)
[native-qualification] RUNNING ascent-table-expression
[test-lane] RUNNING exclusive (470s)
[native-qualification] RUNNING ascent-table-expression
[test-lane] RUNNING exclusive (475s)
[native-qualification] RUNNING ascent-table-expression
[test-lane] RUNNING exclusive (480s)
[native-qualification] RUNNING ascent-table-expression
[test-lane] RUNNING exclusive (485s)
[native-qualification] RUNNING ascent-table-expression
[test-lane] RUNNING exclusive (490s)
[native-qualification] RUNNING ascent-table-expression
[test-lane] RUNNING exclusive (495s)
[native-qualification] RUNNING ascent-table-expression
[test-lane] RUNNING exclusive (500s)
[native-qualification] RUNNING ascent-table-expression
[test-lane] RUNNING exclusive (505s)
{'name': 'ascent-table-expression', 'exit': 1, 'seconds': 95.3821160830048}
[native-qualification] START ascent-table-expression-membership
[test-lane] RUNNING exclusive (510s)
[native-qualification] RUNNING ascent-table-expression-membership
[test-lane] RUNNING exclusive (516s)
[native-qualification] RUNNING ascent-table-expression-membership
[test-lane] RUNNING exclusive (521s)
[native-qualification] RUNNING ascent-table-expression-membership
[test-lane] RUNNING exclusive (526s)
[native-qualification] RUNNING ascent-table-expression-membership
[test-lane] RUNNING exclusive (531s)
[native-qualification] RUNNING ascent-table-expression-membership
{'name': 'ascent-table-expression-membership', 'exit': 0, 'seconds': 25.204646416001196}
[native-qualification] START ascent-shortest-candidates
[test-lane] RUNNING exclusive (536s)
[native-qualification] RUNNING ascent-shortest-candidates
[test-lane] RUNNING exclusive (541s)
[native-qualification] RUNNING ascent-shortest-candidates
[test-lane] RUNNING exclusive (546s)
[native-qualification] RUNNING ascent-shortest-candidates
[test-lane] RUNNING exclusive (551s)
[native-qualification] RUNNING ascent-shortest-candidates
{'name': 'ascent-shortest-candidates', 'exit': 0, 'seconds': 21.734992917001364}
[native-qualification] START complete-first
[test-lane] RUNNING exclusive (556s)
[native-qualification] RUNNING complete-first
[test-lane] RUNNING exclusive (561s)
[native-qualification] RUNNING complete-first
[test-lane] RUNNING exclusive (566s)
[native-qualification] RUNNING complete-first
[test-lane] RUNNING exclusive (571s)
{'name': 'complete-first', 'exit': 0, 'seconds': 18.75600595799915}
[native-qualification] START complete-repeat
[test-lane] RUNNING exclusive (576s)
[native-qualification] RUNNING complete-repeat
[test-lane] RUNNING exclusive (581s)
[native-qualification] RUNNING complete-repeat
[test-lane] RUNNING exclusive (586s)
[native-qualification] RUNNING complete-repeat
{'name': 'complete-repeat', 'exit': 0, 'seconds': 17.75319195799966}
[native-qualification] START functional-suite
[test-lane] RUNNING exclusive (591s)
[native-qualification] RUNNING functional-suite
[test-lane] RUNNING exclusive (596s)
[native-qualification] RUNNING functional-suite
[test-lane] RUNNING exclusive (601s)
[native-qualification] RUNNING functional-suite
[test-lane] RUNNING exclusive (606s)
[native-qualification] RUNNING functional-suite
[test-lane] RUNNING exclusive (611s)
[native-qualification] RUNNING functional-suite
[test-lane] RUNNING exclusive (616s)
{'name': 'functional-suite', 'exit': 1, 'seconds': 26.37841287500487}
[test-lane] END exclusive exit=1
