DSL-ARTIFACT-VERIFIED ef74d5e5893c678fb2cb27a4a410de3a1f8ac98d2dbe6febb8f7da13ecdcd017
HARNESS Scheme DSL closure
MODULE t/qualification/scheme-closure-contract-test.ss
SUITE Scheme closure guarantees and operational failure boundaries
CASE finite successor completes with the exact independent interval
CASE-OK finite successor completes with the exact independent interval
CASE monotone integer successor does not become complete at a budget
CASE-OK monotone integer successor does not become complete at a budget
CASE one lattice key does not imply finite-height refinement
CASE-OK one lattice key does not imply finite-height refinement
CASE separately admissible fragments can compose into a negative cycle
CASE-OK separately admissible fragments can compose into a negative cycle
SUITE-OK Scheme closure guarantees and operational failure boundaries
MODULE-OK t/qualification/scheme-closure-contract-test.ss
HARNESS-OK Scheme DSL closure
OK
HARNESS Scheme DSL closure
MODULE t/qualification/scheme-operator-test.ss
SUITE Scheme finite relation operator graph
CASE projected join compiles directly to its output relation
CASE-OK projected join compiles directly to its output relation
CASE projected join retains zero-arity and repeated columns
CASE-OK projected join retains zero-arity and repeated columns
CASE fixed-point union branches target the fixed relation
CASE-OK fixed-point union branches target the fixed relation
CASE sixty-four graph fixed points equal independent closure
PROGRESS operator graph parity 2/64
PROGRESS operator graph parity 4/64
PROGRESS operator graph parity 6/64
PROGRESS operator graph parity 8/64
PROGRESS operator graph parity 10/64
PROGRESS operator graph parity 12/64
PROGRESS operator graph parity 14/64
PROGRESS operator graph parity 16/64
PROGRESS operator graph parity 18/64
PROGRESS operator graph parity 20/64
PROGRESS operator graph parity 22/64
PROGRESS operator graph parity 24/64
PROGRESS operator graph parity 26/64
PROGRESS operator graph parity 28/64
PROGRESS operator graph parity 30/64
PROGRESS operator graph parity 32/64
PROGRESS operator graph parity 34/64
PROGRESS operator graph parity 36/64
PROGRESS operator graph parity 38/64
PROGRESS operator graph parity 40/64
PROGRESS operator graph parity 42/64
PROGRESS operator graph parity 44/64
PROGRESS operator graph parity 46/64
PROGRESS operator graph parity 48/64
PROGRESS operator graph parity 50/64
PROGRESS operator graph parity 52/64
PROGRESS operator graph parity 54/64
PROGRESS operator graph parity 56/64
PROGRESS operator graph parity 58/64
PROGRESS operator graph parity 60/64
PROGRESS operator graph parity 62/64
PROGRESS operator graph parity 64/64
CASE-OK sixty-four graph fixed points equal independent closure
CASE reference change matches finite closure set difference
PROGRESS operator change parity 2/64
PROGRESS operator change parity 4/64
PROGRESS operator change parity 6/64
PROGRESS operator change parity 8/64
PROGRESS operator change parity 10/64
PROGRESS operator change parity 12/64
PROGRESS operator change parity 14/64
PROGRESS operator change parity 16/64
PROGRESS operator change parity 18/64
PROGRESS operator change parity 20/64
PROGRESS operator change parity 22/64
PROGRESS operator change parity 24/64
PROGRESS operator change parity 26/64
PROGRESS operator change parity 28/64
PROGRESS operator change parity 30/64
PROGRESS operator change parity 32/64
PROGRESS operator change parity 34/64
PROGRESS operator change parity 36/64
PROGRESS operator change parity 38/64
PROGRESS operator change parity 40/64
PROGRESS operator change parity 42/64
PROGRESS operator change parity 44/64
PROGRESS operator change parity 46/64
PROGRESS operator change parity 48/64
PROGRESS operator change parity 50/64
PROGRESS operator change parity 52/64
PROGRESS operator change parity 54/64
PROGRESS operator change parity 56/64
PROGRESS operator change parity 58/64
PROGRESS operator change parity 60/64
PROGRESS operator change parity 62/64
PROGRESS operator change parity 64/64
CASE-OK reference change matches finite closure set difference
CASE both changing join sides and a finite map propagate inserts
CASE-OK both changing join sides and a finite map propagate inserts
CASE selection after join sees only new paths
CASE-OK selection after join sees only new paths
CASE nested fixed points with an outer changing parameter
CASE-OK nested fixed points with an outer changing parameter
CASE zero-change propagation avoids old recursive joins
CASE-OK zero-change propagation avoids old recursive joins
CASE select, project, finite flatmap and union share one solve
CASE-OK select, project, finite flatmap and union share one solve
CASE fixed-point placeholder is local to its builder
CASE-OK fixed-point placeholder is local to its builder
CASE one relation transformer applies to two distinct inputs
CASE-OK one relation transformer applies to two distinct inputs
CASE shared child cannot capture a fixed-point parameter
CASE-OK shared child cannot capture a fixed-point parameter
CASE one source withdrawal recompiles to a new complete result
CASE-OK one source withdrawal recompiles to a new complete result
CASE two builder instances retain separate private names
CASE-OK two builder instances retain separate private names
CASE operator graphs compose as fresh native fragments
CASE-OK operator graphs compose as fresh native fragments
CASE delta prediction matches retained append and withdrawal
CASE-OK delta prediction matches retained append and withdrawal
CASE construction rejects hidden code and invalid shapes
CASE-OK construction rejects hidden code and invalid shapes
CASE growth budget cannot return a complete fixed point
CASE-OK growth budget cannot return a complete fixed point
SUITE-OK Scheme finite relation operator graph
MODULE-OK t/qualification/scheme-operator-test.ss
HARNESS-OK Scheme DSL closure
OK
HARNESS Scheme DSL closure
MODULE t/qualification/scheme-library-contract-test.ss
SUITE native and candidate common semantic contract
CASE eight diagnostic graphs share one finite model
CONTRACT-PROGRESS 0
CONTRACT-PROGRESS 1
CONTRACT-PROGRESS 3
CONTRACT-PROGRESS 7
CONTRACT-PROGRESS 24
CONTRACT-PROGRESS 31
CONTRACT-PROGRESS 47
CONTRACT-PROGRESS 63
CASE-OK eight diagnostic graphs share one finite model
CASE blocked odd and equal-weight states discriminate admitted mistakes
DISCRIMINATOR-PROGRESS 0
DISCRIMINATOR-PROGRESS 1
DISCRIMINATOR-PROGRESS 2
DISCRIMINATOR-PROGRESS 3
DISCRIMINATOR-PROGRESS 4
DISCRIMINATOR-PROGRESS 5
DISCRIMINATOR-PROGRESS 6
MUTANT-PROGRESS missing-negation 0
MUTANT-PROGRESS missing-negation 1
MUTANT-PROGRESS missing-negation 2
MUTANT-PROGRESS missing-negation 3
MUTANT-PROGRESS missing-negation 4
MUTANT-PROGRESS missing-negation 5
MUTANT-PROGRESS missing-negation 6
MUTANT-DISCRIMINATED missing-negation
MUTANT-PROGRESS missing-guard 0
MUTANT-PROGRESS missing-guard 1
MUTANT-PROGRESS missing-guard 2
MUTANT-PROGRESS missing-guard 3
MUTANT-PROGRESS missing-guard 4
MUTANT-PROGRESS missing-guard 5
MUTANT-PROGRESS missing-guard 6
MUTANT-DISCRIMINATED missing-guard
MUTANT-PROGRESS guard-after-doubling 0
MUTANT-PROGRESS guard-after-doubling 1
MUTANT-PROGRESS guard-after-doubling 2
MUTANT-PROGRESS guard-after-doubling 3
MUTANT-PROGRESS guard-after-doubling 4
MUTANT-PROGRESS guard-after-doubling 5
MUTANT-PROGRESS guard-after-doubling 6
MUTANT-DISCRIMINATED guard-after-doubling
CASE-OK blocked odd and equal-weight states discriminate admitted mistakes
CASE multi-source withdrawal and failed transaction are atomic
CASE-OK multi-source withdrawal and failed transaction are atomic
CASE alternate and last support withdrawal preserve snapshot binding
CASE-OK alternate and last support withdrawal preserve snapshot binding
CASE resource exhaustion is never a completed answer
CASE-OK resource exhaustion is never a completed answer
SUITE-OK native and candidate common semantic contract
MODULE-OK t/qualification/scheme-library-contract-test.ss
HARNESS-OK Scheme DSL closure
OK
HARNESS Scheme DSL closure
MODULE t/qualification/scheme-operator-retained-test.ss
SUITE retained first-class relational operators
CASE all finite graphs survive append, duplicate and withdrawal
PROGRESS retained graphs 2/64
PROGRESS retained graphs 4/64
PROGRESS retained graphs 6/64
PROGRESS retained graphs 8/64
PROGRESS retained graphs 10/64
PROGRESS retained graphs 12/64
PROGRESS retained graphs 14/64
PROGRESS retained graphs 16/64
PROGRESS retained graphs 18/64
PROGRESS retained graphs 20/64
PROGRESS retained graphs 22/64
PROGRESS retained graphs 24/64
PROGRESS retained graphs 26/64
PROGRESS retained graphs 28/64
PROGRESS retained graphs 30/64
PROGRESS retained graphs 32/64
PROGRESS retained graphs 34/64
PROGRESS retained graphs 36/64
PROGRESS retained graphs 38/64
PROGRESS retained graphs 40/64
PROGRESS retained graphs 42/64
PROGRESS retained graphs 44/64
PROGRESS retained graphs 46/64
PROGRESS retained graphs 48/64
PROGRESS retained graphs 50/64
PROGRESS retained graphs 52/64
PROGRESS retained graphs 54/64
PROGRESS retained graphs 56/64
PROGRESS retained graphs 58/64
PROGRESS retained graphs 60/64
PROGRESS retained graphs 62/64
PROGRESS retained graphs 64/64
CASE-OK all finite graphs survive append, duplicate and withdrawal
CASE fixed captured source and finite mapping share retained solve
CASE-OK fixed captured source and finite mapping share retained solve
CASE batch replacement commits both sources and nested closure
PROGRESS nested source cuts 2/64
PROGRESS nested source cuts 4/64
PROGRESS nested source cuts 6/64
PROGRESS nested source cuts 8/64
PROGRESS nested source cuts 10/64
PROGRESS nested source cuts 12/64
PROGRESS nested source cuts 14/64
PROGRESS nested source cuts 16/64
PROGRESS nested source cuts 18/64
PROGRESS nested source cuts 20/64
PROGRESS nested source cuts 22/64
PROGRESS nested source cuts 24/64
PROGRESS nested source cuts 26/64
PROGRESS nested source cuts 28/64
PROGRESS nested source cuts 30/64
PROGRESS nested source cuts 32/64
PROGRESS nested source cuts 34/64
PROGRESS nested source cuts 36/64
PROGRESS nested source cuts 38/64
PROGRESS nested source cuts 40/64
PROGRESS nested source cuts 42/64
PROGRESS nested source cuts 44/64
PROGRESS nested source cuts 46/64
PROGRESS nested source cuts 48/64
PROGRESS nested source cuts 50/64
PROGRESS nested source cuts 52/64
PROGRESS nested source cuts 54/64
PROGRESS nested source cuts 56/64
PROGRESS nested source cuts 58/64
PROGRESS nested source cuts 60/64
PROGRESS nested source cuts 62/64
PROGRESS nested source cuts 64/64
CASE-OK batch replacement commits both sources and nested closure
CASE failed batch preserves all sources and the prior result
CASE-OK failed batch preserves all sources and the prior result
CASE invalid or over-budget update preserves last result
CASE-OK invalid or over-budget update preserves last result
CASE failed output budget does not publish an insertion
CASE-OK failed output budget does not publish an insertion
SUITE-OK retained first-class relational operators
MODULE-OK t/qualification/scheme-operator-retained-test.ss
HARNESS-OK Scheme DSL closure
OK
HARNESS Scheme DSL closure
MODULE t/qualification/ascent-finite-evidence-test.ss
SUITE finite stratified replay evidence
CASE negation and count have an exact snapshot-relative closure
CASE-OK negation and count have an exact snapshot-relative closure
CASE closed absence after negative and aggregate strata
CASE-OK closed absence after negative and aggregate strata
CASE source correction changes count but not old evidence
CASE-OK source correction changes count but not old evidence
CASE replay mismatch is not certified
CASE-OK replay mismatch is not certified
CASE oversized external closure is rejected before replay
CASE-OK oversized external closure is rejected before replay
CASE strict dependency cycle has no finite certificate
CASE-OK strict dependency cycle has no finite certificate
CASE all fixed reducers and empty groups
CASE-OK all fixed reducers and empty groups
CASE negated wildcard checks absence of any matching row
CASE-OK negated wildcard checks absence of any matching row
CASE all 64 three-node graphs match a separate reachability model
PROGRESS finite evidence graphs 2/64
PROGRESS finite evidence graphs 4/64
PROGRESS finite evidence graphs 6/64
PROGRESS finite evidence graphs 8/64
PROGRESS finite evidence graphs 10/64
PROGRESS finite evidence graphs 12/64
PROGRESS finite evidence graphs 14/64
PROGRESS finite evidence graphs 16/64
PROGRESS finite evidence graphs 18/64
PROGRESS finite evidence graphs 20/64
PROGRESS finite evidence graphs 22/64
PROGRESS finite evidence graphs 24/64
PROGRESS finite evidence graphs 26/64
PROGRESS finite evidence graphs 28/64
PROGRESS finite evidence graphs 30/64
PROGRESS finite evidence graphs 32/64
PROGRESS finite evidence graphs 34/64
PROGRESS finite evidence graphs 36/64
PROGRESS finite evidence graphs 38/64
PROGRESS finite evidence graphs 40/64
PROGRESS finite evidence graphs 42/64
PROGRESS finite evidence graphs 44/64
PROGRESS finite evidence graphs 46/64
PROGRESS finite evidence graphs 48/64
PROGRESS finite evidence graphs 50/64
PROGRESS finite evidence graphs 52/64
PROGRESS finite evidence graphs 54/64
PROGRESS finite evidence graphs 56/64
PROGRESS finite evidence graphs 58/64
PROGRESS finite evidence graphs 60/64
PROGRESS finite evidence graphs 62/64
PROGRESS finite evidence graphs 64/64
CASE-OK all 64 three-node graphs match a separate reachability model
SUITE-OK finite stratified replay evidence
MODULE-OK t/qualification/ascent-finite-evidence-test.ss
HARNESS-OK Scheme DSL closure
OK
HARNESS Scheme DSL closure
MODULE t/qualification/ascent-positive-nonmembership-test.ss
SUITE finite positive ground nonmembership
CASE public receipt carries independently verifiable absence
CASE-OK public receipt carries independently verifiable absence
CASE closed relation set certifies missing ground target
CASE-OK closed relation set certifies missing ground target
CASE mutable or forged snapshot content invalidates certificate
CASE-OK mutable or forged snapshot content invalidates certificate
CASE checker rejects omitted input and broken rule closure
CASE-OK checker rejects omitted input and broken rule closure
CASE oversized external certificates fail before rule traversal
CASE-OK oversized external certificates fail before rule traversal
CASE candidate fact is required in closure
CASE-OK candidate fact is required in closure
CASE fixed arithmetic is replayed in an absence certificate
CASE-OK fixed arithmetic is replayed in an absence certificate
CASE non-ground, nonpositive and incomplete executions abstain
CASE-OK non-ground, nonpositive and incomplete executions abstain
SUITE-OK finite positive ground nonmembership
MODULE-OK t/qualification/ascent-positive-nonmembership-test.ss
HARNESS-OK Scheme DSL closure
OK
