[ascent-test] START t/qualification/ascent-rule-program-test.ss
[qualification] RUNNING final-rule-serial (5s)
[qualification] RUNNING final-rule-serial (10s)
[qualification] RUNNING final-rule-serial (15s)
[qualification] RUNNING final-rule-serial (20s)
[qualification] RUNNING final-rule-serial (25s)
[qualification] RUNNING final-rule-serial (31s)
[qualification] RUNNING final-rule-serial (36s)
[qualification] RUNNING final-rule-serial (41s)
[qualification] RUNNING final-rule-serial (46s)
[qualification] RUNNING final-rule-serial (51s)
HARNESS ("t/qualification/ascent-rule-program-test.ss")
MODULE t/qualification/ascent-rule-program-test.ss
SUITE ASCENT positive relations with arbitrary columns
CASE mixed ternary inputs derive four-column, unary and recursive rows
ERROR CASE mixed ternary inputs derive four-column, unary and recursive rows

*** ERROR IN ? [PooFlowDebugDurationAnomaly]: POO Flow testing Case duration budget exceeded
--- continuation backtrace:
[0] raise                                                                                                                                                                   
[1] ##interrupt-handler                                                                                                                                                     
[2] ##structure-instance-of?                                                                                                                                                
[3] gerbil__runtime__mop#                                                                                                                                                   
[4] cast                                                                                                                                                                    
[5] clan/poo/object#compute-slot-funs!                                                                                                                                      
[6] clan/poo/object#.slot?                                                                                                                                                  
[7] every                                                                                                                                                                   
[8] core/types#poo-flow-evidence-object?                                                                                                                                    
[9] core/types#poo-flow-validation-evidence-element?                                                                                                                        
...
[27] std/test/base#__test-harness!                                                                                                                                                                                                                                                                                                                       (##call-with-current-continuation __tmp242457)
[28] std/test/base#__test-harness!                                                                                                                                                                                                                                                                                                                       (##for-each __tmp242456 __tmp242455)
[29] std/test/base#__test-harness!                                                                                                                                                                                                                                                                                                                       (##for-each __tmp242456 __tmp242455)
[30] gerbil/tools/gxtest#gxtest-main                                                                                                                                        
CASE source withdrawal recomputes without changing earlier result
[qualification] RUNNING final-rule-serial (57s)
ERROR CASE source withdrawal recomputes without changing earlier result

*** ERROR IN ? [PooFlowDebugDurationAnomaly]: POO Flow testing Case duration budget exceeded
--- continuation backtrace:
[0] raise                                                                                                                                                                   
[1] clan/poo/mop#element?                                                                                                                                                   
[2] core/types#poo-flow-validation-evidence-element?                                                                                                                        
[3] core/types#poo-flow-object-admit                                                                                                                                        
[4] ##filter                                                                                                                                                                
[5] ##filter                                                                                                                                                                
[6] core/types#poo-flow-object-admit                                                                                                                                        
[7] core/types#poo-flow-contract-validate                                                                                                                                   
[8] #<procedure #14>                                                                                                                                                                                                                                                                                                                                     (gerbil-ascent/program/objects#gerbil-ascent-relation 'node (length '(value)) '((1) (2) (3)) gerbil-ascent/table/provider#gerbil-ascent-hash-index-provider gerbil-...
[9] #<procedure #15>                                                                                                                                                        "t/qualification/ascent-rule-program-fixture.ss"@54:4-54:53                                                                                                                  (gerbil-ascent/t/qualification/ascent-rule-program-fixture#ascent-rule-fixture-program #:edges28311 #:derived-limit28312)
...
[20] std/test/base#__test-harness!                                                                                                                                                                                                                                                                                                                       (##call-with-current-continuation __tmp242457)
[21] std/test/base#__test-harness!                                                                                                                                                                                                                                                                                                                       (##for-each __tmp242456 __tmp242455)
[22] std/test/base#__test-harness!                                                                                                                                                                                                                                                                                                                       (##for-each __tmp242456 __tmp242455)
[23] gerbil/tools/gxtest#gxtest-main                                                                                                                                        
CASE positive session retains rows across source additions
[qualification] RUNNING final-rule-serial (62s)
CASE-OK positive session retains rows across source additions
CASE ten thousand positive appends retain order and recover state
ERROR CHECK (rows second 'item) "t/qualification/ascent-rule-program-test.ss"@145.25-145.44

*** ERROR IN ? [PooFlowDebugDurationAnomaly]: POO Flow testing Case duration budget exceeded
--- continuation backtrace:
[0] raise                                                                                                                                                                   
[1] ##equal?                                                                                                                                                                
[2] ##equal?                                                                                                                                                                
[3] ##equal?                                                                                                                                                                
[4] #<procedure #18>                                                                                                                                                                                                                                                                                                                                     (std/test/unit#equal-values? #:expected30351 #:result30354)
[5] std/test/base#__test-do-check!                                                                                                                                                                                                                                                                                                                       (_%thunk499301%_)
[6] std/test/base#__test-check!                                                                                                                                                                                                                                                                                                                          (##call-with-current-continuation __tmp242479)
[7] #<procedure #19>                                                                                                                                                                                                                                                                                                                                     (std/test/base#__test-check! #:desc30363 #:where30375 #:thunk30385)
[8] core/observability/debug#call-with-poo-flow-debug-memory-case-watchdog__%                                                                                               
[9] ##call-with-values                                                                                                                                                      
...
[17] std/test/base#__test-harness!                                                                                                                                                                                                                                                                                                                       (##call-with-current-continuation __tmp242457)
[18] std/test/base#__test-harness!                                                                                                                                                                                                                                                                                                                       (##for-each __tmp242456 __tmp242455)
[19] std/test/base#__test-harness!                                                                                                                                                                                                                                                                                                                       (##for-each __tmp242456 __tmp242455)
[20] gerbil/tools/gxtest#gxtest-main                                                                                                                                        
CASE staged Set rows share one global output budget
[qualification] RUNNING final-rule-serial (67s)
CASE-OK staged Set rows share one global output budget
CASE batched Set duplicates retain first source order
CASE-OK batched Set duplicates retain first source order
CASE session recomputes negation after source updates
CASE-OK session recomputes negation after source updates
CASE nonpositive recomputation rejects over-budget source atomically
[qualification] RUNNING final-rule-serial (72s)
CASE-OK nonpositive recomputation rejects over-budget source atomically
CASE empty rule set preserves sources and returns
CASE-OK empty rule set preserves sources and returns
CASE POO rule refinement receives its own immutable analysis
CASE-OK POO rule refinement receives its own immutable analysis
CASE zero-column fact gates typed boolean and string rows
[qualification] RUNNING final-rule-serial (77s)
ERROR CHECK (rows (ascent-typed-program-evaluate #f '((#t alpha))) 'selected) "t/qualification/ascent-rule-program-test.ss"@276.8-277.45

*** ERROR IN ? [PooFlowDebugDurationAnomaly]: POO Flow testing Case duration budget exceeded
--- continuation backtrace:
[0] raise                                                                                                                                                                   
[1] symbolic-table-ref                                                                                                                                                      
[2] __hash-ref__%                                                                                                                                                           
[3] clan/poo/object#.ref                                                                                                                                                    
[4] core/types#poo-flow-validation-evidence-element?                                                                                                                        
[5] core/types#poo-flow-object-admit                                                                                                                                        
[6] ##filter                                                                                                                                                                
[7] ##filter                                                                                                                                                                
[8] core/types#poo-flow-object-admit                                                                                                                                        
[9] core/types#poo-flow-contract-element?                                                                                                                                   
...
[32] std/test/base#__test-harness!                                                                                                                                                                                                                                                                                                                       (##call-with-current-continuation __tmp242457)
[33] std/test/base#__test-harness!                                                                                                                                                                                                                                                                                                                       (##for-each __tmp242456 __tmp242455)
[34] std/test/base#__test-harness!                                                                                                                                                                                                                                                                                                                       (##for-each __tmp242456 __tmp242455)
[35] gerbil/tools/gxtest#gxtest-main                                                                                                                                        
CASE arity, unsafe heads, and derived budgets reject
[qualification] RUNNING final-rule-serial (82s)
CASE-OK arity, unsafe heads, and derived budgets reject
SUITE-OK ASCENT positive relations with arbitrary columns
MODULE-OK t/qualification/ascent-rule-program-test.ss
HARNESS-OK ("t/qualification/ascent-rule-program-test.ss")
ERROR HARNESS (t/qualification/ascent-rule-program-test.ss)
at HARNESS ("t/qualification/ascent-rule-program-test.ss")
at MODULE t/qualification/ascent-rule-program-test.ss
at SUITE ASCENT positive relations with arbitrary columns
at CASE mixed ternary inputs derive four-column, unary and recursive rows

*** ERROR IN ? [PooFlowDebugDurationAnomaly]: POO Flow testing Case duration budget exceeded
--- continuation backtrace:
[0] raise                                                                                                                                                                   
[1] ##interrupt-handler                                                                                                                                                     
[2] ##structure-instance-of?                                                                                                                                                
[3] gerbil__runtime__mop#                                                                                                                                                   
[4] cast                                                                                                                                                                    
[5] clan/poo/object#compute-slot-funs!                                                                                                                                      
[6] clan/poo/object#.slot?                                                                                                                                                  
[7] every                                                                                                                                                                   
[8] core/types#poo-flow-evidence-object?                                                                                                                                    
[9] core/types#poo-flow-validation-evidence-element?                                                                                                                        
...
[27] std/test/base#__test-harness!                                                                                                                                                                                                                                                                                                                       (##call-with-current-continuation __tmp242457)
[28] std/test/base#__test-harness!                                                                                                                                                                                                                                                                                                                       (##for-each __tmp242456 __tmp242455)
[29] std/test/base#__test-harness!                                                                                                                                                                                                                                                                                                                       (##for-each __tmp242456 __tmp242455)
[30] gerbil/tools/gxtest#gxtest-main                                                                                                                                        
at CASE source withdrawal recomputes without changing earlier result

*** ERROR IN ? [PooFlowDebugDurationAnomaly]: POO Flow testing Case duration budget exceeded
--- continuation backtrace:
[0] raise                                                                                                                                                                   
[1] clan/poo/mop#element?                                                                                                                                                   
[2] core/types#poo-flow-validation-evidence-element?                                                                                                                        
[3] core/types#poo-flow-object-admit                                                                                                                                        
[4] ##filter                                                                                                                                                                
[5] ##filter                                                                                                                                                                
[6] core/types#poo-flow-object-admit                                                                                                                                        
[7] core/types#poo-flow-contract-validate                                                                                                                                   
[8] #<procedure #14>                                                                                                                                                                                                                                                                                                                                     (gerbil-ascent/program/objects#gerbil-ascent-relation 'node (length '(value)) '((1) (2) (3)) gerbil-ascent/table/provider#gerbil-ascent-hash-index-provider gerbil-...
[9] #<procedure #15>                                                                                                                                                        "t/qualification/ascent-rule-program-fixture.ss"@54:4-54:53                                                                                                                  (gerbil-ascent/t/qualification/ascent-rule-program-fixture#ascent-rule-fixture-program #:edges28311 #:derived-limit28312)
...
[20] std/test/base#__test-harness!                                                                                                                                                                                                                                                                                                                       (##call-with-current-continuation __tmp242457)
[21] std/test/base#__test-harness!                                                                                                                                                                                                                                                                                                                       (##for-each __tmp242456 __tmp242455)
[22] std/test/base#__test-harness!                                                                                                                                                                                                                                                                                                                       (##for-each __tmp242456 __tmp242455)
[23] gerbil/tools/gxtest#gxtest-main                                                                                                                                        
at CHECK (rows second 'item) "t/qualification/ascent-rule-program-test.ss"@145.25-145.44

*** ERROR IN ? [PooFlowDebugDurationAnomaly]: POO Flow testing Case duration budget exceeded
--- continuation backtrace:
[0] raise                                                                                                                                                                   
[1] ##equal?                                                                                                                                                                
[2] ##equal?                                                                                                                                                                
[3] ##equal?                                                                                                                                                                
[4] #<procedure #18>                                                                                                                                                                                                                                                                                                                                     (std/test/unit#equal-values? #:expected30351 #:result30354)
[5] std/test/base#__test-do-check!                                                                                                                                                                                                                                                                                                                       (_%thunk499301%_)
[6] std/test/base#__test-check!                                                                                                                                                                                                                                                                                                                          (##call-with-current-continuation __tmp242479)
[7] #<procedure #19>                                                                                                                                                                                                                                                                                                                                     (std/test/base#__test-check! #:desc30363 #:where30375 #:thunk30385)
[8] core/observability/debug#call-with-poo-flow-debug-memory-case-watchdog__%                                                                                               
[9] ##call-with-values                                                                                                                                                      
...
[17] std/test/base#__test-harness!                                                                                                                                                                                                                                                                                                                       (##call-with-current-continuation __tmp242457)
[18] std/test/base#__test-harness!                                                                                                                                                                                                                                                                                                                       (##for-each __tmp242456 __tmp242455)
[19] std/test/base#__test-harness!                                                                                                                                                                                                                                                                                                                       (##for-each __tmp242456 __tmp242455)
[20] gerbil/tools/gxtest#gxtest-main                                                                                                                                        
at CHECK (rows (ascent-typed-program-evaluate #f '((#t alpha))) 'selected) "t/qualification/ascent-rule-program-test.ss"@276.8-277.45

*** ERROR IN ? [PooFlowDebugDurationAnomaly]: POO Flow testing Case duration budget exceeded
--- continuation backtrace:
[0] raise                                                                                                                                                                   
[1] symbolic-table-ref                                                                                                                                                      
[2] __hash-ref__%                                                                                                                                                           
[3] clan/poo/object#.ref                                                                                                                                                    
[4] core/types#poo-flow-validation-evidence-element?                                                                                                                        
[5] core/types#poo-flow-object-admit                                                                                                                                        
[6] ##filter                                                                                                                                                                
[7] ##filter                                                                                                                                                                
[8] core/types#poo-flow-object-admit                                                                                                                                        
[9] core/types#poo-flow-contract-element?                                                                                                                                   
...
[32] std/test/base#__test-harness!                                                                                                                                                                                                                                                                                                                       (##call-with-current-continuation __tmp242457)
[33] std/test/base#__test-harness!                                                                                                                                                                                                                                                                                                                       (##for-each __tmp242456 __tmp242455)
[34] std/test/base#__test-harness!                                                                                                                                                                                                                                                                                                                       (##for-each __tmp242456 __tmp242455)
[35] gerbil/tools/gxtest#gxtest-main                                                                                                                                        
[qualification] RUNNING final-rule-serial (87s)
[qualification] RUNNING final-rule-serial (92s)
error: recipe `test-file` failed with exit code 1
[qualification] END final-rule-serial exit=1 (97s)
