[ascent-test] START t/qualification/ascent-contract-union-test.ss
[qualification] RUNNING final-contract (5s)
[qualification] RUNNING final-contract (10s)
[qualification] RUNNING final-contract (16s)
[qualification] RUNNING final-contract (21s)
[qualification] RUNNING final-contract (26s)
HARNESS ("t/qualification/ascent-contract-union-test.ss")
MODULE t/qualification/ascent-contract-union-test.ss
SUITE ASCENT native union classification
CASE six clause prototypes retain full responsibility checks
CASE-OK six clause prototypes retain full responsibility checks
CASE overlapping prototypes retain ordered fallback admission
CASE-OK overlapping prototypes retain ordered fallback admission
CASE relation and lattice union rejects malformed responsibilities
CASE-OK relation and lattice union rejects malformed responsibilities
SUITE-OK ASCENT native union classification
MODULE-OK t/qualification/ascent-contract-union-test.ss
HARNESS-OK ("t/qualification/ascent-contract-union-test.ss")
OK
[ascent-test] PASS t/qualification/ascent-contract-union-test.ss (28s)
[qualification] END final-contract exit=0 (31s)
