[ascent-test] START t/qualification/ascent-rule-program-test.ss
[qualification] RUNNING final-rule (5s)
[qualification] RUNNING final-rule (10s)
[qualification] RUNNING final-rule (15s)
[qualification] RUNNING final-rule (20s)
[qualification] RUNNING final-rule (25s)
[qualification] RUNNING final-rule (30s)
[qualification] RUNNING final-rule (35s)
HARNESS ("t/qualification/ascent-rule-program-test.ss")
MODULE t/qualification/ascent-rule-program-test.ss
SUITE ASCENT positive relations with arbitrary columns
CASE mixed ternary inputs derive four-column, unary and recursive rows
[qualification] RUNNING final-rule (40s)
ERROR CASE mixed ternary inputs derive four-column, unary and recursive rows

*** ERROR IN ? [PooFlowDebugDurationAnomaly]: POO Flow testing Case duration budget exceeded
--- continuation backtrace:
[0] raise                                                                                                                                                                   
[1] ##structure-instance-of?                                                                                                                                                
[2] clan/poo/object#instantiate-object!                                                                                                                                     
[3] clan/poo/object#.ref                                                                                                                                                    
[4] core/types#poo-flow-object-admit                                                                                                                                        
[5] core/types#poo-flow-contract-element?                                                                                                                                   
[6] #<procedure #13>                                                                                                                                                        "program/types.ss"@202:39-202:86                                                                                                                                             (clan/poo/mop#element? gerbil-ascent/program/types#GerbilAscentGeneratorContract #:clause2853)
[7] __andmap1                                                                                                                                                               
[8] core/types#poo-flow-predicate-classifier                                                                                                                                
[9] core/types#poo-flow-contract-admit-evidence                                                                                                                             
...
[27] std/test/base#__test-harness!                                                                                                                                                                                                                                                                                                                       (##call-with-current-continuation __tmp242457)
[28] std/test/base#__test-harness!                                                                                                                                                                                                                                                                                                                       (##for-each __tmp242456 __tmp242455)
[29] std/test/base#__test-harness!                                                                                                                                                                                                                                                                                                                       (##for-each __tmp242456 __tmp242455)
[30] gerbil/tools/gxtest#gxtest-main                                                                                                                                        
CASE source withdrawal recomputes without changing earlier result
[qualification] RUNNING final-rule (45s)
ERROR CASE source withdrawal recomputes without changing earlier result

*** ERROR IN ? [PooFlowDebugDurationAnomaly]: POO Flow testing Case duration budget exceeded
--- continuation backtrace:
[0] raise                                                                                                                                                                   
[1] clan/poo/object#.ref                                                                                                                                                    
[2] clan/poo/mop#element?                                                                                                                                                   
[3] core/types#poo-flow-contract-element?                                                                                                                                   
[4] #<procedure #15>                                                                                                                                                        "program/types.ss"@228:39-228:87                                                                                                                                             (clan/poo/mop#element? gerbil-ascent/program/types#GerbilAscentRelationContract #:relation2775)
[5] __andmap1                                                                                                                                                               
[6] core/types#poo-flow-predicate-classifier                                                                                                                                
[7] core/types#poo-flow-contract-admit-evidence                                                                                                                             
[8] core/types#poo-flow-responsibility-evidence                                                                                                                             
[9] core/types#poo-flow-object-admit                                                                                                                                        
...
[23] std/test/base#__test-harness!                                                                                                                                                                                                                                                                                                                       (##call-with-current-continuation __tmp242457)
[24] std/test/base#__test-harness!                                                                                                                                                                                                                                                                                                                       (##for-each __tmp242456 __tmp242455)
[25] std/test/base#__test-harness!                                                                                                                                                                                                                                                                                                                       (##for-each __tmp242456 __tmp242455)
[26] gerbil/tools/gxtest#gxtest-main                                                                                                                                        
CASE positive session retains rows across source additions
CASE-OK positive session retains rows across source additions
CASE ten thousand positive appends retain order and recover state
CASE-OK ten thousand positive appends retain order and recover state
CASE staged Set rows share one global output budget
[qualification] RUNNING final-rule (50s)
CASE-OK staged Set rows share one global output budget
CASE batched Set duplicates retain first source order
CASE-OK batched Set duplicates retain first source order
CASE session recomputes negation after source updates
CASE-OK session recomputes negation after source updates
CASE nonpositive recomputation rejects over-budget source atomically
CASE-OK nonpositive recomputation rejects over-budget source atomically
CASE empty rule set preserves sources and returns
[qualification] RUNNING final-rule (56s)
CASE-OK empty rule set preserves sources and returns
CASE POO rule refinement receives its own immutable analysis
CASE-OK POO rule refinement receives its own immutable analysis
CASE zero-column fact gates typed boolean and string rows
CASE-OK zero-column fact gates typed boolean and string rows
CASE arity, unsafe heads, and derived budgets reject
[qualification] RUNNING final-rule (61s)
CASE-OK arity, unsafe heads, and derived budgets reject
SUITE-OK ASCENT positive relations with arbitrary columns
MODULE-OK t/qualification/ascent-rule-program-test.ss
HARNESS-OK ("t/qualification/ascent-rule-program-test.ss")
ERROR HARNESS (t/qualification/ascent-rule-program-test.ss)
at HARNESS ("t/qualification/ascent-rule-program-test.ss")
at MODULE t/qualification/ascent-rule-program-test.ss
at SUITE ASCENT positive relations with arbitrary columns
at CASE mixed ternary inputs derive four-column, unary and recursive rows

*** ERROR IN ? [PooFlowDebugDurationAnomaly]: POO Flow testing Case duration budget exceeded
--- continuation backtrace:
[0] raise                                                                                                                                                                   
[1] ##structure-instance-of?                                                                                                                                                
[2] clan/poo/object#instantiate-object!                                                                                                                                     
[3] clan/poo/object#.ref                                                                                                                                                    
[4] core/types#poo-flow-object-admit                                                                                                                                        
[5] core/types#poo-flow-contract-element?                                                                                                                                   
[6] #<procedure #13>                                                                                                                                                        "program/types.ss"@202:39-202:86                                                                                                                                             (clan/poo/mop#element? gerbil-ascent/program/types#GerbilAscentGeneratorContract #:clause2853)
[7] __andmap1                                                                                                                                                               
[8] core/types#poo-flow-predicate-classifier                                                                                                                                
[9] core/types#poo-flow-contract-admit-evidence                                                                                                                             
...
[27] std/test/base#__test-harness!                                                                                                                                                                                                                                                                                                                       (##call-with-current-continuation __tmp242457)
[28] std/test/base#__test-harness!                                                                                                                                                                                                                                                                                                                       (##for-each __tmp242456 __tmp242455)
[29] std/test/base#__test-harness!                                                                                                                                                                                                                                                                                                                       (##for-each __tmp242456 __tmp242455)
[30] gerbil/tools/gxtest#gxtest-main                                                                                                                                        
at CASE source withdrawal recomputes without changing earlier result

*** ERROR IN ? [PooFlowDebugDurationAnomaly]: POO Flow testing Case duration budget exceeded
--- continuation backtrace:
[0] raise                                                                                                                                                                   
[1] clan/poo/object#.ref                                                                                                                                                    
[2] clan/poo/mop#element?                                                                                                                                                   
[3] core/types#poo-flow-contract-element?                                                                                                                                   
[4] #<procedure #15>                                                                                                                                                        "program/types.ss"@228:39-228:87                                                                                                                                             (clan/poo/mop#element? gerbil-ascent/program/types#GerbilAscentRelationContract #:relation2775)
[5] __andmap1                                                                                                                                                               
[6] core/types#poo-flow-predicate-classifier                                                                                                                                
[7] core/types#poo-flow-contract-admit-evidence                                                                                                                             
[8] core/types#poo-flow-responsibility-evidence                                                                                                                             
[9] core/types#poo-flow-object-admit                                                                                                                                        
...
[23] std/test/base#__test-harness!                                                                                                                                                                                                                                                                                                                       (##call-with-current-continuation __tmp242457)
[24] std/test/base#__test-harness!                                                                                                                                                                                                                                                                                                                       (##for-each __tmp242456 __tmp242455)
[25] std/test/base#__test-harness!                                                                                                                                                                                                                                                                                                                       (##for-each __tmp242456 __tmp242455)
[26] gerbil/tools/gxtest#gxtest-main                                                                                                                                        
[qualification] RUNNING final-rule (66s)
[qualification] RUNNING final-rule (71s)
error: recipe `test-file` failed with exit code 1
[qualification] END final-rule exit=1 (76s)
