[ascent-test] START t/qualification/ascent-binding-test.ss
[qualification] RUNNING new-semantics (5s)
[qualification] RUNNING new-semantics (10s)
[qualification] RUNNING new-semantics (15s)
[qualification] RUNNING new-semantics (20s)
HARNESS ("t/qualification/ascent-binding-test.ss")
MODULE t/qualification/ascent-binding-test.ss
SUITE ASCENT checked row binding specialization
CASE nullary terms retain existing environments
BINDING-PARITY width=0 snapshots=9
CASE-OK nullary terms retain existing environments
CASE all unary terms preserve bindings and rejection
BINDING-PARITY width=1 snapshots=90
CASE-OK all unary terms preserve bindings and rejection
CASE all binary terms preserve binding order and repeats
BINDING-PARITY width=2 snapshots=900
CASE-OK all binary terms preserve binding order and repeats
CASE all ternary terms preserve binding order and repeats
BINDING-PARITY width=3 snapshots=9000
CASE-OK all ternary terms preserve binding order and repeats
CASE all four-column terms preserve binding order and repeats
[qualification] RUNNING new-semantics (25s)
BINDING-PARITY width=4 snapshots=90000
CASE-OK all four-column terms preserve binding order and repeats
CASE pattern outputs stay bound for later variable comparisons
CASE-OK pattern outputs stay bound for later variable comparisons
CASE row-local expression inputs retain evaluation order
CASE-OK row-local expression inputs retain evaluation order
CASE external bindings still reject mismatches
CASE-OK external bindings still reject mismatches
CASE false values are bindings rather than missing names
CASE-OK false values are bindings rather than missing names
CASE failed and malformed patterns preserve outcomes
CASE-OK failed and malformed patterns preserve outcomes
CASE admission still rejects duplicate pattern bindings
CASE-OK admission still rejects duplicate pattern bindings
SUITE-OK ASCENT checked row binding specialization
MODULE-OK t/qualification/ascent-binding-test.ss
HARNESS-OK ("t/qualification/ascent-binding-test.ss")
OK
[qualification] RUNNING new-semantics (30s)
[qualification] RUNNING new-semantics (35s)
[ascent-test] PASS t/qualification/ascent-binding-test.ss (36s)
[ascent-test] START t/qualification/ascent-source-admission-test.ss
[qualification] RUNNING new-semantics (40s)
[qualification] RUNNING new-semantics (45s)
[qualification] RUNNING new-semantics (50s)
[qualification] RUNNING new-semantics (55s)
[qualification] RUNNING new-semantics (60s)
HARNESS ("t/qualification/ascent-source-admission-test.ss")
MODULE t/qualification/ascent-source-admission-test.ss
SUITE ASCENT default Set source admission
CASE identity storage preserves duplicate source order and counts
CASE-OK identity storage preserves duplicate source order and counts
CASE source rows mutated after declaration are checked again
CASE-OK source rows mutated after declaration are checked again
CASE duplicate facts still consume the source budget
CASE-OK duplicate facts still consume the source budget
CASE field callbacks retain both source and stored-row checks
CASE-OK field callbacks retain both source and stored-row checks
CASE a stateful field predicate still fails its second check
CASE-OK a stateful field predicate still fails its second check
CASE an inherited custom Provider still receives every source row
CASE-OK an inherited custom Provider still receives every source row
CASE custom Provider row widths are still checked
CASE-OK custom Provider row widths are still checked
CASE custom Provider expansion retains the materialized budget
CASE-OK custom Provider expansion retains the materialized budget
CASE nullary Set sources and derived facts retain their multiplicities
CASE-OK nullary Set sources and derived facts retain their multiplicities
CASE direct staging retains derived and total fact budgets
CASE-OK direct staging retains derived and total fact budgets
CASE derived field callbacks retain their second validation
CASE-OK derived field callbacks retain their second validation
CASE derived custom storage still receives each candidate
CASE-OK derived custom storage still receives each candidate
SUITE-OK ASCENT default Set source admission
MODULE-OK t/qualification/ascent-source-admission-test.ss
HARNESS-OK ("t/qualification/ascent-source-admission-test.ss")
OK
[qualification] RUNNING new-semantics (65s)
[qualification] RUNNING new-semantics (70s)
[ascent-test] PASS t/qualification/ascent-source-admission-test.ss (36s)
[qualification] END new-semantics exit=0 (75s)
