[ascent-test] START t/qualification/ascent-index-program-test.ss
[qualification] RUNNING integration (5s)
[qualification] RUNNING integration (10s)
[qualification] RUNNING integration (15s)
[qualification] RUNNING integration (20s)
[qualification] RUNNING integration (25s)
[qualification] RUNNING integration (30s)
HARNESS ("t/qualification/ascent-index-program-test.ss")
MODULE t/qualification/ascent-index-program-test.ss
SUITE ASCENT indexed relation access
CASE bound-column index preserves two-hop join semantics
CASE-OK bound-column index preserves two-hop join semantics
CASE a custom alist Provider replaces the physical index
CASE-OK a custom alist Provider replaces the physical index
CASE composite group and node index preserves two-hop joins
CASE-OK composite group and node index preserves two-hop joins
CASE source append extends an existing index without rebuilding
CASE-OK source append extends an existing index without rebuilding
CASE bound composite key reads a merged lattice through its index
CASE-OK bound composite key reads a merged lattice through its index
CASE lattice refinement removes obsolete indexed relation rows
CASE-OK lattice refinement removes obsolete indexed relation rows
CASE malformed Provider values fail at the boundary
CASE-OK malformed Provider values fail at the boundary
SUITE-OK ASCENT indexed relation access
MODULE-OK t/qualification/ascent-index-program-test.ss
HARNESS-OK ("t/qualification/ascent-index-program-test.ss")
OK
[qualification] RUNNING integration (35s)
[qualification] RUNNING integration (40s)
[ascent-test] PASS t/qualification/ascent-index-program-test.ss (40s)
