[ascent-test] START t/qualification/ascent-binding-program-test.ss
[qualification] RUNNING mixed-binding (5s)
[qualification] RUNNING mixed-binding (10s)
[qualification] RUNNING mixed-binding (15s)
[qualification] RUNNING mixed-binding (21s)
HARNESS ("t/qualification/ascent-binding-program-test.ss")
MODULE t/qualification/ascent-binding-program-test.ss
SUITE ASCENT prepared binding across mixed rule clauses
CASE all mixed-program relations match raw binding and goldens
PROGRAM-BINDING-PARITY edge rows=4
PROGRAM-BINDING-PARITY node rows=3
PROGRAM-BINDING-PARITY labelled rows=3
PROGRAM-BINDING-PARITY cycle rows=1
PROGRAM-BINDING-PARITY hot rows=1
PROGRAM-BINDING-PARITY selected rows=1
PROGRAM-BINDING-PARITY choice rows=6
PROGRAM-BINDING-PARITY generated rows=3
PROGRAM-BINDING-PARITY dependent rows=3
PROGRAM-BINDING-PARITY successor rows=3
PROGRAM-BINDING-PARITY blocked rows=1
PROGRAM-BINDING-PARITY allowed rows=2
PROGRAM-BINDING-PARITY denied rows=1
PROGRAM-BINDING-PARITY safe-reach rows=3
PROGRAM-BINDING-PARITY reach rows=4
CASE-OK all mixed-program relations match raw binding and goldens
SUITE-OK ASCENT prepared binding across mixed rule clauses
MODULE-OK t/qualification/ascent-binding-program-test.ss
HARNESS-OK ("t/qualification/ascent-binding-program-test.ss")
OK
[qualification] RUNNING mixed-binding (26s)
[qualification] RUNNING mixed-binding (31s)
[ascent-test] PASS t/qualification/ascent-binding-program-test.ss (31s)
[qualification] END mixed-binding exit=0 (36s)
