[ascent-test] START t/qualification/ascent-aggregate-program-test.ss
[qualification] RUNNING remaining-integration (5s)
[qualification] RUNNING remaining-integration (10s)
[qualification] RUNNING remaining-integration (15s)
[qualification] RUNNING remaining-integration (20s)
HARNESS ("t/qualification/ascent-aggregate-program-test.ss")
MODULE t/qualification/ascent-aggregate-program-test.ss
SUITE ASCENT aggregate procedures
CASE builtins and custom aggregator over source rows
CASE-OK builtins and custom aggregator over source rows
CASE empty input follows Rust aggregate cardinality
CASE-OK empty input follows Rust aggregate cardinality
CASE aggregate result destructures a native pattern
CASE-OK aggregate result destructures a native pattern
CASE aggregate output pattern rejects a mismatched value
CASE-OK aggregate output pattern rejects a mismatched value
CASE aggregate a completed recursive closure in a higher stratum
CASE-OK aggregate a completed recursive closure in a higher stratum
CASE recursive aggregate dependency rejects
CASE-OK recursive aggregate dependency rejects
SUITE-OK ASCENT aggregate procedures
MODULE-OK t/qualification/ascent-aggregate-program-test.ss
HARNESS-OK ("t/qualification/ascent-aggregate-program-test.ss")
OK
[qualification] RUNNING remaining-integration (25s)
[ascent-test] PASS t/qualification/ascent-aggregate-program-test.ss (28s)
[ascent-test] START t/qualification/ascent-lattice-program-test.ss
[qualification] RUNNING remaining-integration (30s)
[qualification] RUNNING remaining-integration (35s)
[qualification] RUNNING remaining-integration (41s)
[qualification] RUNNING remaining-integration (46s)
[qualification] RUNNING remaining-integration (51s)
HARNESS ("t/qualification/ascent-lattice-program-test.ss")
MODULE t/qualification/ascent-lattice-program-test.ss
SUITE ASCENT lattice fixed point
CASE recursive shortest paths replace weaker key values
CASE-OK recursive shortest paths replace weaker key values
CASE ordinary projection waits for lattice fixed point
CASE-OK ordinary projection waits for lattice fixed point
CASE timeout resumes across the lattice projection stratum
CASE-OK timeout resumes across the lattice projection stratum
CASE lattice projection feedback rejects a strict cycle
CASE-OK lattice projection feedback rejects a strict cycle
CASE empty and invalid lattice declarations
CASE-OK empty and invalid lattice declarations
CASE C4 lattice refinements validate joined values
CASE-OK C4 lattice refinements validate joined values
CASE session joins direct lattice source values
CASE-OK session joins direct lattice source values
CASE direct lattice append rejects before changing state
CASE-OK direct lattice append rejects before changing state
CASE mixed lattice source and rule updates match fresh fixed points
CASE-OK mixed lattice source and rule updates match fresh fixed points
CASE source replacement retracts lattice and derived contributions
CASE-OK source replacement retracts lattice and derived contributions
CASE lattice refinement updates a later negative stratum
CASE-OK lattice refinement updates a later negative stratum
SUITE-OK ASCENT lattice fixed point
MODULE-OK t/qualification/ascent-lattice-program-test.ss
HARNESS-OK ("t/qualification/ascent-lattice-program-test.ss")
OK
[qualification] RUNNING remaining-integration (56s)
[ascent-test] PASS t/qualification/ascent-lattice-program-test.ss (29s)
[ascent-test] START t/qualification/scheme-operator-retained-test.ss
[qualification] RUNNING remaining-integration (61s)
[qualification] RUNNING remaining-integration (66s)
[qualification] RUNNING remaining-integration (71s)
[qualification] RUNNING remaining-integration (76s)
[qualification] RUNNING remaining-integration (81s)
HARNESS ("t/qualification/scheme-operator-retained-test.ss")
MODULE t/qualification/scheme-operator-retained-test.ss
SUITE retained first-class relational operators
CASE all finite graphs survive append, duplicate and withdrawal
PROGRESS retained graphs 2/64
PROGRESS retained graphs 4/64
[qualification] RUNNING remaining-integration (86s)
PROGRESS retained graphs 6/64
PROGRESS retained graphs 8/64
PROGRESS retained graphs 10/64
PROGRESS retained graphs 12/64
PROGRESS retained graphs 14/64
[qualification] RUNNING remaining-integration (92s)
PROGRESS retained graphs 16/64
PROGRESS retained graphs 18/64
PROGRESS retained graphs 20/64
PROGRESS retained graphs 22/64
PROGRESS retained graphs 24/64
PROGRESS retained graphs 26/64
PROGRESS retained graphs 28/64
[qualification] RUNNING remaining-integration (97s)
PROGRESS retained graphs 30/64
PROGRESS retained graphs 32/64
PROGRESS retained graphs 34/64
PROGRESS retained graphs 36/64
PROGRESS retained graphs 38/64
PROGRESS retained graphs 40/64
[qualification] RUNNING remaining-integration (102s)
PROGRESS retained graphs 42/64
PROGRESS retained graphs 44/64
PROGRESS retained graphs 46/64
PROGRESS retained graphs 48/64
PROGRESS retained graphs 50/64
[qualification] RUNNING remaining-integration (107s)
PROGRESS retained graphs 52/64
PROGRESS retained graphs 54/64
PROGRESS retained graphs 56/64
PROGRESS retained graphs 58/64
PROGRESS retained graphs 60/64
PROGRESS retained graphs 62/64
PROGRESS retained graphs 64/64
CASE-OK all finite graphs survive append, duplicate and withdrawal
CASE fixed captured source and finite mapping share retained solve
CASE-OK fixed captured source and finite mapping share retained solve
CASE batch replacement commits both sources and nested closure
[qualification] RUNNING remaining-integration (112s)
PROGRESS nested source cuts 2/64
PROGRESS nested source cuts 4/64
[qualification] RUNNING remaining-integration (117s)
PROGRESS nested source cuts 6/64
PROGRESS nested source cuts 8/64
PROGRESS nested source cuts 10/64
PROGRESS nested source cuts 12/64
[qualification] RUNNING remaining-integration (122s)
PROGRESS nested source cuts 14/64
PROGRESS nested source cuts 16/64
PROGRESS nested source cuts 18/64
PROGRESS nested source cuts 20/64
PROGRESS nested source cuts 22/64
[qualification] RUNNING remaining-integration (127s)
PROGRESS nested source cuts 24/64
PROGRESS nested source cuts 26/64
PROGRESS nested source cuts 28/64
PROGRESS nested source cuts 30/64
[qualification] RUNNING remaining-integration (132s)
PROGRESS nested source cuts 32/64
PROGRESS nested source cuts 34/64
PROGRESS nested source cuts 36/64
PROGRESS nested source cuts 38/64
PROGRESS nested source cuts 40/64
PROGRESS nested source cuts 42/64
[qualification] RUNNING remaining-integration (137s)
PROGRESS nested source cuts 44/64
PROGRESS nested source cuts 46/64
PROGRESS nested source cuts 48/64
PROGRESS nested source cuts 50/64
[qualification] RUNNING remaining-integration (142s)
PROGRESS nested source cuts 52/64
PROGRESS nested source cuts 54/64
PROGRESS nested source cuts 56/64
PROGRESS nested source cuts 58/64
[qualification] RUNNING remaining-integration (147s)
PROGRESS nested source cuts 60/64
PROGRESS nested source cuts 62/64
PROGRESS nested source cuts 64/64
CASE-OK batch replacement commits both sources and nested closure
CASE failed batch preserves all sources and the prior result
CASE-OK failed batch preserves all sources and the prior result
CASE invalid or over-budget update preserves last result
CASE-OK invalid or over-budget update preserves last result
CASE failed output budget does not publish an insertion
CASE-OK failed output budget does not publish an insertion
SUITE-OK retained first-class relational operators
MODULE-OK t/qualification/scheme-operator-retained-test.ss
HARNESS-OK ("t/qualification/scheme-operator-retained-test.ss")
OK
[qualification] RUNNING remaining-integration (152s)
[ascent-test] PASS t/qualification/scheme-operator-retained-test.ss (94s)
[ascent-test] START t/qualification/ascent-strata-test.ss
[qualification] RUNNING remaining-integration (157s)
[qualification] RUNNING remaining-integration (162s)
[qualification] RUNNING remaining-integration (167s)
HARNESS ("t/qualification/ascent-strata-test.ss")
MODULE t/qualification/ascent-strata-test.ss
SUITE ASCENT SCC stratification
CASE strict incoming edges lift every member of a positive SCC
CASE-OK strict incoming edges lift every member of a positive SCC
CASE all three-node graphs preserve minimum strata and cycle diagnostics
CASE-OK all three-node graphs preserve minimum strata and cycle diagnostics
CASE empty declarations and duplicate edges retain their strata
CASE-OK empty declarations and duplicate edges retain their strata
SUITE-OK ASCENT SCC stratification
MODULE-OK t/qualification/ascent-strata-test.ss
HARNESS-OK ("t/qualification/ascent-strata-test.ss")
OK
[ascent-test] PASS t/qualification/ascent-strata-test.ss (16s)
[qualification] END remaining-integration exit=0 (172s)
