HARNESS Scheme DSL closure
MODULE t/qualification/scheme-stratified-provenance-test.ss
SUITE Complete stratified recursive derivation graphs
CASE all duplicate-source and self-cycle alternatives remain explicit
CASE-OK all duplicate-source and self-cycle alternatives remain explicit
CASE recursive equations retain exact absence and complete reduction group observations
CASE-OK recursive equations retain exact absence and complete reduction group observations
CASE empty queries yield a complete finite graph with no invented roots
CASE-OK empty queries yield a complete finite graph with no invented roots
CASE count and sum record empty groups while min and max produce no row
CASE-OK count and sum record empty groups while min and max produce no row
CASE incomplete, over-budget, missing and mutated alternatives cannot verify
CASE-OK incomplete, over-budget, missing and mutated alternatives cannot verify
CASE negation observations preserve wildcard patterns rather than inventing bindings
CASE-OK negation observations preserve wildcard patterns rather than inventing bindings
CASE all 64 finite graphs have every independently counted grounded alternative
STRATIFIED-GRAPH-CHECKED 0
STRATIFIED-GRAPH-CHECKED 1
STRATIFIED-GRAPH-CHECKED 2
STRATIFIED-GRAPH-CHECKED 3
STRATIFIED-GRAPH-CHECKED 4
STRATIFIED-GRAPH-CHECKED 5
STRATIFIED-GRAPH-CHECKED 6
STRATIFIED-GRAPH-CHECKED 7
STRATIFIED-GRAPH-CHECKED 8
STRATIFIED-GRAPH-CHECKED 9
STRATIFIED-GRAPH-CHECKED 10
STRATIFIED-GRAPH-CHECKED 11
STRATIFIED-GRAPH-CHECKED 12
STRATIFIED-GRAPH-CHECKED 13
STRATIFIED-GRAPH-CHECKED 14
STRATIFIED-GRAPH-CHECKED 15
STRATIFIED-GRAPH-CHECKED 16
STRATIFIED-GRAPH-CHECKED 17
STRATIFIED-GRAPH-CHECKED 18
STRATIFIED-GRAPH-CHECKED 19
STRATIFIED-GRAPH-CHECKED 20
STRATIFIED-GRAPH-CHECKED 21
STRATIFIED-GRAPH-CHECKED 22
STRATIFIED-GRAPH-CHECKED 23
STRATIFIED-GRAPH-CHECKED 24
STRATIFIED-GRAPH-CHECKED 25
STRATIFIED-GRAPH-CHECKED 26
STRATIFIED-GRAPH-CHECKED 27
STRATIFIED-GRAPH-CHECKED 28
STRATIFIED-GRAPH-CHECKED 29
STRATIFIED-GRAPH-CHECKED 30
STRATIFIED-GRAPH-CHECKED 31
STRATIFIED-GRAPH-CHECKED 32
STRATIFIED-GRAPH-CHECKED 33
STRATIFIED-GRAPH-CHECKED 34
STRATIFIED-GRAPH-CHECKED 35
STRATIFIED-GRAPH-CHECKED 36
STRATIFIED-GRAPH-CHECKED 37
STRATIFIED-GRAPH-CHECKED 38
STRATIFIED-GRAPH-CHECKED 39
STRATIFIED-GRAPH-CHECKED 40
STRATIFIED-GRAPH-CHECKED 41
STRATIFIED-GRAPH-CHECKED 42
STRATIFIED-GRAPH-CHECKED 43
STRATIFIED-GRAPH-CHECKED 44
STRATIFIED-GRAPH-CHECKED 45
STRATIFIED-GRAPH-CHECKED 46
STRATIFIED-GRAPH-CHECKED 47
STRATIFIED-GRAPH-CHECKED 48
STRATIFIED-GRAPH-CHECKED 49
STRATIFIED-GRAPH-CHECKED 50
STRATIFIED-GRAPH-CHECKED 51
STRATIFIED-GRAPH-CHECKED 52
STRATIFIED-GRAPH-CHECKED 53
STRATIFIED-GRAPH-CHECKED 54
STRATIFIED-GRAPH-CHECKED 55
STRATIFIED-GRAPH-CHECKED 56
STRATIFIED-GRAPH-CHECKED 57
STRATIFIED-GRAPH-CHECKED 58
STRATIFIED-GRAPH-CHECKED 59
STRATIFIED-GRAPH-CHECKED 60
STRATIFIED-GRAPH-CHECKED 61
STRATIFIED-GRAPH-CHECKED 62
STRATIFIED-GRAPH-CHECKED 63
CASE-OK all 64 finite graphs have every independently counted grounded alternative
SUITE-OK Complete stratified recursive derivation graphs
MODULE-OK t/qualification/scheme-stratified-provenance-test.ss
HARNESS-OK Scheme DSL closure
OK
