scheme	Build Scheme package	﻿2026-10-04T05:10:06.8206611Z ##[group]Run ASP_GERBIL_SCHEME_POLICY=1 gerbil build
scheme	Build Scheme package	2026-10-04T05:10:06.8207023Z [36;1mASP_GERBIL_SCHEME_POLICY=1 gerbil build[0m
scheme	Build Scheme package	2026-10-04T05:10:06.8270878Z shell: /usr/bin/bash -e {0}
scheme	Build Scheme package	2026-10-04T05:10:06.8271139Z env:
scheme	Build Scheme package	2026-10-04T05:10:06.8271798Z   GERBIL_RELEASE_ROOT: /home/runner/work/gerbil-ascent/gerbil-ascent/.ci/gerbil-release/v19
scheme	Build Scheme package	2026-10-04T05:10:06.8272404Z   GERBIL_PREFIX: /home/runner/work/gerbil-ascent/gerbil-ascent/.ci/gerbil-release/v19
scheme	Build Scheme package	2026-10-04T05:10:06.8272962Z   GERBIL_HOME: /home/runner/work/gerbil-ascent/gerbil-ascent/.ci/gerbil-release/v19/current
scheme	Build Scheme package	2026-10-04T05:10:06.8274135Z   GAMBOPT: ~~=/home/runner/work/gerbil-ascent/gerbil-ascent/.ci/gerbil-release/v19/current,~~bin=/home/runner/work/gerbil-ascent/gerbil-ascent/.ci/gerbil-release/v19/current/bin,~~lib=/home/runner/work/gerbil-ascent/gerbil-ascent/.ci/gerbil-release/v19/current/lib
scheme	Build Scheme package	2026-10-04T05:10:06.8275167Z ##[endgroup]
scheme	Build Scheme package	2026-10-04T05:10:08.3612842Z [asp-gerbil-scheme-policy] START selected modules=45
scheme	Build Scheme package	2026-10-04T05:10:09.7119648Z [asp-gerbil-scheme-policy] error GERBIL-SCHEME-MOD-R002 program/evaluate.ss: program/evaluate.ss carries 1069 effective lines and 5 definitions
scheme	Build Scheme package	2026-10-04T05:10:09.7123834Z [asp-gerbil-scheme-policy] warning GERBIL-SCHEME-AGENT-POLICY-013 program/evaluate.ss: Scheme source owner has 5 definitions but only 2 adjacent typed-combinator-style algebraic contracts; 1 public/policy-sensitive helpers need full typed doc blocks with | doc m%, # Examples, and result comments; typed-combinator-style has three criteria: adjacent Scheme-native typed block with both polymorphic generic signatures such as ;; : (forall (k v) (-> [(Pair k v)] [(Pair k v)] [(Pair k v)])) and readable/domain signatures such as ;; : (-> (Maybe Type) (Maybe Type) Boolean), compact expression-level composition, and optimization-boundary comments for specialized branches
scheme	Build Scheme package	2026-10-04T05:10:09.7128935Z [asp-gerbil-scheme-policy] warning GERBIL-SCHEME-AGENT-POLICY-013 candidate/stratified-provenance.ss: Scheme source owner has 5 definitions but only 0 adjacent typed-combinator-style algebraic contracts; typed-combinator-style has three criteria: adjacent Scheme-native typed block with both polymorphic generic signatures such as ;; : (forall (k v) (-> [(Pair k v)] [(Pair k v)] [(Pair k v)])) and readable/domain signatures such as ;; : (-> (Maybe Type) (Maybe Type) Boolean), compact expression-level composition, and optimization-boundary comments for specialized branches
scheme	Build Scheme package	2026-10-04T05:10:09.7131791Z [asp-gerbil-scheme-policy] warning GERBIL-SCHEME-AGENT-POLICY-015 candidate/stratified-provenance.ss: 1 key comment locations need engineering comments beyond typed contracts
scheme	Build Scheme package	2026-10-04T05:10:09.7132664Z [asp-gerbil-scheme-policy] COMPLETE findings=4 errors=1
scheme	Build Scheme package	2026-10-04T05:10:09.7182304Z *** ERROR IN asp-gerbil-scheme/src/build-api/package-spec#asp-gerbil-scheme-package-policy-native-spec -- 
scheme	Build Scheme package	2026-10-04T05:10:09.7183104Z *** ERROR IN ? [Error]: ASP Gerbil Scheme policy rejected build
scheme	Build Scheme package	2026-10-04T05:10:09.7183512Z --- irritants: 1 
scheme	Build Scheme package	2026-10-04T05:10:09.7183778Z --- continuation backtrace:
scheme	Build Scheme package	2026-10-04T05:10:09.7184298Z [0] error                                                                                                                                                                   
scheme	Build Scheme package	2026-10-04T05:10:09.7185447Z [1] asp-gerbil-scheme/src/build-api/package-spec#asp-gerbil-scheme-package-policy-native-spec                                                                               
scheme	Build Scheme package	2026-10-04T05:10:09.7186777Z [2] main                                                                                                                                                                    "build.ss"@64:18-64:44                                                                                                                                                       (gerbil-ascent-build-spec)
scheme	Build Scheme package	2026-10-04T05:10:09.7604686Z *** WARNING module std/net/request is DEPRECATED and will be removed in the future
scheme	Build Scheme package	2026-10-04T05:10:09.7605179Z ... build in current directory
scheme	Build Scheme package	2026-10-04T05:10:09.7605940Z *** ERROR IN std/misc/process#run-process__% -- 
scheme	Build Scheme package	2026-10-04T05:10:09.7606401Z *** ERROR IN "misc/process.ss"@25.35-25.46 [ProcessError]: process exited with non-zero status
scheme	Build Scheme package	2026-10-04T05:10:09.7607699Z --- irritants: "/home/runner/work/gerbil-ascent/gerbil-ascent/build.ss" 17920 (path: "/home/runner/work/gerbil-ascent/gerbil-ascent/build.ss" arguments: ("compile") environment: #f directory: #f stdin-redirection: #t stdout-redirection: #f stderr-redirection: #f pseudo-terminal: #f show-console: #f) 
scheme	Build Scheme package	2026-10-04T05:10:09.7608860Z --- continuation backtrace:
scheme	Build Scheme package	2026-10-04T05:10:09.7609254Z [0] raise                                                                                                                                                                   
scheme	Build Scheme package	2026-10-04T05:10:09.7610500Z [1] std/misc/process#run-process__%                                                                                                                                                                                                                                                                                                                      ((if (procedure? _%check-status717016%_) _%check-status717016%_ std/misc/process#check-process-success) _%status717033%_ _%settings717026%_)
scheme	Build Scheme package	2026-10-04T05:10:09.7865133Z ##[error]Process completed with exit code 70.
oracle (other)	Compare with Rust Ascent	﻿2026-10-04T05:10:46.9069851Z ##[group]Run case "$ORACLE_SHARD" in
oracle (other)	Compare with Rust Ascent	2026-10-04T05:10:46.9070203Z [36;1mcase "$ORACLE_SHARD" in[0m
oracle (other)	Compare with Rust Ascent	2026-10-04T05:10:46.9070455Z [36;1m  byods)[0m
oracle (other)	Compare with Rust Ascent	2026-10-04T05:10:46.9070986Z [36;1m    gerbil env env PATH="$PATH" cargo test --locked --manifest-path rust/ascent-oracle/Cargo.toml --test scheme_parity -- byods::[0m
oracle (other)	Compare with Rust Ascent	2026-10-04T05:10:46.9071567Z [36;1m    ;;[0m
oracle (other)	Compare with Rust Ascent	2026-10-04T05:10:46.9071754Z [36;1m  other)[0m
oracle (other)	Compare with Rust Ascent	2026-10-04T05:10:46.9072289Z [36;1m    gerbil env env PATH="$PATH" cargo test --locked --manifest-path rust/ascent-oracle/Cargo.toml --test scheme_parity -- --skip byods::[0m
oracle (other)	Compare with Rust Ascent	2026-10-04T05:10:46.9072889Z [36;1m    ;;[0m
oracle (other)	Compare with Rust Ascent	2026-10-04T05:10:46.9073076Z [36;1m  *) exit 2 ;;[0m
oracle (other)	Compare with Rust Ascent	2026-10-04T05:10:46.9073281Z [36;1mesac[0m
oracle (other)	Compare with Rust Ascent	2026-10-04T05:10:46.9136944Z shell: /usr/bin/bash -e {0}
oracle (other)	Compare with Rust Ascent	2026-10-04T05:10:46.9137189Z env:
oracle (other)	Compare with Rust Ascent	2026-10-04T05:10:46.9137555Z   GERBIL_RELEASE_ROOT: /home/runner/work/gerbil-ascent/gerbil-ascent/.ci/gerbil-release/v19
oracle (other)	Compare with Rust Ascent	2026-10-04T05:10:46.9138007Z   ORACLE_SHARD: other
oracle (other)	Compare with Rust Ascent	2026-10-04T05:10:46.9138421Z   GERBIL_PREFIX: /home/runner/work/gerbil-ascent/gerbil-ascent/.ci/gerbil-release/v19
oracle (other)	Compare with Rust Ascent	2026-10-04T05:10:46.9139021Z   GERBIL_HOME: /home/runner/work/gerbil-ascent/gerbil-ascent/.ci/gerbil-release/v19/current
oracle (other)	Compare with Rust Ascent	2026-10-04T05:10:46.9140222Z   GAMBOPT: ~~=/home/runner/work/gerbil-ascent/gerbil-ascent/.ci/gerbil-release/v19/current,~~bin=/home/runner/work/gerbil-ascent/gerbil-ascent/.ci/gerbil-release/v19/current/bin,~~lib=/home/runner/work/gerbil-ascent/gerbil-ascent/.ci/gerbil-release/v19/current/lib
oracle (other)	Compare with Rust Ascent	2026-10-04T05:10:46.9141246Z ##[endgroup]
oracle (other)	Compare with Rust Ascent	2026-10-04T05:10:47.8653463Z    Compiling gerbil-ascent-oracle v0.1.0 (/home/runner/work/gerbil-ascent/gerbil-ascent/rust/ascent-oracle)
oracle (other)	Compare with Rust Ascent	2026-10-04T05:10:48.4846557Z WARNING: In Ascent rules, use `|` as the disjunction token instead of `||`
oracle (other)	Compare with Rust Ascent	2026-10-04T05:10:57.1439760Z     Finished `test` profile [unoptimized + debuginfo] target(s) in 9.33s
oracle (other)	Compare with Rust Ascent	2026-10-04T05:10:57.1492550Z      Running tests/integration/main.rs (rust/ascent-oracle/target/debug/deps/scheme_parity-7c343fe29b8af15e)
oracle (other)	Compare with Rust Ascent	2026-10-04T05:10:57.1504305Z 
oracle (other)	Compare with Rust Ascent	2026-10-04T05:10:57.1504476Z running 63 tests
oracle (other)	Compare with Rust Ascent	2026-10-04T05:11:07.2056048Z test byods_lattice_timeout::eqrel_lattice_negative_aggregate_matches_10000_disjoint_pairs ... ok
oracle (other)	Compare with Rust Ascent	2026-10-04T05:11:11.8655961Z test aggregation::builtin_and_custom_aggregators_match_ascent ... ok
oracle (other)	Compare with Rust Ascent	2026-10-04T05:11:13.1248756Z test byods_lattice_timeout::eqrel_lattice_negative_aggregate_matches_1000_disjoint_pairs ... ok
oracle (other)	Compare with Rust Ascent	2026-10-04T05:11:15.6975907Z test aggregation::aggregate_over_recursive_closure_matches_ascent ... ok
oracle (other)	Compare with Rust Ascent	2026-10-04T05:11:17.5397677Z test byods_lattice_timeout::retained_eqrel_lattice_updates_timeout_and_failure_recovery ... FAILED
oracle (other)	Compare with Rust Ascent	2026-10-04T05:11:20.1187284Z test byods_session::retained_two_producer_byods_matches_fresh_rust_and_closure_model ... FAILED
oracle (other)	Compare with Rust Ascent	2026-10-04T05:11:27.2425786Z test clause_composition::composed_clauses_match_model_at_10000_source_rows ... ok
oracle (other)	Compare with Rust Ascent	2026-10-04T05:11:31.7446054Z test clause_composition::composed_clauses_match_model_at_1000_source_rows ... ok
oracle (other)	Compare with Rust Ascent	2026-10-04T05:11:31.7475481Z test clause_composition::model_study_negation_count_matches_finite_expectations ... ok
oracle (other)	Compare with Rust Ascent	2026-10-04T05:11:36.8068181Z test clause_composition::support_discriminators_match_public_library_contract ... ok
oracle (other)	Compare with Rust Ascent	2026-10-04T05:11:46.0555870Z test clause_composition::support_withdrawal_matches_public_library_contract ... ok
oracle (other)	Compare with Rust Ascent	2026-10-04T05:11:51.0606224Z test byods_lattice_timeout::eqrel_lattice_negative_aggregate_matches_all_three_node_graphs ... ok
oracle (other)	Compare with Rust Ascent	2026-10-04T05:11:57.1516755Z test arity_repetition::arities_repeated_variables_and_self_loops_match_model_in_both_rule_orders has been running for over 60 seconds
oracle (other)	Compare with Rust Ascent	2026-10-04T05:12:00.9504053Z test clause_composition::clause_composition_matches_rust_scheme_and_independent_model ... ok
oracle (other)	Compare with Rust Ascent	2026-10-04T05:12:27.2288915Z test arity_repetition::arities_repeated_variables_and_self_loops_match_model_in_both_rule_orders ... FAILED
oracle (other)	Compare with Rust Ascent	2026-10-04T05:12:31.5626602Z test grouped_eqrel_session::grouped_eqrel_retained_updates_match_single_producer_rust_and_model ... FAILED
oracle (other)	Compare with Rust Ascent	2026-10-04T05:12:32.1375963Z test divisibility_lattice::divisibility_join_feeds_negative_and_aggregate_strata ... ok
oracle (other)	Compare with Rust Ascent	2026-10-04T05:12:38.4663153Z test lattice_index::indexed_composite_group_and_node_join_matches_ascent ... ok
oracle (other)	Compare with Rust Ascent	2026-10-04T05:12:39.9746475Z test invalid_program::invalid_program_admission_matches_or_records_rust_differences ... ok
oracle (other)	Compare with Rust Ascent	2026-10-04T05:12:46.0546003Z test composed_corpus::composed_nonpositive_sessions_match_fresh_fixed_points has been running for over 60 seconds
oracle (other)	Compare with Rust Ascent	2026-10-04T05:12:46.1995671Z test lattice_index::indexed_two_hop_join_matches_ascent ... ok
oracle (other)	Compare with Rust Ascent	2026-10-04T05:12:51.0597932Z test composed_corpus::composed_three_and_four_node_corpus_matches_rust_ascent has been running for over 60 seconds
oracle (other)	Compare with Rust Ascent	2026-10-04T05:12:51.3617499Z test lattice_index::indexed_lattice_composite_key_matches_ascent_after_join ... ok
oracle (other)	Compare with Rust Ascent	2026-10-04T05:12:52.8395878Z test lattice_index::indexed_two_hop_join_matches_ascent_at_input_scale ... ok
oracle (other)	Compare with Rust Ascent	2026-10-04T05:12:57.0365886Z test lattice_index::recursive_lattice_projection_matches_ascent_fixed_point ... ok
oracle (other)	Compare with Rust Ascent	2026-10-04T05:13:08.1895753Z test lattice_index::recursive_lattice_join_matches_ascent ... ok
oracle (other)	Compare with Rust Ascent	2026-10-04T05:13:11.5497137Z test composed_corpus::composed_three_and_four_node_corpus_matches_rust_ascent ... ok
oracle (other)	Compare with Rust Ascent	2026-10-04T05:13:13.3544157Z test lattice_index::set_lattice_union_and_recursive_propagation_match_ascent ... ok
oracle (other)	Compare with Rust Ascent	2026-10-04T05:13:16.4875663Z test lattice_index::wide_direct_lattice_sources_follow_fixed_point_join_at_input_scale ... ok
oracle (other)	Compare with Rust Ascent	2026-10-04T05:13:20.1611569Z test lattice_index::wide_lattice_batch_matches_ascent_at_input_scale ... ok
oracle (other)	Compare with Rust Ascent	2026-10-04T05:13:21.9666071Z test lattice_session::direct_lattice_source_corpus_matches_canonical_fixed_point ... ok
oracle (other)	Compare with Rust Ascent	2026-10-04T05:13:23.3361615Z test lattice_negation::lattice_refinement_feeds_negative_stratum_across_updates ... ok
oracle (other)	Compare with Rust Ascent	2026-10-04T05:13:23.3375669Z test lattice_session::rust_direct_lattice_source_update_matches_fresh_run ... ok
oracle (other)	Compare with Rust Ascent	2026-10-04T05:13:23.3376751Z test lattice_session::rust_mixed_lattice_repeated_run_retains_an_extra_public_row ... ok
oracle (other)	Compare with Rust Ascent	2026-10-04T05:13:23.3417828Z test lattice_session::rust_raw_source_and_derived_lattice_join_probe ... ok
oracle (other)	Compare with Rust Ascent	2026-10-04T05:13:27.4365824Z test lattice_session::mixed_lattice_sessions_match_canonical_fixed_points ... ok
oracle (other)	Compare with Rust Ascent	2026-10-04T05:13:34.1764475Z test lattice_session::wide_retained_lattice_append_and_replacement_match_fixed_points ... ok
oracle (other)	Compare with Rust Ascent	2026-10-04T05:13:39.4205848Z test module_session::gerbil_module_and_lexical_origin_match_ascent_run ... ok
oracle (other)	Compare with Rust Ascent	2026-10-04T05:13:47.3725854Z test lattice_session::every_three_node_lattice_session_matches_rust_ascent ... ok
oracle (other)	Compare with Rust Ascent	2026-10-04T05:13:51.5516170Z test module_session::nullary_gate_with_boolean_and_string_columns_matches_ascent ... ok
oracle (other)	Compare with Rust Ascent	2026-10-04T05:13:51.5546376Z test module_session::rust_repeated_run_after_aggregate_source_update ... ok
oracle (other)	Compare with Rust Ascent	2026-10-04T05:13:51.5588236Z test module_session::rust_repeated_run_after_negated_source_update ... ok
oracle (other)	Compare with Rust Ascent	2026-10-04T05:13:54.1955849Z test module_session::parallel_macro_output_matches_scheme_on_selected_graphs ... ok
oracle (other)	Compare with Rust Ascent	2026-10-04T05:13:58.4397215Z test module_session::rust_repeated_run_source_update_oracle ... ok
oracle (other)	Compare with Rust Ascent	2026-10-04T05:13:58.5466055Z test multi_source_session::retained_multi_source_updates_match_fresh_rust_and_finite_model ... FAILED
oracle (other)	Compare with Rust Ascent	2026-10-04T05:14:06.9851779Z test positive_closure::guarded_filter_copy_and_join_match_ascent ... ok
oracle (other)	Compare with Rust Ascent	2026-10-04T05:14:10.3865776Z test positive_closure::shortest_support_matches_ascent_and_canonical_source_order ... ok
oracle (other)	Compare with Rust Ascent	2026-10-04T05:14:11.1445921Z test positive_closure::shortest_support_matches_ascent_on_thirty_two_node_chain ... ok
oracle (other)	Compare with Rust Ascent	2026-10-04T05:14:16.7405867Z test product_session::derived_product_sessions_match_pinned_rust_and_fixed_point ... ok
oracle (other)	Compare with Rust Ascent	2026-10-04T05:14:22.4293951Z test product_session::mixed_direct_product_sessions_match_coordinatewise_fixed_point ... ok
oracle (other)	Compare with Rust Ascent	2026-10-04T05:14:22.4315446Z test product_session::pinned_rust_keeps_raw_incomparable_product_sources ... ok
oracle (other)	Compare with Rust Ascent	2026-10-04T05:14:30.3275793Z test positive_closure::fast_and_composable_closure_match_ascent ... ok
oracle (other)	Compare with Rust Ascent	2026-10-04T05:14:32.2565737Z test scc_order::three_relation_scc_and_clause_orders_match_ascent ... ok
oracle (other)	Compare with Rust Ascent	2026-10-04T05:14:34.1765825Z test module_session::mutually_recursive_scc_matches_ascent has been running for over 60 seconds
oracle (other)	Compare with Rust Ascent	2026-10-04T05:14:36.7323862Z test session_corpus::ten_thousand_positive_appends_match_ascent_complete_output ... ok
oracle (other)	Compare with Rust Ascent	2026-10-04T05:14:41.1335713Z test syntax::generated_static_scc_summary_matches_scheme_rule_dependencies ... ok
oracle (other)	Compare with Rust Ascent	2026-10-04T05:14:42.2055760Z test module_session::mutually_recursive_scc_matches_ascent ... ok
oracle (other)	Compare with Rust Ascent	2026-10-04T05:14:51.2965921Z test session_corpus::every_three_node_positive_session_matches_rust_ascent ... ok
oracle (other)	Compare with Rust Ascent	2026-10-04T05:14:53.8087002Z test syntax::measured_rule_program_keeps_rust_scheme_rows_and_exposes_timing ... ok
oracle (other)	Compare with Rust Ascent	2026-10-04T05:14:55.3143376Z test timeout::generated_timeout_partial_and_final_match_fixed_point ... ok
oracle (other)	Compare with Rust Ascent	2026-10-04T05:14:57.9735774Z test timeout::generated_timeout_resumes_recursion_before_negation ... ok
oracle (other)	Compare with Rust Ascent	2026-10-04T05:15:09.0215654Z test syntax::syntax_forms_and_body_expressions_match_scheme ... ok
oracle (other)	Compare with Rust Ascent	2026-10-04T05:15:10.4768055Z test typed_rules::arbitrary_relation_columns_and_repeated_variables_match_ascent ... ok
oracle (other)	Compare with Rust Ascent	2026-10-04T05:15:12.0384241Z test composed_corpus::composed_nonpositive_sessions_match_fresh_fixed_points ... ok
oracle (other)	Compare with Rust Ascent	2026-10-04T05:15:15.0192241Z test upstream_examples::upstream_context_flow_four_column_join_matches_scheme ... ok
oracle (other)	Compare with Rust Ascent	2026-10-04T05:15:20.5385648Z test var_points_to::upstream_points_to_rule_shape_matches_scheme ... ok
oracle (other)	Compare with Rust Ascent	2026-10-04T05:15:24.9741609Z test upstream_examples::upstream_fibonacci_recursive_expressions_match_scheme ... ok
oracle (other)	Compare with Rust Ascent	2026-10-04T05:15:24.9742283Z 
oracle (other)	Compare with Rust Ascent	2026-10-04T05:15:24.9742386Z failures:
oracle (other)	Compare with Rust Ascent	2026-10-04T05:15:24.9742516Z 
oracle (other)	Compare with Rust Ascent	2026-10-04T05:15:24.9742876Z ---- byods_lattice_timeout::retained_eqrel_lattice_updates_timeout_and_failure_recovery stdout ----
oracle (other)	Compare with Rust Ascent	2026-10-04T05:15:24.9743360Z 
oracle (other)	Compare with Rust Ascent	2026-10-04T05:15:24.9743927Z thread 'byods_lattice_timeout::retained_eqrel_lattice_updates_timeout_and_failure_recovery' (73410) panicked at tests/integration/common.rs:81:5:
oracle (other)	Compare with Rust Ascent	2026-10-04T05:15:24.9745278Z Scheme fixture failed: error: Recipe `byods-lattice-session-rows` failed on line 311 with exit code 70
oracle (other)	Compare with Rust Ascent	2026-10-04T05:15:24.9745782Z 
oracle (other)	Compare with Rust Ascent	2026-10-04T05:15:24.9746025Z note: run with `RUST_BACKTRACE=1` environment variable to display a backtrace
oracle (other)	Compare with Rust Ascent	2026-10-04T05:15:24.9746389Z 
oracle (other)	Compare with Rust Ascent	2026-10-04T05:15:24.9746723Z ---- byods_session::retained_two_producer_byods_matches_fresh_rust_and_closure_model stdout ----
oracle (other)	Compare with Rust Ascent	2026-10-04T05:15:24.9747171Z 
oracle (other)	Compare with Rust Ascent	2026-10-04T05:15:24.9747895Z thread 'byods_session::retained_two_producer_byods_matches_fresh_rust_and_closure_model' (73416) panicked at tests/integration/common.rs:81:5:
oracle (other)	Compare with Rust Ascent	2026-10-04T05:15:24.9749165Z Scheme fixture failed: error: Recipe `byods-session-rows` failed on line 452 with exit code 70
oracle (other)	Compare with Rust Ascent	2026-10-04T05:15:24.9749748Z 
oracle (other)	Compare with Rust Ascent	2026-10-04T05:15:24.9749755Z 
oracle (other)	Compare with Rust Ascent	2026-10-04T05:15:24.9750263Z ---- arity_repetition::arities_repeated_variables_and_self_loops_match_model_in_both_rule_orders stdout ----
oracle (other)	Compare with Rust Ascent	2026-10-04T05:15:24.9750935Z 
oracle (other)	Compare with Rust Ascent	2026-10-04T05:15:24.9751690Z thread 'arity_repetition::arities_repeated_variables_and_self_loops_match_model_in_both_rule_orders' (73361) panicked at tests/integration/common.rs:81:5:
oracle (other)	Compare with Rust Ascent	2026-10-04T05:15:24.9753555Z Scheme fixture failed: error: Recipe `arity-repetition-rows` failed on line 416 with exit code 124
oracle (other)	Compare with Rust Ascent	2026-10-04T05:15:24.9754179Z 
oracle (other)	Compare with Rust Ascent	2026-10-04T05:15:24.9754185Z 
oracle (other)	Compare with Rust Ascent	2026-10-04T05:15:24.9754956Z ---- grouped_eqrel_session::grouped_eqrel_retained_updates_match_single_producer_rust_and_model stdout ----
oracle (other)	Compare with Rust Ascent	2026-10-04T05:15:24.9755609Z 
oracle (other)	Compare with Rust Ascent	2026-10-04T05:15:24.9756367Z thread 'grouped_eqrel_session::grouped_eqrel_retained_updates_match_single_producer_rust_and_model' (73484) panicked at tests/integration/common.rs:81:5:
oracle (other)	Compare with Rust Ascent	2026-10-04T05:15:24.9757345Z Scheme fixture failed: error: Recipe `grouped-eqrel-session-rows` failed on line 455 with exit code 70
oracle (other)	Compare with Rust Ascent	2026-10-04T05:15:24.9757743Z 
oracle (other)	Compare with Rust Ascent	2026-10-04T05:15:24.9757747Z 
oracle (other)	Compare with Rust Ascent	2026-10-04T05:15:24.9758028Z ---- multi_source_session::retained_multi_source_updates_match_fresh_rust_and_finite_model stdout ----
oracle (other)	Compare with Rust Ascent	2026-10-04T05:15:24.9758417Z 
oracle (other)	Compare with Rust Ascent	2026-10-04T05:15:24.9759044Z thread 'multi_source_session::retained_multi_source_updates_match_fresh_rust_and_finite_model' (73992) panicked at tests/integration/common.rs:81:5:
oracle (other)	Compare with Rust Ascent	2026-10-04T05:15:24.9759874Z Scheme fixture failed: error: Recipe `multi-source-session-rows` failed on line 449 with exit code 70
oracle (other)	Compare with Rust Ascent	2026-10-04T05:15:24.9760251Z 
oracle (other)	Compare with Rust Ascent	2026-10-04T05:15:24.9760255Z 
oracle (other)	Compare with Rust Ascent	2026-10-04T05:15:24.9760258Z 
oracle (other)	Compare with Rust Ascent	2026-10-04T05:15:24.9760336Z failures:
oracle (other)	Compare with Rust Ascent	2026-10-04T05:15:24.9760704Z     arity_repetition::arities_repeated_variables_and_self_loops_match_model_in_both_rule_orders
oracle (other)	Compare with Rust Ascent	2026-10-04T05:15:24.9761293Z     byods_lattice_timeout::retained_eqrel_lattice_updates_timeout_and_failure_recovery
oracle (other)	Compare with Rust Ascent	2026-10-04T05:15:24.9761830Z     byods_session::retained_two_producer_byods_matches_fresh_rust_and_closure_model
oracle (other)	Compare with Rust Ascent	2026-10-04T05:15:24.9762396Z     grouped_eqrel_session::grouped_eqrel_retained_updates_match_single_producer_rust_and_model
oracle (other)	Compare with Rust Ascent	2026-10-04T05:15:24.9762987Z     multi_source_session::retained_multi_source_updates_match_fresh_rust_and_finite_model
oracle (other)	Compare with Rust Ascent	2026-10-04T05:15:24.9763328Z 
oracle (other)	Compare with Rust Ascent	2026-10-04T05:15:24.9763600Z test result: FAILED. 58 passed; 5 failed; 0 ignored; 0 measured; 12 filtered out; finished in 267.82s
oracle (other)	Compare with Rust Ascent	2026-10-04T05:15:24.9763977Z 
oracle (other)	Compare with Rust Ascent	2026-10-04T05:15:24.9764128Z error: test failed, to rerun pass `--test scheme_parity`
oracle (other)	Compare with Rust Ascent	2026-10-04T05:15:24.9815400Z *** WARNING module std/net/request is DEPRECATED and will be removed in the future
oracle (other)	Compare with Rust Ascent	2026-10-04T05:15:24.9816200Z *** ERROR IN std/misc/process#run-process__% -- 
oracle (other)	Compare with Rust Ascent	2026-10-04T05:15:24.9816963Z *** ERROR IN "misc/process.ss"@25.35-25.46 [ProcessError]: process exited with non-zero status
oracle (other)	Compare with Rust Ascent	2026-10-04T05:15:24.9821028Z --- irritants: "env" 25856 (path: "env" arguments: ("PATH=/home/runner/work/gerbil-ascent/gerbil-ascent/.ci/gerbil-release/v19/bin:/snap/bin:/home/runner/.local/bin:/opt/pipx_bin:/home/runner/.cargo/bin:/home/runner/.config/composer/vendor/bin:/usr/local/.ghcup/bin:/home/runner/.dotnet/tools:/usr/local/sbin:/usr/local/bin:/usr/sbin:/usr/bin:/sbin:/bin:/usr/games:/usr/local/games:/snap/bin" "cargo" "test" "--locked" "--manifest-path" "rust/ascent-oracle/Cargo.toml" "--test" "scheme_parity" "--" "--skip" "byods::") environment: #f directory: #f stdin-redirection: #f stdout-redirection: #f stderr-redirection: #f pseudo-terminal: #f show-console: #f) 
oracle (other)	Compare with Rust Ascent	2026-10-04T05:15:24.9825227Z --- continuation backtrace:
oracle (other)	Compare with Rust Ascent	2026-10-04T05:15:24.9825952Z [0] raise                                                                                                                                                                   
oracle (other)	Compare with Rust Ascent	2026-10-04T05:15:24.9828280Z [1] std/misc/process#run-process__%                                                                                                                                                                                                                                                                                                                      ((if (procedure? _%check-status717016%_) _%check-status717016%_ std/misc/process#check-process-success) _%status717033%_ _%settings717026%_)
oracle (other)	Compare with Rust Ascent	2026-10-04T05:15:25.0103088Z ##[error]Process completed with exit code 70.
native-and-oracle	Require all independent qualification jobs	﻿2026-10-04T05:16:01.4935992Z ##[group]Run test "$SCHEME_RESULT" = success
native-and-oracle	Require all independent qualification jobs	2026-10-04T05:16:01.4936934Z [36;1mtest "$SCHEME_RESULT" = success[0m
native-and-oracle	Require all independent qualification jobs	2026-10-04T05:16:01.4937657Z [36;1mtest "$ORACLE_RESULT" = success[0m
native-and-oracle	Require all independent qualification jobs	2026-10-04T05:16:01.4938480Z [36;1mtest "$FORMAL_RESULT" = success[0m
native-and-oracle	Require all independent qualification jobs	2026-10-04T05:16:01.5807702Z shell: /usr/bin/bash -e {0}
native-and-oracle	Require all independent qualification jobs	2026-10-04T05:16:01.5808983Z env:
native-and-oracle	Require all independent qualification jobs	2026-10-04T05:16:01.5809789Z   SCHEME_RESULT: failure
native-and-oracle	Require all independent qualification jobs	2026-10-04T05:16:01.5810338Z   ORACLE_RESULT: failure
native-and-oracle	Require all independent qualification jobs	2026-10-04T05:16:01.5810857Z   FORMAL_RESULT: success
native-and-oracle	Require all independent qualification jobs	2026-10-04T05:16:01.5811360Z ##[endgroup]
native-and-oracle	Require all independent qualification jobs	2026-10-04T05:16:01.6064871Z ##[error]Process completed with exit code 1.
