timeout 180s env GERBIL_LOADPATH="/Users/guangtao/ghq/github.com/tao3k/meta-relational-reasoning/.data/worktrees/ascent-dsl-closure-20261004${GERBIL_LOADPATH:+:$GERBIL_LOADPATH}" gerbil env gxi -:max-heap=1G,debug=q t/harness/run.ss build-dsl-closure
DSL-SOURCE-FROZEN
... compile program/update-selection
... execute compile job (compile-file /Users/guangtao/ghq/github.com/tao3k/meta-relational-reasoning/.data/worktrees/ascent-dsl-closure-20261004/.cache/ascent/native-library/lib/gerbil-ascent/program/update-selection~0.scm)
... execute compile job (compile-file /Users/guangtao/ghq/github.com/tao3k/meta-relational-reasoning/.data/worktrees/ascent-dsl-closure-20261004/.cache/ascent/native-library/lib/gerbil-ascent/program/update-selection.scm)
... compile program/evaluate
... execute compile job (compile-file /Users/guangtao/ghq/github.com/tao3k/meta-relational-reasoning/.data/worktrees/ascent-dsl-closure-20261004/.cache/ascent/native-library/lib/gerbil-ascent/program/evaluate~0.scm)
... execute compile job (compile-file /Users/guangtao/ghq/github.com/tao3k/meta-relational-reasoning/.data/worktrees/ascent-dsl-closure-20261004/.cache/ascent/native-library/lib/gerbil-ascent/program/evaluate.scm)
... compile program/session
... compile program/scheme-admission
... execute compile job (compile-file /Users/guangtao/ghq/github.com/tao3k/meta-relational-reasoning/.data/worktrees/ascent-dsl-closure-20261004/.cache/ascent/native-library/lib/gerbil-ascent/program/evaluate~1.scm)
... compile program/scheme-language
... compile program/operator-session
... execute compile job (compile-file /Users/guangtao/ghq/github.com/tao3k/meta-relational-reasoning/.data/worktrees/ascent-dsl-closure-20261004/.cache/ascent/native-library/lib/gerbil-ascent/program/session~0.scm)
... execute compile job (compile-file /Users/guangtao/ghq/github.com/tao3k/meta-relational-reasoning/.data/worktrees/ascent-dsl-closure-20261004/.cache/ascent/native-library/lib/gerbil-ascent/program/session.scm)
... execute compile job (compile-file /Users/guangtao/ghq/github.com/tao3k/meta-relational-reasoning/.data/worktrees/ascent-dsl-closure-20261004/.cache/ascent/native-library/lib/gerbil-ascent/program/scheme-admission~0.scm)
... execute compile job (compile-file /Users/guangtao/ghq/github.com/tao3k/meta-relational-reasoning/.data/worktrees/ascent-dsl-closure-20261004/.cache/ascent/native-library/lib/gerbil-ascent/program/scheme-admission.scm)
... compile candidate/reasoning
... compile t/qualification/scheme-closure-contract-test
... compile t/qualification/scheme-higher-order-test
... compile t/qualification/scheme-session-deletion-test
... execute compile job (compile-file /Users/guangtao/ghq/github.com/tao3k/meta-relational-reasoning/.data/worktrees/ascent-dsl-closure-20261004/.cache/ascent/native-library/lib/gerbil-ascent/program/scheme-admission~1.scm)
... compile program/interface
... execute compile job (compile-file /Users/guangtao/ghq/github.com/tao3k/meta-relational-reasoning/.data/worktrees/ascent-dsl-closure-20261004/.cache/ascent/native-library/lib/gerbil-ascent/program/scheme-language.scm)
... compile temporal/lens
... compile t/qualification/ascent-finite-evidence-test
... compile t/qualification/scheme-stratified-provenance-test
... compile t/qualification/scheme-model-closure-test
... compile t/qualification/scheme-provenance-graph-test
... compile t/qualification/ascent-positive-nonmembership-test
... compile t/qualification/scheme-operator-retained-test
... execute compile job (compile-file /Users/guangtao/ghq/github.com/tao3k/meta-relational-reasoning/.data/worktrees/ascent-dsl-closure-20261004/.cache/ascent/native-library/lib/gerbil-ascent/program/operator-session~0.scm)
... execute compile job (compile-file /Users/guangtao/ghq/github.com/tao3k/meta-relational-reasoning/.data/worktrees/ascent-dsl-closure-20261004/.cache/ascent/native-library/lib/gerbil-ascent/program/operator-session.scm)
... execute compile job (compile-file /Users/guangtao/ghq/github.com/tao3k/meta-relational-reasoning/.data/worktrees/ascent-dsl-closure-20261004/.cache/ascent/native-library/lib/gerbil-ascent/program/operator-session~1.scm)
... execute compile job (compile-file /Users/guangtao/ghq/github.com/tao3k/meta-relational-reasoning/.data/worktrees/ascent-dsl-closure-20261004/.cache/ascent/native-library/lib/gerbil-ascent/program/scheme-language~1.scm)
... compile t/qualification/ascent-byods-lattice-session-output
... compile t/qualification/ascent-byods-session-output
... compile t/qualification/ascent-multi-source-session-output
... compile t/qualification/ascent-grouped-eqrel-session-output
... execute compile job (compile-file /Users/guangtao/ghq/github.com/tao3k/meta-relational-reasoning/.data/worktrees/ascent-dsl-closure-20261004/.cache/ascent/native-library/lib/gerbil-ascent/candidate/reasoning~0.scm)
... compile t/qualification/ascent-arity-repetition-output
... compile t/qualification/scheme-operator-test
... compile t/qualification/scheme-library-contract-test
... execute compile job (compile-file /Users/guangtao/ghq/github.com/tao3k/meta-relational-reasoning/.data/worktrees/ascent-dsl-closure-20261004/.cache/ascent/native-library/lib/gerbil-ascent/candidate/reasoning.scm)
... execute compile job (compile-file /Users/guangtao/ghq/github.com/tao3k/meta-relational-reasoning/.data/worktrees/ascent-dsl-closure-20261004/.cache/ascent/native-library/lib/gerbil-ascent/candidate/reasoning~1.scm)
... execute compile job (compile-file /Users/guangtao/ghq/github.com/tao3k/meta-relational-reasoning/.data/worktrees/ascent-dsl-closure-20261004/.cache/ascent/native-library/lib/gerbil-ascent/t/qualification/scheme-closure-contract-test~0.scm)
... execute compile job (compile-file /Users/guangtao/ghq/github.com/tao3k/meta-relational-reasoning/.data/worktrees/ascent-dsl-closure-20261004/.cache/ascent/native-library/lib/gerbil-ascent/t/qualification/scheme-closure-contract-test.scm)
... execute compile job (compile-file /Users/guangtao/ghq/github.com/tao3k/meta-relational-reasoning/.data/worktrees/ascent-dsl-closure-20261004/.cache/ascent/native-library/lib/gerbil-ascent/t/qualification/scheme-higher-order-test~0.scm)
... execute compile job (compile-file /Users/guangtao/ghq/github.com/tao3k/meta-relational-reasoning/.data/worktrees/ascent-dsl-closure-20261004/.cache/ascent/native-library/lib/gerbil-ascent/t/qualification/scheme-higher-order-test.scm)
... execute compile job (compile-file /Users/guangtao/ghq/github.com/tao3k/meta-relational-reasoning/.data/worktrees/ascent-dsl-closure-20261004/.cache/ascent/native-library/lib/gerbil-ascent/t/qualification/scheme-session-deletion-test~0.scm)
... execute compile job (compile-file /Users/guangtao/ghq/github.com/tao3k/meta-relational-reasoning/.data/worktrees/ascent-dsl-closure-20261004/.cache/ascent/native-library/lib/gerbil-ascent/t/qualification/scheme-session-deletion-test.scm)
... execute compile job (compile-file /Users/guangtao/ghq/github.com/tao3k/meta-relational-reasoning/.data/worktrees/ascent-dsl-closure-20261004/.cache/ascent/native-library/lib/gerbil-ascent/program/interface.scm)
... execute compile job (compile-file /Users/guangtao/ghq/github.com/tao3k/meta-relational-reasoning/.data/worktrees/ascent-dsl-closure-20261004/.cache/ascent/native-library/lib/gerbil-ascent/temporal/lens~0.scm)
... execute compile job (compile-file /Users/guangtao/ghq/github.com/tao3k/meta-relational-reasoning/.data/worktrees/ascent-dsl-closure-20261004/.cache/ascent/native-library/lib/gerbil-ascent/temporal/lens.scm)
... execute compile job (compile-file /Users/guangtao/ghq/github.com/tao3k/meta-relational-reasoning/.data/worktrees/ascent-dsl-closure-20261004/.cache/ascent/native-library/lib/gerbil-ascent/t/qualification/ascent-finite-evidence-test~0.scm)
... execute compile job (compile-file /Users/guangtao/ghq/github.com/tao3k/meta-relational-reasoning/.data/worktrees/ascent-dsl-closure-20261004/.cache/ascent/native-library/lib/gerbil-ascent/t/qualification/ascent-finite-evidence-test.scm)
... execute compile job (compile-file /Users/guangtao/ghq/github.com/tao3k/meta-relational-reasoning/.data/worktrees/ascent-dsl-closure-20261004/.cache/ascent/native-library/lib/gerbil-ascent/t/qualification/scheme-stratified-provenance-test~0.scm)
... execute compile job (compile-file /Users/guangtao/ghq/github.com/tao3k/meta-relational-reasoning/.data/worktrees/ascent-dsl-closure-20261004/.cache/ascent/native-library/lib/gerbil-ascent/t/qualification/scheme-stratified-provenance-test.scm)
... execute compile job (compile-file /Users/guangtao/ghq/github.com/tao3k/meta-relational-reasoning/.data/worktrees/ascent-dsl-closure-20261004/.cache/ascent/native-library/lib/gerbil-ascent/t/qualification/scheme-model-closure-test~0.scm)
... execute compile job (compile-file /Users/guangtao/ghq/github.com/tao3k/meta-relational-reasoning/.data/worktrees/ascent-dsl-closure-20261004/.cache/ascent/native-library/lib/gerbil-ascent/t/qualification/scheme-model-closure-test.scm)
... execute compile job (compile-file /Users/guangtao/ghq/github.com/tao3k/meta-relational-reasoning/.data/worktrees/ascent-dsl-closure-20261004/.cache/ascent/native-library/lib/gerbil-ascent/t/qualification/scheme-model-closure-test~1.scm)
... execute compile job (compile-file /Users/guangtao/ghq/github.com/tao3k/meta-relational-reasoning/.data/worktrees/ascent-dsl-closure-20261004/.cache/ascent/native-library/lib/gerbil-ascent/t/qualification/ascent-positive-nonmembership-test~0.scm)
... execute compile job (compile-file /Users/guangtao/ghq/github.com/tao3k/meta-relational-reasoning/.data/worktrees/ascent-dsl-closure-20261004/.cache/ascent/native-library/lib/gerbil-ascent/t/qualification/ascent-positive-nonmembership-test.scm)
... execute compile job (compile-file /Users/guangtao/ghq/github.com/tao3k/meta-relational-reasoning/.data/worktrees/ascent-dsl-closure-20261004/.cache/ascent/native-library/lib/gerbil-ascent/t/qualification/scheme-operator-retained-test~0.scm)
... execute compile job (compile-file /Users/guangtao/ghq/github.com/tao3k/meta-relational-reasoning/.data/worktrees/ascent-dsl-closure-20261004/.cache/ascent/native-library/lib/gerbil-ascent/t/qualification/scheme-operator-retained-test.scm)
... execute compile job (compile-file /Users/guangtao/ghq/github.com/tao3k/meta-relational-reasoning/.data/worktrees/ascent-dsl-closure-20261004/.cache/ascent/native-library/lib/gerbil-ascent/t/qualification/scheme-provenance-graph-test~0.scm)
... execute compile job (compile-file /Users/guangtao/ghq/github.com/tao3k/meta-relational-reasoning/.data/worktrees/ascent-dsl-closure-20261004/.cache/ascent/native-library/lib/gerbil-ascent/t/qualification/scheme-provenance-graph-test.scm)
... execute compile job (compile-file /Users/guangtao/ghq/github.com/tao3k/meta-relational-reasoning/.data/worktrees/ascent-dsl-closure-20261004/.cache/ascent/native-library/lib/gerbil-ascent/t/qualification/ascent-byods-lattice-session-output~0.scm)
... execute compile job (compile-file /Users/guangtao/ghq/github.com/tao3k/meta-relational-reasoning/.data/worktrees/ascent-dsl-closure-20261004/.cache/ascent/native-library/lib/gerbil-ascent/t/qualification/ascent-byods-lattice-session-output.scm)
... execute compile job (compile-file /Users/guangtao/ghq/github.com/tao3k/meta-relational-reasoning/.data/worktrees/ascent-dsl-closure-20261004/.cache/ascent/native-library/lib/gerbil-ascent/t/qualification/ascent-byods-session-output~0.scm)
... execute compile job (compile-file /Users/guangtao/ghq/github.com/tao3k/meta-relational-reasoning/.data/worktrees/ascent-dsl-closure-20261004/.cache/ascent/native-library/lib/gerbil-ascent/t/qualification/ascent-byods-session-output.scm)
... execute compile job (compile-file /Users/guangtao/ghq/github.com/tao3k/meta-relational-reasoning/.data/worktrees/ascent-dsl-closure-20261004/.cache/ascent/native-library/lib/gerbil-ascent/t/qualification/ascent-multi-source-session-output~0.scm)
... execute compile job (compile-file /Users/guangtao/ghq/github.com/tao3k/meta-relational-reasoning/.data/worktrees/ascent-dsl-closure-20261004/.cache/ascent/native-library/lib/gerbil-ascent/t/qualification/ascent-multi-source-session-output.scm)
... execute compile job (compile-file /Users/guangtao/ghq/github.com/tao3k/meta-relational-reasoning/.data/worktrees/ascent-dsl-closure-20261004/.cache/ascent/native-library/lib/gerbil-ascent/t/qualification/ascent-grouped-eqrel-session-output~0.scm)
... execute compile job (compile-file /Users/guangtao/ghq/github.com/tao3k/meta-relational-reasoning/.data/worktrees/ascent-dsl-closure-20261004/.cache/ascent/native-library/lib/gerbil-ascent/t/qualification/ascent-grouped-eqrel-session-output.scm)
... execute compile job (compile-file /Users/guangtao/ghq/github.com/tao3k/meta-relational-reasoning/.data/worktrees/ascent-dsl-closure-20261004/.cache/ascent/native-library/lib/gerbil-ascent/t/qualification/ascent-arity-repetition-output~0.scm)
... execute compile job (compile-file /Users/guangtao/ghq/github.com/tao3k/meta-relational-reasoning/.data/worktrees/ascent-dsl-closure-20261004/.cache/ascent/native-library/lib/gerbil-ascent/t/qualification/ascent-arity-repetition-output.scm)
... execute compile job (compile-file /Users/guangtao/ghq/github.com/tao3k/meta-relational-reasoning/.data/worktrees/ascent-dsl-closure-20261004/.cache/ascent/native-library/lib/gerbil-ascent/t/qualification/scheme-library-contract-test~0.scm)
... execute compile job (compile-file /Users/guangtao/ghq/github.com/tao3k/meta-relational-reasoning/.data/worktrees/ascent-dsl-closure-20261004/.cache/ascent/native-library/lib/gerbil-ascent/t/qualification/scheme-library-contract-test.scm)
... execute compile job (compile-file /Users/guangtao/ghq/github.com/tao3k/meta-relational-reasoning/.data/worktrees/ascent-dsl-closure-20261004/.cache/ascent/native-library/lib/gerbil-ascent/t/qualification/scheme-operator-test~0.scm)
... execute compile job (compile-file /Users/guangtao/ghq/github.com/tao3k/meta-relational-reasoning/.data/worktrees/ascent-dsl-closure-20261004/.cache/ascent/native-library/lib/gerbil-ascent/t/qualification/scheme-operator-test.scm)
compile t/harness/dsl-closure.ss
compile gerbil-ascent/t/harness/dsl-closure
compile /Users/guangtao/ghq/github.com/tao3k/meta-relational-reasoning/.data/worktrees/ascent-dsl-closure-20261004/.cache/ascent/native-library/lib/gerbil-ascent/t/harness/dsl-closure~0.scm
compile /Users/guangtao/ghq/github.com/tao3k/meta-relational-reasoning/.data/worktrees/ascent-dsl-closure-20261004/.cache/ascent/native-library/lib/gerbil-ascent/t/harness/dsl-closure.scm
compile /Users/guangtao/ghq/github.com/tao3k/meta-relational-reasoning/.data/worktrees/ascent-dsl-closure-20261004/.cache/ascent/native-library/lib/gerbil-ascent/t/harness/dsl-closure.ssi
compile exe t/harness/dsl-closure.ss
*** ERROR IN gxc#compile-executable-module/separate -- 
*** ERROR IN ?
--- Syntax Error: cannot find static module
--- Context: 
 at (compile-exe t/harness/dsl-closure.ss)
... form:   gerbil-ascent/t/qualification/ascent-byods-lattice-fixture
... detail: "gerbil-ascent__t__qualification__ascent-byods-lattice-fixture.scm"
*** WARNING module std/net/request is DEPRECATED and will be removed in the future
*** ERROR IN std/misc/process#run-process__% -- 
*** ERROR IN "misc/process.ss"@25.35-25.46 [ProcessError]: process exited with non-zero status
--- irritants: "gxi" 17920 (path: "gxi" arguments: ("-:max-heap=1G,debug=q" "t/harness/run.ss" "build-dsl-closure") environment: #f directory: #f stdin-redirection: #f stdout-redirection: #f stderr-redirection: #f pseudo-terminal: #f show-console: #f) 
--- continuation backtrace:
[0] raise                                                                                                                                                                   
[1] std/misc/process#run-process__%                                                                                                                                                                                                                                                                                                                      ((if (procedure? _%check-status716621%_) _%check-status716621%_ std/misc/process#check-process-success) _%status716638%_ _%settings716631%_)
error: recipe `build-dsl-closure` failed on line 697 with exit code 124
