0.075 HARNESS Scheme DSL closure
0.075 MODULE t/qualification/scheme-higher-order-test.ss
0.075 SUITE Finite positive higher-order descriptors
0.075 CASE a function accepts a function and returns a closure over a finite fix
0.199 CASE-OK a function accepts a function and returns a closure over a finite fix
0.199 CASE one returned function can be instantiated twice without capture aliasing
0.818 CASE-OK one returned function can be instantiated twice without capture aliasing
0.818 CASE application checks nested function input and result signatures
0.818 CASE-OK application checks nested function input and result signatures
0.818 CASE finite domains reject bad rows and mappings instead of clamping
0.969 CASE-OK finite domains reject bad rows and mappings instead of clamping
0.969 CASE typed construction freezes caller-owned source and domain spines
1.009 CASE-OK typed construction freezes caller-owned source and domain spines
1.010 CASE escaped parameters and opaque function results reject
1.010 CASE-OK escaped parameters and opaque function results reject
1.010 CASE function fixed points use finite height and expansion is bounded
1.010 CASE-OK function fixed points use finite height and expansion is bounded
1.010 CASE recursive functions propagate across changed arguments for every finite seed
6.506 CASE-OK recursive functions propagate across changed arguments for every finite seed
6.507 CASE nested returned functions use a pointwise bottom and preserve lexical inputs
9.080 CASE-OK nested returned functions use a pointwise bottom and preserve lexical inputs
9.080 CASE function fixed points accept higher-order inputs and the empty codomain
9.415 CASE-OK function fixed points accept higher-order inputs and the empty codomain
9.415 CASE typed native sessions retain finite domains through replacement and rollback
9.446 CASE-OK typed native sessions retain finite domains through replacement and rollback
9.446 CASE native derivations outside the declared domain raise instead of truncating
9.633 CASE-OK native derivations outside the declared domain raise instead of truncating
9.634 CASE admission reconstructs finite predicates and rejects forged domain data
9.639 CASE-OK admission reconstructs finite predicates and rejects forged domain data
9.639 CASE height expressions distinguish relation height and higher-order function space
9.639 CASE-OK height expressions distinguish relation height and higher-order function space
9.639 SUITE-OK Finite positive higher-order descriptors
9.639 MODULE-OK t/qualification/scheme-higher-order-test.ss
9.639 HARNESS-OK Scheme DSL closure
9.639 OK
EXCLUDED-DIAGNOSTIC exit=0 no-idle-watchdog
