DSL-ARTIFACT-VERIFIED fd193b5d74e6f43c08edaf3abfe37949be40b05bce17453df276628750ffa1c8
HARNESS Scheme DSL closure
MODULE t/qualification/scheme-closure-contract-test.ss
SUITE Scheme closure guarantees and operational failure boundaries
CASE finite successor completes with the exact independent interval
CASE-OK finite successor completes with the exact independent interval
CASE monotone integer successor does not become complete at a budget
CASE-OK monotone integer successor does not become complete at a budget
CASE one lattice key does not imply finite-height refinement
CASE-OK one lattice key does not imply finite-height refinement
CASE separately admissible fragments can compose into a negative cycle
CASE-OK separately admissible fragments can compose into a negative cycle
SUITE-OK Scheme closure guarantees and operational failure boundaries
MODULE-OK t/qualification/scheme-closure-contract-test.ss
HARNESS-OK Scheme DSL closure
OK
HARNESS Scheme DSL closure
MODULE t/qualification/scheme-provenance-graph-test.ss
SUITE Complete grounded provenance and deletion
CASE recursive provenance retains every source and cyclic alternative
CASE-OK recursive provenance retains every source and cyclic alternative
CASE a recursive cycle without a founded source proves no row
CASE-OK a recursive cycle without a founded source proves no row
CASE complete provenance cannot omit an alternative or exceed its cap
CASE-OK complete provenance cannot omit an alternative or exceed its cap
CASE grounded DRed restores alternate support and removes the last cyclic support
CASE-OK grounded DRed restores alternate support and removes the last cyclic support
CASE failed grounded deletion preserves the published rows and source state
CASE-OK failed grounded deletion preserves the published rows and source state
CASE all sixty-four graphs preserve complete alternatives and every withdrawal
PROVENANCE-CHECKED 0 complete
PROVENANCE-CHECKED 1 complete
PROVENANCE-CHECKED 1 withdrawal 1
PROVENANCE-CHECKED 2 complete
PROVENANCE-CHECKED 2 withdrawal 1
PROVENANCE-CHECKED 3 complete
PROVENANCE-CHECKED 3 withdrawal 1
PROVENANCE-CHECKED 3 withdrawal 2
PROVENANCE-CHECKED 4 complete
PROVENANCE-CHECKED 4 withdrawal 1
PROVENANCE-CHECKED 5 complete
PROVENANCE-CHECKED 5 withdrawal 1
PROVENANCE-CHECKED 5 withdrawal 2
PROVENANCE-CHECKED 6 complete
PROVENANCE-CHECKED 6 withdrawal 1
PROVENANCE-CHECKED 6 withdrawal 2
PROVENANCE-CHECKED 7 complete
PROVENANCE-CHECKED 7 withdrawal 1
PROVENANCE-CHECKED 7 withdrawal 2
PROVENANCE-CHECKED 7 withdrawal 3
PROVENANCE-CHECKED 8 complete
PROVENANCE-CHECKED 8 withdrawal 1
PROVENANCE-CHECKED 9 complete
PROVENANCE-CHECKED 9 withdrawal 1
PROVENANCE-CHECKED 9 withdrawal 2
PROVENANCE-CHECKED 10 complete
PROVENANCE-CHECKED 10 withdrawal 1
PROVENANCE-CHECKED 10 withdrawal 2
PROVENANCE-CHECKED 11 complete
PROVENANCE-CHECKED 11 withdrawal 1
PROVENANCE-CHECKED 11 withdrawal 2
PROVENANCE-CHECKED 11 withdrawal 3
PROVENANCE-CHECKED 12 complete
PROVENANCE-CHECKED 12 withdrawal 1
PROVENANCE-CHECKED 12 withdrawal 2
PROVENANCE-CHECKED 13 complete
PROVENANCE-CHECKED 13 withdrawal 1
PROVENANCE-CHECKED 13 withdrawal 2
PROVENANCE-CHECKED 13 withdrawal 3
PROVENANCE-CHECKED 14 complete
PROVENANCE-CHECKED 14 withdrawal 1
PROVENANCE-CHECKED 14 withdrawal 2
PROVENANCE-CHECKED 14 withdrawal 3
PROVENANCE-CHECKED 15 complete
PROVENANCE-CHECKED 15 withdrawal 1
PROVENANCE-CHECKED 15 withdrawal 2
PROVENANCE-CHECKED 15 withdrawal 3
PROVENANCE-CHECKED 15 withdrawal 4
PROVENANCE-CHECKED 16 complete
PROVENANCE-CHECKED 16 withdrawal 1
PROVENANCE-CHECKED 17 complete
PROVENANCE-CHECKED 17 withdrawal 1
PROVENANCE-CHECKED 17 withdrawal 2
PROVENANCE-CHECKED 18 complete
PROVENANCE-CHECKED 18 withdrawal 1
PROVENANCE-CHECKED 18 withdrawal 2
PROVENANCE-CHECKED 19 complete
PROVENANCE-CHECKED 19 withdrawal 1
PROVENANCE-CHECKED 19 withdrawal 2
PROVENANCE-CHECKED 19 withdrawal 3
PROVENANCE-CHECKED 20 complete
PROVENANCE-CHECKED 20 withdrawal 1
PROVENANCE-CHECKED 20 withdrawal 2
PROVENANCE-CHECKED 21 complete
PROVENANCE-CHECKED 21 withdrawal 1
PROVENANCE-CHECKED 21 withdrawal 2
PROVENANCE-CHECKED 21 withdrawal 3
PROVENANCE-CHECKED 22 complete
PROVENANCE-CHECKED 22 withdrawal 1
PROVENANCE-CHECKED 22 withdrawal 2
PROVENANCE-CHECKED 22 withdrawal 3
PROVENANCE-CHECKED 23 complete
PROVENANCE-CHECKED 23 withdrawal 1
PROVENANCE-CHECKED 23 withdrawal 2
PROVENANCE-CHECKED 23 withdrawal 3
PROVENANCE-CHECKED 23 withdrawal 4
PROVENANCE-CHECKED 24 complete
PROVENANCE-CHECKED 24 withdrawal 1
PROVENANCE-CHECKED 24 withdrawal 2
PROVENANCE-CHECKED 25 complete
PROVENANCE-CHECKED 25 withdrawal 1
PROVENANCE-CHECKED 25 withdrawal 2
PROVENANCE-CHECKED 25 withdrawal 3
PROVENANCE-CHECKED 26 complete
PROVENANCE-CHECKED 26 withdrawal 1
PROVENANCE-CHECKED 26 withdrawal 2
PROVENANCE-CHECKED 26 withdrawal 3
PROVENANCE-CHECKED 27 complete
PROVENANCE-CHECKED 27 withdrawal 1
PROVENANCE-CHECKED 27 withdrawal 2
PROVENANCE-CHECKED 27 withdrawal 3
PROVENANCE-CHECKED 27 withdrawal 4
PROVENANCE-CHECKED 28 complete
PROVENANCE-CHECKED 28 withdrawal 1
PROVENANCE-CHECKED 28 withdrawal 2
PROVENANCE-CHECKED 28 withdrawal 3
PROVENANCE-CHECKED 29 complete
PROVENANCE-CHECKED 29 withdrawal 1
PROVENANCE-CHECKED 29 withdrawal 2
PROVENANCE-CHECKED 29 withdrawal 3
PROVENANCE-CHECKED 29 withdrawal 4
PROVENANCE-CHECKED 30 complete
PROVENANCE-CHECKED 30 withdrawal 1
PROVENANCE-CHECKED 30 withdrawal 2
PROVENANCE-CHECKED 30 withdrawal 3
PROVENANCE-CHECKED 30 withdrawal 4
PROVENANCE-CHECKED 31 complete
PROVENANCE-CHECKED 31 withdrawal 1
PROVENANCE-CHECKED 31 withdrawal 2
PROVENANCE-CHECKED 31 withdrawal 3
PROVENANCE-CHECKED 31 withdrawal 4
PROVENANCE-CHECKED 31 withdrawal 5
PROVENANCE-CHECKED 32 complete
PROVENANCE-CHECKED 32 withdrawal 1
PROVENANCE-CHECKED 33 complete
PROVENANCE-CHECKED 33 withdrawal 1
PROVENANCE-CHECKED 33 withdrawal 2
PROVENANCE-CHECKED 34 complete
PROVENANCE-CHECKED 34 withdrawal 1
PROVENANCE-CHECKED 34 withdrawal 2
PROVENANCE-CHECKED 35 complete
PROVENANCE-CHECKED 35 withdrawal 1
PROVENANCE-CHECKED 35 withdrawal 2
PROVENANCE-CHECKED 35 withdrawal 3
PROVENANCE-CHECKED 36 complete
PROVENANCE-CHECKED 36 withdrawal 1
PROVENANCE-CHECKED 36 withdrawal 2
PROVENANCE-CHECKED 37 complete
PROVENANCE-CHECKED 37 withdrawal 1
PROVENANCE-CHECKED 37 withdrawal 2
PROVENANCE-CHECKED 37 withdrawal 3
PROVENANCE-CHECKED 38 complete
PROVENANCE-CHECKED 38 withdrawal 1
PROVENANCE-CHECKED 38 withdrawal 2
PROVENANCE-CHECKED 38 withdrawal 3
PROVENANCE-CHECKED 39 complete
PROVENANCE-CHECKED 39 withdrawal 1
PROVENANCE-CHECKED 39 withdrawal 2
PROVENANCE-CHECKED 39 withdrawal 3
PROVENANCE-CHECKED 39 withdrawal 4
PROVENANCE-CHECKED 40 complete
PROVENANCE-CHECKED 40 withdrawal 1
PROVENANCE-CHECKED 40 withdrawal 2
PROVENANCE-CHECKED 41 complete
PROVENANCE-CHECKED 41 withdrawal 1
PROVENANCE-CHECKED 41 withdrawal 2
PROVENANCE-CHECKED 41 withdrawal 3
PROVENANCE-CHECKED 42 complete
PROVENANCE-CHECKED 42 withdrawal 1
PROVENANCE-CHECKED 42 withdrawal 2
PROVENANCE-CHECKED 42 withdrawal 3
PROVENANCE-CHECKED 43 complete
PROVENANCE-CHECKED 43 withdrawal 1
PROVENANCE-CHECKED 43 withdrawal 2
PROVENANCE-CHECKED 43 withdrawal 3
PROVENANCE-CHECKED 43 withdrawal 4
PROVENANCE-CHECKED 44 complete
PROVENANCE-CHECKED 44 withdrawal 1
PROVENANCE-CHECKED 44 withdrawal 2
PROVENANCE-CHECKED 44 withdrawal 3
PROVENANCE-CHECKED 45 complete
PROVENANCE-CHECKED 45 withdrawal 1
PROVENANCE-CHECKED 45 withdrawal 2
PROVENANCE-CHECKED 45 withdrawal 3
PROVENANCE-CHECKED 45 withdrawal 4
PROVENANCE-CHECKED 46 complete
PROVENANCE-CHECKED 46 withdrawal 1
PROVENANCE-CHECKED 46 withdrawal 2
PROVENANCE-CHECKED 46 withdrawal 3
PROVENANCE-CHECKED 46 withdrawal 4
PROVENANCE-CHECKED 47 complete
PROVENANCE-CHECKED 47 withdrawal 1
PROVENANCE-CHECKED 47 withdrawal 2
PROVENANCE-CHECKED 47 withdrawal 3
PROVENANCE-CHECKED 47 withdrawal 4
PROVENANCE-CHECKED 47 withdrawal 5
PROVENANCE-CHECKED 48 complete
PROVENANCE-CHECKED 48 withdrawal 1
PROVENANCE-CHECKED 48 withdrawal 2
PROVENANCE-CHECKED 49 complete
PROVENANCE-CHECKED 49 withdrawal 1
PROVENANCE-CHECKED 49 withdrawal 2
PROVENANCE-CHECKED 49 withdrawal 3
PROVENANCE-CHECKED 50 complete
PROVENANCE-CHECKED 50 withdrawal 1
PROVENANCE-CHECKED 50 withdrawal 2
PROVENANCE-CHECKED 50 withdrawal 3
PROVENANCE-CHECKED 51 complete
PROVENANCE-CHECKED 51 withdrawal 1
PROVENANCE-CHECKED 51 withdrawal 2
PROVENANCE-CHECKED 51 withdrawal 3
PROVENANCE-CHECKED 51 withdrawal 4
PROVENANCE-CHECKED 52 complete
PROVENANCE-CHECKED 52 withdrawal 1
PROVENANCE-CHECKED 52 withdrawal 2
PROVENANCE-CHECKED 52 withdrawal 3
PROVENANCE-CHECKED 53 complete
PROVENANCE-CHECKED 53 withdrawal 1
PROVENANCE-CHECKED 53 withdrawal 2
PROVENANCE-CHECKED 53 withdrawal 3
PROVENANCE-CHECKED 53 withdrawal 4
PROVENANCE-CHECKED 54 complete
PROVENANCE-CHECKED 54 withdrawal 1
PROVENANCE-CHECKED 54 withdrawal 2
PROVENANCE-CHECKED 54 withdrawal 3
PROVENANCE-CHECKED 54 withdrawal 4
PROVENANCE-CHECKED 55 complete
PROVENANCE-CHECKED 55 withdrawal 1
PROVENANCE-CHECKED 55 withdrawal 2
PROVENANCE-CHECKED 55 withdrawal 3
PROVENANCE-CHECKED 55 withdrawal 4
PROVENANCE-CHECKED 55 withdrawal 5
PROVENANCE-CHECKED 56 complete
PROVENANCE-CHECKED 56 withdrawal 1
PROVENANCE-CHECKED 56 withdrawal 2
PROVENANCE-CHECKED 56 withdrawal 3
PROVENANCE-CHECKED 57 complete
PROVENANCE-CHECKED 57 withdrawal 1
PROVENANCE-CHECKED 57 withdrawal 2
PROVENANCE-CHECKED 57 withdrawal 3
PROVENANCE-CHECKED 57 withdrawal 4
PROVENANCE-CHECKED 58 complete
PROVENANCE-CHECKED 58 withdrawal 1
PROVENANCE-CHECKED 58 withdrawal 2
PROVENANCE-CHECKED 58 withdrawal 3
PROVENANCE-CHECKED 58 withdrawal 4
PROVENANCE-CHECKED 59 complete
PROVENANCE-CHECKED 59 withdrawal 1
PROVENANCE-CHECKED 59 withdrawal 2
PROVENANCE-CHECKED 59 withdrawal 3
PROVENANCE-CHECKED 59 withdrawal 4
PROVENANCE-CHECKED 59 withdrawal 5
PROVENANCE-CHECKED 60 complete
PROVENANCE-CHECKED 60 withdrawal 1
PROVENANCE-CHECKED 60 withdrawal 2
PROVENANCE-CHECKED 60 withdrawal 3
PROVENANCE-CHECKED 60 withdrawal 4
PROVENANCE-CHECKED 61 complete
PROVENANCE-CHECKED 61 withdrawal 1
PROVENANCE-CHECKED 61 withdrawal 2
PROVENANCE-CHECKED 61 withdrawal 3
PROVENANCE-CHECKED 61 withdrawal 4
PROVENANCE-CHECKED 61 withdrawal 5
PROVENANCE-CHECKED 62 complete
PROVENANCE-CHECKED 62 withdrawal 1
PROVENANCE-CHECKED 62 withdrawal 2
PROVENANCE-CHECKED 62 withdrawal 3
PROVENANCE-CHECKED 62 withdrawal 4
PROVENANCE-CHECKED 62 withdrawal 5
PROVENANCE-CHECKED 63 complete
PROVENANCE-CHECKED 63 withdrawal 1
PROVENANCE-CHECKED 63 withdrawal 2
PROVENANCE-CHECKED 63 withdrawal 3
PROVENANCE-CHECKED 63 withdrawal 4
PROVENANCE-CHECKED 63 withdrawal 5
PROVENANCE-CHECKED 63 withdrawal 6
CASE-OK all sixty-four graphs preserve complete alternatives and every withdrawal
SUITE-OK Complete grounded provenance and deletion
MODULE-OK t/qualification/scheme-provenance-graph-test.ss
HARNESS-OK Scheme DSL closure
OK
HARNESS Scheme DSL closure
MODULE t/qualification/scheme-higher-order-test.ss
SUITE Finite positive higher-order descriptors
CASE a function accepts a function and returns a closure over a finite fix
HIGHER-ORDER-COMPILED
HIGHER-ORDER-SOLVED
CASE-OK a function accepts a function and returns a closure over a finite fix
CASE one returned function can be instantiated twice without capture aliasing
HIGHER-ORDER-COMPILED
HIGHER-ORDER-SOLVED
CASE-OK one returned function can be instantiated twice without capture aliasing
CASE application checks nested function input and result signatures
CASE-OK application checks nested function input and result signatures
CASE finite domains reject bad rows and mappings instead of clamping
HIGHER-ORDER-COMPILED
HIGHER-ORDER-SOLVED
CASE-OK finite domains reject bad rows and mappings instead of clamping
CASE typed construction freezes caller-owned source and domain spines
HIGHER-ORDER-COMPILED
HIGHER-ORDER-SOLVED
CASE-OK typed construction freezes caller-owned source and domain spines
CASE escaped parameters and opaque function results reject
CASE-OK escaped parameters and opaque function results reject
CASE function fixed points use finite height and expansion is bounded
CASE-OK function fixed points use finite height and expansion is bounded
CASE recursive functions propagate across changed arguments for every finite seed
HIGHER-ORDER-COMPILED
HIGHER-ORDER-SOLVED
HIGHER-ORDER-COMPILED
HIGHER-ORDER-SOLVED
HIGHER-ORDER-COMPILED
HIGHER-ORDER-SOLVED
HIGHER-ORDER-COMPILED
HIGHER-ORDER-SOLVED
CASE-OK recursive functions propagate across changed arguments for every finite seed
CASE nested returned functions use a pointwise bottom and preserve lexical inputs
HIGHER-ORDER-COMPILED
HIGHER-ORDER-SOLVED
CASE-OK nested returned functions use a pointwise bottom and preserve lexical inputs
CASE function fixed points accept higher-order inputs and the empty codomain
HIGHER-ORDER-COMPILED
HIGHER-ORDER-SOLVED
HIGHER-ORDER-COMPILED
HIGHER-ORDER-SOLVED
CASE-OK function fixed points accept higher-order inputs and the empty codomain
CASE compiler bottom sources retain their exact empty native domain
CASE-OK compiler bottom sources retain their exact empty native domain
CASE typed native sessions retain finite domains through replacement and rollback
CASE-OK typed native sessions retain finite domains through replacement and rollback
CASE native derivations outside the declared domain raise instead of truncating
CASE-OK native derivations outside the declared domain raise instead of truncating
CASE admission reconstructs finite predicates and rejects forged domain data
CASE-OK admission reconstructs finite predicates and rejects forged domain data
CASE height expressions distinguish relation height and higher-order function space
CASE-OK height expressions distinguish relation height and higher-order function space
SUITE-OK Finite positive higher-order descriptors
MODULE-OK t/qualification/scheme-higher-order-test.ss
HARNESS-OK Scheme DSL closure
OK
HARNESS Scheme DSL closure
MODULE t/qualification/scheme-session-deletion-test.ss
SUITE Native dependency invalidation and source withdrawal
CASE lowered dependencies agree with matrix reachability for every graph and root
CASE-OK lowered dependencies agree with matrix reachability for every graph and root
CASE unchanged lattice source joins consume no reused derived budget
CASE-OK unchanged lattice source joins consume no reused derived budget
CASE field callbacks preserve source membership after checking retained rows
CASE-OK field callbacks preserve source membership after checking retained rows
CASE deletion skips an independent component and restores all rules for later append
CASE-OK deletion skips an independent component and restores all rules for later append
CASE removing all base support eliminates a recursive cycle
CASE-OK removing all base support eliminates a recursive cycle
CASE negation and aggregate dependencies invalidate lower-stratum changes
CASE-OK negation and aggregate dependencies invalidate lower-stratum changes
CASE lattice replacement retracts an old maximum and preserves independent final rows
CASE-OK lattice replacement retracts an old maximum and preserves independent final rows
CASE failed prospective deletion transaction retains completed state
CASE-OK failed prospective deletion transaction retains completed state
CASE a forged descriptor cannot authorize an opaque callback for result reuse
CASE-OK a forged descriptor cannot authorize an opaque callback for result reuse
CASE all 64 three-node graphs and 192 successive withdrawals agree with fresh closure
DELETE-CHECKED initial 0
DELETE-CHECKED initial 1
DELETE-CHECKED withdrawal 1 1
DELETE-CHECKED initial 2
DELETE-CHECKED withdrawal 2 1
DELETE-CHECKED initial 3
DELETE-CHECKED withdrawal 3 1
DELETE-CHECKED withdrawal 3 2
DELETE-CHECKED initial 4
DELETE-CHECKED withdrawal 4 1
DELETE-CHECKED initial 5
DELETE-CHECKED withdrawal 5 1
DELETE-CHECKED withdrawal 5 2
DELETE-CHECKED initial 6
DELETE-CHECKED withdrawal 6 1
DELETE-CHECKED withdrawal 6 2
DELETE-CHECKED initial 7
DELETE-CHECKED withdrawal 7 1
DELETE-CHECKED withdrawal 7 2
DELETE-CHECKED withdrawal 7 3
DELETE-CHECKED initial 8
DELETE-CHECKED withdrawal 8 1
DELETE-CHECKED initial 9
DELETE-CHECKED withdrawal 9 1
DELETE-CHECKED withdrawal 9 2
DELETE-CHECKED initial 10
DELETE-CHECKED withdrawal 10 1
DELETE-CHECKED withdrawal 10 2
DELETE-CHECKED initial 11
DELETE-CHECKED withdrawal 11 1
DELETE-CHECKED withdrawal 11 2
DELETE-CHECKED withdrawal 11 3
DELETE-CHECKED initial 12
DELETE-CHECKED withdrawal 12 1
DELETE-CHECKED withdrawal 12 2
DELETE-CHECKED initial 13
DELETE-CHECKED withdrawal 13 1
DELETE-CHECKED withdrawal 13 2
DELETE-CHECKED withdrawal 13 3
DELETE-CHECKED initial 14
DELETE-CHECKED withdrawal 14 1
DELETE-CHECKED withdrawal 14 2
DELETE-CHECKED withdrawal 14 3
DELETE-CHECKED initial 15
DELETE-CHECKED withdrawal 15 1
DELETE-CHECKED withdrawal 15 2
DELETE-CHECKED withdrawal 15 3
DELETE-CHECKED withdrawal 15 4
DELETE-CHECKED initial 16
DELETE-CHECKED withdrawal 16 1
DELETE-CHECKED initial 17
DELETE-CHECKED withdrawal 17 1
DELETE-CHECKED withdrawal 17 2
DELETE-CHECKED initial 18
DELETE-CHECKED withdrawal 18 1
DELETE-CHECKED withdrawal 18 2
DELETE-CHECKED initial 19
DELETE-CHECKED withdrawal 19 1
DELETE-CHECKED withdrawal 19 2
DELETE-CHECKED withdrawal 19 3
DELETE-CHECKED initial 20
DELETE-CHECKED withdrawal 20 1
DELETE-CHECKED withdrawal 20 2
DELETE-CHECKED initial 21
DELETE-CHECKED withdrawal 21 1
DELETE-CHECKED withdrawal 21 2
DELETE-CHECKED withdrawal 21 3
DELETE-CHECKED initial 22
DELETE-CHECKED withdrawal 22 1
DELETE-CHECKED withdrawal 22 2
DELETE-CHECKED withdrawal 22 3
DELETE-CHECKED initial 23
DELETE-CHECKED withdrawal 23 1
DELETE-CHECKED withdrawal 23 2
DELETE-CHECKED withdrawal 23 3
DELETE-CHECKED withdrawal 23 4
DELETE-CHECKED initial 24
DELETE-CHECKED withdrawal 24 1
DELETE-CHECKED withdrawal 24 2
DELETE-CHECKED initial 25
DELETE-CHECKED withdrawal 25 1
DELETE-CHECKED withdrawal 25 2
DELETE-CHECKED withdrawal 25 3
DELETE-CHECKED initial 26
DELETE-CHECKED withdrawal 26 1
DELETE-CHECKED withdrawal 26 2
DELETE-CHECKED withdrawal 26 3
DELETE-CHECKED initial 27
DELETE-CHECKED withdrawal 27 1
DELETE-CHECKED withdrawal 27 2
DELETE-CHECKED withdrawal 27 3
DELETE-CHECKED withdrawal 27 4
DELETE-CHECKED initial 28
DELETE-CHECKED withdrawal 28 1
DELETE-CHECKED withdrawal 28 2
DELETE-CHECKED withdrawal 28 3
DELETE-CHECKED initial 29
DELETE-CHECKED withdrawal 29 1
DELETE-CHECKED withdrawal 29 2
DELETE-CHECKED withdrawal 29 3
DELETE-CHECKED withdrawal 29 4
DELETE-CHECKED initial 30
DELETE-CHECKED withdrawal 30 1
DELETE-CHECKED withdrawal 30 2
DELETE-CHECKED withdrawal 30 3
DELETE-CHECKED withdrawal 30 4
DELETE-CHECKED initial 31
DELETE-CHECKED withdrawal 31 1
DELETE-CHECKED withdrawal 31 2
DELETE-CHECKED withdrawal 31 3
DELETE-CHECKED withdrawal 31 4
DELETE-CHECKED withdrawal 31 5
DELETE-CHECKED initial 32
DELETE-CHECKED withdrawal 32 1
DELETE-CHECKED initial 33
DELETE-CHECKED withdrawal 33 1
DELETE-CHECKED withdrawal 33 2
DELETE-CHECKED initial 34
DELETE-CHECKED withdrawal 34 1
DELETE-CHECKED withdrawal 34 2
DELETE-CHECKED initial 35
DELETE-CHECKED withdrawal 35 1
DELETE-CHECKED withdrawal 35 2
DELETE-CHECKED withdrawal 35 3
DELETE-CHECKED initial 36
DELETE-CHECKED withdrawal 36 1
DELETE-CHECKED withdrawal 36 2
DELETE-CHECKED initial 37
DELETE-CHECKED withdrawal 37 1
DELETE-CHECKED withdrawal 37 2
DELETE-CHECKED withdrawal 37 3
DELETE-CHECKED initial 38
DELETE-CHECKED withdrawal 38 1
DELETE-CHECKED withdrawal 38 2
DELETE-CHECKED withdrawal 38 3
DELETE-CHECKED initial 39
DELETE-CHECKED withdrawal 39 1
DELETE-CHECKED withdrawal 39 2
DELETE-CHECKED withdrawal 39 3
DELETE-CHECKED withdrawal 39 4
DELETE-CHECKED initial 40
DELETE-CHECKED withdrawal 40 1
DELETE-CHECKED withdrawal 40 2
DELETE-CHECKED initial 41
DELETE-CHECKED withdrawal 41 1
DELETE-CHECKED withdrawal 41 2
DELETE-CHECKED withdrawal 41 3
DELETE-CHECKED initial 42
DELETE-CHECKED withdrawal 42 1
DELETE-CHECKED withdrawal 42 2
DELETE-CHECKED withdrawal 42 3
DELETE-CHECKED initial 43
DELETE-CHECKED withdrawal 43 1
DELETE-CHECKED withdrawal 43 2
DELETE-CHECKED withdrawal 43 3
DELETE-CHECKED withdrawal 43 4
DELETE-CHECKED initial 44
DELETE-CHECKED withdrawal 44 1
DELETE-CHECKED withdrawal 44 2
DELETE-CHECKED withdrawal 44 3
DELETE-CHECKED initial 45
DELETE-CHECKED withdrawal 45 1
DELETE-CHECKED withdrawal 45 2
DELETE-CHECKED withdrawal 45 3
DELETE-CHECKED withdrawal 45 4
DELETE-CHECKED initial 46
DELETE-CHECKED withdrawal 46 1
DELETE-CHECKED withdrawal 46 2
DELETE-CHECKED withdrawal 46 3
DELETE-CHECKED withdrawal 46 4
DELETE-CHECKED initial 47
DELETE-CHECKED withdrawal 47 1
DELETE-CHECKED withdrawal 47 2
DELETE-CHECKED withdrawal 47 3
DELETE-CHECKED withdrawal 47 4
DELETE-CHECKED withdrawal 47 5
DELETE-CHECKED initial 48
DELETE-CHECKED withdrawal 48 1
DELETE-CHECKED withdrawal 48 2
DELETE-CHECKED initial 49
DELETE-CHECKED withdrawal 49 1
DELETE-CHECKED withdrawal 49 2
DELETE-CHECKED withdrawal 49 3
DELETE-CHECKED initial 50
DELETE-CHECKED withdrawal 50 1
DELETE-CHECKED withdrawal 50 2
DELETE-CHECKED withdrawal 50 3
DELETE-CHECKED initial 51
DELETE-CHECKED withdrawal 51 1
DELETE-CHECKED withdrawal 51 2
DELETE-CHECKED withdrawal 51 3
DELETE-CHECKED withdrawal 51 4
DELETE-CHECKED initial 52
DELETE-CHECKED withdrawal 52 1
DELETE-CHECKED withdrawal 52 2
DELETE-CHECKED withdrawal 52 3
DELETE-CHECKED initial 53
DELETE-CHECKED withdrawal 53 1
DELETE-CHECKED withdrawal 53 2
DELETE-CHECKED withdrawal 53 3
DELETE-CHECKED withdrawal 53 4
DELETE-CHECKED initial 54
DELETE-CHECKED withdrawal 54 1
DELETE-CHECKED withdrawal 54 2
DELETE-CHECKED withdrawal 54 3
DELETE-CHECKED withdrawal 54 4
DELETE-CHECKED initial 55
DELETE-CHECKED withdrawal 55 1
DELETE-CHECKED withdrawal 55 2
DELETE-CHECKED withdrawal 55 3
DELETE-CHECKED withdrawal 55 4
DELETE-CHECKED withdrawal 55 5
DELETE-CHECKED initial 56
DELETE-CHECKED withdrawal 56 1
DELETE-CHECKED withdrawal 56 2
DELETE-CHECKED withdrawal 56 3
DELETE-CHECKED initial 57
DELETE-CHECKED withdrawal 57 1
DELETE-CHECKED withdrawal 57 2
DELETE-CHECKED withdrawal 57 3
DELETE-CHECKED withdrawal 57 4
DELETE-CHECKED initial 58
DELETE-CHECKED withdrawal 58 1
DELETE-CHECKED withdrawal 58 2
DELETE-CHECKED withdrawal 58 3
DELETE-CHECKED withdrawal 58 4
DELETE-CHECKED initial 59
DELETE-CHECKED withdrawal 59 1
DELETE-CHECKED withdrawal 59 2
DELETE-CHECKED withdrawal 59 3
DELETE-CHECKED withdrawal 59 4
DELETE-CHECKED withdrawal 59 5
DELETE-CHECKED initial 60
DELETE-CHECKED withdrawal 60 1
DELETE-CHECKED withdrawal 60 2
DELETE-CHECKED withdrawal 60 3
DELETE-CHECKED withdrawal 60 4
DELETE-CHECKED initial 61
DELETE-CHECKED withdrawal 61 1
DELETE-CHECKED withdrawal 61 2
DELETE-CHECKED withdrawal 61 3
DELETE-CHECKED withdrawal 61 4
DELETE-CHECKED withdrawal 61 5
DELETE-CHECKED initial 62
DELETE-CHECKED withdrawal 62 1
DELETE-CHECKED withdrawal 62 2
DELETE-CHECKED withdrawal 62 3
DELETE-CHECKED withdrawal 62 4
DELETE-CHECKED withdrawal 62 5
DELETE-CHECKED initial 63
DELETE-CHECKED withdrawal 63 1
DELETE-CHECKED withdrawal 63 2
DELETE-CHECKED withdrawal 63 3
DELETE-CHECKED withdrawal 63 4
DELETE-CHECKED withdrawal 63 5
DELETE-CHECKED withdrawal 63 6
CASE-OK all 64 three-node graphs and 192 successive withdrawals agree with fresh closure
SUITE-OK Native dependency invalidation and source withdrawal
MODULE-OK t/qualification/scheme-session-deletion-test.ss
HARNESS-OK Scheme DSL closure
OK
HARNESS Scheme DSL closure
MODULE t/qualification/ascent-timeout-test.ss
SUITE ASCENT retained timeout
CASE zero budget commits rounds and resumes
CASE-OK zero budget commits rounds and resumes
CASE source changes wait for partial fixed point
CASE-OK source changes wait for partial fixed point
CASE resumed recursion feeds a later negation stratum
CASE-OK resumed recursion feeds a later negation stratum
CASE lattice joins survive a partial round boundary
CASE-OK lattice joins survive a partial round boundary
CASE BYODS closure and downstream copy resume together
CASE-OK BYODS closure and downstream copy resume together
CASE replacement runs honor a zero timeout
CASE-OK replacement runs honor a zero timeout
CASE negated source appends honor a zero timeout
CASE-OK negated source appends honor a zero timeout
CASE lattice source appends honor a zero timeout
CASE-OK lattice source appends honor a zero timeout
CASE timeout duration validation leaves session usable
CASE-OK timeout duration validation leaves session usable
CASE pending provider recovery retains timed round boundaries
CASE-OK pending provider recovery retains timed round boundaries
CASE provisional replacement failure restores source and result together
CASE-OK provisional replacement failure restores source and result together
CASE failed resume restores the accepted source snapshot
CASE-OK failed resume restores the accepted source snapshot
SUITE-OK ASCENT retained timeout
MODULE-OK t/qualification/ascent-timeout-test.ss
HARNESS-OK Scheme DSL closure
OK
HARNESS Scheme DSL closure
MODULE t/qualification/scheme-stratified-provenance-test.ss
SUITE Complete stratified recursive derivation graphs
CASE all duplicate-source and self-cycle alternatives remain explicit
CASE-OK all duplicate-source and self-cycle alternatives remain explicit
CASE recursive equations retain exact absence and complete reduction group observations
CASE-OK recursive equations retain exact absence and complete reduction group observations
CASE empty queries yield a complete finite graph with no invented roots
CASE-OK empty queries yield a complete finite graph with no invented roots
CASE count and sum record empty groups while min and max produce no row
CASE-OK count and sum record empty groups while min and max produce no row
CASE incomplete, over-budget, missing and mutated alternatives cannot verify
CASE-OK incomplete, over-budget, missing and mutated alternatives cannot verify
CASE negation observations preserve wildcard patterns rather than inventing bindings
CASE-OK negation observations preserve wildcard patterns rather than inventing bindings
CASE all 64 finite graphs have every independently counted grounded alternative
STRATIFIED-GRAPH-CHECKED 0
STRATIFIED-GRAPH-CHECKED 1
STRATIFIED-GRAPH-CHECKED 2
STRATIFIED-GRAPH-CHECKED 3
STRATIFIED-GRAPH-CHECKED 4
STRATIFIED-GRAPH-CHECKED 5
STRATIFIED-GRAPH-CHECKED 6
STRATIFIED-GRAPH-CHECKED 7
STRATIFIED-GRAPH-CHECKED 8
STRATIFIED-GRAPH-CHECKED 9
STRATIFIED-GRAPH-CHECKED 10
STRATIFIED-GRAPH-CHECKED 11
STRATIFIED-GRAPH-CHECKED 12
STRATIFIED-GRAPH-CHECKED 13
STRATIFIED-GRAPH-CHECKED 14
STRATIFIED-GRAPH-CHECKED 15
STRATIFIED-GRAPH-CHECKED 16
STRATIFIED-GRAPH-CHECKED 17
STRATIFIED-GRAPH-CHECKED 18
STRATIFIED-GRAPH-CHECKED 19
STRATIFIED-GRAPH-CHECKED 20
STRATIFIED-GRAPH-CHECKED 21
STRATIFIED-GRAPH-CHECKED 22
STRATIFIED-GRAPH-CHECKED 23
STRATIFIED-GRAPH-CHECKED 24
STRATIFIED-GRAPH-CHECKED 25
STRATIFIED-GRAPH-CHECKED 26
STRATIFIED-GRAPH-CHECKED 27
STRATIFIED-GRAPH-CHECKED 28
STRATIFIED-GRAPH-CHECKED 29
STRATIFIED-GRAPH-CHECKED 30
STRATIFIED-GRAPH-CHECKED 31
STRATIFIED-GRAPH-CHECKED 32
STRATIFIED-GRAPH-CHECKED 33
STRATIFIED-GRAPH-CHECKED 34
STRATIFIED-GRAPH-CHECKED 35
STRATIFIED-GRAPH-CHECKED 36
STRATIFIED-GRAPH-CHECKED 37
STRATIFIED-GRAPH-CHECKED 38
STRATIFIED-GRAPH-CHECKED 39
STRATIFIED-GRAPH-CHECKED 40
STRATIFIED-GRAPH-CHECKED 41
STRATIFIED-GRAPH-CHECKED 42
STRATIFIED-GRAPH-CHECKED 43
STRATIFIED-GRAPH-CHECKED 44
STRATIFIED-GRAPH-CHECKED 45
STRATIFIED-GRAPH-CHECKED 46
STRATIFIED-GRAPH-CHECKED 47
STRATIFIED-GRAPH-CHECKED 48
STRATIFIED-GRAPH-CHECKED 49
STRATIFIED-GRAPH-CHECKED 50
STRATIFIED-GRAPH-CHECKED 51
STRATIFIED-GRAPH-CHECKED 52
STRATIFIED-GRAPH-CHECKED 53
STRATIFIED-GRAPH-CHECKED 54
STRATIFIED-GRAPH-CHECKED 55
STRATIFIED-GRAPH-CHECKED 56
STRATIFIED-GRAPH-CHECKED 57
STRATIFIED-GRAPH-CHECKED 58
STRATIFIED-GRAPH-CHECKED 59
STRATIFIED-GRAPH-CHECKED 60
STRATIFIED-GRAPH-CHECKED 61
STRATIFIED-GRAPH-CHECKED 62
STRATIFIED-GRAPH-CHECKED 63
CASE-OK all 64 finite graphs have every independently counted grounded alternative
SUITE-OK Complete stratified recursive derivation graphs
MODULE-OK t/qualification/scheme-stratified-provenance-test.ss
HARNESS-OK Scheme DSL closure
OK
HARNESS Scheme DSL closure
MODULE t/qualification/scheme-model-closure-test.ss
SUITE Native preflight for source-only model closure tasks
CASE higher-input-initial
STUDY-CASE {"expression":"(let* ((r (relational-relation-type 1 '(0 1 2 3 4))) (apply-function (relational-typed-function (relational-arrow-type r r) (lambda (f) (relational-typed-function r (lambda (x) (relational-typed-apply f x)))))) (f (relational-typed-function r (lambda (x) (relational-typed-flatmap x r '(((0) (1))))))) (input (relational-typed-source 'input r '((0)))) (solve (lambda (term) (let-values (((program output) (relational-typed-compile term 32 256 512))) (relational-query-name (relational-solve (relational-admit program)) output)))) (bits (lambda (rows) (foldl (lambda (row mask) (+ mask (expt 2 (car row)))) 0 rows)))) (bits (solve (relational-typed-apply (relational-typed-apply apply-function f) input))))","nativeDatum":"2","family":"higher-input","independentDatum":"2","id":"higher-input-initial","variant":"initial","imports":[":gerbil-ascent/program/higher-order",":gerbil-ascent/program/scheme-language"]}
CASE-OK higher-input-initial
CASE higher-return-initial
STUDY-CASE {"expression":"(let* ((r (relational-relation-type 1 '(0 1 2 3 4))) (builder (relational-typed-function r (lambda (seed) (relational-typed-function r (lambda (input) (relational-typed-union seed input)))))) (function (relational-typed-apply builder (relational-typed-source 'seed r '((0))))) (argument (relational-typed-source 'argument r '((1)))) (solve (lambda (term) (let-values (((program output) (relational-typed-compile term 32 256 512))) (relational-query-name (relational-solve (relational-admit program)) output)))) (bits (lambda (rows) (foldl (lambda (row mask) (+ mask (expt 2 (car row)))) 0 rows)))) (bits (solve (relational-typed-apply function argument))))","nativeDatum":"3","family":"higher-return","independentDatum":"3","id":"higher-return-initial","variant":"initial","imports":[":gerbil-ascent/program/higher-order",":gerbil-ascent/program/scheme-language"]}
CASE-OK higher-return-initial
CASE higher-instances-initial
STUDY-CASE {"imports":[":gerbil-ascent/program/higher-order",":gerbil-ascent/program/scheme-language"],"variant":"initial","id":"higher-instances-initial","independentDatum":"(3 5)","nativeDatum":"(3 5)","family":"higher-instances","expression":"(let* ((r (relational-relation-type 1 '(0 1 2 3 4))) (builder (relational-typed-function r (lambda (seed) (relational-typed-function r (lambda (input) (relational-typed-union seed input)))))) (function (relational-typed-apply builder (relational-typed-source 'seed r '((0))))) (a (relational-typed-source 'a r '((1)))) (b (relational-typed-source 'b r '((2)))) (solve (lambda (term) (let-values (((program output) (relational-typed-compile term 32 256 512))) (relational-query-name (relational-solve (relational-admit program)) output)))) (bits (lambda (rows) (foldl (lambda (row mask) (+ mask (expt 2 (car row)))) 0 rows)))) (list (bits (solve (relational-typed-apply function a))) (bits (solve (relational-typed-apply function b)))))"}
CASE-OK higher-instances-initial
CASE finite-mapping-initial
STUDY-CASE {"family":"finite-mapping","expression":"(let* ((r (relational-relation-type 1 '(0 1 2 3 4))) (source (relational-typed-source 'input r '((0)))) (mapped (relational-typed-flatmap source r '(((0) (1)) ((0) (2))))) (solve (lambda (term) (let-values (((program output) (relational-typed-compile term 32 256 512))) (relational-query-name (relational-solve (relational-admit program)) output)))) (bits (lambda (rows) (foldl (lambda (row mask) (+ mask (expt 2 (car row)))) 0 rows)))) (bits (solve mapped)))","independentDatum":"6","id":"finite-mapping-initial","imports":[":gerbil-ascent/program/higher-order",":gerbil-ascent/program/scheme-language"],"nativeDatum":"6","variant":"initial"}
CASE-OK finite-mapping-initial
CASE finite-fix-initial
STUDY-CASE {"independentDatum":"2","expression":"(let* ((r (relational-relation-type 2 '(0 1 2 3))) (edge (relational-typed-source 'edge r '((0 1) (1 2)))) (seed (relational-typed-source 'seed r '((0 1)))) (function (relational-typed-function r (lambda (path) (relational-typed-union seed (relational-typed-project (relational-typed-join path edge 1 0) '(0 3)))))) (solve (lambda (term) (let-values (((program output) (relational-typed-compile term 32 256 512))) (relational-query-name (relational-solve (relational-admit program)) output))))) (length (solve (relational-typed-fix function))))","nativeDatum":"2","family":"finite-fix","variant":"initial","imports":[":gerbil-ascent/program/higher-order",":gerbil-ascent/program/scheme-language"],"id":"finite-fix-initial"}
CASE-OK finite-fix-initial
CASE domain-runtime-initial
STUDY-CASE {"id":"domain-runtime-initial","imports":[":gerbil-ascent/program/higher-order",":gerbil-ascent/program/scheme-language"],"variant":"initial","nativeDatum":"1","family":"domain-runtime","expression":"(let-values (((program output) (relational-typed-compile (relational-typed-source 'input (relational-relation-type 1 '(0 1)) '((0))) 32 256 512))) (let (session (relational-open-program-session program)) (relational-program-session-run session) (with-catch (lambda (_error) 1) (lambda () (relational-program-append-source! session 'input '(2)) 0))))","independentDatum":"1"}
CASE-OK domain-runtime-initial
CASE retained-delete-initial
STUDY-CASE {"family":"retained-delete","expression":"(let* ((program (relational-program (relation edge (from to) '((0 1) (1 2))) (relation path (from to) '()) (relation cold (n) '((7))) (relation seen (n) '()) (rule (path ?x ?y) (edge ?x ?y)) (rule (path ?x ?z) (path ?x ?y) (edge ?y ?z)) (rule (seen ?n) (cold ?n)) (limits 32 256 512))) (session (gerbil-ascent-open-session program))) (gerbil-ascent-session-run session) (let (result (gerbil-ascent-session-replace-sources! session (list (cons 'edge '((0 1)))))) (list (length ((.ref result 'rows-of) 'path)) (.ref result 'active-rule-count) (length (.ref result 'reused-relations)))))","independentDatum":"(1 2 2)","id":"retained-delete-initial","imports":[":gerbil-ascent/program/scheme-language",":gerbil-ascent/program/session",":clan/poo/object"],"nativeDatum":"(1 2 2)","variant":"initial"}
CASE-OK retained-delete-initial
CASE retained-negation-initial
STUDY-CASE {"independentDatum":"(1 2)","nativeDatum":"(1 2)","family":"retained-negation","expression":"(let* ((program (relational-program (relation item (n) '((1) (2))) (relation blocked (n) '((1))) (relation allowed (n) '()) (rule (allowed ?n) (item ?n) (not (blocked ?n))) (limits 32 256 512))) (session (gerbil-ascent-open-session program)) (old (gerbil-ascent-session-run session))) (gerbil-ascent-session-replace-source! session 'blocked '()) (let (new (gerbil-ascent-session-run session)) (list (length ((.ref old 'rows-of) 'allowed)) (length ((.ref new 'rows-of) 'allowed)))))","imports":[":gerbil-ascent/program/scheme-language",":gerbil-ascent/program/session",":clan/poo/object"],"variant":"initial","id":"retained-negation-initial"}
CASE-OK retained-negation-initial
CASE retained-reduction-initial
STUDY-CASE {"expression":"(let* ((program (relational-program (relation weight (key value) '((1 2) (1 5))) (relation root (key) '((1))) (relation total (key value) '()) (rule (total ?k ?n) (root ?k) (reduce ?n (sum ?v) (weight ?k ?v))) (limits 32 256 512))) (session (gerbil-ascent-open-session program)) (old (gerbil-ascent-session-run session))) (gerbil-ascent-session-replace-source! session 'weight '((1 2))) (let (new (gerbil-ascent-session-run session)) (list (cadar ((.ref old 'rows-of) 'total)) (cadar ((.ref new 'rows-of) 'total)))))","nativeDatum":"(7 2)","family":"retained-reduction","independentDatum":"(7 2)","id":"retained-reduction-initial","variant":"initial","imports":[":gerbil-ascent/program/scheme-language",":gerbil-ascent/program/session",":clan/poo/object"]}
CASE-OK retained-reduction-initial
CASE retained-lattice-initial
STUDY-CASE {"imports":[":gerbil-ascent/program/scheme-language",":gerbil-ascent/program/session",":clan/poo/object"],"variant":"initial","id":"retained-lattice-initial","independentDatum":"(5 2)","nativeDatum":"(5 2)","family":"retained-lattice","expression":"(let* ((program (relational-program (relation input (key value) '((1 2) (1 5))) (lattice best (key value) '() max) (rule (best ?k ?v) (input ?k ?v)) (limits 32 256 512))) (session (gerbil-ascent-open-session program)) (old (gerbil-ascent-session-run session))) (gerbil-ascent-session-replace-source! session 'input '((1 2))) (let (new (gerbil-ascent-session-run session)) (list (cadar ((.ref old 'rows-of) 'best)) (cadar ((.ref new 'rows-of) 'best)))))"}
CASE-OK retained-lattice-initial
CASE recursive-provenance-initial
STUDY-CASE {"variant":"initial","imports":[":gerbil-ascent/candidate/reasoning",":gerbil-ascent/candidate/program",":gerbil-ascent/candidate/finite-evidence",":gerbil-ascent/candidate/stratified-provenance"],"id":"recursive-provenance-initial","independentDatum":"(2 4 1)","expression":"(let* ((snapshot (reasoning-source-snapshot 'recursive 1 '((s 1 ((1) (1)))))) (datum '(candidate (relation p 1) (rule (p ?x) (s ?x)) (rule (p ?x) (p ?x)) (query p ?x) (limits 16 64 128))) (receipt (reasoning-attempt snapshot datum)) (spec (candidate-inspect snapshot datum)) (digest (reasoning-receipt-candidate-digest receipt)) (rows (reasoning-receipt-rows receipt)) (certificate (candidate-finite-evidence snapshot spec digest 'complete rows 20000)) (graph (candidate-stratified-provenance snapshot spec digest 'complete rows certificate 20000 20000 4096))) (list (length (stratified-provenance-nodes graph)) (length (stratified-provenance-edges graph)) (length (stratified-provenance-roots graph))))","nativeDatum":"(2 4 1)","family":"recursive-provenance"}
CASE-OK recursive-provenance-initial
CASE stratified-provenance-initial
STUDY-CASE {"id":"stratified-provenance-initial","variant":"initial","imports":[":gerbil-ascent/candidate/reasoning",":gerbil-ascent/candidate/program",":gerbil-ascent/candidate/finite-evidence",":gerbil-ascent/candidate/stratified-provenance"],"expression":"(let* ((snapshot (reasoning-source-snapshot 'stratified 1 '((weight 2 ((1 2) (1 5))) (root 1 ((1))) (blocked 2 ((1 5)))))) (datum '(candidate (relation allowed 2) (relation total 2) (rule (allowed ?k ?v) (weight ?k ?v) (not (blocked ?k ?v))) (rule (total ?k ?n) (root ?k) (reduce ?n (sum ?v) (allowed ?k ?v))) (query total ?k ?n) (limits 16 64 128))) (receipt (reasoning-attempt snapshot datum)) (spec (candidate-inspect snapshot datum)) (digest (reasoning-receipt-candidate-digest receipt)) (rows (reasoning-receipt-rows receipt)) (certificate (candidate-finite-evidence snapshot spec digest 'complete rows 20000)) (graph (candidate-stratified-provenance snapshot spec digest 'complete rows certificate 20000 20000 4096))) (list (cadar rows) (length (stratified-provenance-edges graph)) (length (filter (lambda (edge) (ormap (lambda (witness) (eq? (car witness) 'not)) (list-ref edge 3))) (stratified-provenance-edges graph)))))","nativeDatum":"(2 6 1)","family":"stratified-provenance","independentDatum":"(2 6 1)"}
CASE-OK stratified-provenance-initial
CASE higher-input-transfer
STUDY-CASE {"expression":"(let* ((r (relational-relation-type 1 '(0 1 2 3 4))) (apply-function (relational-typed-function (relational-arrow-type r r) (lambda (f) (relational-typed-function r (lambda (x) (relational-typed-apply f x)))))) (f (relational-typed-function r (lambda (x) (relational-typed-flatmap x r '(((1) (2))))))) (input (relational-typed-source 'input r '((1)))) (solve (lambda (term) (let-values (((program output) (relational-typed-compile term 32 256 512))) (relational-query-name (relational-solve (relational-admit program)) output)))) (bits (lambda (rows) (foldl (lambda (row mask) (+ mask (expt 2 (car row)))) 0 rows)))) (bits (solve (relational-typed-apply (relational-typed-apply apply-function f) input))))","nativeDatum":"4","family":"higher-input","independentDatum":"4","id":"higher-input-transfer","variant":"transfer","imports":[":gerbil-ascent/program/higher-order",":gerbil-ascent/program/scheme-language"]}
CASE-OK higher-input-transfer
CASE higher-return-transfer
STUDY-CASE {"id":"higher-return-transfer","variant":"transfer","imports":[":gerbil-ascent/program/higher-order",":gerbil-ascent/program/scheme-language"],"expression":"(let* ((r (relational-relation-type 1 '(0 1 2 3 4))) (builder (relational-typed-function r (lambda (seed) (relational-typed-function r (lambda (input) (relational-typed-union seed input)))))) (function (relational-typed-apply builder (relational-typed-source 'seed r '((1))))) (argument (relational-typed-source 'argument r '((2)))) (solve (lambda (term) (let-values (((program output) (relational-typed-compile term 32 256 512))) (relational-query-name (relational-solve (relational-admit program)) output)))) (bits (lambda (rows) (foldl (lambda (row mask) (+ mask (expt 2 (car row)))) 0 rows)))) (bits (solve (relational-typed-apply function argument))))","nativeDatum":"6","family":"higher-return","independentDatum":"6"}
CASE-OK higher-return-transfer
CASE higher-instances-transfer
STUDY-CASE {"variant":"transfer","imports":[":gerbil-ascent/program/higher-order",":gerbil-ascent/program/scheme-language"],"id":"higher-instances-transfer","independentDatum":"(6 10)","expression":"(let* ((r (relational-relation-type 1 '(0 1 2 3 4))) (builder (relational-typed-function r (lambda (seed) (relational-typed-function r (lambda (input) (relational-typed-union seed input)))))) (function (relational-typed-apply builder (relational-typed-source 'seed r '((1))))) (a (relational-typed-source 'a r '((2)))) (b (relational-typed-source 'b r '((3)))) (solve (lambda (term) (let-values (((program output) (relational-typed-compile term 32 256 512))) (relational-query-name (relational-solve (relational-admit program)) output)))) (bits (lambda (rows) (foldl (lambda (row mask) (+ mask (expt 2 (car row)))) 0 rows)))) (list (bits (solve (relational-typed-apply function a))) (bits (solve (relational-typed-apply function b)))))","nativeDatum":"(6 10)","family":"higher-instances"}
CASE-OK higher-instances-transfer
CASE finite-mapping-transfer
STUDY-CASE {"expression":"(let* ((r (relational-relation-type 1 '(0 1 2 3 4))) (source (relational-typed-source 'input r '((2)))) (mapped (relational-typed-flatmap source r '(((2) (3)) ((2) (4))))) (solve (lambda (term) (let-values (((program output) (relational-typed-compile term 32 256 512))) (relational-query-name (relational-solve (relational-admit program)) output)))) (bits (lambda (rows) (foldl (lambda (row mask) (+ mask (expt 2 (car row)))) 0 rows)))) (bits (solve mapped)))","nativeDatum":"24","family":"finite-mapping","independentDatum":"24","id":"finite-mapping-transfer","variant":"transfer","imports":[":gerbil-ascent/program/higher-order",":gerbil-ascent/program/scheme-language"]}
CASE-OK finite-mapping-transfer
CASE finite-fix-transfer
STUDY-CASE {"family":"finite-fix","expression":"(let* ((r (relational-relation-type 2 '(0 1 2 3))) (edge (relational-typed-source 'edge r '((0 1) (1 2) (2 3)))) (seed (relational-typed-source 'seed r '((0 1)))) (function (relational-typed-function r (lambda (path) (relational-typed-union seed (relational-typed-project (relational-typed-join path edge 1 0) '(0 3)))))) (solve (lambda (term) (let-values (((program output) (relational-typed-compile term 32 256 512))) (relational-query-name (relational-solve (relational-admit program)) output))))) (length (solve (relational-typed-fix function))))","independentDatum":"3","id":"finite-fix-transfer","imports":[":gerbil-ascent/program/higher-order",":gerbil-ascent/program/scheme-language"],"nativeDatum":"3","variant":"transfer"}
CASE-OK finite-fix-transfer
CASE domain-runtime-transfer
STUDY-CASE {"imports":[":gerbil-ascent/program/higher-order",":gerbil-ascent/program/scheme-language"],"variant":"transfer","id":"domain-runtime-transfer","independentDatum":"0","nativeDatum":"0","family":"domain-runtime","expression":"(let-values (((program output) (relational-typed-compile (relational-typed-source 'input (relational-relation-type 1 '(0 1)) '((0))) 32 256 512))) (let (session (relational-open-program-session program)) (relational-program-session-run session) (with-catch (lambda (_error) 1) (lambda () (relational-program-append-source! session 'input '(1)) 0))))"}
CASE-OK domain-runtime-transfer
CASE retained-delete-transfer
STUDY-CASE {"family":"retained-delete","expression":"(let* ((program (relational-program (relation edge (from to) '((0 1) (1 2))) (relation path (from to) '()) (relation cold (n) '((7))) (relation seen (n) '()) (rule (path ?x ?y) (edge ?x ?y)) (rule (path ?x ?z) (path ?x ?y) (edge ?y ?z)) (rule (seen ?n) (cold ?n)) (limits 32 256 512))) (session (gerbil-ascent-open-session program))) (gerbil-ascent-session-run session) (let (result (gerbil-ascent-session-replace-sources! session (list (cons 'edge '())))) (list (length ((.ref result 'rows-of) 'path)) (.ref result 'active-rule-count) (length (.ref result 'reused-relations)))))","independentDatum":"(0 2 2)","id":"retained-delete-transfer","imports":[":gerbil-ascent/program/scheme-language",":gerbil-ascent/program/session",":clan/poo/object"],"nativeDatum":"(0 2 2)","variant":"transfer"}
CASE-OK retained-delete-transfer
CASE retained-negation-transfer
STUDY-CASE {"independentDatum":"(2 1)","nativeDatum":"(2 1)","family":"retained-negation","expression":"(let* ((program (relational-program (relation item (n) '((1) (2))) (relation blocked (n) '()) (relation allowed (n) '()) (rule (allowed ?n) (item ?n) (not (blocked ?n))) (limits 32 256 512))) (session (gerbil-ascent-open-session program)) (old (gerbil-ascent-session-run session))) (gerbil-ascent-session-replace-source! session 'blocked '((2))) (let (new (gerbil-ascent-session-run session)) (list (length ((.ref old 'rows-of) 'allowed)) (length ((.ref new 'rows-of) 'allowed)))))","imports":[":gerbil-ascent/program/scheme-language",":gerbil-ascent/program/session",":clan/poo/object"],"variant":"transfer","id":"retained-negation-transfer"}
CASE-OK retained-negation-transfer
CASE retained-reduction-transfer
STUDY-CASE {"id":"retained-reduction-transfer","imports":[":gerbil-ascent/program/scheme-language",":gerbil-ascent/program/session",":clan/poo/object"],"nativeDatum":"(7 5)","variant":"transfer","family":"retained-reduction","expression":"(let* ((program (relational-program (relation weight (key value) '((1 2) (1 5))) (relation root (key) '((1))) (relation total (key value) '()) (rule (total ?k ?n) (root ?k) (reduce ?n (sum ?v) (weight ?k ?v))) (limits 32 256 512))) (session (gerbil-ascent-open-session program)) (old (gerbil-ascent-session-run session))) (gerbil-ascent-session-replace-source! session 'weight '((1 5))) (let (new (gerbil-ascent-session-run session)) (list (cadar ((.ref old 'rows-of) 'total)) (cadar ((.ref new 'rows-of) 'total)))))","independentDatum":"(7 5)"}
CASE-OK retained-reduction-transfer
CASE retained-lattice-transfer
STUDY-CASE {"expression":"(let* ((program (relational-program (relation input (key value) '((1 2) (1 5))) (lattice best (key value) '() max) (rule (best ?k ?v) (input ?k ?v)) (limits 32 256 512))) (session (gerbil-ascent-open-session program)) (old (gerbil-ascent-session-run session))) (gerbil-ascent-session-replace-source! session 'input '((1 5) (1 9))) (let (new (gerbil-ascent-session-run session)) (list (cadar ((.ref old 'rows-of) 'best)) (cadar ((.ref new 'rows-of) 'best)))))","nativeDatum":"(5 9)","family":"retained-lattice","independentDatum":"(5 9)","id":"retained-lattice-transfer","variant":"transfer","imports":[":gerbil-ascent/program/scheme-language",":gerbil-ascent/program/session",":clan/poo/object"]}
CASE-OK retained-lattice-transfer
CASE recursive-provenance-transfer
STUDY-CASE {"expression":"(let* ((snapshot (reasoning-source-snapshot 'recursive 2 '((s 1 ((1) (1) (1)))))) (datum '(candidate (relation p 1) (rule (p ?x) (s ?x)) (rule (p ?x) (p ?x)) (query p ?x) (limits 16 64 128))) (receipt (reasoning-attempt snapshot datum)) (spec (candidate-inspect snapshot datum)) (digest (reasoning-receipt-candidate-digest receipt)) (rows (reasoning-receipt-rows receipt)) (certificate (candidate-finite-evidence snapshot spec digest 'complete rows 20000)) (graph (candidate-stratified-provenance snapshot spec digest 'complete rows certificate 20000 20000 4096))) (list (length (stratified-provenance-nodes graph)) (length (stratified-provenance-edges graph)) (length (stratified-provenance-roots graph))))","nativeDatum":"(2 5 1)","family":"recursive-provenance","independentDatum":"(2 5 1)","id":"recursive-provenance-transfer","variant":"transfer","imports":[":gerbil-ascent/candidate/reasoning",":gerbil-ascent/candidate/program",":gerbil-ascent/candidate/finite-evidence",":gerbil-ascent/candidate/stratified-provenance"]}
CASE-OK recursive-provenance-transfer
CASE stratified-provenance-transfer
STUDY-CASE {"id":"stratified-provenance-transfer","imports":[":gerbil-ascent/candidate/reasoning",":gerbil-ascent/candidate/program",":gerbil-ascent/candidate/finite-evidence",":gerbil-ascent/candidate/stratified-provenance"],"variant":"transfer","nativeDatum":"(7 6 2)","family":"stratified-provenance","expression":"(let* ((snapshot (reasoning-source-snapshot 'stratified 2 '((weight 2 ((1 2) (1 5))) (root 1 ((1))) (blocked 2 ())))) (datum '(candidate (relation allowed 2) (relation total 2) (rule (allowed ?k ?v) (weight ?k ?v) (not (blocked ?k ?v))) (rule (total ?k ?n) (root ?k) (reduce ?n (sum ?v) (allowed ?k ?v))) (query total ?k ?n) (limits 16 64 128))) (receipt (reasoning-attempt snapshot datum)) (spec (candidate-inspect snapshot datum)) (digest (reasoning-receipt-candidate-digest receipt)) (rows (reasoning-receipt-rows receipt)) (certificate (candidate-finite-evidence snapshot spec digest 'complete rows 20000)) (graph (candidate-stratified-provenance snapshot spec digest 'complete rows certificate 20000 20000 4096))) (list (cadar rows) (length (stratified-provenance-edges graph)) (length (filter (lambda (edge) (ormap (lambda (witness) (eq? (car witness) 'not)) (list-ref edge 3))) (stratified-provenance-edges graph)))))","independentDatum":"(7 6 2)"}
CASE-OK stratified-provenance-transfer
SUITE-OK Native preflight for source-only model closure tasks
MODULE-OK t/qualification/scheme-model-closure-test.ss
HARNESS-OK Scheme DSL closure
OK
HARNESS Scheme DSL closure
MODULE t/qualification/scheme-operator-test.ss
SUITE Scheme finite relation operator graph
CASE projected join compiles directly to its output relation
CASE-OK projected join compiles directly to its output relation
CASE projected join retains zero-arity and repeated columns
CASE-OK projected join retains zero-arity and repeated columns
CASE fixed-point union branches target the fixed relation
CASE-OK fixed-point union branches target the fixed relation
CASE sixty-four graph fixed points equal independent closure
PROGRESS operator graph parity 2/64
PROGRESS operator graph parity 4/64
PROGRESS operator graph parity 6/64
PROGRESS operator graph parity 8/64
PROGRESS operator graph parity 10/64
PROGRESS operator graph parity 12/64
PROGRESS operator graph parity 14/64
PROGRESS operator graph parity 16/64
PROGRESS operator graph parity 18/64
PROGRESS operator graph parity 20/64
PROGRESS operator graph parity 22/64
PROGRESS operator graph parity 24/64
PROGRESS operator graph parity 26/64
PROGRESS operator graph parity 28/64
PROGRESS operator graph parity 30/64
PROGRESS operator graph parity 32/64
PROGRESS operator graph parity 34/64
PROGRESS operator graph parity 36/64
PROGRESS operator graph parity 38/64
PROGRESS operator graph parity 40/64
PROGRESS operator graph parity 42/64
PROGRESS operator graph parity 44/64
PROGRESS operator graph parity 46/64
PROGRESS operator graph parity 48/64
PROGRESS operator graph parity 50/64
PROGRESS operator graph parity 52/64
PROGRESS operator graph parity 54/64
PROGRESS operator graph parity 56/64
PROGRESS operator graph parity 58/64
PROGRESS operator graph parity 60/64
PROGRESS operator graph parity 62/64
PROGRESS operator graph parity 64/64
CASE-OK sixty-four graph fixed points equal independent closure
CASE reference change matches finite closure set difference
PROGRESS operator change parity 2/64
PROGRESS operator change parity 4/64
PROGRESS operator change parity 6/64
PROGRESS operator change parity 8/64
PROGRESS operator change parity 10/64
PROGRESS operator change parity 12/64
PROGRESS operator change parity 14/64
PROGRESS operator change parity 16/64
PROGRESS operator change parity 18/64
PROGRESS operator change parity 20/64
PROGRESS operator change parity 22/64
PROGRESS operator change parity 24/64
PROGRESS operator change parity 26/64
PROGRESS operator change parity 28/64
PROGRESS operator change parity 30/64
PROGRESS operator change parity 32/64
PROGRESS operator change parity 34/64
PROGRESS operator change parity 36/64
PROGRESS operator change parity 38/64
PROGRESS operator change parity 40/64
PROGRESS operator change parity 42/64
PROGRESS operator change parity 44/64
PROGRESS operator change parity 46/64
PROGRESS operator change parity 48/64
PROGRESS operator change parity 50/64
PROGRESS operator change parity 52/64
PROGRESS operator change parity 54/64
PROGRESS operator change parity 56/64
PROGRESS operator change parity 58/64
PROGRESS operator change parity 60/64
PROGRESS operator change parity 62/64
PROGRESS operator change parity 64/64
CASE-OK reference change matches finite closure set difference
CASE both changing join sides and a finite map propagate inserts
CASE-OK both changing join sides and a finite map propagate inserts
CASE selection after join sees only new paths
CASE-OK selection after join sees only new paths
CASE nested fixed points with an outer changing parameter
CASE-OK nested fixed points with an outer changing parameter
CASE zero-change propagation avoids old recursive joins
CASE-OK zero-change propagation avoids old recursive joins
CASE select, project, finite flatmap and union share one solve
CASE-OK select, project, finite flatmap and union share one solve
CASE fixed-point placeholder is local to its builder
CASE-OK fixed-point placeholder is local to its builder
CASE one relation transformer applies to two distinct inputs
CASE-OK one relation transformer applies to two distinct inputs
CASE shared child cannot capture a fixed-point parameter
CASE-OK shared child cannot capture a fixed-point parameter
CASE one source withdrawal recompiles to a new complete result
CASE-OK one source withdrawal recompiles to a new complete result
CASE two builder instances retain separate private names
CASE-OK two builder instances retain separate private names
CASE operator graphs compose as fresh native fragments
CASE-OK operator graphs compose as fresh native fragments
CASE delta prediction matches retained append and withdrawal
CASE-OK delta prediction matches retained append and withdrawal
CASE construction rejects hidden code and invalid shapes
CASE-OK construction rejects hidden code and invalid shapes
CASE growth budget cannot return a complete fixed point
CASE-OK growth budget cannot return a complete fixed point
SUITE-OK Scheme finite relation operator graph
MODULE-OK t/qualification/scheme-operator-test.ss
HARNESS-OK Scheme DSL closure
OK
HARNESS Scheme DSL closure
MODULE t/qualification/scheme-library-contract-test.ss
SUITE native and candidate common semantic contract
CASE eight diagnostic graphs share one finite model
CONTRACT-CHECKED direct 0
CONTRACT-CHECKED composed 0
CONTRACT-CHECKED candidate 0
CONTRACT-PROGRESS 0
CONTRACT-CHECKED direct 1
CONTRACT-CHECKED composed 1
CONTRACT-CHECKED candidate 1
CONTRACT-PROGRESS 1
CONTRACT-CHECKED direct 3
CONTRACT-CHECKED composed 3
CONTRACT-CHECKED candidate 3
CONTRACT-PROGRESS 3
CONTRACT-CHECKED direct 7
CONTRACT-CHECKED composed 7
CONTRACT-CHECKED candidate 7
CONTRACT-PROGRESS 7
CONTRACT-CHECKED direct 24
CONTRACT-CHECKED composed 24
CONTRACT-CHECKED candidate 24
CONTRACT-PROGRESS 24
CONTRACT-CHECKED direct 31
CONTRACT-CHECKED composed 31
CONTRACT-CHECKED candidate 31
CONTRACT-PROGRESS 31
CONTRACT-CHECKED direct 47
CONTRACT-CHECKED composed 47
CONTRACT-CHECKED candidate 47
CONTRACT-PROGRESS 47
CONTRACT-CHECKED direct 63
CONTRACT-CHECKED composed 63
CONTRACT-CHECKED candidate 63
CONTRACT-PROGRESS 63
CASE-OK eight diagnostic graphs share one finite model
CASE blocked odd and equal-weight states discriminate admitted mistakes
CONTRACT-CHECKED direct 0
CONTRACT-CHECKED composed 0
CONTRACT-CHECKED candidate 0
DISCRIMINATOR-PROGRESS 0
CONTRACT-CHECKED direct 1
CONTRACT-CHECKED composed 1
CONTRACT-CHECKED candidate 1
DISCRIMINATOR-PROGRESS 1
CONTRACT-CHECKED direct 2
CONTRACT-CHECKED composed 2
CONTRACT-CHECKED candidate 2
DISCRIMINATOR-PROGRESS 2
CONTRACT-CHECKED direct 3
CONTRACT-CHECKED composed 3
CONTRACT-CHECKED candidate 3
DISCRIMINATOR-PROGRESS 3
CONTRACT-CHECKED direct 4
CONTRACT-CHECKED composed 4
CONTRACT-CHECKED candidate 4
DISCRIMINATOR-PROGRESS 4
CONTRACT-CHECKED direct 5
CONTRACT-CHECKED composed 5
CONTRACT-CHECKED candidate 5
DISCRIMINATOR-PROGRESS 5
CONTRACT-CHECKED direct 6
CONTRACT-CHECKED composed 6
CONTRACT-CHECKED candidate 6
DISCRIMINATOR-PROGRESS 6
MUTANT-PROGRESS missing-negation 0
MUTANT-PROGRESS missing-negation 1
MUTANT-PROGRESS missing-negation 2
MUTANT-PROGRESS missing-negation 3
MUTANT-PROGRESS missing-negation 4
MUTANT-PROGRESS missing-negation 5
MUTANT-PROGRESS missing-negation 6
MUTANT-DISCRIMINATED missing-negation
MUTANT-PROGRESS missing-guard 0
MUTANT-PROGRESS missing-guard 1
MUTANT-PROGRESS missing-guard 2
MUTANT-PROGRESS missing-guard 3
MUTANT-PROGRESS missing-guard 4
MUTANT-PROGRESS missing-guard 5
MUTANT-PROGRESS missing-guard 6
MUTANT-DISCRIMINATED missing-guard
MUTANT-PROGRESS guard-after-doubling 0
MUTANT-PROGRESS guard-after-doubling 1
MUTANT-PROGRESS guard-after-doubling 2
MUTANT-PROGRESS guard-after-doubling 3
MUTANT-PROGRESS guard-after-doubling 4
MUTANT-PROGRESS guard-after-doubling 5
MUTANT-PROGRESS guard-after-doubling 6
MUTANT-DISCRIMINATED guard-after-doubling
CASE-OK blocked odd and equal-weight states discriminate admitted mistakes
CASE multi-source withdrawal and failed transaction are atomic
CASE-OK multi-source withdrawal and failed transaction are atomic
CASE alternate and last support withdrawal preserve snapshot binding
SUPPORT-CHECKED initial-native
SUPPORT-CHECKED initial-candidate
CONTRACT-CHECKED direct 0
CONTRACT-CHECKED composed 0
CONTRACT-CHECKED candidate 0
CONTRACT-CHECKED direct 1
CONTRACT-CHECKED composed 1
CONTRACT-CHECKED candidate 1
CONTRACT-CHECKED direct 2
CONTRACT-CHECKED composed 2
CONTRACT-CHECKED candidate 2
CONTRACT-CHECKED direct 3
CONTRACT-CHECKED composed 3
CONTRACT-CHECKED candidate 3
CASE-OK alternate and last support withdrawal preserve snapshot binding
CASE resource exhaustion is never a completed answer
CASE-OK resource exhaustion is never a completed answer
SUITE-OK native and candidate common semantic contract
MODULE-OK t/qualification/scheme-library-contract-test.ss
HARNESS-OK Scheme DSL closure
OK
HARNESS Scheme DSL closure
MODULE t/qualification/scheme-operator-retained-test.ss
SUITE retained first-class relational operators
CASE all finite graphs survive append, duplicate and withdrawal
PROGRESS retained graphs 2/64
PROGRESS retained graphs 4/64
PROGRESS retained graphs 6/64
PROGRESS retained graphs 8/64
PROGRESS retained graphs 10/64
PROGRESS retained graphs 12/64
PROGRESS retained graphs 14/64
PROGRESS retained graphs 16/64
PROGRESS retained graphs 18/64
PROGRESS retained graphs 20/64
PROGRESS retained graphs 22/64
PROGRESS retained graphs 24/64
PROGRESS retained graphs 26/64
PROGRESS retained graphs 28/64
PROGRESS retained graphs 30/64
PROGRESS retained graphs 32/64
PROGRESS retained graphs 34/64
PROGRESS retained graphs 36/64
PROGRESS retained graphs 38/64
PROGRESS retained graphs 40/64
PROGRESS retained graphs 42/64
PROGRESS retained graphs 44/64
PROGRESS retained graphs 46/64
PROGRESS retained graphs 48/64
PROGRESS retained graphs 50/64
PROGRESS retained graphs 52/64
PROGRESS retained graphs 54/64
PROGRESS retained graphs 56/64
PROGRESS retained graphs 58/64
PROGRESS retained graphs 60/64
PROGRESS retained graphs 62/64
PROGRESS retained graphs 64/64
CASE-OK all finite graphs survive append, duplicate and withdrawal
CASE fixed captured source and finite mapping share retained solve
CASE-OK fixed captured source and finite mapping share retained solve
CASE batch replacement commits both sources and nested closure
PROGRESS nested source cuts 2/64
PROGRESS nested source cuts 4/64
PROGRESS nested source cuts 6/64
PROGRESS nested source cuts 8/64
PROGRESS nested source cuts 10/64
PROGRESS nested source cuts 12/64
PROGRESS nested source cuts 14/64
PROGRESS nested source cuts 16/64
PROGRESS nested source cuts 18/64
PROGRESS nested source cuts 20/64
PROGRESS nested source cuts 22/64
PROGRESS nested source cuts 24/64
PROGRESS nested source cuts 26/64
PROGRESS nested source cuts 28/64
PROGRESS nested source cuts 30/64
PROGRESS nested source cuts 32/64
PROGRESS nested source cuts 34/64
PROGRESS nested source cuts 36/64
PROGRESS nested source cuts 38/64
PROGRESS nested source cuts 40/64
PROGRESS nested source cuts 42/64
PROGRESS nested source cuts 44/64
PROGRESS nested source cuts 46/64
PROGRESS nested source cuts 48/64
PROGRESS nested source cuts 50/64
PROGRESS nested source cuts 52/64
PROGRESS nested source cuts 54/64
PROGRESS nested source cuts 56/64
PROGRESS nested source cuts 58/64
PROGRESS nested source cuts 60/64
PROGRESS nested source cuts 62/64
PROGRESS nested source cuts 64/64
CASE-OK batch replacement commits both sources and nested closure
CASE failed batch preserves all sources and the prior result
CASE-OK failed batch preserves all sources and the prior result
CASE invalid or over-budget update preserves last result
CASE-OK invalid or over-budget update preserves last result
CASE failed output budget does not publish an insertion
CASE-OK failed output budget does not publish an insertion
SUITE-OK retained first-class relational operators
MODULE-OK t/qualification/scheme-operator-retained-test.ss
HARNESS-OK Scheme DSL closure
OK
HARNESS Scheme DSL closure
MODULE t/qualification/ascent-finite-evidence-test.ss
SUITE finite stratified replay evidence
CASE negation and count have an exact snapshot-relative closure
CASE-OK negation and count have an exact snapshot-relative closure
CASE closed absence after negative and aggregate strata
CASE-OK closed absence after negative and aggregate strata
CASE source correction changes count but not old evidence
CASE-OK source correction changes count but not old evidence
CASE replay mismatch is not certified
CASE-OK replay mismatch is not certified
CASE oversized external closure is rejected before replay
CASE-OK oversized external closure is rejected before replay
CASE strict dependency cycle has no finite certificate
CASE-OK strict dependency cycle has no finite certificate
CASE all fixed reducers and empty groups
CASE-OK all fixed reducers and empty groups
CASE negated wildcard checks absence of any matching row
CASE-OK negated wildcard checks absence of any matching row
CASE all 64 three-node graphs match a separate reachability model
PROGRESS finite evidence graphs 2/64
PROGRESS finite evidence graphs 4/64
PROGRESS finite evidence graphs 6/64
PROGRESS finite evidence graphs 8/64
PROGRESS finite evidence graphs 10/64
PROGRESS finite evidence graphs 12/64
PROGRESS finite evidence graphs 14/64
PROGRESS finite evidence graphs 16/64
PROGRESS finite evidence graphs 18/64
PROGRESS finite evidence graphs 20/64
PROGRESS finite evidence graphs 22/64
PROGRESS finite evidence graphs 24/64
PROGRESS finite evidence graphs 26/64
PROGRESS finite evidence graphs 28/64
PROGRESS finite evidence graphs 30/64
PROGRESS finite evidence graphs 32/64
PROGRESS finite evidence graphs 34/64
PROGRESS finite evidence graphs 36/64
PROGRESS finite evidence graphs 38/64
PROGRESS finite evidence graphs 40/64
PROGRESS finite evidence graphs 42/64
PROGRESS finite evidence graphs 44/64
PROGRESS finite evidence graphs 46/64
PROGRESS finite evidence graphs 48/64
PROGRESS finite evidence graphs 50/64
PROGRESS finite evidence graphs 52/64
PROGRESS finite evidence graphs 54/64
PROGRESS finite evidence graphs 56/64
PROGRESS finite evidence graphs 58/64
PROGRESS finite evidence graphs 60/64
PROGRESS finite evidence graphs 62/64
PROGRESS finite evidence graphs 64/64
CASE-OK all 64 three-node graphs match a separate reachability model
SUITE-OK finite stratified replay evidence
MODULE-OK t/qualification/ascent-finite-evidence-test.ss
HARNESS-OK Scheme DSL closure
OK
HARNESS Scheme DSL closure
MODULE t/qualification/ascent-positive-nonmembership-test.ss
SUITE finite positive ground nonmembership
CASE public receipt carries independently verifiable absence
CASE-OK public receipt carries independently verifiable absence
CASE closed relation set certifies missing ground target
CASE-OK closed relation set certifies missing ground target
CASE mutable or forged snapshot content invalidates certificate
CASE-OK mutable or forged snapshot content invalidates certificate
CASE checker rejects omitted input and broken rule closure
CASE-OK checker rejects omitted input and broken rule closure
CASE oversized external certificates fail before rule traversal
CASE-OK oversized external certificates fail before rule traversal
CASE candidate fact is required in closure
CASE-OK candidate fact is required in closure
CASE fixed arithmetic is replayed in an absence certificate
CASE-OK fixed arithmetic is replayed in an absence certificate
CASE non-ground, nonpositive and incomplete executions abstain
CASE-OK non-ground, nonpositive and incomplete executions abstain
SUITE-OK finite positive ground nonmembership
MODULE-OK t/qualification/ascent-positive-nonmembership-test.ss
HARNESS-OK Scheme DSL closure
OK
