[test-lane] START exclusive just
timeout 90s gxi -:max-heap=1G,debug=q tools/build-set-emit-benchmark.ss
... compile program/evaluate
[test-lane] RUNNING exclusive (5s)
... execute compile job (compile-file /Users/guangtao/ghq/github.com/tao3k/gerbil-ascent/.gerbil/set-emit/lib/gerbil-ascent/program/evaluate~0.scm)
... execute compile job (compile-file /Users/guangtao/ghq/github.com/tao3k/gerbil-ascent/.gerbil/set-emit/lib/gerbil-ascent/program/evaluate.scm)
[test-lane] RUNNING exclusive (10s)
GERBIL_LOADPATH="$ASCENT_SET_EMIT_LIB${GERBIL_LOADPATH:+:$GERBIL_LOADPATH}" timeout 150s gxi -:max-heap=1G,debug=q t/performance/set-emit-allocation.ss
[test-lane] RUNNING exclusive (15s)
CASE recursive-chain-16 samples=1000 repetitions=20
[test-lane] RUNNING exclusive (20s)
[test-lane] RUNNING exclusive (25s)
[test-lane] RUNNING exclusive (30s)
PROGRESS recursive-chain-16 100/1000
[test-lane] RUNNING exclusive (35s)
PROGRESS recursive-chain-16 200/1000
PROGRESS recursive-chain-16 300/1000
[test-lane] RUNNING exclusive (40s)
PROGRESS recursive-chain-16 400/1000
[test-lane] RUNNING exclusive (45s)
PROGRESS recursive-chain-16 500/1000
[test-lane] RUNNING exclusive (50s)
PROGRESS recursive-chain-16 600/1000
[test-lane] RUNNING exclusive (55s)
PROGRESS recursive-chain-16 700/1000
[test-lane] RUNNING exclusive (60s)
PROGRESS recursive-chain-16 800/1000
[test-lane] RUNNING exclusive (65s)
PROGRESS recursive-chain-16 900/1000
[test-lane] RUNNING exclusive (70s)
PROGRESS recursive-chain-16 1000/1000
RESULT recursive-chain-16 old-p50-bytes=0 new-p50-bytes=0 paired-wins=0/1000
CASE recursive-chain-256 samples=1000 repetitions=1
[test-lane] RUNNING exclusive (75s)
PROGRESS recursive-chain-256 100/1000
[test-lane] RUNNING exclusive (80s)
[test-lane] RUNNING exclusive (85s)
PROGRESS recursive-chain-256 200/1000
[test-lane] RUNNING exclusive (90s)
PROGRESS recursive-chain-256 300/1000
error: recipe `_set-emit-allocation` failed on line 542 with exit code 70
[test-lane] END exclusive exit=70
error: recipe `set-emit-allocation` failed with exit code 70
