[test-lane] START exclusive just
timeout 90s gxi -:max-heap=1G,debug=q tools/build-set-emit-benchmark.ss
GERBIL_LOADPATH="$ASCENT_SET_EMIT_LIB${GERBIL_LOADPATH:+:$GERBIL_LOADPATH}" timeout 150s gxi -:max-heap=1G,debug=q t/performance/set-emit-benchmark.ss
CASE recursive-chain-16 samples=1000 repetitions=1
PROGRESS recursive-chain-16 100/1000
PROGRESS recursive-chain-16 200/1000
PROGRESS recursive-chain-16 300/1000
PROGRESS recursive-chain-16 400/1000
PROGRESS recursive-chain-16 500/1000
PROGRESS recursive-chain-16 600/1000
PROGRESS recursive-chain-16 700/1000
PROGRESS recursive-chain-16 800/1000
PROGRESS recursive-chain-16 900/1000
PROGRESS recursive-chain-16 1000/1000
RESULT recursive-chain-16 old-p50-ns=20000 new-p50-ns=21000 paired-wins=391/1000
CASE recursive-chain-256 samples=1000 repetitions=1
PROGRESS recursive-chain-256 100/1000
PROGRESS recursive-chain-256 200/1000
PROGRESS recursive-chain-256 300/1000
PROGRESS recursive-chain-256 400/1000
[test-lane] RUNNING exclusive (5s)
PROGRESS recursive-chain-256 500/1000
PROGRESS recursive-chain-256 600/1000
PROGRESS recursive-chain-256 700/1000
PROGRESS recursive-chain-256 800/1000
PROGRESS recursive-chain-256 900/1000
PROGRESS recursive-chain-256 1000/1000
RESULT recursive-chain-256 old-p50-ns=326000 new-p50-ns=325000 paired-wins=600/1000
CASE recursive-chain-1024 samples=1000 repetitions=1
PROGRESS recursive-chain-1024 100/1000
PROGRESS recursive-chain-1024 200/1000
PROGRESS recursive-chain-1024 300/1000
PROGRESS recursive-chain-1024 400/1000
PROGRESS recursive-chain-1024 500/1000
PROGRESS recursive-chain-1024 600/1000
PROGRESS recursive-chain-1024 700/1000
PROGRESS recursive-chain-1024 800/1000
[test-lane] RUNNING exclusive (10s)
PROGRESS recursive-chain-1024 900/1000
PROGRESS recursive-chain-1024 1000/1000
RESULT recursive-chain-1024 old-p50-ns=1308000 new-p50-ns=1299000 paired-wins=625/1000
CASE emissions-10000-distinct-10000 samples=1000 repetitions=1
*** ERROR IN for-each -- 
*** ERROR IN ? [Error]: Set output admission changed ordered goldens
--- continuation backtrace:
[0] error                                                                                                                                                                   
[1] for-each                                                                                                                                                                
[2] matched                                                                                                                                                                 "t/performance/set-emit-benchmark.ss"@27:3-27:56                                                                                                                             (for-each (lambda (#:_1845) (#:check1841 (#:old1839) (#:new1840))) (iota 20))
[3] (interaction)                                                                                                                                                           "t/performance/set-emit-benchmark.ss"@114:30-114:53                                                                                                                          (emissions 10000 10000)
[4] ##load                                                                                                                                                                  
[5] ##load                                                                                                                                                                  
[6] gerbil/main#gxi-main                                                                                                                                                    
error: recipe `_set-emit-benchmark` failed on line 529 with exit code 70
[test-lane] END exclusive exit=70
error: recipe `set-emit-benchmark` failed with exit code 70
