[test-lane] START exclusive just
timeout 90s gxi -:max-heap=1G,debug=q tools/build-set-emit-benchmark.ss
GERBIL_LOADPATH="$ASCENT_SET_EMIT_LIB${GERBIL_LOADPATH:+:$GERBIL_LOADPATH}" timeout 400s gxi -:max-heap=1G,debug=q t/performance/set-emit-benchmark.ss
[test-lane] RUNNING exclusive (5s)
CASE recursive-chain-16 samples=1000 repetitions=20
PROGRESS recursive-chain-16 100/1000
PROGRESS recursive-chain-16 200/1000
PROGRESS recursive-chain-16 300/1000
PROGRESS recursive-chain-16 400/1000
PROGRESS recursive-chain-16 500/1000
PROGRESS recursive-chain-16 600/1000
[test-lane] RUNNING exclusive (10s)
PROGRESS recursive-chain-16 700/1000
PROGRESS recursive-chain-16 800/1000
PROGRESS recursive-chain-16 900/1000
PROGRESS recursive-chain-16 1000/1000
RESULT recursive-chain-16 old-p50-ns=16800 new-p50-ns=16400 paired-wins=841/1000
CASE recursive-chain-256 samples=1000 repetitions=1
PROGRESS recursive-chain-256 100/1000
PROGRESS recursive-chain-256 200/1000
PROGRESS recursive-chain-256 300/1000
PROGRESS recursive-chain-256 400/1000
PROGRESS recursive-chain-256 500/1000
PROGRESS recursive-chain-256 600/1000
PROGRESS recursive-chain-256 700/1000
PROGRESS recursive-chain-256 800/1000
PROGRESS recursive-chain-256 900/1000
PROGRESS recursive-chain-256 1000/1000
RESULT recursive-chain-256 old-p50-ns=314000 new-p50-ns=308000 paired-wins=811/1000
CASE recursive-chain-1024 samples=1000 repetitions=1
PROGRESS recursive-chain-1024 100/1000
[test-lane] RUNNING exclusive (15s)
PROGRESS recursive-chain-1024 200/1000
PROGRESS recursive-chain-1024 300/1000
PROGRESS recursive-chain-1024 400/1000
PROGRESS recursive-chain-1024 500/1000
PROGRESS recursive-chain-1024 600/1000
PROGRESS recursive-chain-1024 700/1000
PROGRESS recursive-chain-1024 800/1000
PROGRESS recursive-chain-1024 900/1000
[test-lane] RUNNING exclusive (20s)
PROGRESS recursive-chain-1024 1000/1000
RESULT recursive-chain-1024 old-p50-ns=1247000 new-p50-ns=1224000 paired-wins=777/1000
CASE emissions-10000-distinct-10000 samples=1000 repetitions=10
[test-lane] RUNNING exclusive (25s)
[test-lane] RUNNING exclusive (30s)
PROGRESS emissions-10000-distinct-10000 100/1000
[test-lane] RUNNING exclusive (35s)
[test-lane] RUNNING exclusive (40s)
[test-lane] RUNNING exclusive (45s)
PROGRESS emissions-10000-distinct-10000 200/1000
[test-lane] RUNNING exclusive (50s)
[test-lane] RUNNING exclusive (55s)
PROGRESS emissions-10000-distinct-10000 300/1000
[test-lane] RUNNING exclusive (60s)
[test-lane] RUNNING exclusive (65s)
PROGRESS emissions-10000-distinct-10000 400/1000
[test-lane] RUNNING exclusive (70s)
[test-lane] RUNNING exclusive (75s)
PROGRESS emissions-10000-distinct-10000 500/1000
[test-lane] RUNNING exclusive (80s)
[test-lane] RUNNING exclusive (85s)
PROGRESS emissions-10000-distinct-10000 600/1000
[test-lane] RUNNING exclusive (90s)
[test-lane] RUNNING exclusive (95s)
PROGRESS emissions-10000-distinct-10000 700/1000
[test-lane] RUNNING exclusive (100s)
[test-lane] RUNNING exclusive (105s)
PROGRESS emissions-10000-distinct-10000 800/1000
[test-lane] RUNNING exclusive (110s)
[test-lane] RUNNING exclusive (115s)
[test-lane] RUNNING exclusive (120s)
PROGRESS emissions-10000-distinct-10000 900/1000
[test-lane] RUNNING exclusive (125s)
[test-lane] RUNNING exclusive (130s)
PROGRESS emissions-10000-distinct-10000 1000/1000
RESULT emissions-10000-distinct-10000 old-p50-ns=5788500 new-p50-ns=4989600 paired-wins=563/1000
CASE emissions-10000-distinct-16 samples=1000 repetitions=10
[test-lane] RUNNING exclusive (135s)
[test-lane] RUNNING exclusive (140s)
[test-lane] RUNNING exclusive (145s)
PROGRESS emissions-10000-distinct-16 100/1000
[test-lane] RUNNING exclusive (150s)
[test-lane] RUNNING exclusive (155s)
PROGRESS emissions-10000-distinct-16 200/1000
[test-lane] RUNNING exclusive (160s)
PROGRESS emissions-10000-distinct-16 300/1000
[test-lane] RUNNING exclusive (165s)
PROGRESS emissions-10000-distinct-16 400/1000
[test-lane] RUNNING exclusive (170s)
PROGRESS emissions-10000-distinct-16 500/1000
[test-lane] RUNNING exclusive (175s)
PROGRESS emissions-10000-distinct-16 600/1000
[test-lane] RUNNING exclusive (180s)
PROGRESS emissions-10000-distinct-16 700/1000
[test-lane] RUNNING exclusive (185s)
PROGRESS emissions-10000-distinct-16 800/1000
[test-lane] RUNNING exclusive (190s)
PROGRESS emissions-10000-distinct-16 900/1000
PROGRESS emissions-10000-distinct-16 1000/1000
RESULT emissions-10000-distinct-16 old-p50-ns=1860800 new-p50-ns=1540900 paired-wins=754/1000
*** ERROR IN for-each -- 
*** ERROR IN ? [Error]: size optimization failed matched admission
--- irritants: (name . emissions-10000-distinct-10000) 
--- continuation backtrace:
[0] error                                                                                                                                                                   
[1] for-each                                                                                                                                                                
[2] (interaction)                                                                                                                                                           "t/performance/set-emit-benchmark.ss"@119:3-126:13                                                                                                                           (for-each (lambda (#:receipt1931) (if (if (<= (cdr (assq 'new-p50-ns #:receipt1931)) (cdr (assq 'old-p50-ns #:receipt1931))) (let ((#:$e1933 (not (cdr (assq 'requi...
[3] ##load                                                                                                                                                                  
[4] ##load                                                                                                                                                                  
[5] gerbil/main#gxi-main                                                                                                                                                    
[test-lane] RUNNING exclusive (195s)
error: recipe `_set-emit-benchmark` failed on line 529 with exit code 70
[test-lane] END exclusive exit=70
error: recipe `set-emit-benchmark` failed with exit code 70
