[test-lane] START exclusive just
timeout 90s gxi -:max-heap=1G,debug=q tools/build-set-emit-benchmark.ss
... compile program/evaluate
[test-lane] RUNNING exclusive (5s)
[test-lane] RUNNING exclusive (10s)
[test-lane] RUNNING exclusive (15s)
... execute compile job (compile-file /Users/guangtao/ghq/github.com/tao3k/gerbil-ascent/.gerbil/set-emit/lib/gerbil-ascent/program/evaluate~0.scm)
... execute compile job (compile-file /Users/guangtao/ghq/github.com/tao3k/gerbil-ascent/.gerbil/set-emit/lib/gerbil-ascent/program/evaluate.scm)
GERBIL_LOADPATH="$ASCENT_SET_EMIT_LIB${GERBIL_LOADPATH:+:$GERBIL_LOADPATH}" timeout 150s gxi -:max-heap=1G,debug=q t/performance/set-emit-benchmark.ss
[test-lane] RUNNING exclusive (20s)
CASE recursive-chain-16 samples=1000 repetitions=20
PROGRESS recursive-chain-16 100/1000
PROGRESS recursive-chain-16 200/1000
PROGRESS recursive-chain-16 300/1000
[test-lane] RUNNING exclusive (25s)
PROGRESS recursive-chain-16 400/1000
PROGRESS recursive-chain-16 500/1000
PROGRESS recursive-chain-16 600/1000
PROGRESS recursive-chain-16 700/1000
PROGRESS recursive-chain-16 800/1000
PROGRESS recursive-chain-16 900/1000
PROGRESS recursive-chain-16 1000/1000
RESULT recursive-chain-16 old-p50-ns=17450 new-p50-ns=16750 paired-wins=803/1000
CASE recursive-chain-256 samples=1000 repetitions=1
PROGRESS recursive-chain-256 100/1000
PROGRESS recursive-chain-256 200/1000
PROGRESS recursive-chain-256 300/1000
PROGRESS recursive-chain-256 400/1000
PROGRESS recursive-chain-256 500/1000
[test-lane] RUNNING exclusive (30s)
PROGRESS recursive-chain-256 600/1000
PROGRESS recursive-chain-256 700/1000
PROGRESS recursive-chain-256 800/1000
PROGRESS recursive-chain-256 900/1000
PROGRESS recursive-chain-256 1000/1000
RESULT recursive-chain-256 old-p50-ns=326000 new-p50-ns=317000 paired-wins=786/1000
CASE recursive-chain-1024 samples=1000 repetitions=1
PROGRESS recursive-chain-1024 100/1000
PROGRESS recursive-chain-1024 200/1000
[test-lane] RUNNING exclusive (35s)
PROGRESS recursive-chain-1024 300/1000
PROGRESS recursive-chain-1024 400/1000
PROGRESS recursive-chain-1024 500/1000
PROGRESS recursive-chain-1024 600/1000
[test-lane] RUNNING exclusive (40s)
PROGRESS recursive-chain-1024 700/1000
PROGRESS recursive-chain-1024 800/1000
PROGRESS recursive-chain-1024 900/1000
PROGRESS recursive-chain-1024 1000/1000
RESULT recursive-chain-1024 old-p50-ns=1305000 new-p50-ns=1267000 paired-wins=717/1000
CASE emissions-10000-distinct-10000 samples=1000 repetitions=1
[test-lane] RUNNING exclusive (45s)
PROGRESS emissions-10000-distinct-10000 100/1000
[test-lane] RUNNING exclusive (50s)
PROGRESS emissions-10000-distinct-10000 200/1000
[test-lane] RUNNING exclusive (55s)
PROGRESS emissions-10000-distinct-10000 300/1000
[test-lane] RUNNING exclusive (60s)
PROGRESS emissions-10000-distinct-10000 400/1000
PROGRESS emissions-10000-distinct-10000 500/1000
[test-lane] RUNNING exclusive (65s)
PROGRESS emissions-10000-distinct-10000 600/1000
[test-lane] RUNNING exclusive (70s)
PROGRESS emissions-10000-distinct-10000 700/1000
PROGRESS emissions-10000-distinct-10000 800/1000
[test-lane] RUNNING exclusive (75s)
PROGRESS emissions-10000-distinct-10000 900/1000
[test-lane] RUNNING exclusive (80s)
PROGRESS emissions-10000-distinct-10000 1000/1000
RESULT emissions-10000-distinct-10000 old-p50-ns=8396000 new-p50-ns=6858000 paired-wins=648/1000
CASE emissions-10000-distinct-16 samples=1000 repetitions=1
PROGRESS emissions-10000-distinct-16 100/1000
[test-lane] RUNNING exclusive (85s)
PROGRESS emissions-10000-distinct-16 200/1000
PROGRESS emissions-10000-distinct-16 300/1000
PROGRESS emissions-10000-distinct-16 400/1000
PROGRESS emissions-10000-distinct-16 500/1000
[test-lane] RUNNING exclusive (90s)
PROGRESS emissions-10000-distinct-16 600/1000
PROGRESS emissions-10000-distinct-16 700/1000
PROGRESS emissions-10000-distinct-16 800/1000
PROGRESS emissions-10000-distinct-16 900/1000
[test-lane] RUNNING exclusive (95s)
PROGRESS emissions-10000-distinct-16 1000/1000
RESULT emissions-10000-distinct-16 old-p50-ns=1751000 new-p50-ns=1528000 paired-wins=760/1000
*** ERROR IN for-each -- 
*** ERROR IN ? [Error]: size optimization failed matched admission
--- irritants: (name . emissions-10000-distinct-10000) 
--- continuation backtrace:
[0] error                                                                                                                                                                   
[1] for-each                                                                                                                                                                
[2] (interaction)                                                                                                                                                           "t/performance/set-emit-benchmark.ss"@118:3-125:13                                                                                                                           (for-each (lambda (#:receipt1931) (if (if (<= (cdr (assq 'new-p50-ns #:receipt1931)) (cdr (assq 'old-p50-ns #:receipt1931))) (let ((#:$e1933 (not (cdr (assq 'requi...
[3] ##load                                                                                                                                                                  
[4] ##load                                                                                                                                                                  
[5] gerbil/main#gxi-main                                                                                                                                                    
error: recipe `_set-emit-benchmark` failed on line 529 with exit code 70
[test-lane] END exclusive exit=70
error: recipe `set-emit-benchmark` failed with exit code 70
