DSL-ARTIFACT-VERIFIED c46ccf1f23844b5a814408d8c66b99c63734c4c46fd97ff6522a500bbdd24342
(BENEFIT independent 0 AB (fresh 29/100000 2.510000000000012e-4 3) (retained 57/50000 5.939999999999973e-4 1))
(BENEFIT independent 1 BA (fresh 63/1000000 6.1000000000005494e-5 3) (retained 1641/1000000 2.1299999999999097e-4 1))
(BENEFIT independent 2 AB (fresh 67/1000000 6.599999999999662e-5 3) (retained 79/500000 1.5700000000000436e-4 1))
(BENEFIT independent 3 BA (fresh 63/1000000 6.20000000000065e-5 3) (retained 23/125000 1.810000000000006e-4 1))
(BENEFIT independent 4 AB (fresh 11/125000 8.500000000000174e-5 3) (retained 383/1000000 3.3099999999999796e-4 1))
(BENEFIT independent 5 BA (fresh 3/50000 5.9999999999990616e-5 3) (retained 21/125000 1.6499999999999848e-4 1))
(BENEFIT independent 6 AB (fresh 349/1000000 2.1900000000001085e-4 3) (retained 7/40000 1.7400000000000748e-4 1))
(BENEFIT independent 7 BA (fresh 63/1000000 6.199999999999262e-5 3) (retained 51/125000 2.2400000000000198e-4 1))
(BENEFIT independent 8 AB (fresh 61/1000000 5.9000000000003494e-5 3) (retained 3/20000 1.4999999999999736e-4 1))
(BENEFIT independent 9 BA (fresh 143/1000000 1.4100000000000223e-4 3) (retained 499/1000000 4.919999999999924e-4 1))
(BENEFIT independent 10 AB (fresh 1/15625 6.20000000000065e-5 3) (retained 157/1000000 1.5799999999999148e-4 1))
(BENEFIT independent 11 BA (fresh 31/500000 6.0000000000004494e-5 3) (retained 179/1000000 1.7700000000001048e-4 1))
(BENEFIT independent 12 AB (fresh 61/1000000 6.0000000000004494e-5 3) (retained 3/20000 1.5099999999999836e-4 1))
(BENEFIT independent 13 BA (fresh 3311/1000000 7.199999999998874e-5 3) (retained 87/500000 1.7300000000000648e-4 1))
(BENEFIT independent 14 AB (fresh 33/500000 6.50000000000095e-5 3) (retained 157/1000000 1.5499999999998848e-4 1))
(BENEFIT independent 15 BA (fresh 29/500000 5.7000000000001494e-5 3) (retained 149/1000000 1.4899999999999636e-4 1))
(BENEFIT independent 16 AB (fresh 7/100000 6.899999999999962e-5 3) (retained 1/6250 1.5999999999999348e-4 1))
(BENEFIT independent 17 BA (fresh 59/1000000 5.899999999997574e-5 3) (retained 3/20000 1.4800000000000924e-4 1))
(BENEFIT independent 18 AB (fresh 59/1000000 5.9000000000003494e-5 3) (retained 147/1000000 1.4699999999999436e-4 1))
(BENEFIT independent 19 BA (fresh 59/1000000 5.7999999999988616e-5 3) (retained 161/1000000 1.6100000000000836e-4 1))
(BENEFIT recursive 0 AB (fresh 23/250000 8.900000000000574e-5 3) (retained 87/500000 1.7300000000000648e-4 2))
(BENEFIT recursive 1 BA (fresh 13/250000 5.099999999999549e-5 3) (retained 21/125000 1.6599999999999948e-4 2))
(BENEFIT recursive 2 AB (fresh 81/1000000 7.799999999999474e-5 3) (retained 47/250000 1.8599999999999173e-4 2))
(BENEFIT recursive 3 BA (fresh 27/500000 5.2999999999997494e-5 3) (retained 19/100000 1.8699999999999273e-4 2))
(BENEFIT recursive 4 AB (fresh 53/1000000 5.2999999999997494e-5 3) (retained 163/1000000 1.6199999999999548e-4 2))
(BENEFIT recursive 5 BA (fresh 53/1000000 5.2999999999997494e-5 3) (retained 43/250000 1.7100000000000448e-4 2))
(BENEFIT recursive 6 AB (fresh 11/200000 5.3999999999998494e-5 3) (retained 33/200000 1.6299999999999648e-4 2))
(BENEFIT recursive 7 BA (fresh 11/200000 5.4999999999999494e-5 3) (retained 199/1000000 1.9800000000000373e-4 2))
(BENEFIT recursive 8 AB (fresh 27/500000 5.2999999999997494e-5 3) (retained 33/200000 1.6499999999999848e-4 2))
(BENEFIT recursive 9 BA (fresh 9/125000 7.10000000000155e-5 3) (retained 481/1000000 3.599999999999992e-4 2))
(BENEFIT recursive 10 AB (fresh 43/250000 1.6700000000000048e-4 3) (retained 307/500000 4.989999999999994e-4 2))
(BENEFIT recursive 11 BA (fresh 27/500000 5.2999999999997494e-5 3) (retained 589/1000000 3.0000000000002247e-4 2))
(BENEFIT recursive 12 AB (fresh 27/500000 5.1999999999996493e-5 3) (retained 41/250000 1.6399999999999748e-4 2))
(BENEFIT recursive 13 BA (fresh 69/1000000 6.899999999998574e-5 3) (retained 141/250000 5.370000000000097e-4 2))
(BENEFIT recursive 14 AB (fresh 7/100000 6.80000000000125e-5 3) (retained 91/500000 1.7999999999998573e-4 2))
(BENEFIT recursive 15 BA (fresh 139/1000000 1.3699999999999823e-4 3) (retained 749/1000000 5.950000000000122e-4 2))
(BENEFIT recursive 16 AB (fresh 63/1000000 6.20000000000065e-5 3) (retained 87/500000 1.7400000000000748e-4 2))
(BENEFIT recursive 17 BA (fresh 13/250000 5.099999999999549e-5 3) (retained 83/500000 1.6599999999999948e-4 2))
(BENEFIT recursive 18 AB (fresh 27/500000 5.299999999996974e-5 3) (retained 41/250000 1.6399999999999748e-4 2))
(BENEFIT recursive 19 BA (fresh 13/250000 5.099999999996774e-5 3) (retained 163/1000000 1.6199999999999548e-4 2))
(BENEFIT all-inputs 0 AB (fresh 137/1000000 1.3199999999999323e-4 3) (retained 3/15625 1.9099999999999673e-4 3))
(BENEFIT all-inputs 1 BA (fresh 7/125000 5.6000000000000494e-5 3) (retained 9/40000 2.2199999999999998e-4 3))
(BENEFIT all-inputs 2 AB (fresh 29/500000 5.6000000000000494e-5 3) (retained 133/250000 4.730000000000012e-4 3))
(BENEFIT all-inputs 3 BA (fresh 13/250000 5.1999999999996493e-5 3) (retained 171/1000000 1.6900000000000248e-4 3))
(BENEFIT all-inputs 4 AB (fresh 11/200000 5.3999999999998494e-5 3) (retained 83/500000 1.6399999999999748e-4 3))
(BENEFIT all-inputs 5 BA (fresh 13/250000 5.1999999999996493e-5 3) (retained 23/125000 1.8299999999998873e-4 3))
(BENEFIT all-inputs 6 AB (fresh 27/500000 5.2999999999997494e-5 3) (retained 1513/200000 5.229999999999957e-4 3))
(BENEFIT all-inputs 7 BA (fresh 2/15625 1.2799999999998923e-4 3) (retained 653/1000000 4.2799999999998395e-4 3))
(BENEFIT all-inputs 8 AB (fresh 7/100000 6.699999999998374e-5 3) (retained 181/1000000 1.8099999999998673e-4 3))
(BENEFIT all-inputs 9 BA (fresh 61/500000 1.2100000000000999e-4 3) (retained 481/1000000 4.760000000000042e-4 3))
(BENEFIT all-inputs 10 AB (fresh 7/100000 6.999999999998674e-5 3) (retained 3/15625 1.9099999999999673e-4 3))
(BENEFIT all-inputs 11 BA (fresh 13/250000 5.099999999999549e-5 3) (retained 43/250000 1.7100000000000448e-4 3))
(BENEFIT all-inputs 12 AB (fresh 3/50000 5.9000000000003494e-5 3) (retained 169/1000000 1.6800000000000148e-4 3))
(BENEFIT all-inputs 13 BA (fresh 13/250000 5.099999999999549e-5 3) (retained 33/200000 1.6299999999999648e-4 3))
(BENEFIT all-inputs 14 AB (fresh 11/200000 5.3999999999998494e-5 3) (retained 81/500000 1.6099999999999448e-4 3))
(BENEFIT all-inputs 15 BA (fresh 13/250000 5.000000000002225e-5 3) (retained 163/1000000 1.6200000000002324e-4 3))
(BENEFIT all-inputs 16 AB (fresh 27/500000 5.2999999999997494e-5 3) (retained 457/100000 2.0300000000000873e-4 3))
(BENEFIT all-inputs 17 BA (fresh 51/1000000 4.999999999999449e-5 3) (retained 89/500000 1.7700000000001048e-4 3))
(BENEFIT all-inputs 18 AB (fresh 27/500000 5.2999999999997494e-5 3) (retained 163/1000000 1.6199999999999548e-4 3))
(BENEFIT all-inputs 19 BA (fresh 11/200000 5.3999999999998494e-5 3) (retained 221/1000000 2.1899999999999697e-4 3))
BENEFIT-OK pairs=60 independent-native-verdicts=120
