GERBIL_LOADPATH="/Users/guangtao/ghq/github.com/tao3k/meta-relational-reasoning/.data/worktrees/ascent-dsl-closure-20261004${GERBIL_LOADPATH:+:$GERBIL_LOADPATH}" gerbil env gxi -:max-heap=1G,debug=q t/harness/run.ss test-file "t/qualification/scheme-model-closure-test.ss"
[ascent-test] START t/qualification/scheme-model-closure-test.ss
NATIVE-MODULES-OK
HARNESS ("/Users/guangtao/ghq/github.com/tao3k/meta-relational-reasoning/.data/worktrees/ascent-dsl-closure-20261004/.cache/ascent/native-library/lib/gerbil-ascent/t/qualification/scheme-model-closure-test.ssi")
MODULE /Users/guangtao/ghq/github.com/tao3k/meta-relational-reasoning/.data/worktrees/ascent-dsl-closure-20261004/.cache/ascent/native-library/lib/gerbil-ascent/t/qualification/scheme-model-closure-test.ssi
SUITE Native preflight for source-only model closure tasks
CASE higher-input-initial
STUDY-CASE {"id":"higher-input-initial","variant":"initial","imports":[":gerbil-ascent/program/higher-order",":gerbil-ascent/program/scheme-language"],"expression":"(let* ((r (relational-relation-type 1 '(0 1 2 3 4))) (apply-function (relational-typed-function (relational-arrow-type r r) (lambda (f) (relational-typed-function r (lambda (x) (relational-typed-apply f x)))))) (f (relational-typed-function r (lambda (x) (relational-typed-flatmap x r '(((0) (1))))))) (input (relational-typed-source 'input r '((0)))) (solve (lambda (term) (let-values (((program output) (relational-typed-compile term 32 256 512))) (relational-query-name (relational-solve (relational-admit program)) output)))) (bits (lambda (rows) (foldl (lambda (row mask) (+ mask (expt 2 (car row)))) 0 rows)))) (bits (solve (relational-typed-apply (relational-typed-apply apply-function f) input))))","nativeDatum":"2","family":"higher-input","independentDatum":"2"}
CASE-OK higher-input-initial
CASE higher-return-initial
STUDY-CASE {"imports":[":gerbil-ascent/program/higher-order",":gerbil-ascent/program/scheme-language"],"variant":"initial","id":"higher-return-initial","independentDatum":"3","nativeDatum":"3","family":"higher-return","expression":"(let* ((r (relational-relation-type 1 '(0 1 2 3 4))) (builder (relational-typed-function r (lambda (seed) (relational-typed-function r (lambda (input) (relational-typed-union seed input)))))) (function (relational-typed-apply builder (relational-typed-source 'seed r '((0))))) (argument (relational-typed-source 'argument r '((1)))) (solve (lambda (term) (let-values (((program output) (relational-typed-compile term 32 256 512))) (relational-query-name (relational-solve (relational-admit program)) output)))) (bits (lambda (rows) (foldl (lambda (row mask) (+ mask (expt 2 (car row)))) 0 rows)))) (bits (solve (relational-typed-apply function argument))))"}
CASE-OK higher-return-initial
CASE higher-instances-initial
STUDY-CASE {"imports":[":gerbil-ascent/program/higher-order",":gerbil-ascent/program/scheme-language"],"variant":"initial","id":"higher-instances-initial","independentDatum":"(3 5)","nativeDatum":"(3 5)","family":"higher-instances","expression":"(let* ((r (relational-relation-type 1 '(0 1 2 3 4))) (builder (relational-typed-function r (lambda (seed) (relational-typed-function r (lambda (input) (relational-typed-union seed input)))))) (function (relational-typed-apply builder (relational-typed-source 'seed r '((0))))) (a (relational-typed-source 'a r '((1)))) (b (relational-typed-source 'b r '((2)))) (solve (lambda (term) (let-values (((program output) (relational-typed-compile term 32 256 512))) (relational-query-name (relational-solve (relational-admit program)) output)))) (bits (lambda (rows) (foldl (lambda (row mask) (+ mask (expt 2 (car row)))) 0 rows)))) (list (bits (solve (relational-typed-apply function a))) (bits (solve (relational-typed-apply function b)))))"}
CASE-OK higher-instances-initial
CASE finite-mapping-initial
STUDY-CASE {"family":"finite-mapping","expression":"(let* ((r (relational-relation-type 1 '(0 1 2 3 4))) (source (relational-typed-source 'input r '((0)))) (mapped (relational-typed-flatmap source r '(((0) (1)) ((0) (2))))) (solve (lambda (term) (let-values (((program output) (relational-typed-compile term 32 256 512))) (relational-query-name (relational-solve (relational-admit program)) output)))) (bits (lambda (rows) (foldl (lambda (row mask) (+ mask (expt 2 (car row)))) 0 rows)))) (bits (solve mapped)))","independentDatum":"6","id":"finite-mapping-initial","imports":[":gerbil-ascent/program/higher-order",":gerbil-ascent/program/scheme-language"],"nativeDatum":"6","variant":"initial"}
CASE-OK finite-mapping-initial
CASE finite-fix-initial
STUDY-CASE {"independentDatum":"3","expression":"(let* ((r (relational-relation-type 1 '(0 1))) (seed (relational-typed-source 'seed r '((0)))) (function (relational-typed-function (relational-arrow-type r r) (lambda (self) (relational-typed-function r (lambda (input) (relational-typed-union input (relational-typed-apply self (relational-typed-flatmap input r '(((0) (1)) ((1) (0))))))))))) (solve (lambda (term) (let-values (((program output) (relational-typed-compile term 32 256 512))) (relational-query-name (relational-solve (relational-admit program)) output))))) (foldl (lambda (row mask) (+ mask (expt 2 (car row)))) 0 (solve (relational-typed-apply (relational-typed-fix function) seed))))","nativeDatum":"3","family":"finite-fix","variant":"initial","imports":[":gerbil-ascent/program/higher-order",":gerbil-ascent/program/scheme-language"],"id":"finite-fix-initial"}
CASE-OK finite-fix-initial
CASE domain-runtime-initial
STUDY-CASE {"id":"domain-runtime-initial","imports":[":gerbil-ascent/program/higher-order",":gerbil-ascent/program/scheme-language"],"variant":"initial","nativeDatum":"1","family":"domain-runtime","expression":"(let-values (((program output) (relational-typed-compile (relational-typed-source 'input (relational-relation-type 1 '(0 1)) '((0))) 32 256 512))) (let (session (relational-open-program-session program)) (relational-program-session-run session) (with-catch (lambda (_error) 1) (lambda () (relational-program-append-source! session 'input '(2)) 0))))","independentDatum":"1"}
CASE-OK domain-runtime-initial
CASE retained-delete-initial
STUDY-CASE {"independentDatum":"(1 2 2)","nativeDatum":"(1 2 2)","family":"retained-delete","expression":"(let* ((program (relational-program (relation edge (from to) '((0 1) (1 2))) (relation path (from to) '()) (relation cold (n) '((7))) (relation seen (n) '()) (rule (path ?x ?y) (edge ?x ?y)) (rule (path ?x ?z) (path ?x ?y) (edge ?y ?z)) (rule (seen ?n) (cold ?n)) (limits 32 256 512))) (session (gerbil-ascent-open-session program))) (gerbil-ascent-session-run session) (let (result (gerbil-ascent-session-replace-sources! session (list (cons 'edge '((0 1)))))) (list (length ((.ref result 'rows-of) 'path)) (.ref result 'active-rule-count) (length (.ref result 'reused-relations)))))","imports":[":gerbil-ascent/program/scheme-language",":gerbil-ascent/program/session",":clan/poo/object"],"variant":"initial","id":"retained-delete-initial"}
CASE-OK retained-delete-initial
CASE retained-negation-initial
STUDY-CASE {"id":"retained-negation-initial","imports":[":gerbil-ascent/program/scheme-language",":gerbil-ascent/program/session",":clan/poo/object"],"variant":"initial","nativeDatum":"(1 2)","family":"retained-negation","expression":"(let* ((program (relational-program (relation item (n) '((1) (2))) (relation blocked (n) '((1))) (relation allowed (n) '()) (rule (allowed ?n) (item ?n) (not (blocked ?n))) (limits 32 256 512))) (session (gerbil-ascent-open-session program)) (old (gerbil-ascent-session-run session))) (gerbil-ascent-session-replace-source! session 'blocked '()) (let (new (gerbil-ascent-session-run session)) (list (length ((.ref old 'rows-of) 'allowed)) (length ((.ref new 'rows-of) 'allowed)))))","independentDatum":"(1 2)"}
CASE-OK retained-negation-initial
CASE retained-reduction-initial
STUDY-CASE {"independentDatum":"(7 2)","expression":"(let* ((program (relational-program (relation weight (key value) '((1 2) (1 5))) (relation root (key) '((1))) (relation total (key value) '()) (rule (total ?k ?n) (root ?k) (reduce ?n (sum ?v) (weight ?k ?v))) (limits 32 256 512))) (session (gerbil-ascent-open-session program)) (old (gerbil-ascent-session-run session))) (gerbil-ascent-session-replace-source! session 'weight '((1 2))) (let (new (gerbil-ascent-session-run session)) (list (cadar ((.ref old 'rows-of) 'total)) (cadar ((.ref new 'rows-of) 'total)))))","nativeDatum":"(7 2)","family":"retained-reduction","variant":"initial","imports":[":gerbil-ascent/program/scheme-language",":gerbil-ascent/program/session",":clan/poo/object"],"id":"retained-reduction-initial"}
CASE-OK retained-reduction-initial
CASE retained-lattice-initial
STUDY-CASE {"imports":[":gerbil-ascent/program/scheme-language",":gerbil-ascent/program/session",":clan/poo/object"],"variant":"initial","id":"retained-lattice-initial","independentDatum":"(5 2)","nativeDatum":"(5 2)","family":"retained-lattice","expression":"(let* ((program (relational-program (relation input (key value) '((1 2) (1 5))) (lattice best (key value) '() max) (rule (best ?k ?v) (input ?k ?v)) (limits 32 256 512))) (session (gerbil-ascent-open-session program)) (old (gerbil-ascent-session-run session))) (gerbil-ascent-session-replace-source! session 'input '((1 2))) (let (new (gerbil-ascent-session-run session)) (list (cadar ((.ref old 'rows-of) 'best)) (cadar ((.ref new 'rows-of) 'best)))))"}
CASE-OK retained-lattice-initial
CASE recursive-provenance-initial
STUDY-CASE {"id":"recursive-provenance-initial","variant":"initial","imports":[":gerbil-ascent/candidate/reasoning",":gerbil-ascent/candidate/program",":gerbil-ascent/candidate/finite-evidence",":gerbil-ascent/candidate/stratified-provenance"],"expression":"(let* ((snapshot (reasoning-source-snapshot 'recursive 1 '((s 1 ((1) (1)))))) (datum '(candidate (relation p 1) (rule (p ?x) (s ?x)) (rule (p ?x) (p ?x)) (query p ?x) (limits 16 64 128))) (receipt (reasoning-attempt snapshot datum)) (spec (candidate-inspect snapshot datum)) (digest (reasoning-receipt-candidate-digest receipt)) (rows (reasoning-receipt-rows receipt)) (certificate (candidate-finite-evidence snapshot spec digest 'complete rows 20000)) (graph (candidate-stratified-provenance snapshot spec digest 'complete rows certificate 20000 20000 4096))) (list (length (stratified-provenance-nodes graph)) (length (stratified-provenance-edges graph)) (length (stratified-provenance-roots graph))))","nativeDatum":"(2 4 1)","family":"recursive-provenance","independentDatum":"(2 4 1)"}
CASE-OK recursive-provenance-initial
CASE stratified-provenance-initial
STUDY-CASE {"variant":"initial","imports":[":gerbil-ascent/candidate/reasoning",":gerbil-ascent/candidate/program",":gerbil-ascent/candidate/finite-evidence",":gerbil-ascent/candidate/stratified-provenance"],"id":"stratified-provenance-initial","independentDatum":"(2 6 1)","expression":"(let* ((snapshot (reasoning-source-snapshot 'stratified 1 '((weight 2 ((1 2) (1 5))) (root 1 ((1))) (blocked 2 ((1 5)))))) (datum '(candidate (relation allowed 2) (relation total 2) (rule (allowed ?k ?v) (weight ?k ?v) (not (blocked ?k ?v))) (rule (total ?k ?n) (root ?k) (reduce ?n (sum ?v) (allowed ?k ?v))) (query total ?k ?n) (limits 16 64 128))) (receipt (reasoning-attempt snapshot datum)) (spec (candidate-inspect snapshot datum)) (digest (reasoning-receipt-candidate-digest receipt)) (rows (reasoning-receipt-rows receipt)) (certificate (candidate-finite-evidence snapshot spec digest 'complete rows 20000)) (graph (candidate-stratified-provenance snapshot spec digest 'complete rows certificate 20000 20000 4096))) (list (cadar rows) (length (stratified-provenance-edges graph)) (length (filter (lambda (edge) (ormap (lambda (witness) (eq? (car witness) 'not)) (list-ref edge 3))) (stratified-provenance-edges graph)))))","nativeDatum":"(2 6 1)","family":"stratified-provenance"}
CASE-OK stratified-provenance-initial
CASE higher-input-transfer
STUDY-CASE {"nativeDatum":"4","family":"higher-input","expression":"(let* ((r (relational-relation-type 1 '(0 1 2 3 4))) (apply-function (relational-typed-function (relational-arrow-type r r) (lambda (f) (relational-typed-function r (lambda (x) (relational-typed-apply f x)))))) (f (relational-typed-function r (lambda (x) (relational-typed-flatmap x r '(((1) (2))))))) (input (relational-typed-source 'input r '((1)))) (solve (lambda (term) (let-values (((program output) (relational-typed-compile term 32 256 512))) (relational-query-name (relational-solve (relational-admit program)) output)))) (bits (lambda (rows) (foldl (lambda (row mask) (+ mask (expt 2 (car row)))) 0 rows)))) (bits (solve (relational-typed-apply (relational-typed-apply apply-function f) input))))","independentDatum":"4","id":"higher-input-transfer","imports":[":gerbil-ascent/program/higher-order",":gerbil-ascent/program/scheme-language"],"variant":"transfer"}
CASE-OK higher-input-transfer
CASE higher-return-transfer
STUDY-CASE {"family":"higher-return","expression":"(let* ((r (relational-relation-type 1 '(0 1 2 3 4))) (builder (relational-typed-function r (lambda (seed) (relational-typed-function r (lambda (input) (relational-typed-union seed input)))))) (function (relational-typed-apply builder (relational-typed-source 'seed r '((1))))) (argument (relational-typed-source 'argument r '((2)))) (solve (lambda (term) (let-values (((program output) (relational-typed-compile term 32 256 512))) (relational-query-name (relational-solve (relational-admit program)) output)))) (bits (lambda (rows) (foldl (lambda (row mask) (+ mask (expt 2 (car row)))) 0 rows)))) (bits (solve (relational-typed-apply function argument))))","independentDatum":"6","id":"higher-return-transfer","imports":[":gerbil-ascent/program/higher-order",":gerbil-ascent/program/scheme-language"],"nativeDatum":"6","variant":"transfer"}
CASE-OK higher-return-transfer
CASE higher-instances-transfer
STUDY-CASE {"nativeDatum":"(6 10)","family":"higher-instances","expression":"(let* ((r (relational-relation-type 1 '(0 1 2 3 4))) (builder (relational-typed-function r (lambda (seed) (relational-typed-function r (lambda (input) (relational-typed-union seed input)))))) (function (relational-typed-apply builder (relational-typed-source 'seed r '((1))))) (a (relational-typed-source 'a r '((2)))) (b (relational-typed-source 'b r '((3)))) (solve (lambda (term) (let-values (((program output) (relational-typed-compile term 32 256 512))) (relational-query-name (relational-solve (relational-admit program)) output)))) (bits (lambda (rows) (foldl (lambda (row mask) (+ mask (expt 2 (car row)))) 0 rows)))) (list (bits (solve (relational-typed-apply function a))) (bits (solve (relational-typed-apply function b)))))","independentDatum":"(6 10)","id":"higher-instances-transfer","imports":[":gerbil-ascent/program/higher-order",":gerbil-ascent/program/scheme-language"],"variant":"transfer"}
CASE-OK higher-instances-transfer
CASE finite-mapping-transfer
STUDY-CASE {"expression":"(let* ((r (relational-relation-type 1 '(0 1 2 3 4))) (source (relational-typed-source 'input r '((2)))) (mapped (relational-typed-flatmap source r '(((2) (3)) ((2) (4))))) (solve (lambda (term) (let-values (((program output) (relational-typed-compile term 32 256 512))) (relational-query-name (relational-solve (relational-admit program)) output)))) (bits (lambda (rows) (foldl (lambda (row mask) (+ mask (expt 2 (car row)))) 0 rows)))) (bits (solve mapped)))","nativeDatum":"24","family":"finite-mapping","independentDatum":"24","id":"finite-mapping-transfer","variant":"transfer","imports":[":gerbil-ascent/program/higher-order",":gerbil-ascent/program/scheme-language"]}
CASE-OK finite-mapping-transfer
CASE finite-fix-transfer
STUDY-CASE {"independentDatum":"1","expression":"(let* ((r (relational-relation-type 1 '(0 1))) (seed (relational-typed-source 'seed r '((0)))) (function (relational-typed-function (relational-arrow-type r r) (lambda (self) (relational-typed-function r (lambda (input) (relational-typed-union input (relational-typed-apply self (relational-typed-flatmap input r '(((1) (0))))))))))) (solve (lambda (term) (let-values (((program output) (relational-typed-compile term 32 256 512))) (relational-query-name (relational-solve (relational-admit program)) output))))) (foldl (lambda (row mask) (+ mask (expt 2 (car row)))) 0 (solve (relational-typed-apply (relational-typed-fix function) seed))))","nativeDatum":"1","family":"finite-fix","variant":"transfer","imports":[":gerbil-ascent/program/higher-order",":gerbil-ascent/program/scheme-language"],"id":"finite-fix-transfer"}
CASE-OK finite-fix-transfer
CASE domain-runtime-transfer
STUDY-CASE {"nativeDatum":"0","family":"domain-runtime","expression":"(let-values (((program output) (relational-typed-compile (relational-typed-source 'input (relational-relation-type 1 '(0 1)) '((0))) 32 256 512))) (let (session (relational-open-program-session program)) (relational-program-session-run session) (with-catch (lambda (_error) 1) (lambda () (relational-program-append-source! session 'input '(1)) 0))))","independentDatum":"0","id":"domain-runtime-transfer","imports":[":gerbil-ascent/program/higher-order",":gerbil-ascent/program/scheme-language"],"variant":"transfer"}
CASE-OK domain-runtime-transfer
CASE retained-delete-transfer
STUDY-CASE {"independentDatum":"(0 2 2)","nativeDatum":"(0 2 2)","family":"retained-delete","expression":"(let* ((program (relational-program (relation edge (from to) '((0 1) (1 2))) (relation path (from to) '()) (relation cold (n) '((7))) (relation seen (n) '()) (rule (path ?x ?y) (edge ?x ?y)) (rule (path ?x ?z) (path ?x ?y) (edge ?y ?z)) (rule (seen ?n) (cold ?n)) (limits 32 256 512))) (session (gerbil-ascent-open-session program))) (gerbil-ascent-session-run session) (let (result (gerbil-ascent-session-replace-sources! session (list (cons 'edge '())))) (list (length ((.ref result 'rows-of) 'path)) (.ref result 'active-rule-count) (length (.ref result 'reused-relations)))))","imports":[":gerbil-ascent/program/scheme-language",":gerbil-ascent/program/session",":clan/poo/object"],"variant":"transfer","id":"retained-delete-transfer"}
CASE-OK retained-delete-transfer
CASE retained-negation-transfer
STUDY-CASE {"family":"retained-negation","expression":"(let* ((program (relational-program (relation item (n) '((1) (2))) (relation blocked (n) '()) (relation allowed (n) '()) (rule (allowed ?n) (item ?n) (not (blocked ?n))) (limits 32 256 512))) (session (gerbil-ascent-open-session program)) (old (gerbil-ascent-session-run session))) (gerbil-ascent-session-replace-source! session 'blocked '((2))) (let (new (gerbil-ascent-session-run session)) (list (length ((.ref old 'rows-of) 'allowed)) (length ((.ref new 'rows-of) 'allowed)))))","independentDatum":"(2 1)","id":"retained-negation-transfer","imports":[":gerbil-ascent/program/scheme-language",":gerbil-ascent/program/session",":clan/poo/object"],"nativeDatum":"(2 1)","variant":"transfer"}
CASE-OK retained-negation-transfer
CASE retained-reduction-transfer
STUDY-CASE {"expression":"(let* ((program (relational-program (relation weight (key value) '((1 2) (1 5))) (relation root (key) '((1))) (relation total (key value) '()) (rule (total ?k ?n) (root ?k) (reduce ?n (sum ?v) (weight ?k ?v))) (limits 32 256 512))) (session (gerbil-ascent-open-session program)) (old (gerbil-ascent-session-run session))) (gerbil-ascent-session-replace-source! session 'weight '((1 5))) (let (new (gerbil-ascent-session-run session)) (list (cadar ((.ref old 'rows-of) 'total)) (cadar ((.ref new 'rows-of) 'total)))))","nativeDatum":"(7 5)","family":"retained-reduction","independentDatum":"(7 5)","id":"retained-reduction-transfer","variant":"transfer","imports":[":gerbil-ascent/program/scheme-language",":gerbil-ascent/program/session",":clan/poo/object"]}
CASE-OK retained-reduction-transfer
CASE retained-lattice-transfer
STUDY-CASE {"id":"retained-lattice-transfer","variant":"transfer","imports":[":gerbil-ascent/program/scheme-language",":gerbil-ascent/program/session",":clan/poo/object"],"expression":"(let* ((program (relational-program (relation input (key value) '((1 2) (1 5))) (lattice best (key value) '() max) (rule (best ?k ?v) (input ?k ?v)) (limits 32 256 512))) (session (gerbil-ascent-open-session program)) (old (gerbil-ascent-session-run session))) (gerbil-ascent-session-replace-source! session 'input '((1 5) (1 9))) (let (new (gerbil-ascent-session-run session)) (list (cadar ((.ref old 'rows-of) 'best)) (cadar ((.ref new 'rows-of) 'best)))))","nativeDatum":"(5 9)","family":"retained-lattice","independentDatum":"(5 9)"}
CASE-OK retained-lattice-transfer
CASE recursive-provenance-transfer
STUDY-CASE {"variant":"transfer","imports":[":gerbil-ascent/candidate/reasoning",":gerbil-ascent/candidate/program",":gerbil-ascent/candidate/finite-evidence",":gerbil-ascent/candidate/stratified-provenance"],"id":"recursive-provenance-transfer","independentDatum":"(2 5 1)","expression":"(let* ((snapshot (reasoning-source-snapshot 'recursive 2 '((s 1 ((1) (1) (1)))))) (datum '(candidate (relation p 1) (rule (p ?x) (s ?x)) (rule (p ?x) (p ?x)) (query p ?x) (limits 16 64 128))) (receipt (reasoning-attempt snapshot datum)) (spec (candidate-inspect snapshot datum)) (digest (reasoning-receipt-candidate-digest receipt)) (rows (reasoning-receipt-rows receipt)) (certificate (candidate-finite-evidence snapshot spec digest 'complete rows 20000)) (graph (candidate-stratified-provenance snapshot spec digest 'complete rows certificate 20000 20000 4096))) (list (length (stratified-provenance-nodes graph)) (length (stratified-provenance-edges graph)) (length (stratified-provenance-roots graph))))","nativeDatum":"(2 5 1)","family":"recursive-provenance"}
CASE-OK recursive-provenance-transfer
CASE stratified-provenance-transfer
STUDY-CASE {"expression":"(let* ((snapshot (reasoning-source-snapshot 'stratified 2 '((weight 2 ((1 2) (1 5))) (root 1 ((1))) (blocked 2 ())))) (datum '(candidate (relation allowed 2) (relation total 2) (rule (allowed ?k ?v) (weight ?k ?v) (not (blocked ?k ?v))) (rule (total ?k ?n) (root ?k) (reduce ?n (sum ?v) (allowed ?k ?v))) (query total ?k ?n) (limits 16 64 128))) (receipt (reasoning-attempt snapshot datum)) (spec (candidate-inspect snapshot datum)) (digest (reasoning-receipt-candidate-digest receipt)) (rows (reasoning-receipt-rows receipt)) (certificate (candidate-finite-evidence snapshot spec digest 'complete rows 20000)) (graph (candidate-stratified-provenance snapshot spec digest 'complete rows certificate 20000 20000 4096))) (list (cadar rows) (length (stratified-provenance-edges graph)) (length (filter (lambda (edge) (ormap (lambda (witness) (eq? (car witness) 'not)) (list-ref edge 3))) (stratified-provenance-edges graph)))))","nativeDatum":"(7 6 2)","family":"stratified-provenance","independentDatum":"(7 6 2)","id":"stratified-provenance-transfer","variant":"transfer","imports":[":gerbil-ascent/candidate/reasoning",":gerbil-ascent/candidate/program",":gerbil-ascent/candidate/finite-evidence",":gerbil-ascent/candidate/stratified-provenance"]}
CASE-OK stratified-provenance-transfer
SUITE-OK Native preflight for source-only model closure tasks
MODULE-OK /Users/guangtao/ghq/github.com/tao3k/meta-relational-reasoning/.data/worktrees/ascent-dsl-closure-20261004/.cache/ascent/native-library/lib/gerbil-ascent/t/qualification/scheme-model-closure-test.ssi
HARNESS-OK ("/Users/guangtao/ghq/github.com/tao3k/meta-relational-reasoning/.data/worktrees/ascent-dsl-closure-20261004/.cache/ascent/native-library/lib/gerbil-ascent/t/qualification/scheme-model-closure-test.ssi")
OK
[ascent-test] PASS t/qualification/scheme-model-closure-test.ss (73s)
*** WARNING module std/net/request is DEPRECATED and will be removed in the future
