DSL-SOURCE-FROZEN
... compile program/update-selection
... execute compile job (compile-file /Users/guangtao/ghq/github.com/tao3k/meta-relational-reasoning/.data/worktrees/ascent-dsl-closure-20261004/.cache/ascent/native-library/lib/gerbil-ascent/program/update-selection~0.scm)
... execute compile job (compile-file /Users/guangtao/ghq/github.com/tao3k/meta-relational-reasoning/.data/worktrees/ascent-dsl-closure-20261004/.cache/ascent/native-library/lib/gerbil-ascent/program/update-selection.scm)
... compile program/reuse
... compile program/evaluate
... compile program/session
... execute compile job (compile-file /Users/guangtao/ghq/github.com/tao3k/meta-relational-reasoning/.data/worktrees/ascent-dsl-closure-20261004/.cache/ascent/native-library/lib/gerbil-ascent/program/reuse~0.scm)
... compile program/scheme-admission
... compile program/scheme-language
... compile program/operator-session
... execute compile job (compile-file /Users/guangtao/ghq/github.com/tao3k/meta-relational-reasoning/.data/worktrees/ascent-dsl-closure-20261004/.cache/ascent/native-library/lib/gerbil-ascent/program/reuse.scm)
... execute compile job (compile-file /Users/guangtao/ghq/github.com/tao3k/meta-relational-reasoning/.data/worktrees/ascent-dsl-closure-20261004/.cache/ascent/native-library/lib/gerbil-ascent/program/reuse~1.scm)
... execute compile job (compile-file /Users/guangtao/ghq/github.com/tao3k/meta-relational-reasoning/.data/worktrees/ascent-dsl-closure-20261004/.cache/ascent/native-library/lib/gerbil-ascent/program/evaluate~0.scm)
... execute compile job (compile-file /Users/guangtao/ghq/github.com/tao3k/meta-relational-reasoning/.data/worktrees/ascent-dsl-closure-20261004/.cache/ascent/native-library/lib/gerbil-ascent/program/evaluate.scm)
... execute compile job (compile-file /Users/guangtao/ghq/github.com/tao3k/meta-relational-reasoning/.data/worktrees/ascent-dsl-closure-20261004/.cache/ascent/native-library/lib/gerbil-ascent/program/session~0.scm)
... compile candidate/reasoning
... compile t/qualification/scheme-closure-contract-test
... compile t/qualification/scheme-session-deletion-test
... compile program/interface
... compile t/qualification/scheme-higher-order-test
... compile temporal/lens
... compile t/qualification/ascent-finite-evidence-test
... compile t/qualification/ascent-positive-nonmembership-test
... compile t/qualification/scheme-stratified-provenance-test
... execute compile job (compile-file /Users/guangtao/ghq/github.com/tao3k/meta-relational-reasoning/.data/worktrees/ascent-dsl-closure-20261004/.cache/ascent/native-library/lib/gerbil-ascent/program/session.scm)
... compile t/qualification/scheme-model-closure-test
... compile t/qualification/scheme-provenance-graph-test
... compile t/qualification/scheme-operator-retained-test
... execute compile job (compile-file /Users/guangtao/ghq/github.com/tao3k/meta-relational-reasoning/.data/worktrees/ascent-dsl-closure-20261004/.cache/ascent/native-library/lib/gerbil-ascent/program/scheme-admission~0.scm)
... compile t/qualification/ascent-session-corpus
... compile t/qualification/ascent-timeout-test
... compile t/qualification/ascent-byods-lattice-fixture
... compile t/qualification/scheme-operator-test
... compile t/qualification/scheme-library-contract-test
... compile t/qualification/ascent-arity-repetition-output
... compile t/qualification/ascent-byods-session-output
... compile t/qualification/ascent-multi-source-session-output
... compile t/qualification/ascent-grouped-eqrel-session-output
... compile t/qualification/ascent-byods-lattice-session-output
... execute compile job (compile-file /Users/guangtao/ghq/github.com/tao3k/meta-relational-reasoning/.data/worktrees/ascent-dsl-closure-20261004/.cache/ascent/native-library/lib/gerbil-ascent/program/scheme-admission.scm)
... execute compile job (compile-file /Users/guangtao/ghq/github.com/tao3k/meta-relational-reasoning/.data/worktrees/ascent-dsl-closure-20261004/.cache/ascent/native-library/lib/gerbil-ascent/program/scheme-admission~1.scm)
... execute compile job (compile-file /Users/guangtao/ghq/github.com/tao3k/meta-relational-reasoning/.data/worktrees/ascent-dsl-closure-20261004/.cache/ascent/native-library/lib/gerbil-ascent/program/scheme-language.scm)
... execute compile job (compile-file /Users/guangtao/ghq/github.com/tao3k/meta-relational-reasoning/.data/worktrees/ascent-dsl-closure-20261004/.cache/ascent/native-library/lib/gerbil-ascent/program/operator-session~0.scm)
... execute compile job (compile-file /Users/guangtao/ghq/github.com/tao3k/meta-relational-reasoning/.data/worktrees/ascent-dsl-closure-20261004/.cache/ascent/native-library/lib/gerbil-ascent/program/operator-session.scm)
... execute compile job (compile-file /Users/guangtao/ghq/github.com/tao3k/meta-relational-reasoning/.data/worktrees/ascent-dsl-closure-20261004/.cache/ascent/native-library/lib/gerbil-ascent/program/operator-session~1.scm)
... execute compile job (compile-file /Users/guangtao/ghq/github.com/tao3k/meta-relational-reasoning/.data/worktrees/ascent-dsl-closure-20261004/.cache/ascent/native-library/lib/gerbil-ascent/program/scheme-language~1.scm)
... execute compile job (compile-file /Users/guangtao/ghq/github.com/tao3k/meta-relational-reasoning/.data/worktrees/ascent-dsl-closure-20261004/.cache/ascent/native-library/lib/gerbil-ascent/candidate/reasoning~0.scm)
... execute compile job (compile-file /Users/guangtao/ghq/github.com/tao3k/meta-relational-reasoning/.data/worktrees/ascent-dsl-closure-20261004/.cache/ascent/native-library/lib/gerbil-ascent/candidate/reasoning.scm)
... execute compile job (compile-file /Users/guangtao/ghq/github.com/tao3k/meta-relational-reasoning/.data/worktrees/ascent-dsl-closure-20261004/.cache/ascent/native-library/lib/gerbil-ascent/t/qualification/scheme-closure-contract-test~0.scm)
... execute compile job (compile-file /Users/guangtao/ghq/github.com/tao3k/meta-relational-reasoning/.data/worktrees/ascent-dsl-closure-20261004/.cache/ascent/native-library/lib/gerbil-ascent/t/qualification/scheme-closure-contract-test.scm)
... execute compile job (compile-file /Users/guangtao/ghq/github.com/tao3k/meta-relational-reasoning/.data/worktrees/ascent-dsl-closure-20261004/.cache/ascent/native-library/lib/gerbil-ascent/candidate/reasoning~1.scm)
... execute compile job (compile-file /Users/guangtao/ghq/github.com/tao3k/meta-relational-reasoning/.data/worktrees/ascent-dsl-closure-20261004/.cache/ascent/native-library/lib/gerbil-ascent/t/qualification/scheme-session-deletion-test~0.scm)
... execute compile job (compile-file /Users/guangtao/ghq/github.com/tao3k/meta-relational-reasoning/.data/worktrees/ascent-dsl/var/folders/pj/n33bqzy94yn9wxggj3rny0d00000gn/T/just-TozZlE/build-dsl-closure: line 709: 86957 Killed: 9                  timeout --signal=KILL 180s bash -e -c '"$@" -:max-heap=1G,debug=q t/harness/run.ss build-dsl-closure; python3 tools/dsl-closure-artifact.py finalize' build-dsl-closure "${compiler[@]}"
error: recipe `build-dsl-closure` failed with exit code 137
real 186.16
user 0.04
sys 0.03
