[build-activity] cpu-advance=0.090s processes=2
[build-activity] cpu-advance=0.110s processes=2
[build-activity] cpu-advance=0.120s processes=2
[build-activity] cpu-advance=0.150s processes=2
[build-activity] cpu-advance=0.130s processes=2
[build-activity] cpu-advance=0.100s processes=2
[build-activity] cpu-advance=0.140s processes=2
[build-activity] cpu-advance=0.100s processes=2
[build-activity] cpu-advance=0.080s processes=2
[build-activity] cpu-advance=0.110s processes=2
[build-activity] cpu-advance=0.110s processes=2
[build-activity] cpu-advance=0.140s processes=2
[build-activity] cpu-advance=0.070s processes=2
[build-activity] cpu-advance=0.090s processes=2
[build-activity] cpu-advance=0.160s processes=2
[build-activity] cpu-advance=0.120s processes=2
[build-activity] cpu-advance=0.130s processes=2
[build-activity] cpu-advance=0.110s processes=2
[build-activity] cpu-advance=0.120s processes=2
DSL-SOURCE-FROZEN
[build-activity] cpu-advance=0.070s processes=2
[build-activity] cpu-advance=0.110s processes=2
[build-activity] cpu-advance=0.150s processes=2
[build-activity] cpu-advance=0.110s processes=2
[build-activity] cpu-advance=0.100s processes=2
[build-activity] cpu-advance=0.110s processes=2
[build-activity] cpu-advance=0.100s processes=2
[build-activity] cpu-advance=0.060s processes=2
[build-activity] cpu-advance=0.120s processes=2
[build-activity] cpu-advance=0.090s processes=2
[build-activity] cpu-advance=0.080s processes=2
[build-activity] cpu-advance=0.120s processes=2
[build-activity] cpu-advance=0.110s processes=2
[build-activity] cpu-advance=0.070s processes=2
[build-activity] cpu-advance=0.090s processes=2
[build-activity] cpu-advance=0.110s processes=2
[build-activity] cpu-advance=0.130s processes=2
[build-activity] cpu-advance=0.090s processes=2
[build-activity] cpu-advance=0.090s processes=2
[build-activity] cpu-advance=0.110s processes=2
[build-activity] cpu-advance=0.100s processes=2
[build-activity] cpu-advance=0.090s processes=2
[build-activity] cpu-advance=0.080s processes=2
[build-activity] cpu-advance=0.130s processes=2
[build-activity] cpu-advance=0.110s processes=2
[build-activity] cpu-advance=0.090s processes=2
[build-activity] cpu-advance=0.130s processes=2
[build-activity] cpu-advance=0.100s processes=2
[build-activity] cpu-advance=0.100s processes=2
... compile t/qualification/scheme-artifact-test
[build-activity] cpu-advance=0.140s processes=2
[build-activity] cpu-advance=0.100s processes=2
[build-activity] cpu-advance=0.120s processes=2
... compile program/higher-order
[build-activity] cpu-advance=0.170s processes=2
[build-activity] cpu-advance=0.140s processes=2
[build-activity] cpu-advance=0.130s processes=2
[build-activity] cpu-advance=0.130s processes=2
[build-activity] cpu-advance=0.090s processes=2
[build-activity] cpu-advance=0.120s processes=2
[build-activity] cpu-advance=0.120s processes=2
[build-activity] cpu-advance=0.140s processes=2
[build-activity] cpu-advance=0.160s processes=2
[build-activity] cpu-advance=0.100s processes=2
[build-activity] cpu-advance=0.120s processes=2
[build-activity] cpu-advance=0.160s processes=2
[build-activity] cpu-advance=0.290s processes=7
... execute compile job (compile-file /Users/guangtao/ghq/github.com/tao3k/meta-relational-reasoning/.data/worktrees/ascent-dsl-closure-20261004/.cache/ascent/native-library/lib/gerbil-ascent/t/qualification/scheme-artifact-test~0.scm)
... execute compile job (compile-file /Users/guangtao/ghq/github.com/tao3k/meta-relational-reasoning/.data/worktrees/ascent-dsl-closure-20261004/.cache/ascent/native-library/lib/gerbil-ascent/t/qualification/scheme-artifact-test.scm)
... execute compile job (compile-file /Users/guangtao/ghq/github.com/tao3k/meta-relational-reasoning/.data/worktrees/ascent-dsl-closure-20261004/.cache/ascent/native-library/lib/gerbil-ascent/program/higher-order~0.scm)
... execute compile job (compile-file /Users/guangtao/ghq/github.com/tao3k/meta-relational-reasoning/.data/worktrees/ascent-dsl-closure-20261004/.cache/ascent/native-library/lib/gerbil-ascent/program/higher-order.scm)
... execute compile job (compile-file /Users/guangtao/ghq/github.com/tao3k/meta-relational-reasoning/.data/worktrees/ascent-dsl-closure-20261004/.cache/ascent/native-library/lib/gerbil-ascent/program/higher-order~1.scm)
... compile t/qualification/scheme-model-closure-test
... compile t/qualification/scheme-higher-order-test
[build-activity] cpu-advance=0.720s processes=22
[build-activity] cpu-advance=0.550s processes=20
[build-activity] cpu-advance=0.670s processes=18
[build-activity] cpu-advance=0.560s processes=19
[build-activity] cpu-advance=0.460s processes=18
[build-activity] cpu-advance=0.670s processes=23
[build-activity] cpu-advance=0.560s processes=22
[build-activity] cpu-advance=0.430s processes=21
[build-activity] cpu-advance=0.480s processes=22
[build-activity] cpu-advance=0.380s processes=17
[build-activity] cpu-advance=0.330s processes=17
[build-activity] cpu-advance=0.310s processes=16
[build-activity] cpu-advance=0.230s processes=12
[build-activity] cpu-advance=0.190s processes=11
[build-activity] cpu-advance=0.020s processes=6
[build-activity] cpu-advance=0.100s processes=6
... execute compile job (compile-file /Users/guangtao/ghq/github.com/tao3k/meta-relational-reasoning/.data/worktrees/ascent-dsl-closure-20261004/.cache/ascent/native-library/lib/gerbil-ascent/t/qualification/scheme-model-closure-test~0.scm)
... execute compile job (compile-file /Users/guangtao/ghq/github.com/tao3k/meta-relational-reasoning/.data/worktrees/ascent-dsl-closure-20261004/.cache/ascent/native-library/lib/gerbil-ascent/t/qualification/scheme-model-closure-test.scm)
... execute compile job (compile-file /Users/guangtao/ghq/github.com/tao3k/meta-relational-reasoning/.data/worktrees/ascent-dsl-closure-20261004/.cache/ascent/native-library/lib/gerbil-ascent/t/qualification/scheme-model-closure-test~1.scm)
... execute compile job (compile-file /Users/guangtao/ghq/github.com/tao3k/meta-relational-reasoning/.data/worktrees/ascent-dsl-closure-20261004/.cache/ascent/native-library/lib/gerbil-ascent/t/qualification/scheme-higher-order-test~0.scm)
... execute compile job (compile-file /Users/guangtao/ghq/github.com/tao3k/meta-relational-reasoning/.data/worktrees/ascent-dsl-closure-20261004/.cache/ascent/native-library/lib/gerbil-ascent/t/qualification/scheme-higher-order-test.scm)
compile t/harness/dsl-closure.ss
compile gerbil-ascent/t/harness/dsl-closure
compile /Users/guangtao/ghq/github.com/tao3k/meta-relational-reasoning/.data/worktrees/ascent-dsl-closure-20261004/.cache/ascent/native-library/lib/gerbil-ascent/t/harness/dsl-closure~0.scm
compile /Users/guangtao/ghq/github.com/tao3k/meta-relational-reasoning/.data/worktrees/ascent-dsl-closure-20261004/.cache/ascent/native-library/lib/gerbil-ascent/t/harness/dsl-closure.scm
compile /Users/guangtao/ghq/github.com/tao3k/meta-relational-reasoning/.data/worktrees/ascent-dsl-closure-20261004/.cache/ascent/native-library/lib/gerbil-ascent/t/harness/dsl-closure.ssi
compile exe t/harness/dsl-closure.ss
*** ERROR IN gxc#compile-executable-module/separate -- 
*** ERROR IN ?
--- Syntax Error: cannot find static module
--- Context: 
 at (compile-exe t/harness/dsl-closure.ss)
... form:   gerbil-ascent/t/harness/prediction
... detail: "gerbil-ascent__t__harness__prediction.scm"
[build-activity] cpu-advance=0.110s processes=2
[build-activity] cpu-advance=0.170s processes=2
[build-activity] cpu-advance=0.090s processes=2
[build-activity] cpu-advance=0.120s processes=2
[build-activity] cpu-advance=0.140s processes=2
[build-activity] cpu-advance=0.120s processes=2
[build-activity] cpu-advance=0.120s processes=2
[build-activity] cpu-advance=0.190s processes=2
error: recipe `build-dsl-closure` failed with exit code 70
