python3 tools/test_execution.py run -- python3 tools/performance_execution.py "ascent-table-expression"
[native-performance] REUSE verified snapshot /Users/guangtao/ghq/github.com/tao3k/gerbil-ascent/.gerbil/performance-execution/snapshot-wcd971i2/snapshot.json
[ascent-ss] START ascent-table-expression (1000 samples)
[ascent-test] START t/performance/ascent-scenario-performance-test.ss
[test-lane] RUNNING exclusive (5s)
[test-lane] RUNNING exclusive (5s)
HARNESS ("t/performance/ascent-scenario-performance-test.ss")
MODULE t/performance/ascent-scenario-performance-test.ss
SUITE ASCENT SS scenario
CASE bounded scenario
NATIVE-MODULES-OK
[test-lane] RUNNING exclusive (10s)
[ascent-ss] RUNNING ascent-table-expression (10s)
[test-lane] RUNNING exclusive (10s)
[test-lane] RUNNING exclusive (15s)
[test-lane] RUNNING exclusive (15s)
[test-lane] RUNNING exclusive (20s)
[ascent-ss] RUNNING ascent-table-expression (20s)
[test-lane] RUNNING exclusive (20s)
[test-lane] RUNNING exclusive (25s)
[test-lane] RUNNING exclusive (25s)
[test-lane] RUNNING exclusive (30s)
[ascent-ss] RUNNING ascent-table-expression (30s)
[test-lane] RUNNING exclusive (30s)
[test-lane] RUNNING exclusive (35s)
[test-lane] RUNNING exclusive (35s)
[test-lane] RUNNING exclusive (40s)
[ascent-ss] RUNNING ascent-table-expression (40s)
[test-lane] RUNNING exclusive (40s)
[test-lane] RUNNING exclusive (45s)
[test-lane] RUNNING exclusive (45s)
[test-lane] RUNNING exclusive (50s)
[ascent-ss] RUNNING ascent-table-expression (50s)
[test-lane] RUNNING exclusive (50s)
[test-lane] RUNNING exclusive (55s)
[test-lane] RUNNING exclusive (55s)
[test-lane] RUNNING exclusive (60s)
[ascent-ss] RUNNING ascent-table-expression (60s)
[test-lane] RUNNING exclusive (60s)
[test-lane] RUNNING exclusive (65s)
[test-lane] RUNNING exclusive (65s)
[test-lane] RUNNING exclusive (70s)
[ascent-ss] RUNNING ascent-table-expression (70s)
[test-lane] RUNNING exclusive (70s)
[test-lane] RUNNING exclusive (75s)
[test-lane] RUNNING exclusive (75s)
ERROR CASE bounded scenario

*** ERROR IN ? [Error]: ASCENT relation projection exceeded the benchmark budget
--- irritants: ((benchmarkKind . scenario-e2e) (rule . GERBIL-SCHEME-AGENT-R031) (feature . ascent-table-expression) (optimizationFocus . "optimized Scheme module with official UIntTrieSet foldl input, local vector adjacency, bounded byte-vector deduplication, and canonical list-sort output") (inputShape . "256 vertices with two outgoing edges each, encoded as 512 bounded binary pairs") (expectedOutcome . "one- and two-hop relation projection has 1024 distinct pairs") (timingSource . ":std/time/precise#current-time-precise") (elapsedNs . 6178000) (elapsed . "6.178ms") (admissionStatistic . p95) (runtimeStats (timingSource . ":std/time/precise#current-time-precise") (memorySource . ":gerbil/runtime/gambit###process-statistics") (gcPrecondition . ":gerbil/runtime/gambit###gc") (memoryBefore (gc-heap-size . 379284880) (gc-alloc . 41090949560) (gc-live . 122868176) (gc-movable . 116876352) (gc-still . 5991824)) (memoryAfter (gc-heap-size . 379284880) (gc-alloc . 41090949560) (gc-live . 122868176) (gc-movable . 116876352) (gc-still . 5991824)) (memoryDelta (gc-heap-size . 0) (gc-alloc . 0) (gc-live . 0) (gc-movable . 0) (gc-still . 0))) (max_total . 2000us) (sampleCount . 1000) (samplesNs 408000 303000 295000 294000 293000 293000 293000 295000 1053000 807000 725000 619000 905000 320000 302000 296000 295000 294000 294000 320000 363000 302000 297000 296000 297000 1089000 295000 293000 292000 292000 291000 291000 294000 291000 290000 5632000 302000 294000 294000 292000 820000 309000 297000 299000 293000 292000 291000 289000 289000 294000 291000 291000 291000 292000 296000 293000 291000 290000 291000 289000 379000 303000 853000 712000 6017000 308000 295000 293000 293000 40088000 341000 15095000 319000 301000 292000 8184000 2063000 67611000 16472000 312000 19949000 323000 4142000 576000 3908000 1137000 315000 298000 294000 293000 293000 519000 306000 295000 10206000 724000 833000 679000 420000 905000 378000 302000 1320000 34354000 19016000 360000 300000 297000 295000 8507000 314000 298000 294000 296000 297000 296000 294000 293000 361000 9094000 781000 328000 303000 355000 637000 304000 347000 298000 295000 299000 292000 647000 466000 725000 746000 720000 716000 675000 667000 676000 360000 299000 295000 293000 293000 296000 302000 297000 293000 291000 292000 292000 306000 294000 293000 291000 290000 291000 293000 298000 7910000 6490000 314000 6178000 323000 298000 7163000 323000 305000 294000 295000 299000 292000 300000 298000 299000 290000 291000 291000 326000 359000 299000 295000 295000 292000 293000 294000 293000 291000 293000 293000 293000 293000 291000 293000 296000 298000 292000 9515000 1057000 753000 1912000 328000 297000 294000 298000 296000 510000 1096000 13115000 310000 3092000 317000 298000 343000 297000 296000 295000 294000 295000 666000 308000 295000 294000 292000 533000 778000 1038000 329000 300000 301000 444000 539000 324000 296000 291000 291000 513000 291000 819000 372000 307000 297000 559000 11697000 88499000 8641000 20635000 336000 303000 298000 16531000 2291000 322000 300000 297000 297000 298000 295000 292000 423000 306000 297000 294000 685000 338000 1280000 317000 301000 298000 298000 583000 542000 299000 361000 384000 295000 293000 67151000 317000 365000 297000 293000 293000 300000 300000 292000 293000 302000 302000 295000 293000 297000 294000 680000 302000 291000 291000 292000 292000 364000 4554000 745000 685000 494000 2214000 484000 299000 294000 293000 301000 292000 293000 291000 299000 297000 298000 299000 298000 295000 365000 299000 295000 293000 292000 292000 292000 292000 295000 293000 292000 306000 292000 290000 292000 291000 291000 290000 3083000 7611000 452000 309000 299000 294000 318000 303000 293000 305000 321000 297000 293000 293000 292000 298000 298000 292000 294000 291000 291000 291000 346000 295000 292000 292000 290000 291000 292000 292000 291000 303000 293000 292000 292000 294000 290000 292000 2310000 465000 309000 3677000 354000 297000 292000 306000 1301000 873000 976000 779000 838000 1510000 1764000 802000 316000 302000 1861000 905000 298000 421000 833000 1904000 368000 306000 2598000 325000 298000 297000 295000 293000 531000 652000 298000 292000 291000 291000 291000 291000 290000 290000 300000 295000 361000 300000 295000 292000 292000 16757000 383000 422000 306000 296000 293000 295000 293000 293000 293000 295000 291000 293000 291000 291000 811000 39283000 327000 299000 4024000 354000 302000 294000 294000 292000 294000 292000 293000 291000 291000 291000 292000 292000 291000 290000 363000 299000 295000 296000 878000 310000 294000 292000 292000 326000 416000 557000 306000 298000 293000 4874000 626000 303000 297000 294000 414000 5344000 709000 956000 512000 360000 297000 296000 293000 842000 306000 296000 301000 295000 297000 292000 297000 292000 292000 293000 373000 299000 295000 295000 295000 771000 311000 297000 295000 297000 294000 295000 294000 294000 292000 292000 292000 291000 290000 290000 361000 301000 295000 295000 295000 294000 293000 292000 295000 393000 314000 294000 296000 292000 293000 296000 461000 433000 418000 298000 369000 300000 295000 296000 299000 295000 294000 292000 292000 291000 294000 299000 299000 292000 293000 290000 291000 291000 312000 498000 358000 301000 299000 296000 295000 296000 296000 295000 299000 296000 298000 295000 294000 295000 297000 298000 297000 320000 297000 292000 453000 300000 2077000 333000 300000 296000 342000 305000 296000 295000 298000 724000 900000 686000 324000 1836000 643000 309000 296000 295000 478000 320000 304000 1674000 328000 300000 301000 322000 421000 1204000 2793000 800000 5742000 316000 299000 2680000 2541000 555000 314000 830000 374000 303000 294000 633000 528000 519000 342000 308000 860000 310000 293000 292000 295000 292000 23629000 320000 300000 296000 1918000 6571000 728000 858000 553000 303000 1379000 310000 301000 1816000 706000 308000 2242000 297000 293000 293000 294000 24445000 322000 301000 301000 66558000 381000 806000 16937000 2396000 306000 304000 300000 298000 300000 663000 306000 294000 293000 11261000 304000 8150000 6200000 302000 295000 1634000 479000 302000 294000 293000 723000 469000 301000 293000 293000 1198000 504000 43770000 981000 1007000 314000 298000 295000 525000 647000 654000 374000 300000 295000 299000 104263000 319000 297000 294000 293000 292000 294000 17900000 325000 17199000 628000 326000 295000 1488000 306000 296000 387000 309000 293000 2125000 334000 298000 294000 294000 293000 294000 293000 291000 292000 292000 292000 292000 292000 294000 296000 293000 776000 671000 447000 541000 1238000 648000 593000 301000 318000 579000 344000 348000 312000 299000 295000 294000 295000 294000 293000 293000 399000 316000 314000 307000 307000 308000 307000 310000 308000 308000 321000 307000 293000 294000 5339000 1576000 9172000 325000 1239000 310000 801000 326000 454000 302000 350000 318000 300000 296000 298000 296000 294000 296000 293000 293000 294000 294000 296000 294000 293000 294000 449000 350000 495000 344000 310000 611000 1130000 341000 298000 295000 294000 294000 293000 292000 293000 291000 291000 294000 292000 292000 1295000 813000 706000 604000 719000 746000 1950000 872000 710000 328000 384000 304000 1674000 806000 300000 302000 330000 329000 458000 344000 392000 302000 296000 3021000 708000 44603000 386000 297000 292000 292000 292000 1468000 308000 295000 294000 293000 292000 294000 302000 294000 815000 886000 1565000 317000 1623000 9968000 36321000 31590000 16934000 35615000 315000 301000 297000 293000 294000 294000 298000 298000 298000 298000 371000 301000 309000 294000 294000 2263000 690000 861000 747000 667000 10548000 19108000 322000 298000 296000 294000 320000 304000 295000 293000 400000 303000 300000 293000 293000 292000 294000 291000 291000 290000 291000 290000 292000 292000 292000 292000 291000 292000 290000 290000 444000 306000 296000 292000 294000 291000 312000 870000 1953000 304000 299000 341000 304000 294000 292000 1927000 556000 308000 307000 301000 1709000 538000 627000 29622000 330000 298000 295000 294000 47231000 30970000 4450000 121057000 329000 300000 293000 292000 293000 292000 292000 292000 902000 4426000 5301000 1194000 600000 1986000 1038000 307000 581000 631000 313000 300000 295000 2346000 1012000 1879000 673000 809000 312000 296000 373000 300000 296000 293000 292000 294000 297000 296000 292000 297000 296000 293000 294000 557000 303000 296000 298000 295000 294000 305000) (minNs . 289000) (p50Ns . 300000) (p95Ns . 6178000) (maxNs . 121057000) (target_total . 950us) (regression_budget . 1050us) (expected_over_input_budget . 1000us) (targetRationale . "Measure index construction and demanded two-hop relation composition together over 512 source pairs.") (measurementPhases baseline-projection candidate-projection assert-semantic-gate assert-time-gate observe-runtime-memory) (status . fail)) 
--- continuation backtrace:
[0] error                                                                                                                                                                   
[1] (interaction)                                                                                                                                                           "t/scenarios/performance/ascent-table-expression/scenario.ss"@57:7-58:32                                                                                                     (error "ASCENT relation projection exceeded the benchmark budget" #:candidate-receipt2146)
[2] ##load                                                                                                                                                                  
[3] ##load                                                                                                                                                                  
[4] core/observability/debug#call-with-poo-flow-debug-memory-case-watchdog__%                                                                                               
[5] ##call-with-values                                                                                                                                                      
[6] std/test/base#__test-case!                                                                                                                                                                                                                                                                                                                           ((let () (declare (not safe)) (##unchecked-structure-ref _%tc499784%_ '6 '#f '#f)))
[7] std/test/base#__test-suite!                                                                                                                                                                                                                                                                                                                          (##call-with-current-continuation __tmp242471)
[8] std/test/base#__test-suite!                                                                                                                                                                                                                                                                                                                          (##for-each __tmp242470 __tmp242469)
[9] std/test/base#__test-suite!                                                                                                                                                                                                                                                                                                                          (##for-each __tmp242470 __tmp242469)
...
[13] std/test/base#__test-harness!                                                                                                                                                                                                                                                                                                                       (##call-with-current-continuation __tmp242457)
[14] std/test/base#__test-harness!                                                                                                                                                                                                                                                                                                                       (##for-each __tmp242456 __tmp242455)
[15] std/test/base#__test-harness!                                                                                                                                                                                                                                                                                                                       (##for-each __tmp242456 __tmp242455)
[16] gerbil/tools/gxtest#gxtest-main                                                                                                                                        
SUITE-OK ASCENT SS scenario
MODULE-OK t/performance/ascent-scenario-performance-test.ss
HARNESS-OK ("t/performance/ascent-scenario-performance-test.ss")
ERROR HARNESS (t/performance/ascent-scenario-performance-test.ss)
at HARNESS ("t/performance/ascent-scenario-performance-test.ss")
at MODULE t/performance/ascent-scenario-performance-test.ss
at SUITE ASCENT SS scenario
at CASE bounded scenario

*** ERROR IN ? [Error]: ASCENT relation projection exceeded the benchmark budget
--- irritants: ((benchmarkKind . scenario-e2e) (rule . GERBIL-SCHEME-AGENT-R031) (feature . ascent-table-expression) (optimizationFocus . "optimized Scheme module with official UIntTrieSet foldl input, local vector adjacency, bounded byte-vector deduplication, and canonical list-sort output") (inputShape . "256 vertices with two outgoing edges each, encoded as 512 bounded binary pairs") (expectedOutcome . "one- and two-hop relation projection has 1024 distinct pairs") (timingSource . ":std/time/precise#current-time-precise") (elapsedNs . 6178000) (elapsed . "6.178ms") (admissionStatistic . p95) (runtimeStats (timingSource . ":std/time/precise#current-time-precise") (memorySource . ":gerbil/runtime/gambit###process-statistics") (gcPrecondition . ":gerbil/runtime/gambit###gc") (memoryBefore (gc-heap-size . 379284880) (gc-alloc . 41090949560) (gc-live . 122868176) (gc-movable . 116876352) (gc-still . 5991824)) (memoryAfter (gc-heap-size . 379284880) (gc-alloc . 41090949560) (gc-live . 122868176) (gc-movable . 116876352) (gc-still . 5991824)) (memoryDelta (gc-heap-size . 0) (gc-alloc . 0) (gc-live . 0) (gc-movable . 0) (gc-still . 0))) (max_total . 2000us) (sampleCount . 1000) (samplesNs 408000 303000 295000 294000 293000 293000 293000 295000 1053000 807000 725000 619000 905000 320000 302000 296000 295000 294000 294000 320000 363000 302000 297000 296000 297000 1089000 295000 293000 292000 292000 291000 291000 294000 291000 290000 5632000 302000 294000 294000 292000 820000 309000 297000 299000 293000 292000 291000 289000 289000 294000 291000 291000 291000 292000 296000 293000 291000 290000 291000 289000 379000 303000 853000 712000 6017000 308000 295000 293000 293000 40088000 341000 15095000 319000 301000 292000 8184000 2063000 67611000 16472000 312000 19949000 323000 4142000 576000 3908000 1137000 315000 298000 294000 293000 293000 519000 306000 295000 10206000 724000 833000 679000 420000 905000 378000 302000 1320000 34354000 19016000 360000 300000 297000 295000 8507000 314000 298000 294000 296000 297000 296000 294000 293000 361000 9094000 781000 328000 303000 355000 637000 304000 347000 298000 295000 299000 292000 647000 466000 725000 746000 720000 716000 675000 667000 676000 360000 299000 295000 293000 293000 296000 302000 297000 293000 291000 292000 292000 306000 294000 293000 291000 290000 291000 293000 298000 7910000 6490000 314000 6178000 323000 298000 7163000 323000 305000 294000 295000 299000 292000 300000 298000 299000 290000 291000 291000 326000 359000 299000 295000 295000 292000 293000 294000 293000 291000 293000 293000 293000 293000 291000 293000 296000 298000 292000 9515000 1057000 753000 1912000 328000 297000 294000 298000 296000 510000 1096000 13115000 310000 3092000 317000 298000 343000 297000 296000 295000 294000 295000 666000 308000 295000 294000 292000 533000 778000 1038000 329000 300000 301000 444000 539000 324000 296000 291000 291000 513000 291000 819000 372000 307000 297000 559000 11697000 88499000 8641000 20635000 336000 303000 298000 16531000 2291000 322000 300000 297000 297000 298000 295000 292000 423000 306000 297000 294000 685000 338000 1280000 317000 301000 298000 298000 583000 542000 299000 361000 384000 295000 293000 67151000 317000 365000 297000 293000 293000 300000 300000 292000 293000 302000 302000 295000 293000 297000 294000 680000 302000 291000 291000 292000 292000 364000 4554000 745000 685000 494000 2214000 484000 299000 294000 293000 301000 292000 293000 291000 299000 297000 298000 299000 298000 295000 365000 299000 295000 293000 292000 292000 292000 292000 295000 293000 292000 306000 292000 290000 292000 291000 291000 290000 3083000 7611000 452000 309000 299000 294000 318000 303000 293000 305000 321000 297000 293000 293000 292000 298000 298000 292000 294000 291000 291000 291000 346000 295000 292000 292000 290000 291000 292000 292000 291000 303000 293000 292000 292000 294000 290000 292000 2310000 465000 309000 3677000 354000 297000 292000 306000 1301000 873000 976000 779000 838000 1510000 1764000 802000 316000 302000 1861000 905000 298000 421000 833000 1904000 368000 306000 2598000 325000 298000 297000 295000 293000 531000 652000 298000 292000 291000 291000 291000 291000 290000 290000 300000 295000 361000 300000 295000 292000 292000 16757000 383000 422000 306000 296000 293000 295000 293000 293000 293000 295000 291000 293000 291000 291000 811000 39283000 327000 299000 4024000 354000 302000 294000 294000 292000 294000 292000 293000 291000 291000 291000 292000 292000 291000 290000 363000 299000 295000 296000 878000 310000 294000 292000 292000 326000 416000 557000 306000 298000 293000 4874000 626000 303000 297000 294000 414000 5344000 709000 956000 512000 360000 297000 296000 293000 842000 306000 296000 301000 295000 297000 292000 297000 292000 292000 293000 373000 299000 295000 295000 295000 771000 311000 297000 295000 297000 294000 295000 294000 294000 292000 292000 292000 291000 290000 290000 361000 301000 295000 295000 295000 294000 293000 292000 295000 393000 314000 294000 296000 292000 293000 296000 461000 433000 418000 298000 369000 300000 295000 296000 299000 295000 294000 292000 292000 291000 294000 299000 299000 292000 293000 290000 291000 291000 312000 498000 358000 301000 299000 296000 295000 296000 296000 295000 299000 296000 298000 295000 294000 295000 297000 298000 297000 320000 297000 292000 453000 300000 2077000 333000 300000 296000 342000 305000 296000 295000 298000 724000 900000 686000 324000 1836000 643000 309000 296000 295000 478000 320000 304000 1674000 328000 300000 301000 322000 421000 1204000 2793000 800000 5742000 316000 299000 2680000 2541000 555000 314000 830000 374000 303000 294000 633000 528000 519000 342000 308000 860000 310000 293000 292000 295000 292000 23629000 320000 300000 296000 1918000 6571000 728000 858000 553000 303000 1379000 310000 301000 1816000 706000 308000 2242000 297000 293000 293000 294000 24445000 322000 301000 301000 66558000 381000 806000 16937000 2396000 306000 304000 300000 298000 300000 663000 306000 294000 293000 11261000 304000 8150000 6200000 302000 295000 1634000 479000 302000 294000 293000 723000 469000 301000 293000 293000 1198000 504000 43770000 981000 1007000 314000 298000 295000 525000 647000 654000 374000 300000 295000 299000 104263000 319000 297000 294000 293000 292000 294000 17900000 325000 17199000 628000 326000 295000 1488000 306000 296000 387000 309000 293000 2125000 334000 298000 294000 294000 293000 294000 293000 291000 292000 292000 292000 292000 292000 294000 296000 293000 776000 671000 447000 541000 1238000 648000 593000 301000 318000 579000 344000 348000 312000 299000 295000 294000 295000 294000 293000 293000 399000 316000 314000 307000 307000 308000 307000 310000 308000 308000 321000 307000 293000 294000 5339000 1576000 9172000 325000 1239000 310000 801000 326000 454000 302000 350000 318000 300000 296000 298000 296000 294000 296000 293000 293000 294000 294000 296000 294000 293000 294000 449000 350000 495000 344000 310000 611000 1130000 341000 298000 295000 294000 294000 293000 292000 293000 291000 291000 294000 292000 292000 1295000 813000 706000 604000 719000 746000 1950000 872000 710000 328000 384000 304000 1674000 806000 300000 302000 330000 329000 458000 344000 392000 302000 296000 3021000 708000 44603000 386000 297000 292000 292000 292000 1468000 308000 295000 294000 293000 292000 294000 302000 294000 815000 886000 1565000 317000 1623000 9968000 36321000 31590000 16934000 35615000 315000 301000 297000 293000 294000 294000 298000 298000 298000 298000 371000 301000 309000 294000 294000 2263000 690000 861000 747000 667000 10548000 19108000 322000 298000 296000 294000 320000 304000 295000 293000 400000 303000 300000 293000 293000 292000 294000 291000 291000 290000 291000 290000 292000 292000 292000 292000 291000 292000 290000 290000 444000 306000 296000 292000 294000 291000 312000 870000 1953000 304000 299000 341000 304000 294000 292000 1927000 556000 308000 307000 301000 1709000 538000 627000 29622000 330000 298000 295000 294000 47231000 30970000 4450000 121057000 329000 300000 293000 292000 293000 292000 292000 292000 902000 4426000 5301000 1194000 600000 1986000 1038000 307000 581000 631000 313000 300000 295000 2346000 1012000 1879000 673000 809000 312000 296000 373000 300000 296000 293000 292000 294000 297000 296000 292000 297000 296000 293000 294000 557000 303000 296000 298000 295000 294000 305000) (minNs . 289000) (p50Ns . 300000) (p95Ns . 6178000) (maxNs . 121057000) (target_total . 950us) (regression_budget . 1050us) (expected_over_input_budget . 1000us) (targetRationale . "Measure index construction and demanded two-hop relation composition together over 512 source pairs.") (measurementPhases baseline-projection candidate-projection assert-semantic-gate assert-time-gate observe-runtime-memory) (status . fail)) 
--- continuation backtrace:
[0] error                                                                                                                                                                   
[1] (interaction)                                                                                                                                                           "t/scenarios/performance/ascent-table-expression/scenario.ss"@57:7-58:32                                                                                                     (error "ASCENT relation projection exceeded the benchmark budget" #:candidate-receipt2146)
[2] ##load                                                                                                                                                                  
[3] ##load                                                                                                                                                                  
[4] core/observability/debug#call-with-poo-flow-debug-memory-case-watchdog__%                                                                                               
[5] ##call-with-values                                                                                                                                                      
[6] std/test/base#__test-case!                                                                                                                                                                                                                                                                                                                           ((let () (declare (not safe)) (##unchecked-structure-ref _%tc499784%_ '6 '#f '#f)))
[7] std/test/base#__test-suite!                                                                                                                                                                                                                                                                                                                          (##call-with-current-continuation __tmp242471)
[8] std/test/base#__test-suite!                                                                                                                                                                                                                                                                                                                          (##for-each __tmp242470 __tmp242469)
[9] std/test/base#__test-suite!                                                                                                                                                                                                                                                                                                                          (##for-each __tmp242470 __tmp242469)
...
[13] std/test/base#__test-harness!                                                                                                                                                                                                                                                                                                                       (##call-with-current-continuation __tmp242457)
[14] std/test/base#__test-harness!                                                                                                                                                                                                                                                                                                                       (##for-each __tmp242456 __tmp242455)
[15] std/test/base#__test-harness!                                                                                                                                                                                                                                                                                                                       (##for-each __tmp242456 __tmp242455)
[16] gerbil/tools/gxtest#gxtest-main                                                                                                                                        
[test-lane] RUNNING exclusive (80s)
[ascent-ss] RUNNING ascent-table-expression (80s)
[test-lane] RUNNING exclusive (80s)
[test-lane] END exclusive exit=0
error: recipe `test-file` failed with exit code 1
[ascent-ss] FAIL ascent-table-expression (82s, exit=1)
error: recipe `_performance-scenario` failed with exit code 1
Traceback (most recent call last):
  File "/Users/guangtao/ghq/github.com/tao3k/gerbil-ascent/tools/performance_execution.py", line 148, in <module>
    main()
    ~~~~^^
  File "/Users/guangtao/ghq/github.com/tao3k/gerbil-ascent/tools/performance_execution.py", line 143, in main
    run(['just', '_performance-scenario', target], environment)
    ~~~^^^^^^^^^^^^^^^^^^^^^^^^^^^^^^^^^^^^^^^^^^^^^^^^^^^^^^^^
  File "/Users/guangtao/ghq/github.com/tao3k/gerbil-ascent/tools/performance_execution.py", line 53, in run
    return subprocess.run(command, cwd=ROOT, env=environment,
           ~~~~~~~~~~~~~~^^^^^^^^^^^^^^^^^^^^^^^^^^^^^^^^^^^^
                          pass_fds=(descriptor,), check=True)
                          ^^^^^^^^^^^^^^^^^^^^^^^^^^^^^^^^^^^
  File "/nix/store/6chc08n3zaqs22bv5wylgpmh85h7ykn6-python3-3.13.12-env/lib/python3.13/subprocess.py", line 577, in run
    raise CalledProcessError(retcode, process.args,
                             output=stdout, stderr=stderr)
subprocess.CalledProcessError: Command '['just', '_performance-scenario', 'ascent-table-expression']' returned non-zero exit status 1.
[test-lane] END exclusive exit=1
error: recipe `performance-scenario` failed on line 239 with exit code 1
