[test-lane] START exclusive python3
[general-rounds] START build
[test-lane] RUNNING exclusive (5s)
[general-rounds] RUNNING build
{'name': 'build', 'exit': 0, 'seconds': 5.838810166998883}
[general-rounds] START oracle
[test-lane] RUNNING exclusive (10s)
[general-rounds] RUNNING oracle
[test-lane] RUNNING exclusive (15s)
[general-rounds] RUNNING oracle
[test-lane] RUNNING exclusive (20s)
[general-rounds] RUNNING oracle
[test-lane] RUNNING exclusive (25s)
[general-rounds] RUNNING oracle
[test-lane] RUNNING exclusive (30s)
{'name': 'oracle', 'exit': 0, 'seconds': 24.792510375002166}
[general-rounds] START first
[test-lane] RUNNING exclusive (35s)
[general-rounds] RUNNING first
[test-lane] RUNNING exclusive (40s)
[general-rounds] RUNNING first
[test-lane] RUNNING exclusive (45s)
[general-rounds] RUNNING first
[test-lane] RUNNING exclusive (50s)
[general-rounds] RUNNING first
[test-lane] RUNNING exclusive (55s)
[general-rounds] RUNNING first
[test-lane] RUNNING exclusive (60s)
[general-rounds] RUNNING first
[test-lane] RUNNING exclusive (65s)
[general-rounds] RUNNING first
[test-lane] RUNNING exclusive (70s)
[general-rounds] RUNNING first
[test-lane] RUNNING exclusive (75s)
[general-rounds] RUNNING first
{'name': 'first', 'exit': 0, 'seconds': 47.78005008299078}
[general-rounds] START repeat
[test-lane] RUNNING exclusive (80s)
[general-rounds] RUNNING repeat
[test-lane] RUNNING exclusive (85s)
[general-rounds] RUNNING repeat
[test-lane] RUNNING exclusive (90s)
[general-rounds] RUNNING repeat
[test-lane] RUNNING exclusive (95s)
[general-rounds] RUNNING repeat
[test-lane] RUNNING exclusive (100s)
[general-rounds] RUNNING repeat
[test-lane] RUNNING exclusive (105s)
[general-rounds] RUNNING repeat
[test-lane] RUNNING exclusive (110s)
[general-rounds] RUNNING repeat
[test-lane] RUNNING exclusive (115s)
{'name': 'repeat', 'exit': 0, 'seconds': 36.57361554200179}
[test-lane] END exclusive exit=0
