NATIVE-MODULE-OK /Users/guangtao/ghq/github.com/tao3k/gerbil-ascent/.gerbil/general-rounds/lib/gerbil-ascent/table/expression.ssi
NATIVE-MODULE-OK /Users/guangtao/ghq/github.com/tao3k/gerbil-ascent/.gerbil/general-rounds/lib/gerbil-ascent/core/binary-program.ssi
NATIVE-MODULE-OK /Users/guangtao/ghq/github.com/tao3k/gerbil-ascent/.gerbil/general-rounds/lib/gerbil-ascent/t/performance/general-rounds/reference-expression.ssi
NATIVE-MODULE-OK /Users/guangtao/ghq/github.com/tao3k/gerbil-ascent/.gerbil/general-rounds/lib/gerbil-ascent/t/performance/general-rounds/reference-program.ssi
ORACLE 32/512
ORACLE 64/512
ORACLE 96/512
ORACLE 128/512
ORACLE 160/512
ORACLE 192/512
ORACLE 224/512
ORACLE 256/512
ORACLE 288/512
ORACLE 320/512
ORACLE 352/512
ORACLE 384/512
ORACLE 416/512
ORACLE 448/512
ORACLE 480/512
ORACLE 512/512
DENSE 16
DENSE 31
DENSE 32
DENSE 33
DENSE 64
DENSE 65
DENSE 127
DENSE 128
DENSE 129
GUARD-TRACE 3
GUARD-TRACE 16
GUARD-TRACE 32
BOUNDARY 16
BOUNDARY 31
BOUNDARY 32
BOUNDARY 128
BOUNDARY 129
BOUNDARY 256
BOUNDARY 512
BOUNDARY 513
PUBLICATION-MUTATION #f
PUBLICATION-MUTATION #t
OK
