python3 tools/test_execution.py run -- python3 tools/performance_execution.py "ascent-table-expression"
[native-performance] REUSE verified snapshot /Users/guangtao/ghq/github.com/tao3k/gerbil-ascent/t/performance/general-rounds/production-snapshot.json
[ascent-ss] START ascent-table-expression (1000 samples)
[ascent-test] START t/performance/ascent-scenario-performance-test.ss
[test-lane] RUNNING exclusive (5s)
[test-lane] RUNNING exclusive (5s)
HARNESS ("t/performance/ascent-scenario-performance-test.ss")
MODULE t/performance/ascent-scenario-performance-test.ss
SUITE ASCENT SS scenario
CASE bounded scenario
NATIVE-MODULES-OK
[test-lane] RUNNING exclusive (10s)
[ascent-ss] RUNNING ascent-table-expression (10s)
[test-lane] RUNNING exclusive (10s)
[test-lane] RUNNING exclusive (15s)
[test-lane] RUNNING exclusive (15s)
[test-lane] RUNNING exclusive (20s)
[ascent-ss] RUNNING ascent-table-expression (20s)
[test-lane] RUNNING exclusive (20s)
[test-lane] RUNNING exclusive (25s)
[test-lane] RUNNING exclusive (25s)
[test-lane] RUNNING exclusive (30s)
[ascent-ss] RUNNING ascent-table-expression (30s)
[test-lane] RUNNING exclusive (30s)
[test-lane] RUNNING exclusive (35s)
[test-lane] RUNNING exclusive (35s)
[test-lane] RUNNING exclusive (40s)
[ascent-ss] RUNNING ascent-table-expression (40s)
[test-lane] RUNNING exclusive (40s)
[test-lane] RUNNING exclusive (45s)
[test-lane] RUNNING exclusive (45s)
[test-lane] RUNNING exclusive (50s)
[ascent-ss] RUNNING ascent-table-expression (50s)
[test-lane] RUNNING exclusive (50s)
[test-lane] RUNNING exclusive (55s)
[test-lane] RUNNING exclusive (55s)
[test-lane] RUNNING exclusive (60s)
[ascent-ss] RUNNING ascent-table-expression (60s)
[test-lane] RUNNING exclusive (60s)
[test-lane] RUNNING exclusive (65s)
[test-lane] RUNNING exclusive (65s)
[test-lane] RUNNING exclusive (70s)
[ascent-ss] RUNNING ascent-table-expression (70s)
[test-lane] RUNNING exclusive (70s)
[test-lane] RUNNING exclusive (75s)
[test-lane] RUNNING exclusive (75s)
[test-lane] RUNNING exclusive (80s)
[ascent-ss] RUNNING ascent-table-expression (80s)
[test-lane] RUNNING exclusive (80s)
[test-lane] RUNNING exclusive (85s)
[test-lane] RUNNING exclusive (85s)
[test-lane] RUNNING exclusive (90s)
[ascent-ss] RUNNING ascent-table-expression (90s)
[test-lane] RUNNING exclusive (90s)
[test-lane] RUNNING exclusive (95s)
[test-lane] RUNNING exclusive (95s)
[test-lane] RUNNING exclusive (100s)
[ascent-ss] RUNNING ascent-table-expression (100s)
[test-lane] RUNNING exclusive (100s)
[test-lane] RUNNING exclusive (105s)
[test-lane] RUNNING exclusive (105s)
ERROR CASE bounded scenario

*** ERROR IN ? [Error]: ASCENT relation projection exceeded the benchmark budget
--- irritants: ((benchmarkKind . scenario-e2e) (rule . GERBIL-SCHEME-AGENT-R031) (feature . ascent-table-expression) (optimizationFocus . "optimized Scheme module with official UIntTrieSet foldl input, local vector adjacency, bounded byte-vector deduplication, and canonical list-sort output") (inputShape . "256 vertices with two outgoing edges each, encoded as 512 bounded binary pairs") (expectedOutcome . "one- and two-hop relation projection has 1024 distinct pairs") (timingSource . ":std/time/precise#current-time-precise") (elapsedNs . 7907000) (elapsed . "7.907ms") (admissionStatistic . p95) (runtimeStats (timingSource . ":std/time/precise#current-time-precise") (memorySource . ":gerbil/runtime/gambit###process-statistics") (gcPrecondition . ":gerbil/runtime/gambit###gc") (memoryBefore (gc-heap-size . 379284880) (gc-alloc . 38495526136) (gc-live . 119777504) (gc-movable . 113785680) (gc-still . 5991824)) (memoryAfter (gc-heap-size . 379284880) (gc-alloc . 38495526136) (gc-live . 119777504) (gc-movable . 113785680) (gc-still . 5991824)) (memoryDelta (gc-heap-size . 0) (gc-alloc . 0) (gc-live . 0) (gc-movable . 0) (gc-still . 0))) (max_total . 2000us) (sampleCount . 1000) (samplesNs 512000 2396000 675000 683000 312000 377000 330000 301000 296000 298000 294000 296000 295000 299000 294000 295000 294000 294000 296000 294000 362000 10549000 708000 542000 313000 301000 301000 299000 900000 325000 420000 306000 297000 298000 3318000 8945000 835000 3864000 352000 331000 3024000 960000 333000 304000 605000 708000 550000 648000 855000 4749000 834000 346000 862000 897000 308000 299000 568000 937000 610000 299000 365000 299000 296000 294000 293000 294000 294000 294000 293000 295000 293000 295000 938000 318000 302000 295000 294000 791000 377000 626000 381000 307000 305000 303000 316000 299000 297000 296000 295000 295000 295000 294000 294000 294000 295000 295000 90536000 673000 698000 769000 884000 950000 870000 660000 337000 308000 302000 2304000 352000 300000 299000 299000 1518000 801000 867000 986000 7907000 695000 1239000 511000 2006000 5477000 511000 597000 318000 304000 295000 295000 295000 296000 295000 2556000 29886000 2164000 322000 305000 296000 297000 295000 295000 371000 357000 302000 298000 3844000 411000 309000 298000 298000 296000 294000 293000 294000 1154000 9643000 619000 313000 1383000 336000 574000 374000 305000 379000 312000 300000 295000 295000 300000 10050000 353000 310000 304000 299000 297000 297000 295000 294000 295000 296000 302000 543000 735000 1215000 669000 590000 507000 449000 349000 398000 392000 503000 324000 305000 298000 316000 296000 292000 685000 310000 299000 428000 305000 299000 1405000 726000 718000 29451000 6913000 41917000 39201000 705000 33732000 50514000 819000 123717000 33491000 399000 333000 14049000 5961000 10793000 77257000 324000 303000 528000 326000 424000 836000 310000 304000 299000 813000 914000 737000 318000 627000 518000 936000 297000 294000 411000 992000 754000 317000 300000 298000 298000 295000 294000 299000 297000 296000 294000 651000 345000 301000 542000 611000 724000 646000 1092000 30165000 358000 313000 304000 302000 301000 296000 296000 294000 12052000 3319000 797000 564000 692000 625000 14293000 3332000 6220000 6606000 383000 306000 300000 294000 294000 294000 296000 297000 9683000 801000 865000 729000 711000 658000 651000 1391000 327000 307000 1055000 312000 380000 306000 16948000 742000 1525000 1533000 543000 321000 591000 4219000 319000 300000 301000 1017000 314000 326000 300000 297000 297000 299000 546000 1073000 304000 302000 304000 306000 302000 52102000 706000 309000 303000 300000 2138000 323000 304000 32070000 700000 15689000 763000 319000 380000 304000 298000 848000 302000 295000 298000 299000 483000 317000 305000 295000 297000 298000 299000 298000 300000 296000 293000 294000 8349000 315000 297000 298000 2496000 314000 298000 299000 4528000 347000 2453000 2859000 336000 311000 350000 306000 298000 297000 329000 299000 435000 302000 298000 296000 295000 397000 5197000 307000 296000 297000 295000 573000 338000 325000 304000 296000 521000 721000 773000 1262000 6233000 371000 303000 298000 7103000 6111000 325000 301000 297000 299000 300000 296000 296000 771000 309000 300000 295000 296000 295000 295000 393000 6751000 1546000 340000 308000 300000 388000 3905000 456000 2005000 328000 299000 298000 317000 296000 297000 11933000 28965000 1436000 808000 375000 304000 297000 296000 298000 296000 294000 295000 300000 296000 296000 296000 298000 301000 304000 875000 34881000 1191000 1215000 2152000 371000 305000 296000 295000 296000 295000 297000 306000 1952000 1419000 300000 295000 295000 665000 311000 6167000 469000 21903000 39314000 2482000 471000 311000 2875000 658000 761000 813000 3434000 1230000 782000 351000 316000 357000 304000 376000 3548000 902000 342000 1319000 625000 719000 771000 313000 304000 310000 303000 407000 311000 299000 298000 302000 301000 296000 296000 296000 296000 295000 327000 310000 306000 296000 1444000 836000 780000 689000 678000 898000 313000 298000 296000 355000 325000 300000 300000 298000 297000 300000 300000 297000 299000 296000 12730000 329000 301000 300000 761000 554000 581000 309000 297000 296000 298000 294000 294000 293000 293000 297000 295000 293000 294000 296000 392000 306000 299000 298000 297000 3053000 6242000 316000 299000 296000 297000 295000 8150000 19714000 330000 5216000 324000 302000 11717000 1464000 373000 304000 305000 299000 297000 297000 296000 296000 295000 296000 296000 294000 294000 294000 294000 293000 301000 315000 296000 296000 10281000 331000 308000 302000 299000 295000 295000 297000 302000 303000 304000 301000 303000 299000 295000 296000 299000 326000 301000 294000 412000 314000 299000 296000 295000 296000 333000 312000 299000 299000 297000 299000 296000 295000 293000 294000 295000 294000 294000 292000 412000 351000 314000 306000 310000 2685000 1695000 1220000 675000 663000 821000 1288000 767000 671000 520000 322000 302000 820000 840000 1340000 380000 304000 296000 295000 295000 296000 295000 6770000 325000 300000 927000 4022000 316000 304000 300000 298000 296000 298000 295000 310000 723000 335000 937000 399000 317000 746000 1213000 955000 869000 8490000 310000 300000 302000 314000 47409000 334000 1374000 9609000 311000 980000 596000 324000 303000 455000 1078000 952000 325000 301000 455000 703000 329000 917000 457000 961000 555000 316000 301000 991000 732000 427000 520000 8940000 420000 307000 311000 328000 629000 1165000 416000 403000 305000 472000 300000 298000 507000 467000 466000 495000 298000 8676000 992000 7704000 587000 319000 301000 298000 297000 296000 547000 1934000 357000 303000 300000 299000 624000 400000 1929000 27606000 3972000 336000 12223000 17039000 4215000 1950000 1315000 2404000 10025000 608000 774000 862000 817000 321000 299000 295000 297000 296000 295000 15090000 328000 301000 878000 322000 3457000 1309000 708000 325000 303000 299000 944000 3975000 2266000 1829000 1087000 1927000 334000 448000 1340000 320000 300000 305000 403000 305000 305000 302000 299000 11445000 316000 298000 299000 297000 1549000 1130000 311000 299000 298000 296000 295000 294000 294000 293000 364000 300000 297000 293000 293000 293000 294000 295000 299000 294000 4692000 16835000 5399000 324000 2267000 316000 298000 297000 296000 296000 384000 958000 895000 698000 678000 35262000 324000 975000 306000 298000 296000 296000 297000 295000 1478000 316000 299000 732000 824000 332000 569000 313000 298000 295000 622000 796000 675000 700000 328000 342000 308000 858000 598000 624000 493000 366000 317000 449000 312000 301000 368000 302000 297000 295000 293000 294000 294000 295000 295000 295000 932000 313000 300000 299000 299000 299000 296000 293000 298000 315000 384000 303000 297000 303000 297000 301000 299000 294000 295000 293000 297000 295000 297000 298000 296000 305000 299000 295000 295000 297000 407000 311000 1571000 537000 306000 909000 541000 312000 829000 976000 898000 835000 415000 489000 307000 388000 510000 334000 302000 298000 383000 304000 298000 297000 294000 295000 336000 310000 299000 298000 884000 765000 316000 300000 299000 296000 294000 296000 294000 293000 377000 311000 310000 7778000 304000 14111000 31709000 1323000 317000 300000 296000 294000 295000 294000 295000 297000 299000 301000 299000 302000 422000 305000 298000 836000 311000 297000 294000 293000 295000 300000 296000 299000 299000 296000 312000 296000 297000 1707000 308000 299000) (minNs . 292000) (p50Ns . 311000) (p95Ns . 7907000) (maxNs . 123717000) (target_total . 950us) (regression_budget . 1050us) (expected_over_input_budget . 1000us) (targetRationale . "Measure index construction and demanded two-hop relation composition together over 512 source pairs.") (measurementPhases baseline-projection candidate-projection assert-semantic-gate assert-time-gate observe-runtime-memory) (status . fail)) 
--- continuation backtrace:
[0] error                                                                                                                                                                   
[1] (interaction)                                                                                                                                                           "t/scenarios/performance/ascent-table-expression/scenario.ss"@57:7-58:32                                                                                                     (error "ASCENT relation projection exceeded the benchmark budget" #:candidate-receipt2146)
[2] ##load                                                                                                                                                                  
[3] ##load                                                                                                                                                                  
[4] core/observability/debug#call-with-poo-flow-debug-memory-case-watchdog__%                                                                                               
[5] ##call-with-values                                                                                                                                                      
[6] std/test/base#__test-case!                                                                                                                                                                                                                                                                                                                           ((let () (declare (not safe)) (##unchecked-structure-ref _%tc499784%_ '6 '#f '#f)))
[7] std/test/base#__test-suite!                                                                                                                                                                                                                                                                                                                          (##call-with-current-continuation __tmp242471)
[8] std/test/base#__test-suite!                                                                                                                                                                                                                                                                                                                          (##for-each __tmp242470 __tmp242469)
[9] std/test/base#__test-suite!                                                                                                                                                                                                                                                                                                                          (##for-each __tmp242470 __tmp242469)
...
[13] std/test/base#__test-harness!                                                                                                                                                                                                                                                                                                                       (##call-with-current-continuation __tmp242457)
[14] std/test/base#__test-harness!                                                                                                                                                                                                                                                                                                                       (##for-each __tmp242456 __tmp242455)
[15] std/test/base#__test-harness!                                                                                                                                                                                                                                                                                                                       (##for-each __tmp242456 __tmp242455)
[16] gerbil/tools/gxtest#gxtest-main                                                                                                                                        
SUITE-OK ASCENT SS scenario
MODULE-OK t/performance/ascent-scenario-performance-test.ss
HARNESS-OK ("t/performance/ascent-scenario-performance-test.ss")
[test-lane] RUNNING exclusive (110s)
ERROR HARNESS (t/performance/ascent-scenario-performance-test.ss)
at HARNESS ("t/performance/ascent-scenario-performance-test.ss")
at MODULE t/performance/ascent-scenario-performance-test.ss
at SUITE ASCENT SS scenario
at CASE bounded scenario

*** ERROR IN ? [Error]: ASCENT relation projection exceeded the benchmark budget
--- irritants: ((benchmarkKind . scenario-e2e) (rule . GERBIL-SCHEME-AGENT-R031) (feature . ascent-table-expression) (optimizationFocus . "optimized Scheme module with official UIntTrieSet foldl input, local vector adjacency, bounded byte-vector deduplication, and canonical list-sort output") (inputShape . "256 vertices with two outgoing edges each, encoded as 512 bounded binary pairs") (expectedOutcome . "one- and two-hop relation projection has 1024 distinct pairs") (timingSource . ":std/time/precise#current-time-precise") (elapsedNs . 7907000) (elapsed . "7.907ms") (admissionStatistic . p95) (runtimeStats (timingSource . ":std/time/precise#current-time-precise") (memorySource . ":gerbil/runtime/gambit###process-statistics") (gcPrecondition . ":gerbil/runtime/gambit###gc") (memoryBefore (gc-heap-size . 379284880) (gc-alloc . 38495526136) (gc-live . 119777504) (gc-movable . 113785680) (gc-still . 5991824)) (memoryAfter (gc-heap-size . 379284880) (gc-alloc . 38495526136) (gc-live . 119777504) (gc-movable . 113785680) (gc-still . 5991824)) (memoryDelta (gc-heap-size . 0) (gc-alloc . 0) (gc-live . 0) (gc-movable . 0) (gc-still . 0))) (max_total . 2000us) (sampleCount . 1000) (samplesNs 512000 2396000 675000 683000 312000 377000 330000 301000 296000 298000 294000 296000 295000 299000 294000 295000 294000 294000 296000 294000 362000 10549000 708000 542000 313000 301000 301000 299000 900000 325000 420000 306000 297000 298000 3318000 8945000 835000 3864000 352000 331000 3024000 960000 333000 304000 605000 708000 550000 648000 855000 4749000 834000 346000 862000 897000 308000 299000 568000 937000 610000 299000 365000 299000 296000 294000 293000 294000 294000 294000 293000 295000 293000 295000 938000 318000 302000 295000 294000 791000 377000 626000 381000 307000 305000 303000 316000 299000 297000 296000 295000 295000 295000 294000 294000 294000 295000 295000 90536000 673000 698000 769000 884000 950000 870000 660000 337000 308000 302000 2304000 352000 300000 299000 299000 1518000 801000 867000 986000 7907000 695000 1239000 511000 2006000 5477000 511000 597000 318000 304000 295000 295000 295000 296000 295000 2556000 29886000 2164000 322000 305000 296000 297000 295000 295000 371000 357000 302000 298000 3844000 411000 309000 298000 298000 296000 294000 293000 294000 1154000 9643000 619000 313000 1383000 336000 574000 374000 305000 379000 312000 300000 295000 295000 300000 10050000 353000 310000 304000 299000 297000 297000 295000 294000 295000 296000 302000 543000 735000 1215000 669000 590000 507000 449000 349000 398000 392000 503000 324000 305000 298000 316000 296000 292000 685000 310000 299000 428000 305000 299000 1405000 726000 718000 29451000 6913000 41917000 39201000 705000 33732000 50514000 819000 123717000 33491000 399000 333000 14049000 5961000 10793000 77257000 324000 303000 528000 326000 424000 836000 310000 304000 299000 813000 914000 737000 318000 627000 518000 936000 297000 294000 411000 992000 754000 317000 300000 298000 298000 295000 294000 299000 297000 296000 294000 651000 345000 301000 542000 611000 724000 646000 1092000 30165000 358000 313000 304000 302000 301000 296000 296000 294000 12052000 3319000 797000 564000 692000 625000 14293000 3332000 6220000 6606000 383000 306000 300000 294000 294000 294000 296000 297000 9683000 801000 865000 729000 711000 658000 651000 1391000 327000 307000 1055000 312000 380000 306000 16948000 742000 1525000 1533000 543000 321000 591000 4219000 319000 300000 301000 1017000 314000 326000 300000 297000 297000 299000 546000 1073000 304000 302000 304000 306000 302000 52102000 706000 309000 303000 300000 2138000 323000 304000 32070000 700000 15689000 763000 319000 380000 304000 298000 848000 302000 295000 298000 299000 483000 317000 305000 295000 297000 298000 299000 298000 300000 296000 293000 294000 8349000 315000 297000 298000 2496000 314000 298000 299000 4528000 347000 2453000 2859000 336000 311000 350000 306000 298000 297000 329000 299000 435000 302000 298000 296000 295000 397000 5197000 307000 296000 297000 295000 573000 338000 325000 304000 296000 521000 721000 773000 1262000 6233000 371000 303000 298000 7103000 6111000 325000 301000 297000 299000 300000 296000 296000 771000 309000 300000 295000 296000 295000 295000 393000 6751000 1546000 340000 308000 300000 388000 3905000 456000 2005000 328000 299000 298000 317000 296000 297000 11933000 28965000 1436000 808000 375000 304000 297000 296000 298000 296000 294000 295000 300000 296000 296000 296000 298000 301000 304000 875000 34881000 1191000 1215000 2152000 371000 305000 296000 295000 296000 295000 297000 306000 1952000 1419000 300000 295000 295000 665000 311000 6167000 469000 21903000 39314000 2482000 471000 311000 2875000 658000 761000 813000 3434000 1230000 782000 351000 316000 357000 304000 376000 3548000 902000 342000 1319000 625000 719000 771000 313000 304000 310000 303000 407000 311000 299000 298000 302000 301000 296000 296000 296000 296000 295000 327000 310000 306000 296000 1444000 836000 780000 689000 678000 898000 313000 298000 296000 355000 325000 300000 300000 298000 297000 300000 300000 297000 299000 296000 12730000 329000 301000 300000 761000 554000 581000 309000 297000 296000 298000 294000 294000 293000 293000 297000 295000 293000 294000 296000 392000 306000 299000 298000 297000 3053000 6242000 316000 299000 296000 297000 295000 8150000 19714000 330000 5216000 324000 302000 11717000 1464000 373000 304000 305000 299000 297000 297000 296000 296000 295000 296000 296000 294000 294000 294000 294000 293000 301000 315000 296000 296000 10281000 331000 308000 302000 299000 295000 295000 297000 302000 303000 304000 301000 303000 299000 295000 296000 299000 326000 301000 294000 412000 314000 299000 296000 295000 296000 333000 312000 299000 299000 297000 299000 296000 295000 293000 294000 295000 294000 294000 292000 412000 351000 314000 306000 310000 2685000 1695000 1220000 675000 663000 821000 1288000 767000 671000 520000 322000 302000 820000 840000 1340000 380000 304000 296000 295000 295000 296000 295000 6770000 325000 300000 927000 4022000 316000 304000 300000 298000 296000 298000 295000 310000 723000 335000 937000 399000 317000 746000 1213000 955000 869000 8490000 310000 300000 302000 314000 47409000 334000 1374000 9609000 311000 980000 596000 324000 303000 455000 1078000 952000 325000 301000 455000 703000 329000 917000 457000 961000 555000 316000 301000 991000 732000 427000 520000 8940000 420000 307000 311000 328000 629000 1165000 416000 403000 305000 472000 300000 298000 507000 467000 466000 495000 298000 8676000 992000 7704000 587000 319000 301000 298000 297000 296000 547000 1934000 357000 303000 300000 299000 624000 400000 1929000 27606000 3972000 336000 12223000 17039000 4215000 1950000 1315000 2404000 10025000 608000 774000 862000 817000 321000 299000 295000 297000 296000 295000 15090000 328000 301000 878000 322000 3457000 1309000 708000 325000 303000 299000 944000 3975000 2266000 1829000 1087000 1927000 334000 448000 1340000 320000 300000 305000 403000 305000 305000 302000 299000 11445000 316000 298000 299000 297000 1549000 1130000 311000 299000 298000 296000 295000 294000 294000 293000 364000 300000 297000 293000 293000 293000 294000 295000 299000 294000 4692000 16835000 5399000 324000 2267000 316000 298000 297000 296000 296000 384000 958000 895000 698000 678000 35262000 324000 975000 306000 298000 296000 296000 297000 295000 1478000 316000 299000 732000 824000 332000 569000 313000 298000 295000 622000 796000 675000 700000 328000 342000 308000 858000 598000 624000 493000 366000 317000 449000 312000 301000 368000 302000 297000 295000 293000 294000 294000 295000 295000 295000 932000 313000 300000 299000 299000 299000 296000 293000 298000 315000 384000 303000 297000 303000 297000 301000 299000 294000 295000 293000 297000 295000 297000 298000 296000 305000 299000 295000 295000 297000 407000 311000 1571000 537000 306000 909000 541000 312000 829000 976000 898000 835000 415000 489000 307000 388000 510000 334000 302000 298000 383000 304000 298000 297000 294000 295000 336000 310000 299000 298000 884000 765000 316000 300000 299000 296000 294000 296000 294000 293000 377000 311000 310000 7778000 304000 14111000 31709000 1323000 317000 300000 296000 294000 295000 294000 295000 297000 299000 301000 299000 302000 422000 305000 298000 836000 311000 297000 294000 293000 295000 300000 296000 299000 299000 296000 312000 296000 297000 1707000 308000 299000) (minNs . 292000) (p50Ns . 311000) (p95Ns . 7907000) (maxNs . 123717000) (target_total . 950us) (regression_budget . 1050us) (expected_over_input_budget . 1000us) (targetRationale . "Measure index construction and demanded two-hop relation composition together over 512 source pairs.") (measurementPhases baseline-projection candidate-projection assert-semantic-gate assert-time-gate observe-runtime-memory) (status . fail)) 
--- continuation backtrace:
[0] error                                                                                                                                                                   
[1] (interaction)                                                                                                                                                           "t/scenarios/performance/ascent-table-expression/scenario.ss"@57:7-58:32                                                                                                     (error "ASCENT relation projection exceeded the benchmark budget" #:candidate-receipt2146)
[2] ##load                                                                                                                                                                  
[3] ##load                                                                                                                                                                  
[4] core/observability/debug#call-with-poo-flow-debug-memory-case-watchdog__%                                                                                               
[5] ##call-with-values                                                                                                                                                      
[6] std/test/base#__test-case!                                                                                                                                                                                                                                                                                                                           ((let () (declare (not safe)) (##unchecked-structure-ref _%tc499784%_ '6 '#f '#f)))
[7] std/test/base#__test-suite!                                                                                                                                                                                                                                                                                                                          (##call-with-current-continuation __tmp242471)
[8] std/test/base#__test-suite!                                                                                                                                                                                                                                                                                                                          (##for-each __tmp242470 __tmp242469)
[9] std/test/base#__test-suite!                                                                                                                                                                                                                                                                                                                          (##for-each __tmp242470 __tmp242469)
...
[13] std/test/base#__test-harness!                                                                                                                                                                                                                                                                                                                       (##call-with-current-continuation __tmp242457)
[14] std/test/base#__test-harness!                                                                                                                                                                                                                                                                                                                       (##for-each __tmp242456 __tmp242455)
[15] std/test/base#__test-harness!                                                                                                                                                                                                                                                                                                                       (##for-each __tmp242456 __tmp242455)
[16] gerbil/tools/gxtest#gxtest-main                                                                                                                                        
[ascent-ss] RUNNING ascent-table-expression (110s)
[test-lane] RUNNING exclusive (110s)
[test-lane] END exclusive exit=0
error: recipe `test-file` failed with exit code 1
[ascent-ss] FAIL ascent-table-expression (114s, exit=1)
error: recipe `_performance-scenario` failed with exit code 1
Traceback (most recent call last):
  File "/Users/guangtao/ghq/github.com/tao3k/gerbil-ascent/tools/performance_execution.py", line 148, in <module>
    main()
    ~~~~^^
  File "/Users/guangtao/ghq/github.com/tao3k/gerbil-ascent/tools/performance_execution.py", line 143, in main
    run(['just', '_performance-scenario', target], environment)
    ~~~^^^^^^^^^^^^^^^^^^^^^^^^^^^^^^^^^^^^^^^^^^^^^^^^^^^^^^^^
  File "/Users/guangtao/ghq/github.com/tao3k/gerbil-ascent/tools/performance_execution.py", line 53, in run
    return subprocess.run(command, cwd=ROOT, env=environment,
           ~~~~~~~~~~~~~~^^^^^^^^^^^^^^^^^^^^^^^^^^^^^^^^^^^^
                          pass_fds=(descriptor,), check=True)
                          ^^^^^^^^^^^^^^^^^^^^^^^^^^^^^^^^^^^
  File "/nix/store/6chc08n3zaqs22bv5wylgpmh85h7ykn6-python3-3.13.12-env/lib/python3.13/subprocess.py", line 577, in run
    raise CalledProcessError(retcode, process.args,
                             output=stdout, stderr=stderr)
subprocess.CalledProcessError: Command '['just', '_performance-scenario', 'ascent-table-expression']' returned non-zero exit status 1.
[test-lane] END exclusive exit=1
error: recipe `performance-scenario` failed on line 239 with exit code 1
