START recheck-production
RUNNING recheck-production
RUNNING recheck-production
RUNNING recheck-production
RUNNING recheck-production
RUNNING recheck-production
RUNNING recheck-production
RUNNING recheck-production
RUNNING recheck-production
RUNNING recheck-production
RUNNING recheck-production
RUNNING recheck-production
RUNNING recheck-production
RUNNING recheck-production
RUNNING recheck-production
RUNNING recheck-production
RUNNING recheck-production
RUNNING recheck-production
RUNNING recheck-production
RUNNING recheck-production
RUNNING recheck-production
RUNNING recheck-production
RUNNING recheck-production
RUNNING recheck-production
{'name': 'recheck-production', 'exit': 1, 'seconds': 117.7538340829924}
START functional-suite
RUNNING functional-suite
RUNNING functional-suite
RUNNING functional-suite
RUNNING functional-suite
RUNNING functional-suite
RUNNING functional-suite
RUNNING functional-suite
RUNNING functional-suite
RUNNING functional-suite
RUNNING functional-suite
RUNNING functional-suite
RUNNING functional-suite
RUNNING functional-suite
RUNNING functional-suite
RUNNING functional-suite
RUNNING functional-suite
RUNNING functional-suite
RUNNING functional-suite
RUNNING functional-suite
RUNNING functional-suite
RUNNING functional-suite
RUNNING functional-suite
RUNNING functional-suite
RUNNING functional-suite
RUNNING functional-suite
RUNNING functional-suite
RUNNING functional-suite
RUNNING functional-suite
RUNNING functional-suite
RUNNING functional-suite
RUNNING functional-suite
RUNNING functional-suite
RUNNING functional-suite
RUNNING functional-suite
RUNNING functional-suite
RUNNING functional-suite
RUNNING functional-suite
RUNNING functional-suite
RUNNING functional-suite
RUNNING functional-suite
RUNNING functional-suite
RUNNING functional-suite
RUNNING functional-suite
RUNNING functional-suite
RUNNING functional-suite
RUNNING functional-suite
RUNNING functional-suite
RUNNING functional-suite
RUNNING functional-suite
RUNNING functional-suite
RUNNING functional-suite
RUNNING functional-suite
RUNNING functional-suite
RUNNING functional-suite
RUNNING functional-suite
RUNNING functional-suite
RUNNING functional-suite
RUNNING functional-suite
RUNNING functional-suite
RUNNING functional-suite
RUNNING functional-suite
RUNNING functional-suite
RUNNING functional-suite
RUNNING functional-suite
RUNNING functional-suite
RUNNING functional-suite
RUNNING functional-suite
RUNNING functional-suite
RUNNING functional-suite
RUNNING functional-suite
RUNNING functional-suite
RUNNING functional-suite
RUNNING functional-suite
RUNNING functional-suite
RUNNING functional-suite
RUNNING functional-suite
RUNNING functional-suite
RUNNING functional-suite
RUNNING functional-suite
RUNNING functional-suite
RUNNING functional-suite
RUNNING functional-suite
RUNNING functional-suite
RUNNING functional-suite
RUNNING functional-suite
RUNNING functional-suite
RUNNING functional-suite
RUNNING functional-suite
RUNNING functional-suite
RUNNING functional-suite
RUNNING functional-suite
RUNNING functional-suite
RUNNING functional-suite
RUNNING functional-suite
RUNNING functional-suite
RUNNING functional-suite
RUNNING functional-suite
RUNNING functional-suite
{'name': 'functional-suite', 'exit': 0, 'seconds': 491.53407820800203}
VERIFIED 48 modules 378 Cases
