python3 tools/test_execution.py run -- python3 tools/performance_execution.py "ascent-table-expression-membership"
[native-performance] REUSE verified snapshot /Users/guangtao/ghq/github.com/tao3k/gerbil-ascent/.gerbil/performance-execution/snapshot-tw74sh2b/snapshot.json
[ascent-ss] START ascent-table-expression-membership (1000 samples)
[ascent-test] START t/performance/ascent-scenario-performance-test.ss
HARNESS ("t/performance/ascent-scenario-performance-test.ss")
MODULE t/performance/ascent-scenario-performance-test.ss
SUITE ASCENT SS scenario
CASE bounded scenario
NATIVE-MODULES-OK
[test-lane] RUNNING exclusive (5s)
[test-lane] RUNNING exclusive (5s)
[gerbil-ascent-benchmark] ascent-membership baseline-p95=1.231ms candidate-p95=14us semanticEquivalent=#t
CASE-OK bounded scenario
SUITE-OK ASCENT SS scenario
MODULE-OK t/performance/ascent-scenario-performance-test.ss
HARNESS-OK ("t/performance/ascent-scenario-performance-test.ss")
OK
[test-lane] RUNNING exclusive (10s)
[test-lane] END exclusive exit=0
[ascent-test] PASS t/performance/ascent-scenario-performance-test.ss (9s)
[ascent-ss] PASS ascent-table-expression-membership (9s)
[test-lane] END exclusive exit=0
