[test-lane] START exclusive python3
[binary-dispatch] START build
{'name': 'build', 'exit': 0, 'seconds': 3.636530625008163}
[binary-dispatch] START oracle
[test-lane] RUNNING exclusive (5s)
[binary-dispatch] RUNNING oracle
[test-lane] RUNNING exclusive (10s)
[binary-dispatch] RUNNING oracle
[test-lane] RUNNING exclusive (15s)
[binary-dispatch] RUNNING oracle
[test-lane] RUNNING exclusive (20s)
{'name': 'oracle', 'exit': 0, 'seconds': 18.466903082997305}
[binary-dispatch] START first
[test-lane] RUNNING exclusive (25s)
[binary-dispatch] RUNNING first
[test-lane] RUNNING exclusive (30s)
[binary-dispatch] RUNNING first
[test-lane] RUNNING exclusive (35s)
[binary-dispatch] RUNNING first
[test-lane] RUNNING exclusive (40s)
[binary-dispatch] RUNNING first
[test-lane] RUNNING exclusive (45s)
[binary-dispatch] RUNNING first
[test-lane] RUNNING exclusive (50s)
[binary-dispatch] RUNNING first
[test-lane] RUNNING exclusive (55s)
[binary-dispatch] RUNNING first
[test-lane] RUNNING exclusive (60s)
[binary-dispatch] RUNNING first
[test-lane] RUNNING exclusive (65s)
[binary-dispatch] RUNNING first
[test-lane] RUNNING exclusive (70s)
[binary-dispatch] RUNNING first
[test-lane] RUNNING exclusive (75s)
[binary-dispatch] RUNNING first
[test-lane] RUNNING exclusive (80s)
[binary-dispatch] RUNNING first
[test-lane] RUNNING exclusive (85s)
[binary-dispatch] RUNNING first
[test-lane] RUNNING exclusive (90s)
[binary-dispatch] RUNNING first
[test-lane] RUNNING exclusive (95s)
[binary-dispatch] RUNNING first
[test-lane] RUNNING exclusive (100s)
[binary-dispatch] RUNNING first
[test-lane] RUNNING exclusive (105s)
[binary-dispatch] RUNNING first
[test-lane] RUNNING exclusive (110s)
[binary-dispatch] RUNNING first
[test-lane] RUNNING exclusive (115s)
[binary-dispatch] RUNNING first
[test-lane] RUNNING exclusive (120s)
[binary-dispatch] RUNNING first
[test-lane] RUNNING exclusive (125s)
[binary-dispatch] RUNNING first
[test-lane] RUNNING exclusive (130s)
[binary-dispatch] RUNNING first
[test-lane] RUNNING exclusive (135s)
[binary-dispatch] RUNNING first
[test-lane] RUNNING exclusive (140s)
[binary-dispatch] RUNNING first
[test-lane] RUNNING exclusive (145s)
[binary-dispatch] RUNNING first
[test-lane] RUNNING exclusive (150s)
[binary-dispatch] RUNNING first
[test-lane] RUNNING exclusive (155s)
[binary-dispatch] RUNNING first
[test-lane] RUNNING exclusive (160s)
[binary-dispatch] RUNNING first
[test-lane] RUNNING exclusive (165s)
[binary-dispatch] RUNNING first
[test-lane] RUNNING exclusive (170s)
[binary-dispatch] RUNNING first
[test-lane] RUNNING exclusive (175s)
[binary-dispatch] RUNNING first
[test-lane] RUNNING exclusive (180s)
[binary-dispatch] RUNNING first
[test-lane] RUNNING exclusive (185s)
[binary-dispatch] RUNNING first
[test-lane] RUNNING exclusive (190s)
[binary-dispatch] RUNNING first
[test-lane] RUNNING exclusive (195s)
[binary-dispatch] RUNNING first
[test-lane] RUNNING exclusive (200s)
[binary-dispatch] RUNNING first
[test-lane] RUNNING exclusive (205s)
[binary-dispatch] RUNNING first
[test-lane] RUNNING exclusive (210s)
[binary-dispatch] RUNNING first
[test-lane] RUNNING exclusive (215s)
[binary-dispatch] RUNNING first
[test-lane] RUNNING exclusive (220s)
[binary-dispatch] RUNNING first
[test-lane] RUNNING exclusive (225s)
[binary-dispatch] RUNNING first
[test-lane] RUNNING exclusive (230s)
[binary-dispatch] RUNNING first
[test-lane] RUNNING exclusive (235s)
[binary-dispatch] RUNNING first
[test-lane] RUNNING exclusive (240s)
[binary-dispatch] RUNNING first
[test-lane] RUNNING exclusive (245s)
[binary-dispatch] RUNNING first
{'name': 'first', 'exit': 0, 'seconds': 225.5865516250051}
[binary-dispatch] START repeat
[test-lane] RUNNING exclusive (250s)
[binary-dispatch] RUNNING repeat
[test-lane] RUNNING exclusive (255s)
[binary-dispatch] RUNNING repeat
[test-lane] RUNNING exclusive (260s)
[binary-dispatch] RUNNING repeat
[test-lane] RUNNING exclusive (265s)
[binary-dispatch] RUNNING repeat
[test-lane] RUNNING exclusive (270s)
[binary-dispatch] RUNNING repeat
[test-lane] RUNNING exclusive (275s)
[binary-dispatch] RUNNING repeat
[test-lane] RUNNING exclusive (280s)
[binary-dispatch] RUNNING repeat
[test-lane] RUNNING exclusive (285s)
[binary-dispatch] RUNNING repeat
[test-lane] RUNNING exclusive (290s)
[binary-dispatch] RUNNING repeat
[test-lane] RUNNING exclusive (295s)
[binary-dispatch] RUNNING repeat
[test-lane] RUNNING exclusive (300s)
[binary-dispatch] RUNNING repeat
[test-lane] RUNNING exclusive (305s)
[binary-dispatch] RUNNING repeat
[test-lane] RUNNING exclusive (310s)
[binary-dispatch] RUNNING repeat
[test-lane] RUNNING exclusive (315s)
[binary-dispatch] RUNNING repeat
[test-lane] RUNNING exclusive (320s)
[binary-dispatch] RUNNING repeat
[test-lane] RUNNING exclusive (325s)
[binary-dispatch] RUNNING repeat
[test-lane] RUNNING exclusive (330s)
[binary-dispatch] RUNNING repeat
[test-lane] RUNNING exclusive (335s)
[binary-dispatch] RUNNING repeat
[test-lane] RUNNING exclusive (340s)
[binary-dispatch] RUNNING repeat
[test-lane] RUNNING exclusive (345s)
[binary-dispatch] RUNNING repeat
[test-lane] RUNNING exclusive (350s)
[binary-dispatch] RUNNING repeat
[test-lane] RUNNING exclusive (355s)
[binary-dispatch] RUNNING repeat
[test-lane] RUNNING exclusive (360s)
[binary-dispatch] RUNNING repeat
[test-lane] RUNNING exclusive (365s)
[binary-dispatch] RUNNING repeat
[test-lane] RUNNING exclusive (370s)
[binary-dispatch] RUNNING repeat
[test-lane] RUNNING exclusive (375s)
[binary-dispatch] RUNNING repeat
[test-lane] RUNNING exclusive (380s)
[binary-dispatch] RUNNING repeat
[test-lane] RUNNING exclusive (385s)
[binary-dispatch] RUNNING repeat
[test-lane] RUNNING exclusive (390s)
[binary-dispatch] RUNNING repeat
[test-lane] RUNNING exclusive (395s)
[binary-dispatch] RUNNING repeat
[test-lane] RUNNING exclusive (400s)
[binary-dispatch] RUNNING repeat
[test-lane] RUNNING exclusive (405s)
[binary-dispatch] RUNNING repeat
[test-lane] RUNNING exclusive (410s)
[binary-dispatch] RUNNING repeat
[test-lane] RUNNING exclusive (415s)
[binary-dispatch] RUNNING repeat
[test-lane] RUNNING exclusive (420s)
[binary-dispatch] RUNNING repeat
[test-lane] RUNNING exclusive (425s)
[binary-dispatch] RUNNING repeat
[test-lane] RUNNING exclusive (430s)
[binary-dispatch] RUNNING repeat
[test-lane] RUNNING exclusive (435s)
[binary-dispatch] RUNNING repeat
[test-lane] RUNNING exclusive (440s)
[binary-dispatch] RUNNING repeat
[test-lane] RUNNING exclusive (445s)
[binary-dispatch] RUNNING repeat
[test-lane] RUNNING exclusive (450s)
[binary-dispatch] RUNNING repeat
[test-lane] RUNNING exclusive (455s)
[binary-dispatch] RUNNING repeat
[test-lane] RUNNING exclusive (460s)
[binary-dispatch] RUNNING repeat
[test-lane] RUNNING exclusive (465s)
[binary-dispatch] RUNNING repeat
[test-lane] RUNNING exclusive (470s)
[binary-dispatch] RUNNING repeat
[test-lane] RUNNING exclusive (475s)
[binary-dispatch] RUNNING repeat
{'name': 'repeat', 'exit': 0, 'seconds': 230.6381323329988}
[test-lane] END exclusive exit=0
