/Users/guangtao/ghq/github.com/tao3k/gerbil-ascent/.gerbil/performance-execution/snapshot-tw74sh2b/lib/gerbil-ascent/table/expression.ssi
/Users/guangtao/ghq/github.com/tao3k/gerbil-ascent/.gerbil/performance-execution/snapshot-tw74sh2b/lib/gerbil-ascent/table/funs.ssi
/Users/guangtao/ghq/github.com/tao3k/gerbil-ascent/.gerbil/performance-execution/snapshot-tw74sh2b/lib/gerbil-ascent/table/eqrel.ssi
/Users/guangtao/ghq/github.com/tao3k/gerbil-ascent/.gerbil/performance-execution/snapshot-tw74sh2b/lib/gerbil-ascent/table/trrel.ssi
/Users/guangtao/ghq/github.com/tao3k/gerbil-ascent/.gerbil/performance-execution/snapshot-tw74sh2b/lib/gerbil-ascent/table/provider.ssi
/Users/guangtao/ghq/github.com/tao3k/gerbil-ascent/.gerbil/performance-execution/snapshot-tw74sh2b/lib/gerbil-ascent/table/access.ssi
/Users/guangtao/ghq/github.com/tao3k/gerbil-ascent/.gerbil/performance-execution/snapshot-tw74sh2b/lib/gerbil-ascent/table/storage.ssi
/Users/guangtao/ghq/github.com/tao3k/gerbil-ascent/.gerbil/performance-execution/snapshot-tw74sh2b/lib/gerbil-ascent/table/interface.ssi
/Users/guangtao/ghq/github.com/tao3k/gerbil-ascent/.gerbil/performance-execution/snapshot-tw74sh2b/lib/gerbil-ascent/program/types.ssi
/Users/guangtao/ghq/github.com/tao3k/gerbil-ascent/.gerbil/performance-execution/snapshot-tw74sh2b/lib/gerbil-ascent/program/objects.ssi
/Users/guangtao/ghq/github.com/tao3k/gerbil-ascent/.gerbil/performance-execution/snapshot-tw74sh2b/lib/gerbil-ascent/program/aggregators.ssi
/Users/guangtao/ghq/github.com/tao3k/gerbil-ascent/.gerbil/performance-execution/snapshot-tw74sh2b/lib/gerbil-ascent/program/syntax.ssi
/Users/guangtao/ghq/github.com/tao3k/gerbil-ascent/.gerbil/performance-execution/snapshot-tw74sh2b/lib/gerbil-ascent/program/planning.ssi
/Users/guangtao/ghq/github.com/tao3k/gerbil-ascent/.gerbil/performance-execution/snapshot-tw74sh2b/lib/gerbil-ascent/program/positive.ssi
/Users/guangtao/ghq/github.com/tao3k/gerbil-ascent/.gerbil/performance-execution/snapshot-tw74sh2b/lib/gerbil-ascent/program/scheme-checked.ssi
/Users/guangtao/ghq/github.com/tao3k/gerbil-ascent/.gerbil/performance-execution/snapshot-tw74sh2b/lib/gerbil-ascent/program/scheme-admission.ssi
/Users/guangtao/ghq/github.com/tao3k/gerbil-ascent/.gerbil/performance-execution/snapshot-tw74sh2b/lib/gerbil-ascent/program/scheme-language.ssi
/Users/guangtao/ghq/github.com/tao3k/gerbil-ascent/.gerbil/performance-execution/snapshot-tw74sh2b/lib/gerbil-ascent/program/operator.ssi
/Users/guangtao/ghq/github.com/tao3k/gerbil-ascent/.gerbil/performance-execution/snapshot-tw74sh2b/lib/gerbil-ascent/program/operator-change.ssi
/Users/guangtao/ghq/github.com/tao3k/gerbil-ascent/.gerbil/performance-execution/snapshot-tw74sh2b/lib/gerbil-ascent/program/operator-session.ssi
/Users/guangtao/ghq/github.com/tao3k/gerbil-ascent/.gerbil/performance-execution/snapshot-tw74sh2b/lib/gerbil-ascent/program/graph.ssi
/Users/guangtao/ghq/github.com/tao3k/gerbil-ascent/.gerbil/performance-execution/snapshot-tw74sh2b/lib/gerbil-ascent/program/funs.ssi
/Users/guangtao/ghq/github.com/tao3k/gerbil-ascent/.gerbil/performance-execution/snapshot-tw74sh2b/lib/gerbil-ascent/program/analysis.ssi
/Users/guangtao/ghq/github.com/tao3k/gerbil-ascent/.gerbil/performance-execution/snapshot-tw74sh2b/lib/gerbil-ascent/program/summary.ssi
/Users/guangtao/ghq/github.com/tao3k/gerbil-ascent/.gerbil/performance-execution/snapshot-tw74sh2b/lib/gerbil-ascent/program/admission.ssi
/Users/guangtao/ghq/github.com/tao3k/gerbil-ascent/.gerbil/performance-execution/snapshot-tw74sh2b/lib/gerbil-ascent/program/result.ssi
/Users/guangtao/ghq/github.com/tao3k/gerbil-ascent/.gerbil/performance-execution/snapshot-tw74sh2b/lib/gerbil-ascent/program/evaluate.ssi
/Users/guangtao/ghq/github.com/tao3k/gerbil-ascent/.gerbil/performance-execution/snapshot-tw74sh2b/lib/gerbil-ascent/program/session.ssi
/Users/guangtao/ghq/github.com/tao3k/gerbil-ascent/.gerbil/performance-execution/snapshot-tw74sh2b/lib/gerbil-ascent/program/interface.ssi
/Users/guangtao/ghq/github.com/tao3k/gerbil-ascent/.gerbil/performance-execution/snapshot-tw74sh2b/lib/gerbil-ascent/core/binary-program.ssi
/Users/guangtao/ghq/github.com/tao3k/gerbil-ascent/.gerbil/performance-execution/snapshot-tw74sh2b/lib/gerbil-ascent/candidate/closure.ssi
/Users/guangtao/ghq/github.com/tao3k/gerbil-ascent/.gerbil/performance-execution/snapshot-tw74sh2b/lib/gerbil-ascent/candidate/types.ssi
/Users/guangtao/ghq/github.com/tao3k/gerbil-ascent/.gerbil/performance-execution/snapshot-tw74sh2b/lib/gerbil-ascent/candidate/program.ssi
/Users/guangtao/ghq/github.com/tao3k/gerbil-ascent/.gerbil/performance-execution/snapshot-tw74sh2b/lib/gerbil-ascent/candidate/funs.ssi
/Users/guangtao/ghq/github.com/tao3k/gerbil-ascent/.gerbil/performance-execution/snapshot-tw74sh2b/lib/gerbil-ascent/candidate/provenance.ssi
/Users/guangtao/ghq/github.com/tao3k/gerbil-ascent/.gerbil/performance-execution/snapshot-tw74sh2b/lib/gerbil-ascent/candidate/nonmembership.ssi
/Users/guangtao/ghq/github.com/tao3k/gerbil-ascent/.gerbil/performance-execution/snapshot-tw74sh2b/lib/gerbil-ascent/candidate/finite-evidence.ssi
/Users/guangtao/ghq/github.com/tao3k/gerbil-ascent/.gerbil/performance-execution/snapshot-tw74sh2b/lib/gerbil-ascent/candidate/stratified-proof.ssi
/Users/guangtao/ghq/github.com/tao3k/gerbil-ascent/.gerbil/performance-execution/snapshot-tw74sh2b/lib/gerbil-ascent/candidate/stratified-producer.ssi
/Users/guangtao/ghq/github.com/tao3k/gerbil-ascent/.gerbil/performance-execution/snapshot-tw74sh2b/lib/gerbil-ascent/candidate/reasoning.ssi
/Users/guangtao/ghq/github.com/tao3k/gerbil-ascent/.gerbil/performance-execution/snapshot-tw74sh2b/lib/gerbil-ascent/interface/request.ssi
