START production
RUNNING production
RUNNING production
RUNNING production
RUNNING production
RUNNING production
RUNNING production
RUNNING production
RUNNING production
RUNNING production
RUNNING production
RUNNING production
RUNNING production
RUNNING production
RUNNING production
RUNNING production
RUNNING production
RUNNING production
RUNNING production
RUNNING production
RUNNING production
RUNNING production
RUNNING production
RUNNING production
RUNNING production
RUNNING production
RUNNING production
{'name': 'production', 'exit': 0, 'seconds': 134.30697350000264}
START functional-suite
RUNNING functional-suite
RUNNING functional-suite
RUNNING functional-suite
RUNNING functional-suite
RUNNING functional-suite
RUNNING functional-suite
RUNNING functional-suite
RUNNING functional-suite
RUNNING functional-suite
RUNNING functional-suite
RUNNING functional-suite
RUNNING functional-suite
RUNNING functional-suite
RUNNING functional-suite
RUNNING functional-suite
RUNNING functional-suite
RUNNING functional-suite
RUNNING functional-suite
RUNNING functional-suite
RUNNING functional-suite
RUNNING functional-suite
RUNNING functional-suite
RUNNING functional-suite
RUNNING functional-suite
RUNNING functional-suite
RUNNING functional-suite
RUNNING functional-suite
RUNNING functional-suite
RUNNING functional-suite
RUNNING functional-suite
RUNNING functional-suite
RUNNING functional-suite
RUNNING functional-suite
RUNNING functional-suite
{'name': 'functional-suite', 'exit': 0, 'seconds': 173.39907958300319}
VERIFIED 48 modules 376 Cases
