NATIVE-MODULE-OK /Users/guangtao/ghq/github.com/tao3k/gerbil-ascent/.gerbil/binary-dispatch/lib/gerbil-ascent/table/expression.ssi
NATIVE-MODULE-OK /Users/guangtao/ghq/github.com/tao3k/gerbil-ascent/.gerbil/binary-dispatch/lib/gerbil-ascent/core/binary-program.ssi
NATIVE-MODULE-OK /Users/guangtao/ghq/github.com/tao3k/gerbil-ascent/.gerbil/binary-dispatch/lib/gerbil-ascent/t/performance/binary-dispatch/reference-expression.ssi
NATIVE-MODULE-OK /Users/guangtao/ghq/github.com/tao3k/gerbil-ascent/.gerbil/binary-dispatch/lib/gerbil-ascent/t/performance/binary-dispatch/reference-program.ssi
CASE empty-20 samples=1000 repetitions=1
PROGRESS empty-20 10/1000
PROGRESS empty-20 20/1000
PROGRESS empty-20 30/1000
PROGRESS empty-20 40/1000
PROGRESS empty-20 50/1000
PROGRESS empty-20 60/1000
PROGRESS empty-20 70/1000
PROGRESS empty-20 80/1000
PROGRESS empty-20 90/1000
PROGRESS empty-20 100/1000
PROGRESS empty-20 110/1000
PROGRESS empty-20 120/1000
PROGRESS empty-20 130/1000
PROGRESS empty-20 140/1000
PROGRESS empty-20 150/1000
PROGRESS empty-20 160/1000
PROGRESS empty-20 170/1000
PROGRESS empty-20 180/1000
PROGRESS empty-20 190/1000
PROGRESS empty-20 200/1000
PROGRESS empty-20 210/1000
PROGRESS empty-20 220/1000
PROGRESS empty-20 230/1000
PROGRESS empty-20 240/1000
PROGRESS empty-20 250/1000
PROGRESS empty-20 260/1000
PROGRESS empty-20 270/1000
PROGRESS empty-20 280/1000
PROGRESS empty-20 290/1000
PROGRESS empty-20 300/1000
PROGRESS empty-20 310/1000
PROGRESS empty-20 320/1000
PROGRESS empty-20 330/1000
PROGRESS empty-20 340/1000
PROGRESS empty-20 350/1000
PROGRESS empty-20 360/1000
PROGRESS empty-20 370/1000
PROGRESS empty-20 380/1000
PROGRESS empty-20 390/1000
PROGRESS empty-20 400/1000
PROGRESS empty-20 410/1000
PROGRESS empty-20 420/1000
PROGRESS empty-20 430/1000
PROGRESS empty-20 440/1000
PROGRESS empty-20 450/1000
PROGRESS empty-20 460/1000
PROGRESS empty-20 470/1000
PROGRESS empty-20 480/1000
PROGRESS empty-20 490/1000
PROGRESS empty-20 500/1000
PROGRESS empty-20 510/1000
PROGRESS empty-20 520/1000
PROGRESS empty-20 530/1000
PROGRESS empty-20 540/1000
PROGRESS empty-20 550/1000
PROGRESS empty-20 560/1000
PROGRESS empty-20 570/1000
PROGRESS empty-20 580/1000
PROGRESS empty-20 590/1000
PROGRESS empty-20 600/1000
PROGRESS empty-20 610/1000
PROGRESS empty-20 620/1000
PROGRESS empty-20 630/1000
PROGRESS empty-20 640/1000
PROGRESS empty-20 650/1000
PROGRESS empty-20 660/1000
PROGRESS empty-20 670/1000
PROGRESS empty-20 680/1000
PROGRESS empty-20 690/1000
PROGRESS empty-20 700/1000
PROGRESS empty-20 710/1000
PROGRESS empty-20 720/1000
PROGRESS empty-20 730/1000
PROGRESS empty-20 740/1000
PROGRESS empty-20 750/1000
PROGRESS empty-20 760/1000
PROGRESS empty-20 770/1000
PROGRESS empty-20 780/1000
PROGRESS empty-20 790/1000
PROGRESS empty-20 800/1000
PROGRESS empty-20 810/1000
PROGRESS empty-20 820/1000
PROGRESS empty-20 830/1000
PROGRESS empty-20 840/1000
PROGRESS empty-20 850/1000
PROGRESS empty-20 860/1000
PROGRESS empty-20 870/1000
PROGRESS empty-20 880/1000
PROGRESS empty-20 890/1000
PROGRESS empty-20 900/1000
PROGRESS empty-20 910/1000
PROGRESS empty-20 920/1000
PROGRESS empty-20 930/1000
PROGRESS empty-20 940/1000
PROGRESS empty-20 950/1000
PROGRESS empty-20 960/1000
PROGRESS empty-20 970/1000
PROGRESS empty-20 980/1000
PROGRESS empty-20 990/1000
PROGRESS empty-20 1000/1000
RESULT empty-20 old-p50-ns=17000 new-p50-ns=15000
CASE empty-128 samples=1000 repetitions=1
PROGRESS empty-128 10/1000
PROGRESS empty-128 20/1000
PROGRESS empty-128 30/1000
PROGRESS empty-128 40/1000
PROGRESS empty-128 50/1000
PROGRESS empty-128 60/1000
PROGRESS empty-128 70/1000
PROGRESS empty-128 80/1000
PROGRESS empty-128 90/1000
PROGRESS empty-128 100/1000
PROGRESS empty-128 110/1000
PROGRESS empty-128 120/1000
PROGRESS empty-128 130/1000
PROGRESS empty-128 140/1000
PROGRESS empty-128 150/1000
PROGRESS empty-128 160/1000
PROGRESS empty-128 170/1000
PROGRESS empty-128 180/1000
PROGRESS empty-128 190/1000
PROGRESS empty-128 200/1000
PROGRESS empty-128 210/1000
PROGRESS empty-128 220/1000
PROGRESS empty-128 230/1000
PROGRESS empty-128 240/1000
PROGRESS empty-128 250/1000
PROGRESS empty-128 260/1000
PROGRESS empty-128 270/1000
PROGRESS empty-128 280/1000
PROGRESS empty-128 290/1000
PROGRESS empty-128 300/1000
PROGRESS empty-128 310/1000
PROGRESS empty-128 320/1000
PROGRESS empty-128 330/1000
PROGRESS empty-128 340/1000
PROGRESS empty-128 350/1000
PROGRESS empty-128 360/1000
PROGRESS empty-128 370/1000
PROGRESS empty-128 380/1000
PROGRESS empty-128 390/1000
PROGRESS empty-128 400/1000
PROGRESS empty-128 410/1000
PROGRESS empty-128 420/1000
PROGRESS empty-128 430/1000
PROGRESS empty-128 440/1000
PROGRESS empty-128 450/1000
PROGRESS empty-128 460/1000
PROGRESS empty-128 470/1000
PROGRESS empty-128 480/1000
PROGRESS empty-128 490/1000
PROGRESS empty-128 500/1000
PROGRESS empty-128 510/1000
PROGRESS empty-128 520/1000
PROGRESS empty-128 530/1000
PROGRESS empty-128 540/1000
PROGRESS empty-128 550/1000
PROGRESS empty-128 560/1000
PROGRESS empty-128 570/1000
PROGRESS empty-128 580/1000
PROGRESS empty-128 590/1000
PROGRESS empty-128 600/1000
PROGRESS empty-128 610/1000
PROGRESS empty-128 620/1000
PROGRESS empty-128 630/1000
PROGRESS empty-128 640/1000
PROGRESS empty-128 650/1000
PROGRESS empty-128 660/1000
PROGRESS empty-128 670/1000
PROGRESS empty-128 680/1000
PROGRESS empty-128 690/1000
PROGRESS empty-128 700/1000
PROGRESS empty-128 710/1000
PROGRESS empty-128 720/1000
PROGRESS empty-128 730/1000
PROGRESS empty-128 740/1000
PROGRESS empty-128 750/1000
PROGRESS empty-128 760/1000
PROGRESS empty-128 770/1000
PROGRESS empty-128 780/1000
PROGRESS empty-128 790/1000
PROGRESS empty-128 800/1000
PROGRESS empty-128 810/1000
PROGRESS empty-128 820/1000
PROGRESS empty-128 830/1000
PROGRESS empty-128 840/1000
PROGRESS empty-128 850/1000
PROGRESS empty-128 860/1000
PROGRESS empty-128 870/1000
PROGRESS empty-128 880/1000
PROGRESS empty-128 890/1000
PROGRESS empty-128 900/1000
PROGRESS empty-128 910/1000
PROGRESS empty-128 920/1000
PROGRESS empty-128 930/1000
PROGRESS empty-128 940/1000
PROGRESS empty-128 950/1000
PROGRESS empty-128 960/1000
PROGRESS empty-128 970/1000
PROGRESS empty-128 980/1000
PROGRESS empty-128 990/1000
PROGRESS empty-128 1000/1000
RESULT empty-128 old-p50-ns=26000 new-p50-ns=15000
CASE empty-512 samples=1000 repetitions=1
PROGRESS empty-512 10/1000
PROGRESS empty-512 20/1000
PROGRESS empty-512 30/1000
PROGRESS empty-512 40/1000
PROGRESS empty-512 50/1000
PROGRESS empty-512 60/1000
PROGRESS empty-512 70/1000
PROGRESS empty-512 80/1000
PROGRESS empty-512 90/1000
PROGRESS empty-512 100/1000
PROGRESS empty-512 110/1000
PROGRESS empty-512 120/1000
PROGRESS empty-512 130/1000
PROGRESS empty-512 140/1000
PROGRESS empty-512 150/1000
PROGRESS empty-512 160/1000
PROGRESS empty-512 170/1000
PROGRESS empty-512 180/1000
PROGRESS empty-512 190/1000
PROGRESS empty-512 200/1000
PROGRESS empty-512 210/1000
PROGRESS empty-512 220/1000
PROGRESS empty-512 230/1000
PROGRESS empty-512 240/1000
PROGRESS empty-512 250/1000
PROGRESS empty-512 260/1000
PROGRESS empty-512 270/1000
PROGRESS empty-512 280/1000
PROGRESS empty-512 290/1000
PROGRESS empty-512 300/1000
PROGRESS empty-512 310/1000
PROGRESS empty-512 320/1000
PROGRESS empty-512 330/1000
PROGRESS empty-512 340/1000
PROGRESS empty-512 350/1000
PROGRESS empty-512 360/1000
PROGRESS empty-512 370/1000
PROGRESS empty-512 380/1000
PROGRESS empty-512 390/1000
PROGRESS empty-512 400/1000
PROGRESS empty-512 410/1000
PROGRESS empty-512 420/1000
PROGRESS empty-512 430/1000
PROGRESS empty-512 440/1000
PROGRESS empty-512 450/1000
PROGRESS empty-512 460/1000
PROGRESS empty-512 470/1000
PROGRESS empty-512 480/1000
PROGRESS empty-512 490/1000
PROGRESS empty-512 500/1000
PROGRESS empty-512 510/1000
PROGRESS empty-512 520/1000
PROGRESS empty-512 530/1000
PROGRESS empty-512 540/1000
PROGRESS empty-512 550/1000
PROGRESS empty-512 560/1000
PROGRESS empty-512 570/1000
PROGRESS empty-512 580/1000
PROGRESS empty-512 590/1000
PROGRESS empty-512 600/1000
PROGRESS empty-512 610/1000
PROGRESS empty-512 620/1000
PROGRESS empty-512 630/1000
PROGRESS empty-512 640/1000
PROGRESS empty-512 650/1000
PROGRESS empty-512 660/1000
PROGRESS empty-512 670/1000
PROGRESS empty-512 680/1000
PROGRESS empty-512 690/1000
PROGRESS empty-512 700/1000
PROGRESS empty-512 710/1000
PROGRESS empty-512 720/1000
PROGRESS empty-512 730/1000
PROGRESS empty-512 740/1000
PROGRESS empty-512 750/1000
PROGRESS empty-512 760/1000
PROGRESS empty-512 770/1000
PROGRESS empty-512 780/1000
PROGRESS empty-512 790/1000
PROGRESS empty-512 800/1000
PROGRESS empty-512 810/1000
PROGRESS empty-512 820/1000
PROGRESS empty-512 830/1000
PROGRESS empty-512 840/1000
PROGRESS empty-512 850/1000
PROGRESS empty-512 860/1000
PROGRESS empty-512 870/1000
PROGRESS empty-512 880/1000
PROGRESS empty-512 890/1000
PROGRESS empty-512 900/1000
PROGRESS empty-512 910/1000
PROGRESS empty-512 920/1000
PROGRESS empty-512 930/1000
PROGRESS empty-512 940/1000
PROGRESS empty-512 950/1000
PROGRESS empty-512 960/1000
PROGRESS empty-512 970/1000
PROGRESS empty-512 980/1000
PROGRESS empty-512 990/1000
PROGRESS empty-512 1000/1000
RESULT empty-512 old-p50-ns=38000 new-p50-ns=16000
CASE sparse-512 samples=1000 repetitions=1
PROGRESS sparse-512 10/1000
PROGRESS sparse-512 20/1000
PROGRESS sparse-512 30/1000
PROGRESS sparse-512 40/1000
PROGRESS sparse-512 50/1000
PROGRESS sparse-512 60/1000
PROGRESS sparse-512 70/1000
PROGRESS sparse-512 80/1000
PROGRESS sparse-512 90/1000
PROGRESS sparse-512 100/1000
PROGRESS sparse-512 110/1000
PROGRESS sparse-512 120/1000
PROGRESS sparse-512 130/1000
PROGRESS sparse-512 140/1000
PROGRESS sparse-512 150/1000
PROGRESS sparse-512 160/1000
PROGRESS sparse-512 170/1000
PROGRESS sparse-512 180/1000
PROGRESS sparse-512 190/1000
PROGRESS sparse-512 200/1000
PROGRESS sparse-512 210/1000
PROGRESS sparse-512 220/1000
PROGRESS sparse-512 230/1000
PROGRESS sparse-512 240/1000
PROGRESS sparse-512 250/1000
PROGRESS sparse-512 260/1000
PROGRESS sparse-512 270/1000
PROGRESS sparse-512 280/1000
PROGRESS sparse-512 290/1000
PROGRESS sparse-512 300/1000
PROGRESS sparse-512 310/1000
PROGRESS sparse-512 320/1000
PROGRESS sparse-512 330/1000
PROGRESS sparse-512 340/1000
PROGRESS sparse-512 350/1000
PROGRESS sparse-512 360/1000
PROGRESS sparse-512 370/1000
PROGRESS sparse-512 380/1000
PROGRESS sparse-512 390/1000
PROGRESS sparse-512 400/1000
PROGRESS sparse-512 410/1000
PROGRESS sparse-512 420/1000
PROGRESS sparse-512 430/1000
PROGRESS sparse-512 440/1000
PROGRESS sparse-512 450/1000
PROGRESS sparse-512 460/1000
PROGRESS sparse-512 470/1000
PROGRESS sparse-512 480/1000
PROGRESS sparse-512 490/1000
PROGRESS sparse-512 500/1000
PROGRESS sparse-512 510/1000
PROGRESS sparse-512 520/1000
PROGRESS sparse-512 530/1000
PROGRESS sparse-512 540/1000
PROGRESS sparse-512 550/1000
PROGRESS sparse-512 560/1000
PROGRESS sparse-512 570/1000
PROGRESS sparse-512 580/1000
PROGRESS sparse-512 590/1000
PROGRESS sparse-512 600/1000
PROGRESS sparse-512 610/1000
PROGRESS sparse-512 620/1000
PROGRESS sparse-512 630/1000
PROGRESS sparse-512 640/1000
PROGRESS sparse-512 650/1000
PROGRESS sparse-512 660/1000
PROGRESS sparse-512 670/1000
PROGRESS sparse-512 680/1000
PROGRESS sparse-512 690/1000
PROGRESS sparse-512 700/1000
PROGRESS sparse-512 710/1000
PROGRESS sparse-512 720/1000
PROGRESS sparse-512 730/1000
PROGRESS sparse-512 740/1000
PROGRESS sparse-512 750/1000
PROGRESS sparse-512 760/1000
PROGRESS sparse-512 770/1000
PROGRESS sparse-512 780/1000
PROGRESS sparse-512 790/1000
PROGRESS sparse-512 800/1000
PROGRESS sparse-512 810/1000
PROGRESS sparse-512 820/1000
PROGRESS sparse-512 830/1000
PROGRESS sparse-512 840/1000
PROGRESS sparse-512 850/1000
PROGRESS sparse-512 860/1000
PROGRESS sparse-512 870/1000
PROGRESS sparse-512 880/1000
PROGRESS sparse-512 890/1000
PROGRESS sparse-512 900/1000
PROGRESS sparse-512 910/1000
PROGRESS sparse-512 920/1000
PROGRESS sparse-512 930/1000
PROGRESS sparse-512 940/1000
PROGRESS sparse-512 950/1000
PROGRESS sparse-512 960/1000
PROGRESS sparse-512 970/1000
PROGRESS sparse-512 980/1000
PROGRESS sparse-512 990/1000
PROGRESS sparse-512 1000/1000
RESULT sparse-512 old-p50-ns=41000 new-p50-ns=18000
CASE chain-20 samples=1000 repetitions=1
PROGRESS chain-20 10/1000
PROGRESS chain-20 20/1000
PROGRESS chain-20 30/1000
PROGRESS chain-20 40/1000
PROGRESS chain-20 50/1000
PROGRESS chain-20 60/1000
PROGRESS chain-20 70/1000
PROGRESS chain-20 80/1000
PROGRESS chain-20 90/1000
PROGRESS chain-20 100/1000
PROGRESS chain-20 110/1000
PROGRESS chain-20 120/1000
PROGRESS chain-20 130/1000
PROGRESS chain-20 140/1000
PROGRESS chain-20 150/1000
PROGRESS chain-20 160/1000
PROGRESS chain-20 170/1000
PROGRESS chain-20 180/1000
PROGRESS chain-20 190/1000
PROGRESS chain-20 200/1000
PROGRESS chain-20 210/1000
PROGRESS chain-20 220/1000
PROGRESS chain-20 230/1000
PROGRESS chain-20 240/1000
PROGRESS chain-20 250/1000
PROGRESS chain-20 260/1000
PROGRESS chain-20 270/1000
PROGRESS chain-20 280/1000
PROGRESS chain-20 290/1000
PROGRESS chain-20 300/1000
PROGRESS chain-20 310/1000
PROGRESS chain-20 320/1000
PROGRESS chain-20 330/1000
PROGRESS chain-20 340/1000
PROGRESS chain-20 350/1000
PROGRESS chain-20 360/1000
PROGRESS chain-20 370/1000
PROGRESS chain-20 380/1000
PROGRESS chain-20 390/1000
PROGRESS chain-20 400/1000
PROGRESS chain-20 410/1000
PROGRESS chain-20 420/1000
PROGRESS chain-20 430/1000
PROGRESS chain-20 440/1000
PROGRESS chain-20 450/1000
PROGRESS chain-20 460/1000
PROGRESS chain-20 470/1000
PROGRESS chain-20 480/1000
PROGRESS chain-20 490/1000
PROGRESS chain-20 500/1000
PROGRESS chain-20 510/1000
PROGRESS chain-20 520/1000
PROGRESS chain-20 530/1000
PROGRESS chain-20 540/1000
PROGRESS chain-20 550/1000
PROGRESS chain-20 560/1000
PROGRESS chain-20 570/1000
PROGRESS chain-20 580/1000
PROGRESS chain-20 590/1000
PROGRESS chain-20 600/1000
PROGRESS chain-20 610/1000
PROGRESS chain-20 620/1000
PROGRESS chain-20 630/1000
PROGRESS chain-20 640/1000
PROGRESS chain-20 650/1000
PROGRESS chain-20 660/1000
PROGRESS chain-20 670/1000
PROGRESS chain-20 680/1000
PROGRESS chain-20 690/1000
PROGRESS chain-20 700/1000
PROGRESS chain-20 710/1000
PROGRESS chain-20 720/1000
PROGRESS chain-20 730/1000
PROGRESS chain-20 740/1000
PROGRESS chain-20 750/1000
PROGRESS chain-20 760/1000
PROGRESS chain-20 770/1000
PROGRESS chain-20 780/1000
PROGRESS chain-20 790/1000
PROGRESS chain-20 800/1000
PROGRESS chain-20 810/1000
PROGRESS chain-20 820/1000
PROGRESS chain-20 830/1000
PROGRESS chain-20 840/1000
PROGRESS chain-20 850/1000
PROGRESS chain-20 860/1000
PROGRESS chain-20 870/1000
PROGRESS chain-20 880/1000
PROGRESS chain-20 890/1000
PROGRESS chain-20 900/1000
PROGRESS chain-20 910/1000
PROGRESS chain-20 920/1000
PROGRESS chain-20 930/1000
PROGRESS chain-20 940/1000
PROGRESS chain-20 950/1000
PROGRESS chain-20 960/1000
PROGRESS chain-20 970/1000
PROGRESS chain-20 980/1000
PROGRESS chain-20 990/1000
PROGRESS chain-20 1000/1000
RESULT chain-20 old-p50-ns=50000 new-p50-ns=39000
CASE chain-128 samples=1000 repetitions=1
PROGRESS chain-128 10/1000
PROGRESS chain-128 20/1000
PROGRESS chain-128 30/1000
PROGRESS chain-128 40/1000
PROGRESS chain-128 50/1000
PROGRESS chain-128 60/1000
PROGRESS chain-128 70/1000
PROGRESS chain-128 80/1000
PROGRESS chain-128 90/1000
PROGRESS chain-128 100/1000
PROGRESS chain-128 110/1000
PROGRESS chain-128 120/1000
PROGRESS chain-128 130/1000
PROGRESS chain-128 140/1000
PROGRESS chain-128 150/1000
PROGRESS chain-128 160/1000
PROGRESS chain-128 170/1000
PROGRESS chain-128 180/1000
PROGRESS chain-128 190/1000
PROGRESS chain-128 200/1000
PROGRESS chain-128 210/1000
PROGRESS chain-128 220/1000
PROGRESS chain-128 230/1000
PROGRESS chain-128 240/1000
PROGRESS chain-128 250/1000
PROGRESS chain-128 260/1000
PROGRESS chain-128 270/1000
PROGRESS chain-128 280/1000
PROGRESS chain-128 290/1000
PROGRESS chain-128 300/1000
PROGRESS chain-128 310/1000
PROGRESS chain-128 320/1000
PROGRESS chain-128 330/1000
PROGRESS chain-128 340/1000
PROGRESS chain-128 350/1000
PROGRESS chain-128 360/1000
PROGRESS chain-128 370/1000
PROGRESS chain-128 380/1000
PROGRESS chain-128 390/1000
PROGRESS chain-128 400/1000
PROGRESS chain-128 410/1000
PROGRESS chain-128 420/1000
PROGRESS chain-128 430/1000
PROGRESS chain-128 440/1000
PROGRESS chain-128 450/1000
PROGRESS chain-128 460/1000
PROGRESS chain-128 470/1000
PROGRESS chain-128 480/1000
PROGRESS chain-128 490/1000
PROGRESS chain-128 500/1000
PROGRESS chain-128 510/1000
PROGRESS chain-128 520/1000
PROGRESS chain-128 530/1000
PROGRESS chain-128 540/1000
PROGRESS chain-128 550/1000
PROGRESS chain-128 560/1000
PROGRESS chain-128 570/1000
PROGRESS chain-128 580/1000
PROGRESS chain-128 590/1000
PROGRESS chain-128 600/1000
PROGRESS chain-128 610/1000
PROGRESS chain-128 620/1000
PROGRESS chain-128 630/1000
PROGRESS chain-128 640/1000
PROGRESS chain-128 650/1000
PROGRESS chain-128 660/1000
PROGRESS chain-128 670/1000
PROGRESS chain-128 680/1000
PROGRESS chain-128 690/1000
PROGRESS chain-128 700/1000
PROGRESS chain-128 710/1000
PROGRESS chain-128 720/1000
PROGRESS chain-128 730/1000
PROGRESS chain-128 740/1000
PROGRESS chain-128 750/1000
PROGRESS chain-128 760/1000
PROGRESS chain-128 770/1000
PROGRESS chain-128 780/1000
PROGRESS chain-128 790/1000
PROGRESS chain-128 800/1000
PROGRESS chain-128 810/1000
PROGRESS chain-128 820/1000
PROGRESS chain-128 830/1000
PROGRESS chain-128 840/1000
PROGRESS chain-128 850/1000
PROGRESS chain-128 860/1000
PROGRESS chain-128 870/1000
PROGRESS chain-128 880/1000
PROGRESS chain-128 890/1000
PROGRESS chain-128 900/1000
PROGRESS chain-128 910/1000
PROGRESS chain-128 920/1000
PROGRESS chain-128 930/1000
PROGRESS chain-128 940/1000
PROGRESS chain-128 950/1000
PROGRESS chain-128 960/1000
PROGRESS chain-128 970/1000
PROGRESS chain-128 980/1000
PROGRESS chain-128 990/1000
PROGRESS chain-128 1000/1000
RESULT chain-128 old-p50-ns=446000 new-p50-ns=380000
CASE degree-16-32 samples=1000 repetitions=1
PROGRESS degree-16-32 10/1000
PROGRESS degree-16-32 20/1000
PROGRESS degree-16-32 30/1000
PROGRESS degree-16-32 40/1000
PROGRESS degree-16-32 50/1000
PROGRESS degree-16-32 60/1000
PROGRESS degree-16-32 70/1000
PROGRESS degree-16-32 80/1000
PROGRESS degree-16-32 90/1000
PROGRESS degree-16-32 100/1000
PROGRESS degree-16-32 110/1000
PROGRESS degree-16-32 120/1000
PROGRESS degree-16-32 130/1000
PROGRESS degree-16-32 140/1000
PROGRESS degree-16-32 150/1000
PROGRESS degree-16-32 160/1000
PROGRESS degree-16-32 170/1000
PROGRESS degree-16-32 180/1000
PROGRESS degree-16-32 190/1000
PROGRESS degree-16-32 200/1000
PROGRESS degree-16-32 210/1000
PROGRESS degree-16-32 220/1000
PROGRESS degree-16-32 230/1000
PROGRESS degree-16-32 240/1000
PROGRESS degree-16-32 250/1000
PROGRESS degree-16-32 260/1000
PROGRESS degree-16-32 270/1000
PROGRESS degree-16-32 280/1000
PROGRESS degree-16-32 290/1000
PROGRESS degree-16-32 300/1000
PROGRESS degree-16-32 310/1000
PROGRESS degree-16-32 320/1000
PROGRESS degree-16-32 330/1000
PROGRESS degree-16-32 340/1000
PROGRESS degree-16-32 350/1000
PROGRESS degree-16-32 360/1000
PROGRESS degree-16-32 370/1000
PROGRESS degree-16-32 380/1000
PROGRESS degree-16-32 390/1000
PROGRESS degree-16-32 400/1000
PROGRESS degree-16-32 410/1000
PROGRESS degree-16-32 420/1000
PROGRESS degree-16-32 430/1000
PROGRESS degree-16-32 440/1000
PROGRESS degree-16-32 450/1000
PROGRESS degree-16-32 460/1000
PROGRESS degree-16-32 470/1000
PROGRESS degree-16-32 480/1000
PROGRESS degree-16-32 490/1000
PROGRESS degree-16-32 500/1000
PROGRESS degree-16-32 510/1000
PROGRESS degree-16-32 520/1000
PROGRESS degree-16-32 530/1000
PROGRESS degree-16-32 540/1000
PROGRESS degree-16-32 550/1000
PROGRESS degree-16-32 560/1000
PROGRESS degree-16-32 570/1000
PROGRESS degree-16-32 580/1000
PROGRESS degree-16-32 590/1000
PROGRESS degree-16-32 600/1000
PROGRESS degree-16-32 610/1000
PROGRESS degree-16-32 620/1000
PROGRESS degree-16-32 630/1000
PROGRESS degree-16-32 640/1000
PROGRESS degree-16-32 650/1000
PROGRESS degree-16-32 660/1000
PROGRESS degree-16-32 670/1000
PROGRESS degree-16-32 680/1000
PROGRESS degree-16-32 690/1000
PROGRESS degree-16-32 700/1000
PROGRESS degree-16-32 710/1000
PROGRESS degree-16-32 720/1000
PROGRESS degree-16-32 730/1000
PROGRESS degree-16-32 740/1000
PROGRESS degree-16-32 750/1000
PROGRESS degree-16-32 760/1000
PROGRESS degree-16-32 770/1000
PROGRESS degree-16-32 780/1000
PROGRESS degree-16-32 790/1000
PROGRESS degree-16-32 800/1000
PROGRESS degree-16-32 810/1000
PROGRESS degree-16-32 820/1000
PROGRESS degree-16-32 830/1000
PROGRESS degree-16-32 840/1000
PROGRESS degree-16-32 850/1000
PROGRESS degree-16-32 860/1000
PROGRESS degree-16-32 870/1000
PROGRESS degree-16-32 880/1000
PROGRESS degree-16-32 890/1000
PROGRESS degree-16-32 900/1000
PROGRESS degree-16-32 910/1000
PROGRESS degree-16-32 920/1000
PROGRESS degree-16-32 930/1000
PROGRESS degree-16-32 940/1000
PROGRESS degree-16-32 950/1000
PROGRESS degree-16-32 960/1000
PROGRESS degree-16-32 970/1000
PROGRESS degree-16-32 980/1000
PROGRESS degree-16-32 990/1000
PROGRESS degree-16-32 1000/1000
RESULT degree-16-32 old-p50-ns=667000 new-p50-ns=501000
CASE degree-24-32 samples=1000 repetitions=1
PROGRESS degree-24-32 10/1000
PROGRESS degree-24-32 20/1000
PROGRESS degree-24-32 30/1000
PROGRESS degree-24-32 40/1000
PROGRESS degree-24-32 50/1000
PROGRESS degree-24-32 60/1000
PROGRESS degree-24-32 70/1000
PROGRESS degree-24-32 80/1000
PROGRESS degree-24-32 90/1000
PROGRESS degree-24-32 100/1000
PROGRESS degree-24-32 110/1000
PROGRESS degree-24-32 120/1000
PROGRESS degree-24-32 130/1000
PROGRESS degree-24-32 140/1000
PROGRESS degree-24-32 150/1000
PROGRESS degree-24-32 160/1000
PROGRESS degree-24-32 170/1000
PROGRESS degree-24-32 180/1000
PROGRESS degree-24-32 190/1000
PROGRESS degree-24-32 200/1000
PROGRESS degree-24-32 210/1000
PROGRESS degree-24-32 220/1000
PROGRESS degree-24-32 230/1000
PROGRESS degree-24-32 240/1000
PROGRESS degree-24-32 250/1000
PROGRESS degree-24-32 260/1000
PROGRESS degree-24-32 270/1000
PROGRESS degree-24-32 280/1000
PROGRESS degree-24-32 290/1000
PROGRESS degree-24-32 300/1000
PROGRESS degree-24-32 310/1000
PROGRESS degree-24-32 320/1000
PROGRESS degree-24-32 330/1000
PROGRESS degree-24-32 340/1000
PROGRESS degree-24-32 350/1000
PROGRESS degree-24-32 360/1000
PROGRESS degree-24-32 370/1000
PROGRESS degree-24-32 380/1000
PROGRESS degree-24-32 390/1000
PROGRESS degree-24-32 400/1000
PROGRESS degree-24-32 410/1000
PROGRESS degree-24-32 420/1000
PROGRESS degree-24-32 430/1000
PROGRESS degree-24-32 440/1000
PROGRESS degree-24-32 450/1000
PROGRESS degree-24-32 460/1000
PROGRESS degree-24-32 470/1000
PROGRESS degree-24-32 480/1000
PROGRESS degree-24-32 490/1000
PROGRESS degree-24-32 500/1000
PROGRESS degree-24-32 510/1000
PROGRESS degree-24-32 520/1000
PROGRESS degree-24-32 530/1000
PROGRESS degree-24-32 540/1000
PROGRESS degree-24-32 550/1000
PROGRESS degree-24-32 560/1000
PROGRESS degree-24-32 570/1000
PROGRESS degree-24-32 580/1000
PROGRESS degree-24-32 590/1000
PROGRESS degree-24-32 600/1000
PROGRESS degree-24-32 610/1000
PROGRESS degree-24-32 620/1000
PROGRESS degree-24-32 630/1000
PROGRESS degree-24-32 640/1000
PROGRESS degree-24-32 650/1000
PROGRESS degree-24-32 660/1000
PROGRESS degree-24-32 670/1000
PROGRESS degree-24-32 680/1000
PROGRESS degree-24-32 690/1000
PROGRESS degree-24-32 700/1000
PROGRESS degree-24-32 710/1000
PROGRESS degree-24-32 720/1000
PROGRESS degree-24-32 730/1000
PROGRESS degree-24-32 740/1000
PROGRESS degree-24-32 750/1000
PROGRESS degree-24-32 760/1000
PROGRESS degree-24-32 770/1000
PROGRESS degree-24-32 780/1000
PROGRESS degree-24-32 790/1000
PROGRESS degree-24-32 800/1000
PROGRESS degree-24-32 810/1000
PROGRESS degree-24-32 820/1000
PROGRESS degree-24-32 830/1000
PROGRESS degree-24-32 840/1000
PROGRESS degree-24-32 850/1000
PROGRESS degree-24-32 860/1000
PROGRESS degree-24-32 870/1000
PROGRESS degree-24-32 880/1000
PROGRESS degree-24-32 890/1000
PROGRESS degree-24-32 900/1000
PROGRESS degree-24-32 910/1000
PROGRESS degree-24-32 920/1000
PROGRESS degree-24-32 930/1000
PROGRESS degree-24-32 940/1000
PROGRESS degree-24-32 950/1000
PROGRESS degree-24-32 960/1000
PROGRESS degree-24-32 970/1000
PROGRESS degree-24-32 980/1000
PROGRESS degree-24-32 990/1000
PROGRESS degree-24-32 1000/1000
RESULT degree-24-32 old-p50-ns=943000 new-p50-ns=482000
CASE degree-31-32 samples=1000 repetitions=1
PROGRESS degree-31-32 10/1000
PROGRESS degree-31-32 20/1000
PROGRESS degree-31-32 30/1000
PROGRESS degree-31-32 40/1000
PROGRESS degree-31-32 50/1000
PROGRESS degree-31-32 60/1000
PROGRESS degree-31-32 70/1000
PROGRESS degree-31-32 80/1000
PROGRESS degree-31-32 90/1000
PROGRESS degree-31-32 100/1000
PROGRESS degree-31-32 110/1000
PROGRESS degree-31-32 120/1000
PROGRESS degree-31-32 130/1000
PROGRESS degree-31-32 140/1000
PROGRESS degree-31-32 150/1000
PROGRESS degree-31-32 160/1000
PROGRESS degree-31-32 170/1000
PROGRESS degree-31-32 180/1000
PROGRESS degree-31-32 190/1000
PROGRESS degree-31-32 200/1000
PROGRESS degree-31-32 210/1000
PROGRESS degree-31-32 220/1000
PROGRESS degree-31-32 230/1000
PROGRESS degree-31-32 240/1000
PROGRESS degree-31-32 250/1000
PROGRESS degree-31-32 260/1000
PROGRESS degree-31-32 270/1000
PROGRESS degree-31-32 280/1000
PROGRESS degree-31-32 290/1000
PROGRESS degree-31-32 300/1000
PROGRESS degree-31-32 310/1000
PROGRESS degree-31-32 320/1000
PROGRESS degree-31-32 330/1000
PROGRESS degree-31-32 340/1000
PROGRESS degree-31-32 350/1000
PROGRESS degree-31-32 360/1000
PROGRESS degree-31-32 370/1000
PROGRESS degree-31-32 380/1000
PROGRESS degree-31-32 390/1000
PROGRESS degree-31-32 400/1000
PROGRESS degree-31-32 410/1000
PROGRESS degree-31-32 420/1000
PROGRESS degree-31-32 430/1000
PROGRESS degree-31-32 440/1000
PROGRESS degree-31-32 450/1000
PROGRESS degree-31-32 460/1000
PROGRESS degree-31-32 470/1000
PROGRESS degree-31-32 480/1000
PROGRESS degree-31-32 490/1000
PROGRESS degree-31-32 500/1000
PROGRESS degree-31-32 510/1000
PROGRESS degree-31-32 520/1000
PROGRESS degree-31-32 530/1000
PROGRESS degree-31-32 540/1000
PROGRESS degree-31-32 550/1000
PROGRESS degree-31-32 560/1000
PROGRESS degree-31-32 570/1000
PROGRESS degree-31-32 580/1000
PROGRESS degree-31-32 590/1000
PROGRESS degree-31-32 600/1000
PROGRESS degree-31-32 610/1000
PROGRESS degree-31-32 620/1000
PROGRESS degree-31-32 630/1000
PROGRESS degree-31-32 640/1000
PROGRESS degree-31-32 650/1000
PROGRESS degree-31-32 660/1000
PROGRESS degree-31-32 670/1000
PROGRESS degree-31-32 680/1000
PROGRESS degree-31-32 690/1000
PROGRESS degree-31-32 700/1000
PROGRESS degree-31-32 710/1000
PROGRESS degree-31-32 720/1000
PROGRESS degree-31-32 730/1000
PROGRESS degree-31-32 740/1000
PROGRESS degree-31-32 750/1000
PROGRESS degree-31-32 760/1000
PROGRESS degree-31-32 770/1000
PROGRESS degree-31-32 780/1000
PROGRESS degree-31-32 790/1000
PROGRESS degree-31-32 800/1000
PROGRESS degree-31-32 810/1000
PROGRESS degree-31-32 820/1000
PROGRESS degree-31-32 830/1000
PROGRESS degree-31-32 840/1000
PROGRESS degree-31-32 850/1000
PROGRESS degree-31-32 860/1000
PROGRESS degree-31-32 870/1000
PROGRESS degree-31-32 880/1000
PROGRESS degree-31-32 890/1000
PROGRESS degree-31-32 900/1000
PROGRESS degree-31-32 910/1000
PROGRESS degree-31-32 920/1000
PROGRESS degree-31-32 930/1000
PROGRESS degree-31-32 940/1000
PROGRESS degree-31-32 950/1000
PROGRESS degree-31-32 960/1000
PROGRESS degree-31-32 970/1000
PROGRESS degree-31-32 980/1000
PROGRESS degree-31-32 990/1000
PROGRESS degree-31-32 1000/1000
RESULT degree-31-32 old-p50-ns=1171000 new-p50-ns=591000
CASE degree-48-64 samples=1000 repetitions=1
PROGRESS degree-48-64 10/1000
PROGRESS degree-48-64 20/1000
PROGRESS degree-48-64 30/1000
PROGRESS degree-48-64 40/1000
PROGRESS degree-48-64 50/1000
PROGRESS degree-48-64 60/1000
PROGRESS degree-48-64 70/1000
PROGRESS degree-48-64 80/1000
PROGRESS degree-48-64 90/1000
PROGRESS degree-48-64 100/1000
PROGRESS degree-48-64 110/1000
PROGRESS degree-48-64 120/1000
PROGRESS degree-48-64 130/1000
PROGRESS degree-48-64 140/1000
PROGRESS degree-48-64 150/1000
PROGRESS degree-48-64 160/1000
PROGRESS degree-48-64 170/1000
PROGRESS degree-48-64 180/1000
PROGRESS degree-48-64 190/1000
PROGRESS degree-48-64 200/1000
PROGRESS degree-48-64 210/1000
PROGRESS degree-48-64 220/1000
PROGRESS degree-48-64 230/1000
PROGRESS degree-48-64 240/1000
PROGRESS degree-48-64 250/1000
PROGRESS degree-48-64 260/1000
PROGRESS degree-48-64 270/1000
PROGRESS degree-48-64 280/1000
PROGRESS degree-48-64 290/1000
PROGRESS degree-48-64 300/1000
PROGRESS degree-48-64 310/1000
PROGRESS degree-48-64 320/1000
PROGRESS degree-48-64 330/1000
PROGRESS degree-48-64 340/1000
PROGRESS degree-48-64 350/1000
PROGRESS degree-48-64 360/1000
PROGRESS degree-48-64 370/1000
PROGRESS degree-48-64 380/1000
PROGRESS degree-48-64 390/1000
PROGRESS degree-48-64 400/1000
PROGRESS degree-48-64 410/1000
PROGRESS degree-48-64 420/1000
PROGRESS degree-48-64 430/1000
PROGRESS degree-48-64 440/1000
PROGRESS degree-48-64 450/1000
PROGRESS degree-48-64 460/1000
PROGRESS degree-48-64 470/1000
PROGRESS degree-48-64 480/1000
PROGRESS degree-48-64 490/1000
PROGRESS degree-48-64 500/1000
PROGRESS degree-48-64 510/1000
PROGRESS degree-48-64 520/1000
PROGRESS degree-48-64 530/1000
PROGRESS degree-48-64 540/1000
PROGRESS degree-48-64 550/1000
PROGRESS degree-48-64 560/1000
PROGRESS degree-48-64 570/1000
PROGRESS degree-48-64 580/1000
PROGRESS degree-48-64 590/1000
PROGRESS degree-48-64 600/1000
PROGRESS degree-48-64 610/1000
PROGRESS degree-48-64 620/1000
PROGRESS degree-48-64 630/1000
PROGRESS degree-48-64 640/1000
PROGRESS degree-48-64 650/1000
PROGRESS degree-48-64 660/1000
PROGRESS degree-48-64 670/1000
PROGRESS degree-48-64 680/1000
PROGRESS degree-48-64 690/1000
PROGRESS degree-48-64 700/1000
PROGRESS degree-48-64 710/1000
PROGRESS degree-48-64 720/1000
PROGRESS degree-48-64 730/1000
PROGRESS degree-48-64 740/1000
PROGRESS degree-48-64 750/1000
PROGRESS degree-48-64 760/1000
PROGRESS degree-48-64 770/1000
PROGRESS degree-48-64 780/1000
PROGRESS degree-48-64 790/1000
PROGRESS degree-48-64 800/1000
PROGRESS degree-48-64 810/1000
PROGRESS degree-48-64 820/1000
PROGRESS degree-48-64 830/1000
PROGRESS degree-48-64 840/1000
PROGRESS degree-48-64 850/1000
PROGRESS degree-48-64 860/1000
PROGRESS degree-48-64 870/1000
PROGRESS degree-48-64 880/1000
PROGRESS degree-48-64 890/1000
PROGRESS degree-48-64 900/1000
PROGRESS degree-48-64 910/1000
PROGRESS degree-48-64 920/1000
PROGRESS degree-48-64 930/1000
PROGRESS degree-48-64 940/1000
PROGRESS degree-48-64 950/1000
PROGRESS degree-48-64 960/1000
PROGRESS degree-48-64 970/1000
PROGRESS degree-48-64 980/1000
PROGRESS degree-48-64 990/1000
PROGRESS degree-48-64 1000/1000
RESULT degree-48-64 old-p50-ns=4521000 new-p50-ns=1961000
CASE degree-63-64 samples=1000 repetitions=1
PROGRESS degree-63-64 10/1000
PROGRESS degree-63-64 20/1000
PROGRESS degree-63-64 30/1000
PROGRESS degree-63-64 40/1000
PROGRESS degree-63-64 50/1000
PROGRESS degree-63-64 60/1000
PROGRESS degree-63-64 70/1000
PROGRESS degree-63-64 80/1000
PROGRESS degree-63-64 90/1000
PROGRESS degree-63-64 100/1000
PROGRESS degree-63-64 110/1000
PROGRESS degree-63-64 120/1000
PROGRESS degree-63-64 130/1000
PROGRESS degree-63-64 140/1000
PROGRESS degree-63-64 150/1000
PROGRESS degree-63-64 160/1000
PROGRESS degree-63-64 170/1000
PROGRESS degree-63-64 180/1000
PROGRESS degree-63-64 190/1000
PROGRESS degree-63-64 200/1000
PROGRESS degree-63-64 210/1000
PROGRESS degree-63-64 220/1000
PROGRESS degree-63-64 230/1000
PROGRESS degree-63-64 240/1000
PROGRESS degree-63-64 250/1000
PROGRESS degree-63-64 260/1000
PROGRESS degree-63-64 270/1000
PROGRESS degree-63-64 280/1000
PROGRESS degree-63-64 290/1000
PROGRESS degree-63-64 300/1000
PROGRESS degree-63-64 310/1000
PROGRESS degree-63-64 320/1000
PROGRESS degree-63-64 330/1000
PROGRESS degree-63-64 340/1000
PROGRESS degree-63-64 350/1000
PROGRESS degree-63-64 360/1000
PROGRESS degree-63-64 370/1000
PROGRESS degree-63-64 380/1000
PROGRESS degree-63-64 390/1000
PROGRESS degree-63-64 400/1000
PROGRESS degree-63-64 410/1000
PROGRESS degree-63-64 420/1000
PROGRESS degree-63-64 430/1000
PROGRESS degree-63-64 440/1000
PROGRESS degree-63-64 450/1000
PROGRESS degree-63-64 460/1000
PROGRESS degree-63-64 470/1000
PROGRESS degree-63-64 480/1000
PROGRESS degree-63-64 490/1000
PROGRESS degree-63-64 500/1000
PROGRESS degree-63-64 510/1000
PROGRESS degree-63-64 520/1000
PROGRESS degree-63-64 530/1000
PROGRESS degree-63-64 540/1000
PROGRESS degree-63-64 550/1000
PROGRESS degree-63-64 560/1000
PROGRESS degree-63-64 570/1000
PROGRESS degree-63-64 580/1000
PROGRESS degree-63-64 590/1000
PROGRESS degree-63-64 600/1000
PROGRESS degree-63-64 610/1000
PROGRESS degree-63-64 620/1000
PROGRESS degree-63-64 630/1000
PROGRESS degree-63-64 640/1000
PROGRESS degree-63-64 650/1000
PROGRESS degree-63-64 660/1000
PROGRESS degree-63-64 670/1000
PROGRESS degree-63-64 680/1000
PROGRESS degree-63-64 690/1000
PROGRESS degree-63-64 700/1000
PROGRESS degree-63-64 710/1000
PROGRESS degree-63-64 720/1000
PROGRESS degree-63-64 730/1000
PROGRESS degree-63-64 740/1000
PROGRESS degree-63-64 750/1000
PROGRESS degree-63-64 760/1000
PROGRESS degree-63-64 770/1000
PROGRESS degree-63-64 780/1000
PROGRESS degree-63-64 790/1000
PROGRESS degree-63-64 800/1000
PROGRESS degree-63-64 810/1000
PROGRESS degree-63-64 820/1000
PROGRESS degree-63-64 830/1000
PROGRESS degree-63-64 840/1000
PROGRESS degree-63-64 850/1000
PROGRESS degree-63-64 860/1000
PROGRESS degree-63-64 870/1000
PROGRESS degree-63-64 880/1000
PROGRESS degree-63-64 890/1000
PROGRESS degree-63-64 900/1000
PROGRESS degree-63-64 910/1000
PROGRESS degree-63-64 920/1000
PROGRESS degree-63-64 930/1000
PROGRESS degree-63-64 940/1000
PROGRESS degree-63-64 950/1000
PROGRESS degree-63-64 960/1000
PROGRESS degree-63-64 970/1000
PROGRESS degree-63-64 980/1000
PROGRESS degree-63-64 990/1000
PROGRESS degree-63-64 1000/1000
RESULT degree-63-64 old-p50-ns=5828000 new-p50-ns=2482000
CASE materialized-31-32 samples=1000 repetitions=1
PROGRESS materialized-31-32 10/1000
PROGRESS materialized-31-32 20/1000
PROGRESS materialized-31-32 30/1000
PROGRESS materialized-31-32 40/1000
PROGRESS materialized-31-32 50/1000
PROGRESS materialized-31-32 60/1000
PROGRESS materialized-31-32 70/1000
PROGRESS materialized-31-32 80/1000
PROGRESS materialized-31-32 90/1000
PROGRESS materialized-31-32 100/1000
PROGRESS materialized-31-32 110/1000
PROGRESS materialized-31-32 120/1000
PROGRESS materialized-31-32 130/1000
PROGRESS materialized-31-32 140/1000
PROGRESS materialized-31-32 150/1000
PROGRESS materialized-31-32 160/1000
PROGRESS materialized-31-32 170/1000
PROGRESS materialized-31-32 180/1000
PROGRESS materialized-31-32 190/1000
PROGRESS materialized-31-32 200/1000
PROGRESS materialized-31-32 210/1000
PROGRESS materialized-31-32 220/1000
PROGRESS materialized-31-32 230/1000
PROGRESS materialized-31-32 240/1000
PROGRESS materialized-31-32 250/1000
PROGRESS materialized-31-32 260/1000
PROGRESS materialized-31-32 270/1000
PROGRESS materialized-31-32 280/1000
PROGRESS materialized-31-32 290/1000
PROGRESS materialized-31-32 300/1000
PROGRESS materialized-31-32 310/1000
PROGRESS materialized-31-32 320/1000
PROGRESS materialized-31-32 330/1000
PROGRESS materialized-31-32 340/1000
PROGRESS materialized-31-32 350/1000
PROGRESS materialized-31-32 360/1000
PROGRESS materialized-31-32 370/1000
PROGRESS materialized-31-32 380/1000
PROGRESS materialized-31-32 390/1000
PROGRESS materialized-31-32 400/1000
PROGRESS materialized-31-32 410/1000
PROGRESS materialized-31-32 420/1000
PROGRESS materialized-31-32 430/1000
PROGRESS materialized-31-32 440/1000
PROGRESS materialized-31-32 450/1000
PROGRESS materialized-31-32 460/1000
PROGRESS materialized-31-32 470/1000
PROGRESS materialized-31-32 480/1000
PROGRESS materialized-31-32 490/1000
PROGRESS materialized-31-32 500/1000
PROGRESS materialized-31-32 510/1000
PROGRESS materialized-31-32 520/1000
PROGRESS materialized-31-32 530/1000
PROGRESS materialized-31-32 540/1000
PROGRESS materialized-31-32 550/1000
PROGRESS materialized-31-32 560/1000
PROGRESS materialized-31-32 570/1000
PROGRESS materialized-31-32 580/1000
PROGRESS materialized-31-32 590/1000
PROGRESS materialized-31-32 600/1000
PROGRESS materialized-31-32 610/1000
PROGRESS materialized-31-32 620/1000
PROGRESS materialized-31-32 630/1000
PROGRESS materialized-31-32 640/1000
PROGRESS materialized-31-32 650/1000
PROGRESS materialized-31-32 660/1000
PROGRESS materialized-31-32 670/1000
PROGRESS materialized-31-32 680/1000
PROGRESS materialized-31-32 690/1000
PROGRESS materialized-31-32 700/1000
PROGRESS materialized-31-32 710/1000
PROGRESS materialized-31-32 720/1000
PROGRESS materialized-31-32 730/1000
PROGRESS materialized-31-32 740/1000
PROGRESS materialized-31-32 750/1000
PROGRESS materialized-31-32 760/1000
PROGRESS materialized-31-32 770/1000
PROGRESS materialized-31-32 780/1000
PROGRESS materialized-31-32 790/1000
PROGRESS materialized-31-32 800/1000
PROGRESS materialized-31-32 810/1000
PROGRESS materialized-31-32 820/1000
PROGRESS materialized-31-32 830/1000
PROGRESS materialized-31-32 840/1000
PROGRESS materialized-31-32 850/1000
PROGRESS materialized-31-32 860/1000
PROGRESS materialized-31-32 870/1000
PROGRESS materialized-31-32 880/1000
PROGRESS materialized-31-32 890/1000
PROGRESS materialized-31-32 900/1000
PROGRESS materialized-31-32 910/1000
PROGRESS materialized-31-32 920/1000
PROGRESS materialized-31-32 930/1000
PROGRESS materialized-31-32 940/1000
PROGRESS materialized-31-32 950/1000
PROGRESS materialized-31-32 960/1000
PROGRESS materialized-31-32 970/1000
PROGRESS materialized-31-32 980/1000
PROGRESS materialized-31-32 990/1000
PROGRESS materialized-31-32 1000/1000
RESULT materialized-31-32 old-p50-ns=17237000 new-p50-ns=8993000
CASE repeated-31-32 samples=1000 repetitions=1
PROGRESS repeated-31-32 10/1000
PROGRESS repeated-31-32 20/1000
PROGRESS repeated-31-32 30/1000
PROGRESS repeated-31-32 40/1000
PROGRESS repeated-31-32 50/1000
PROGRESS repeated-31-32 60/1000
PROGRESS repeated-31-32 70/1000
PROGRESS repeated-31-32 80/1000
PROGRESS repeated-31-32 90/1000
PROGRESS repeated-31-32 100/1000
PROGRESS repeated-31-32 110/1000
PROGRESS repeated-31-32 120/1000
PROGRESS repeated-31-32 130/1000
PROGRESS repeated-31-32 140/1000
PROGRESS repeated-31-32 150/1000
PROGRESS repeated-31-32 160/1000
PROGRESS repeated-31-32 170/1000
PROGRESS repeated-31-32 180/1000
PROGRESS repeated-31-32 190/1000
PROGRESS repeated-31-32 200/1000
PROGRESS repeated-31-32 210/1000
PROGRESS repeated-31-32 220/1000
PROGRESS repeated-31-32 230/1000
PROGRESS repeated-31-32 240/1000
PROGRESS repeated-31-32 250/1000
PROGRESS repeated-31-32 260/1000
PROGRESS repeated-31-32 270/1000
PROGRESS repeated-31-32 280/1000
PROGRESS repeated-31-32 290/1000
PROGRESS repeated-31-32 300/1000
PROGRESS repeated-31-32 310/1000
PROGRESS repeated-31-32 320/1000
PROGRESS repeated-31-32 330/1000
PROGRESS repeated-31-32 340/1000
PROGRESS repeated-31-32 350/1000
PROGRESS repeated-31-32 360/1000
PROGRESS repeated-31-32 370/1000
PROGRESS repeated-31-32 380/1000
PROGRESS repeated-31-32 390/1000
PROGRESS repeated-31-32 400/1000
PROGRESS repeated-31-32 410/1000
PROGRESS repeated-31-32 420/1000
PROGRESS repeated-31-32 430/1000
PROGRESS repeated-31-32 440/1000
PROGRESS repeated-31-32 450/1000
PROGRESS repeated-31-32 460/1000
PROGRESS repeated-31-32 470/1000
PROGRESS repeated-31-32 480/1000
PROGRESS repeated-31-32 490/1000
PROGRESS repeated-31-32 500/1000
PROGRESS repeated-31-32 510/1000
PROGRESS repeated-31-32 520/1000
PROGRESS repeated-31-32 530/1000
PROGRESS repeated-31-32 540/1000
PROGRESS repeated-31-32 550/1000
PROGRESS repeated-31-32 560/1000
PROGRESS repeated-31-32 570/1000
PROGRESS repeated-31-32 580/1000
PROGRESS repeated-31-32 590/1000
PROGRESS repeated-31-32 600/1000
PROGRESS repeated-31-32 610/1000
PROGRESS repeated-31-32 620/1000
PROGRESS repeated-31-32 630/1000
PROGRESS repeated-31-32 640/1000
PROGRESS repeated-31-32 650/1000
PROGRESS repeated-31-32 660/1000
PROGRESS repeated-31-32 670/1000
PROGRESS repeated-31-32 680/1000
PROGRESS repeated-31-32 690/1000
PROGRESS repeated-31-32 700/1000
PROGRESS repeated-31-32 710/1000
PROGRESS repeated-31-32 720/1000
PROGRESS repeated-31-32 730/1000
PROGRESS repeated-31-32 740/1000
PROGRESS repeated-31-32 750/1000
PROGRESS repeated-31-32 760/1000
PROGRESS repeated-31-32 770/1000
PROGRESS repeated-31-32 780/1000
PROGRESS repeated-31-32 790/1000
PROGRESS repeated-31-32 800/1000
PROGRESS repeated-31-32 810/1000
PROGRESS repeated-31-32 820/1000
PROGRESS repeated-31-32 830/1000
PROGRESS repeated-31-32 840/1000
PROGRESS repeated-31-32 850/1000
PROGRESS repeated-31-32 860/1000
PROGRESS repeated-31-32 870/1000
PROGRESS repeated-31-32 880/1000
PROGRESS repeated-31-32 890/1000
PROGRESS repeated-31-32 900/1000
PROGRESS repeated-31-32 910/1000
PROGRESS repeated-31-32 920/1000
PROGRESS repeated-31-32 930/1000
PROGRESS repeated-31-32 940/1000
PROGRESS repeated-31-32 950/1000
PROGRESS repeated-31-32 960/1000
PROGRESS repeated-31-32 970/1000
PROGRESS repeated-31-32 980/1000
PROGRESS repeated-31-32 990/1000
PROGRESS repeated-31-32 1000/1000
RESULT repeated-31-32 old-p50-ns=52520000 new-p50-ns=10138000
CASE general-copy-32 samples=1000 repetitions=1
PROGRESS general-copy-32 10/1000
PROGRESS general-copy-32 20/1000
PROGRESS general-copy-32 30/1000
PROGRESS general-copy-32 40/1000
PROGRESS general-copy-32 50/1000
PROGRESS general-copy-32 60/1000
PROGRESS general-copy-32 70/1000
PROGRESS general-copy-32 80/1000
PROGRESS general-copy-32 90/1000
PROGRESS general-copy-32 100/1000
PROGRESS general-copy-32 110/1000
PROGRESS general-copy-32 120/1000
PROGRESS general-copy-32 130/1000
PROGRESS general-copy-32 140/1000
PROGRESS general-copy-32 150/1000
PROGRESS general-copy-32 160/1000
PROGRESS general-copy-32 170/1000
PROGRESS general-copy-32 180/1000
PROGRESS general-copy-32 190/1000
PROGRESS general-copy-32 200/1000
PROGRESS general-copy-32 210/1000
PROGRESS general-copy-32 220/1000
PROGRESS general-copy-32 230/1000
PROGRESS general-copy-32 240/1000
PROGRESS general-copy-32 250/1000
PROGRESS general-copy-32 260/1000
PROGRESS general-copy-32 270/1000
PROGRESS general-copy-32 280/1000
PROGRESS general-copy-32 290/1000
PROGRESS general-copy-32 300/1000
PROGRESS general-copy-32 310/1000
PROGRESS general-copy-32 320/1000
PROGRESS general-copy-32 330/1000
PROGRESS general-copy-32 340/1000
PROGRESS general-copy-32 350/1000
PROGRESS general-copy-32 360/1000
PROGRESS general-copy-32 370/1000
PROGRESS general-copy-32 380/1000
PROGRESS general-copy-32 390/1000
PROGRESS general-copy-32 400/1000
PROGRESS general-copy-32 410/1000
PROGRESS general-copy-32 420/1000
PROGRESS general-copy-32 430/1000
PROGRESS general-copy-32 440/1000
PROGRESS general-copy-32 450/1000
PROGRESS general-copy-32 460/1000
PROGRESS general-copy-32 470/1000
PROGRESS general-copy-32 480/1000
PROGRESS general-copy-32 490/1000
PROGRESS general-copy-32 500/1000
PROGRESS general-copy-32 510/1000
PROGRESS general-copy-32 520/1000
PROGRESS general-copy-32 530/1000
PROGRESS general-copy-32 540/1000
PROGRESS general-copy-32 550/1000
PROGRESS general-copy-32 560/1000
PROGRESS general-copy-32 570/1000
PROGRESS general-copy-32 580/1000
PROGRESS general-copy-32 590/1000
PROGRESS general-copy-32 600/1000
PROGRESS general-copy-32 610/1000
PROGRESS general-copy-32 620/1000
PROGRESS general-copy-32 630/1000
PROGRESS general-copy-32 640/1000
PROGRESS general-copy-32 650/1000
PROGRESS general-copy-32 660/1000
PROGRESS general-copy-32 670/1000
PROGRESS general-copy-32 680/1000
PROGRESS general-copy-32 690/1000
PROGRESS general-copy-32 700/1000
PROGRESS general-copy-32 710/1000
PROGRESS general-copy-32 720/1000
PROGRESS general-copy-32 730/1000
PROGRESS general-copy-32 740/1000
PROGRESS general-copy-32 750/1000
PROGRESS general-copy-32 760/1000
PROGRESS general-copy-32 770/1000
PROGRESS general-copy-32 780/1000
PROGRESS general-copy-32 790/1000
PROGRESS general-copy-32 800/1000
PROGRESS general-copy-32 810/1000
PROGRESS general-copy-32 820/1000
PROGRESS general-copy-32 830/1000
PROGRESS general-copy-32 840/1000
PROGRESS general-copy-32 850/1000
PROGRESS general-copy-32 860/1000
PROGRESS general-copy-32 870/1000
PROGRESS general-copy-32 880/1000
PROGRESS general-copy-32 890/1000
PROGRESS general-copy-32 900/1000
PROGRESS general-copy-32 910/1000
PROGRESS general-copy-32 920/1000
PROGRESS general-copy-32 930/1000
PROGRESS general-copy-32 940/1000
PROGRESS general-copy-32 950/1000
PROGRESS general-copy-32 960/1000
PROGRESS general-copy-32 970/1000
PROGRESS general-copy-32 980/1000
PROGRESS general-copy-32 990/1000
PROGRESS general-copy-32 1000/1000
RESULT general-copy-32 old-p50-ns=221000 new-p50-ns=224000
CASE general-join-32 samples=1000 repetitions=1
PROGRESS general-join-32 10/1000
PROGRESS general-join-32 20/1000
PROGRESS general-join-32 30/1000
PROGRESS general-join-32 40/1000
PROGRESS general-join-32 50/1000
PROGRESS general-join-32 60/1000
PROGRESS general-join-32 70/1000
PROGRESS general-join-32 80/1000
PROGRESS general-join-32 90/1000
PROGRESS general-join-32 100/1000
PROGRESS general-join-32 110/1000
PROGRESS general-join-32 120/1000
PROGRESS general-join-32 130/1000
PROGRESS general-join-32 140/1000
PROGRESS general-join-32 150/1000
PROGRESS general-join-32 160/1000
PROGRESS general-join-32 170/1000
PROGRESS general-join-32 180/1000
PROGRESS general-join-32 190/1000
PROGRESS general-join-32 200/1000
PROGRESS general-join-32 210/1000
PROGRESS general-join-32 220/1000
PROGRESS general-join-32 230/1000
PROGRESS general-join-32 240/1000
PROGRESS general-join-32 250/1000
PROGRESS general-join-32 260/1000
PROGRESS general-join-32 270/1000
PROGRESS general-join-32 280/1000
PROGRESS general-join-32 290/1000
PROGRESS general-join-32 300/1000
PROGRESS general-join-32 310/1000
PROGRESS general-join-32 320/1000
PROGRESS general-join-32 330/1000
PROGRESS general-join-32 340/1000
PROGRESS general-join-32 350/1000
PROGRESS general-join-32 360/1000
PROGRESS general-join-32 370/1000
PROGRESS general-join-32 380/1000
PROGRESS general-join-32 390/1000
PROGRESS general-join-32 400/1000
PROGRESS general-join-32 410/1000
PROGRESS general-join-32 420/1000
PROGRESS general-join-32 430/1000
PROGRESS general-join-32 440/1000
PROGRESS general-join-32 450/1000
PROGRESS general-join-32 460/1000
PROGRESS general-join-32 470/1000
PROGRESS general-join-32 480/1000
PROGRESS general-join-32 490/1000
PROGRESS general-join-32 500/1000
PROGRESS general-join-32 510/1000
PROGRESS general-join-32 520/1000
PROGRESS general-join-32 530/1000
PROGRESS general-join-32 540/1000
PROGRESS general-join-32 550/1000
PROGRESS general-join-32 560/1000
PROGRESS general-join-32 570/1000
PROGRESS general-join-32 580/1000
PROGRESS general-join-32 590/1000
PROGRESS general-join-32 600/1000
PROGRESS general-join-32 610/1000
PROGRESS general-join-32 620/1000
PROGRESS general-join-32 630/1000
PROGRESS general-join-32 640/1000
PROGRESS general-join-32 650/1000
PROGRESS general-join-32 660/1000
PROGRESS general-join-32 670/1000
PROGRESS general-join-32 680/1000
PROGRESS general-join-32 690/1000
PROGRESS general-join-32 700/1000
PROGRESS general-join-32 710/1000
PROGRESS general-join-32 720/1000
PROGRESS general-join-32 730/1000
PROGRESS general-join-32 740/1000
PROGRESS general-join-32 750/1000
PROGRESS general-join-32 760/1000
PROGRESS general-join-32 770/1000
PROGRESS general-join-32 780/1000
PROGRESS general-join-32 790/1000
PROGRESS general-join-32 800/1000
PROGRESS general-join-32 810/1000
PROGRESS general-join-32 820/1000
PROGRESS general-join-32 830/1000
PROGRESS general-join-32 840/1000
PROGRESS general-join-32 850/1000
PROGRESS general-join-32 860/1000
PROGRESS general-join-32 870/1000
PROGRESS general-join-32 880/1000
PROGRESS general-join-32 890/1000
PROGRESS general-join-32 900/1000
PROGRESS general-join-32 910/1000
PROGRESS general-join-32 920/1000
PROGRESS general-join-32 930/1000
PROGRESS general-join-32 940/1000
PROGRESS general-join-32 950/1000
PROGRESS general-join-32 960/1000
PROGRESS general-join-32 970/1000
PROGRESS general-join-32 980/1000
PROGRESS general-join-32 990/1000
PROGRESS general-join-32 1000/1000
RESULT general-join-32 old-p50-ns=49000 new-p50-ns=49000
CASE general-guard-32 samples=1000 repetitions=1
PROGRESS general-guard-32 10/1000
PROGRESS general-guard-32 20/1000
PROGRESS general-guard-32 30/1000
PROGRESS general-guard-32 40/1000
PROGRESS general-guard-32 50/1000
PROGRESS general-guard-32 60/1000
PROGRESS general-guard-32 70/1000
PROGRESS general-guard-32 80/1000
PROGRESS general-guard-32 90/1000
PROGRESS general-guard-32 100/1000
PROGRESS general-guard-32 110/1000
PROGRESS general-guard-32 120/1000
PROGRESS general-guard-32 130/1000
PROGRESS general-guard-32 140/1000
PROGRESS general-guard-32 150/1000
PROGRESS general-guard-32 160/1000
PROGRESS general-guard-32 170/1000
PROGRESS general-guard-32 180/1000
PROGRESS general-guard-32 190/1000
PROGRESS general-guard-32 200/1000
PROGRESS general-guard-32 210/1000
PROGRESS general-guard-32 220/1000
PROGRESS general-guard-32 230/1000
PROGRESS general-guard-32 240/1000
PROGRESS general-guard-32 250/1000
PROGRESS general-guard-32 260/1000
PROGRESS general-guard-32 270/1000
PROGRESS general-guard-32 280/1000
PROGRESS general-guard-32 290/1000
PROGRESS general-guard-32 300/1000
PROGRESS general-guard-32 310/1000
PROGRESS general-guard-32 320/1000
PROGRESS general-guard-32 330/1000
PROGRESS general-guard-32 340/1000
PROGRESS general-guard-32 350/1000
PROGRESS general-guard-32 360/1000
PROGRESS general-guard-32 370/1000
PROGRESS general-guard-32 380/1000
PROGRESS general-guard-32 390/1000
PROGRESS general-guard-32 400/1000
PROGRESS general-guard-32 410/1000
PROGRESS general-guard-32 420/1000
PROGRESS general-guard-32 430/1000
PROGRESS general-guard-32 440/1000
PROGRESS general-guard-32 450/1000
PROGRESS general-guard-32 460/1000
PROGRESS general-guard-32 470/1000
PROGRESS general-guard-32 480/1000
PROGRESS general-guard-32 490/1000
PROGRESS general-guard-32 500/1000
PROGRESS general-guard-32 510/1000
PROGRESS general-guard-32 520/1000
PROGRESS general-guard-32 530/1000
PROGRESS general-guard-32 540/1000
PROGRESS general-guard-32 550/1000
PROGRESS general-guard-32 560/1000
PROGRESS general-guard-32 570/1000
PROGRESS general-guard-32 580/1000
PROGRESS general-guard-32 590/1000
PROGRESS general-guard-32 600/1000
PROGRESS general-guard-32 610/1000
PROGRESS general-guard-32 620/1000
PROGRESS general-guard-32 630/1000
PROGRESS general-guard-32 640/1000
PROGRESS general-guard-32 650/1000
PROGRESS general-guard-32 660/1000
PROGRESS general-guard-32 670/1000
PROGRESS general-guard-32 680/1000
PROGRESS general-guard-32 690/1000
PROGRESS general-guard-32 700/1000
PROGRESS general-guard-32 710/1000
PROGRESS general-guard-32 720/1000
PROGRESS general-guard-32 730/1000
PROGRESS general-guard-32 740/1000
PROGRESS general-guard-32 750/1000
PROGRESS general-guard-32 760/1000
PROGRESS general-guard-32 770/1000
PROGRESS general-guard-32 780/1000
PROGRESS general-guard-32 790/1000
PROGRESS general-guard-32 800/1000
PROGRESS general-guard-32 810/1000
PROGRESS general-guard-32 820/1000
PROGRESS general-guard-32 830/1000
PROGRESS general-guard-32 840/1000
PROGRESS general-guard-32 850/1000
PROGRESS general-guard-32 860/1000
PROGRESS general-guard-32 870/1000
PROGRESS general-guard-32 880/1000
PROGRESS general-guard-32 890/1000
PROGRESS general-guard-32 900/1000
PROGRESS general-guard-32 910/1000
PROGRESS general-guard-32 920/1000
PROGRESS general-guard-32 930/1000
PROGRESS general-guard-32 940/1000
PROGRESS general-guard-32 950/1000
PROGRESS general-guard-32 960/1000
PROGRESS general-guard-32 970/1000
PROGRESS general-guard-32 980/1000
PROGRESS general-guard-32 990/1000
PROGRESS general-guard-32 1000/1000
RESULT general-guard-32 old-p50-ns=248000 new-p50-ns=250000
CASE seeded-32 samples=1000 repetitions=1
PROGRESS seeded-32 10/1000
PROGRESS seeded-32 20/1000
PROGRESS seeded-32 30/1000
PROGRESS seeded-32 40/1000
PROGRESS seeded-32 50/1000
PROGRESS seeded-32 60/1000
PROGRESS seeded-32 70/1000
PROGRESS seeded-32 80/1000
PROGRESS seeded-32 90/1000
PROGRESS seeded-32 100/1000
PROGRESS seeded-32 110/1000
PROGRESS seeded-32 120/1000
PROGRESS seeded-32 130/1000
PROGRESS seeded-32 140/1000
PROGRESS seeded-32 150/1000
PROGRESS seeded-32 160/1000
PROGRESS seeded-32 170/1000
PROGRESS seeded-32 180/1000
PROGRESS seeded-32 190/1000
PROGRESS seeded-32 200/1000
PROGRESS seeded-32 210/1000
PROGRESS seeded-32 220/1000
PROGRESS seeded-32 230/1000
PROGRESS seeded-32 240/1000
PROGRESS seeded-32 250/1000
PROGRESS seeded-32 260/1000
PROGRESS seeded-32 270/1000
PROGRESS seeded-32 280/1000
PROGRESS seeded-32 290/1000
PROGRESS seeded-32 300/1000
PROGRESS seeded-32 310/1000
PROGRESS seeded-32 320/1000
PROGRESS seeded-32 330/1000
PROGRESS seeded-32 340/1000
PROGRESS seeded-32 350/1000
PROGRESS seeded-32 360/1000
PROGRESS seeded-32 370/1000
PROGRESS seeded-32 380/1000
PROGRESS seeded-32 390/1000
PROGRESS seeded-32 400/1000
PROGRESS seeded-32 410/1000
PROGRESS seeded-32 420/1000
PROGRESS seeded-32 430/1000
PROGRESS seeded-32 440/1000
PROGRESS seeded-32 450/1000
PROGRESS seeded-32 460/1000
PROGRESS seeded-32 470/1000
PROGRESS seeded-32 480/1000
PROGRESS seeded-32 490/1000
PROGRESS seeded-32 500/1000
PROGRESS seeded-32 510/1000
PROGRESS seeded-32 520/1000
PROGRESS seeded-32 530/1000
PROGRESS seeded-32 540/1000
PROGRESS seeded-32 550/1000
PROGRESS seeded-32 560/1000
PROGRESS seeded-32 570/1000
PROGRESS seeded-32 580/1000
PROGRESS seeded-32 590/1000
PROGRESS seeded-32 600/1000
PROGRESS seeded-32 610/1000
PROGRESS seeded-32 620/1000
PROGRESS seeded-32 630/1000
PROGRESS seeded-32 640/1000
PROGRESS seeded-32 650/1000
PROGRESS seeded-32 660/1000
PROGRESS seeded-32 670/1000
PROGRESS seeded-32 680/1000
PROGRESS seeded-32 690/1000
PROGRESS seeded-32 700/1000
PROGRESS seeded-32 710/1000
PROGRESS seeded-32 720/1000
PROGRESS seeded-32 730/1000
PROGRESS seeded-32 740/1000
PROGRESS seeded-32 750/1000
PROGRESS seeded-32 760/1000
PROGRESS seeded-32 770/1000
PROGRESS seeded-32 780/1000
PROGRESS seeded-32 790/1000
PROGRESS seeded-32 800/1000
PROGRESS seeded-32 810/1000
PROGRESS seeded-32 820/1000
PROGRESS seeded-32 830/1000
PROGRESS seeded-32 840/1000
PROGRESS seeded-32 850/1000
PROGRESS seeded-32 860/1000
PROGRESS seeded-32 870/1000
PROGRESS seeded-32 880/1000
PROGRESS seeded-32 890/1000
PROGRESS seeded-32 900/1000
PROGRESS seeded-32 910/1000
PROGRESS seeded-32 920/1000
PROGRESS seeded-32 930/1000
PROGRESS seeded-32 940/1000
PROGRESS seeded-32 950/1000
PROGRESS seeded-32 960/1000
PROGRESS seeded-32 970/1000
PROGRESS seeded-32 980/1000
PROGRESS seeded-32 990/1000
PROGRESS seeded-32 1000/1000
RESULT seeded-32 old-p50-ns=165000 new-p50-ns=168000
CASE sparse-513 samples=1000 repetitions=1
PROGRESS sparse-513 10/1000
PROGRESS sparse-513 20/1000
PROGRESS sparse-513 30/1000
PROGRESS sparse-513 40/1000
PROGRESS sparse-513 50/1000
PROGRESS sparse-513 60/1000
PROGRESS sparse-513 70/1000
PROGRESS sparse-513 80/1000
PROGRESS sparse-513 90/1000
PROGRESS sparse-513 100/1000
PROGRESS sparse-513 110/1000
PROGRESS sparse-513 120/1000
PROGRESS sparse-513 130/1000
PROGRESS sparse-513 140/1000
PROGRESS sparse-513 150/1000
PROGRESS sparse-513 160/1000
PROGRESS sparse-513 170/1000
PROGRESS sparse-513 180/1000
PROGRESS sparse-513 190/1000
PROGRESS sparse-513 200/1000
PROGRESS sparse-513 210/1000
PROGRESS sparse-513 220/1000
PROGRESS sparse-513 230/1000
PROGRESS sparse-513 240/1000
PROGRESS sparse-513 250/1000
PROGRESS sparse-513 260/1000
PROGRESS sparse-513 270/1000
PROGRESS sparse-513 280/1000
PROGRESS sparse-513 290/1000
PROGRESS sparse-513 300/1000
PROGRESS sparse-513 310/1000
PROGRESS sparse-513 320/1000
PROGRESS sparse-513 330/1000
PROGRESS sparse-513 340/1000
PROGRESS sparse-513 350/1000
PROGRESS sparse-513 360/1000
PROGRESS sparse-513 370/1000
PROGRESS sparse-513 380/1000
PROGRESS sparse-513 390/1000
PROGRESS sparse-513 400/1000
PROGRESS sparse-513 410/1000
PROGRESS sparse-513 420/1000
PROGRESS sparse-513 430/1000
PROGRESS sparse-513 440/1000
PROGRESS sparse-513 450/1000
PROGRESS sparse-513 460/1000
PROGRESS sparse-513 470/1000
PROGRESS sparse-513 480/1000
PROGRESS sparse-513 490/1000
PROGRESS sparse-513 500/1000
PROGRESS sparse-513 510/1000
PROGRESS sparse-513 520/1000
PROGRESS sparse-513 530/1000
PROGRESS sparse-513 540/1000
PROGRESS sparse-513 550/1000
PROGRESS sparse-513 560/1000
PROGRESS sparse-513 570/1000
PROGRESS sparse-513 580/1000
PROGRESS sparse-513 590/1000
PROGRESS sparse-513 600/1000
PROGRESS sparse-513 610/1000
PROGRESS sparse-513 620/1000
PROGRESS sparse-513 630/1000
PROGRESS sparse-513 640/1000
PROGRESS sparse-513 650/1000
PROGRESS sparse-513 660/1000
PROGRESS sparse-513 670/1000
PROGRESS sparse-513 680/1000
PROGRESS sparse-513 690/1000
PROGRESS sparse-513 700/1000
PROGRESS sparse-513 710/1000
PROGRESS sparse-513 720/1000
PROGRESS sparse-513 730/1000
PROGRESS sparse-513 740/1000
PROGRESS sparse-513 750/1000
PROGRESS sparse-513 760/1000
PROGRESS sparse-513 770/1000
PROGRESS sparse-513 780/1000
PROGRESS sparse-513 790/1000
PROGRESS sparse-513 800/1000
PROGRESS sparse-513 810/1000
PROGRESS sparse-513 820/1000
PROGRESS sparse-513 830/1000
PROGRESS sparse-513 840/1000
PROGRESS sparse-513 850/1000
PROGRESS sparse-513 860/1000
PROGRESS sparse-513 870/1000
PROGRESS sparse-513 880/1000
PROGRESS sparse-513 890/1000
PROGRESS sparse-513 900/1000
PROGRESS sparse-513 910/1000
PROGRESS sparse-513 920/1000
PROGRESS sparse-513 930/1000
PROGRESS sparse-513 940/1000
PROGRESS sparse-513 950/1000
PROGRESS sparse-513 960/1000
PROGRESS sparse-513 970/1000
PROGRESS sparse-513 980/1000
PROGRESS sparse-513 990/1000
PROGRESS sparse-513 1000/1000
RESULT sparse-513 old-p50-ns=13000 new-p50-ns=13000
OK
