LEAN-CHECK packages/proofs/lean/FiniteHeight.lean
LEAN-CHECK packages/proofs/lean/FiniteOperators.lean
LEAN-CHECK packages/proofs/lean/PositiveNonmembership.lean
LEAN-CHECK packages/proofs/lean/SessionPublication.lean
TLA-CHECK PositiveNonmembershipSession exploration=4 (not a protocol limit)
TLC2 Version 2.19 of 08 August 2024 (rev: 5a47802)
Running breadth-first search Model-Checking with fp 39 and seed -4478851181592477535 with 2 workers on 12 cores with 910MB heap and 64MB offheap memory [pid: 66108] (Mac OS X 26.6.1 aarch64, Homebrew 25.0.2 x86_64, MSBDiskFPSet, DiskStateQueue).
Parsing file /Users/guangtao/ghq/github.com/tao3k/meta-relational-reasoning/.data/worktrees/ascent-dsl-closure-20261004/packages/proofs/tla/PositiveNonmembershipSession.tla
Parsing file /private/var/folders/pj/n33bqzy94yn9wxggj3rny0d00000gn/T/Naturals.tla
Parsing file /private/var/folders/pj/n33bqzy94yn9wxggj3rny0d00000gn/T/Integers.tla
Parsing file /private/var/folders/pj/n33bqzy94yn9wxggj3rny0d00000gn/T/TLC.tla
Parsing file /private/var/folders/pj/n33bqzy94yn9wxggj3rny0d00000gn/T/Sequences.tla
Parsing file /private/var/folders/pj/n33bqzy94yn9wxggj3rny0d00000gn/T/FiniteSets.tla
Semantic processing of module Naturals
Semantic processing of module Integers
Semantic processing of module Sequences
Semantic processing of module FiniteSets
Semantic processing of module TLC
Semantic processing of module PositiveNonmembershipSession
Starting... (2026-10-04 20:25:42)
Computing initial states...
Finished computing initial states: 1 distinct state generated at 2026-10-04 20:25:43.
Model checking completed. No error has been found.
  Estimates of the probability that TLC did not check all reachable states
  because two distinct states had the same fingerprint:
  calculated (optimistic):  val = 8.2E-15
953 states generated, 200 distinct states found, 0 states left on queue.
The depth of the complete state graph search is 10.
The average outdegree of the complete state graph is 1 (minimum is 0, the maximum 5 and the 95th percentile is 5).
Finished in 02s at (2026-10-04 20:25:43)
TLA-CHECK SessionTransaction exploration=4 (not a protocol limit)
TLC2 Version 2.19 of 08 August 2024 (rev: 5a47802)
Running breadth-first search Model-Checking with fp 34 and seed 6282251298691564581 with 2 workers on 12 cores with 910MB heap and 64MB offheap memory [pid: 66150] (Mac OS X 26.6.1 aarch64, Homebrew 25.0.2 x86_64, MSBDiskFPSet, DiskStateQueue).
Parsing file /Users/guangtao/ghq/github.com/tao3k/meta-relational-reasoning/.data/worktrees/ascent-dsl-closure-20261004/packages/proofs/tla/SessionTransaction.tla
Parsing file /private/var/folders/pj/n33bqzy94yn9wxggj3rny0d00000gn/T/Naturals.tla
Parsing file /private/var/folders/pj/n33bqzy94yn9wxggj3rny0d00000gn/T/Integers.tla
Parsing file /private/var/folders/pj/n33bqzy94yn9wxggj3rny0d00000gn/T/TLC.tla
Parsing file /private/var/folders/pj/n33bqzy94yn9wxggj3rny0d00000gn/T/Sequences.tla
Parsing file /private/var/folders/pj/n33bqzy94yn9wxggj3rny0d00000gn/T/FiniteSets.tla
Semantic processing of module Naturals
Semantic processing of module Integers
Semantic processing of module Sequences
Semantic processing of module FiniteSets
Semantic processing of module TLC
Semantic processing of module SessionTransaction
Starting... (2026-10-04 20:25:45)
Computing initial states...
Finished computing initial states: 1 distinct state generated at 2026-10-04 20:25:46.
Model checking completed. No error has been found.
  Estimates of the probability that TLC did not check all reachable states
  because two distinct states had the same fingerprint:
  calculated (optimistic):  val = 2.0E-13
5433 states generated, 813 distinct states found, 0 states left on queue.
The depth of the complete state graph search is 9.
The average outdegree of the complete state graph is 1 (minimum is 0, the maximum 8 and the 95th percentile is 4).
Finished in 02s at (2026-10-04 20:25:46)
TLC2 Version 2.19 of 08 August 2024 (rev: 5a47802)
Running breadth-first search Model-Checking with fp 40 and seed 3777927002886018709 with 2 workers on 12 cores with 910MB heap and 64MB offheap memory [pid: 66197] (Mac OS X 26.6.1 aarch64, Homebrew 25.0.2 x86_64, MSBDiskFPSet, DiskStateQueue).
Parsing file /Users/guangtao/ghq/github.com/tao3k/meta-relational-reasoning/.data/worktrees/ascent-dsl-closure-20261004/packages/proofs/tla/SessionTransaction.tla
Parsing file /private/var/folders/pj/n33bqzy94yn9wxggj3rny0d00000gn/T/Naturals.tla
Parsing file /private/var/folders/pj/n33bqzy94yn9wxggj3rny0d00000gn/T/Integers.tla
Parsing file /private/var/folders/pj/n33bqzy94yn9wxggj3rny0d00000gn/T/TLC.tla
Parsing file /private/var/folders/pj/n33bqzy94yn9wxggj3rny0d00000gn/T/Sequences.tla
Parsing file /private/var/folders/pj/n33bqzy94yn9wxggj3rny0d00000gn/T/FiniteSets.tla
Semantic processing of module Naturals
Semantic processing of module Integers
Semantic processing of module Sequences
Semantic processing of module FiniteSets
Semantic processing of module TLC
Semantic processing of module SessionTransaction
Starting... (2026-10-04 20:25:48)
Computing initial states...
Finished computing initial states: 1 distinct state generated at 2026-10-04 20:25:48.
Error: Invariant AtomicSnapshot is violated.
Error: The behavior up to this point is:
State 1: <Initial predicate>
/\ pending = <<0, 0>>
/\ result = {}
/\ source = <<0, 0>>
/\ generation = 0
/\ complete = FALSE
/\ phase = "idle"
/\ base = -1
/\ candidate = {}

State 2: <Begin line 22, col 3 to line 28, col 45 of module SessionTransaction>
/\ pending = <<0, 1>>
/\ result = {}
/\ source = <<0, 0>>
/\ generation = 0
/\ complete = FALSE
/\ phase = "solving"
/\ base = 0
/\ candidate = {}

State 3: <EarlyPublish line 57, col 3 to line 60, col 80 of module SessionTransaction>
/\ pending = <<0, 1>>
/\ result = {}
/\ source = <<0, 1>>
/\ generation = 0
/\ complete = FALSE
/\ phase = "solving"
/\ base = 0
/\ candidate = {}

51 states generated, 36 distinct states found, 27 states left on queue.
The depth of the complete state graph search is 4.
The average outdegree of the complete state graph is 5 (minimum is 4, the maximum 8 and the 95th percentile is 8).
Finished in 01s at (2026-10-04 20:25:48)
COUNTEREXAMPLE-OK early
TLC2 Version 2.19 of 08 August 2024 (rev: 5a47802)
Running breadth-first search Model-Checking with fp 82 and seed 5214398678381053893 with 2 workers on 12 cores with 910MB heap and 64MB offheap memory [pid: 66253] (Mac OS X 26.6.1 aarch64, Homebrew 25.0.2 x86_64, MSBDiskFPSet, DiskStateQueue).
Parsing file /Users/guangtao/ghq/github.com/tao3k/meta-relational-reasoning/.data/worktrees/ascent-dsl-closure-20261004/packages/proofs/tla/SessionTransaction.tla
Parsing file /private/var/folders/pj/n33bqzy94yn9wxggj3rny0d00000gn/T/Naturals.tla
Parsing file /private/var/folders/pj/n33bqzy94yn9wxggj3rny0d00000gn/T/Integers.tla
Parsing file /private/var/folders/pj/n33bqzy94yn9wxggj3rny0d00000gn/T/TLC.tla
Parsing file /private/var/folders/pj/n33bqzy94yn9wxggj3rny0d00000gn/T/Sequences.tla
Parsing file /private/var/folders/pj/n33bqzy94yn9wxggj3rny0d00000gn/T/FiniteSets.tla
Semantic processing of module Naturals
Semantic processing of module Integers
Semantic processing of module Sequences
Semantic processing of module FiniteSets
Semantic processing of module TLC
Semantic processing of module SessionTransaction
Starting... (2026-10-04 20:25:50)
Computing initial states...
Finished computing initial states: 1 distinct state generated at 2026-10-04 20:25:51.
Error: Action property NoStaleCommit is violated.
Error: The behavior up to this point is:
State 1: <Initial predicate>
/\ pending = <<0, 0>>
/\ result = {}
/\ source = <<0, 0>>
/\ generation = 0
/\ complete = FALSE
/\ phase = "idle"
/\ base = -1
/\ candidate = {}

State 2: <Begin line 22, col 3 to line 28, col 45 of module SessionTransaction>
/\ pending = <<0, 0>>
/\ result = {}
/\ source = <<0, 0>>
/\ generation = 0
/\ complete = FALSE
/\ phase = "solving"
/\ base = 0
/\ candidate = {}

State 3: <Solve line 30, col 3 to line 34, col 60 of module SessionTransaction>
/\ pending = <<0, 0>>
/\ result = {}
/\ source = <<0, 0>>
/\ generation = 0
/\ complete = TRUE
/\ phase = "ready"
/\ base = 0
/\ candidate = {}

State 4: <ExternalCommit line 37, col 3 to line 39, col 60 of module SessionTransaction>
/\ pending = <<0, 0>>
/\ result = {}
/\ source = <<0, 0>>
/\ generation = 1
/\ complete = TRUE
/\ phase = "ready"
/\ base = 0
/\ candidate = {}

State 5: <Commit line 41, col 3 to line 48, col 53 of module SessionTransaction>
/\ pending = <<0, 0>>
/\ result = {}
/\ source = <<0, 0>>
/\ generation = 2
/\ complete = TRUE
/\ phase = "idle"
/\ base = 0
/\ candidate = {}

160 states generated, 88 distinct states found, 62 states left on queue.
The depth of the complete state graph search is 5.
The average outdegree of the complete state graph is 4 (minimum is 0, the maximum 8 and the 95th percentile is 8).
Finished in 01s at (2026-10-04 20:25:51)
COUNTEREXAMPLE-OK stale
FORMAL-CHECK-OK
