LEAN-CHECK packages/proofs/lean/FiniteHeight.lean
LEAN-CHECK packages/proofs/lean/FiniteOperators.lean
LEAN-CHECK packages/proofs/lean/PositiveNonmembership.lean
LEAN-CHECK packages/proofs/lean/SessionPublication.lean
TLA-CHECK PositiveNonmembershipSession exploration=2 (not a protocol limit)
TLC2 Version 2.19 of 08 August 2024 (rev: 5a47802)
Running breadth-first search Model-Checking with fp 106 and seed -4134910920146910624 with 2 workers on 12 cores with 910MB heap and 64MB offheap memory [pid: 67065] (Mac OS X 26.6.1 aarch64, Homebrew 25.0.2 x86_64, MSBDiskFPSet, DiskStateQueue).
Parsing file /Users/guangtao/ghq/github.com/tao3k/meta-relational-reasoning/.data/worktrees/ascent-dsl-closure-20261004/packages/proofs/tla/PositiveNonmembershipSession.tla
Parsing file /private/var/folders/pj/n33bqzy94yn9wxggj3rny0d00000gn/T/Naturals.tla
Parsing file /private/var/folders/pj/n33bqzy94yn9wxggj3rny0d00000gn/T/Integers.tla
Parsing file /private/var/folders/pj/n33bqzy94yn9wxggj3rny0d00000gn/T/TLC.tla
Parsing file /private/var/folders/pj/n33bqzy94yn9wxggj3rny0d00000gn/T/Sequences.tla
Parsing file /private/var/folders/pj/n33bqzy94yn9wxggj3rny0d00000gn/T/FiniteSets.tla
Semantic processing of module Naturals
Semantic processing of module Integers
Semantic processing of module Sequences
Semantic processing of module FiniteSets
Semantic processing of module TLC
Semantic processing of module PositiveNonmembershipSession
Starting... (2026-10-04 20:26:31)
Computing initial states...
Finished computing initial states: 1 distinct state generated at 2026-10-04 20:26:31.
Model checking completed. No error has been found.
  Estimates of the probability that TLC did not check all reachable states
  because two distinct states had the same fingerprint:
  calculated (optimistic):  val = 1.0E-15
337 states generated, 72 distinct states found, 0 states left on queue.
The depth of the complete state graph search is 8.
The average outdegree of the complete state graph is 1 (minimum is 0, the maximum 5 and the 95th percentile is 5).
Finished in 01s at (2026-10-04 20:26:31)
TLA-CHECK SessionTransaction exploration=2 (not a protocol limit)
TLC2 Version 2.19 of 08 August 2024 (rev: 5a47802)
Running breadth-first search Model-Checking with fp 6 and seed 5771954741130189547 with 2 workers on 12 cores with 910MB heap and 64MB offheap memory [pid: 67110] (Mac OS X 26.6.1 aarch64, Homebrew 25.0.2 x86_64, MSBDiskFPSet, DiskStateQueue).
Parsing file /Users/guangtao/ghq/github.com/tao3k/meta-relational-reasoning/.data/worktrees/ascent-dsl-closure-20261004/packages/proofs/tla/SessionTransaction.tla
Parsing file /private/var/folders/pj/n33bqzy94yn9wxggj3rny0d00000gn/T/Naturals.tla
Parsing file /private/var/folders/pj/n33bqzy94yn9wxggj3rny0d00000gn/T/Integers.tla
Parsing file /private/var/folders/pj/n33bqzy94yn9wxggj3rny0d00000gn/T/TLC.tla
Parsing file /private/var/folders/pj/n33bqzy94yn9wxggj3rny0d00000gn/T/Sequences.tla
Parsing file /private/var/folders/pj/n33bqzy94yn9wxggj3rny0d00000gn/T/FiniteSets.tla
Semantic processing of module Naturals
Semantic processing of module Integers
Semantic processing of module Sequences
Semantic processing of module FiniteSets
Semantic processing of module TLC
Semantic processing of module SessionTransaction
Starting... (2026-10-04 20:26:33)
Computing initial states...
Finished computing initial states: 1 distinct state generated at 2026-10-04 20:26:33.
Model checking completed. No error has been found.
  Estimates of the probability that TLC did not check all reachable states
  because two distinct states had the same fingerprint:
  calculated (optimistic):  val = 2.5E-14
1897 states generated, 285 distinct states found, 0 states left on queue.
The depth of the complete state graph search is 5.
The average outdegree of the complete state graph is 1 (minimum is 0, the maximum 8 and the 95th percentile is 5).
Finished in 01s at (2026-10-04 20:26:33)
TLC2 Version 2.19 of 08 August 2024 (rev: 5a47802)
Running breadth-first search Model-Checking with fp 120 and seed -2820311983251656166 with 2 workers on 12 cores with 910MB heap and 64MB offheap memory [pid: 67142] (Mac OS X 26.6.1 aarch64, Homebrew 25.0.2 x86_64, MSBDiskFPSet, DiskStateQueue).
Parsing file /Users/guangtao/ghq/github.com/tao3k/meta-relational-reasoning/.data/worktrees/ascent-dsl-closure-20261004/packages/proofs/tla/SessionTransaction.tla
Parsing file /private/var/folders/pj/n33bqzy94yn9wxggj3rny0d00000gn/T/Naturals.tla
Parsing file /private/var/folders/pj/n33bqzy94yn9wxggj3rny0d00000gn/T/Integers.tla
Parsing file /private/var/folders/pj/n33bqzy94yn9wxggj3rny0d00000gn/T/TLC.tla
Parsing file /private/var/folders/pj/n33bqzy94yn9wxggj3rny0d00000gn/T/Sequences.tla
Parsing file /private/var/folders/pj/n33bqzy94yn9wxggj3rny0d00000gn/T/FiniteSets.tla
Semantic processing of module Naturals
Semantic processing of module Integers
Semantic processing of module Sequences
Semantic processing of module FiniteSets
Semantic processing of module TLC
Semantic processing of module SessionTransaction
Starting... (2026-10-04 20:26:36)
Computing initial states...
Finished computing initial states: 1 distinct state generated at 2026-10-04 20:26:37.
Error: Invariant AtomicSnapshot is violated.
Error: The behavior up to this point is:
State 1: <Initial predicate>
/\ pending = <<0, 0>>
/\ result = {}
/\ source = <<0, 0>>
/\ generation = 0
/\ complete = FALSE
/\ phase = "idle"
/\ base = -1
/\ candidate = {}

State 2: <Begin line 22, col 3 to line 28, col 45 of module SessionTransaction>
/\ pending = <<0, 1>>
/\ result = {}
/\ source = <<0, 0>>
/\ generation = 0
/\ complete = FALSE
/\ phase = "solving"
/\ base = 0
/\ candidate = {}

State 3: <EarlyPublish line 57, col 3 to line 60, col 80 of module SessionTransaction>
/\ pending = <<0, 1>>
/\ result = {}
/\ source = <<0, 1>>
/\ generation = 0
/\ complete = FALSE
/\ phase = "solving"
/\ base = 0
/\ candidate = {}

30 states generated, 29 distinct states found, 23 states left on queue.
The depth of the complete state graph search is 3.
The average outdegree of the complete state graph is 7 (minimum is 6, the maximum 8 and the 95th percentile is 8).
Finished in 03s at (2026-10-04 20:26:37)
COUNTEREXAMPLE-OK early
TLC2 Version 2.19 of 08 August 2024 (rev: 5a47802)
Running breadth-first search Model-Checking with fp 73 and seed 332689450133739383 with 2 workers on 12 cores with 910MB heap and 64MB offheap memory [pid: 67289] (Mac OS X 26.6.1 aarch64, Homebrew 25.0.2 x86_64, MSBDiskFPSet, DiskStateQueue).
Parsing file /Users/guangtao/ghq/github.com/tao3k/meta-relational-reasoning/.data/worktrees/ascent-dsl-closure-20261004/packages/proofs/tla/SessionTransaction.tla
Parsing file /private/var/folders/pj/n33bqzy94yn9wxggj3rny0d00000gn/T/Naturals.tla
Parsing file /private/var/folders/pj/n33bqzy94yn9wxggj3rny0d00000gn/T/Integers.tla
Parsing file /private/var/folders/pj/n33bqzy94yn9wxggj3rny0d00000gn/T/TLC.tla
Parsing file /private/var/folders/pj/n33bqzy94yn9wxggj3rny0d00000gn/T/Sequences.tla
Parsing file /private/var/folders/pj/n33bqzy94yn9wxggj3rny0d00000gn/T/FiniteSets.tla
Semantic processing of module Naturals
Semantic processing of module Integers
Semantic processing of module Sequences
Semantic processing of module FiniteSets
Semantic processing of module TLC
Semantic processing of module SessionTransaction
Starting... (2026-10-04 20:26:40)
Computing initial states...
Finished computing initial states: 1 distinct state generated at 2026-10-04 20:26:40.
Error: Action property NoStaleCommit is violated.
Error: The behavior up to this point is:
State 1: <Initial predicate>
/\ pending = <<0, 0>>
/\ result = {}
/\ source = <<0, 0>>
/\ generation = 0
/\ complete = FALSE
/\ phase = "idle"
/\ base = -1
/\ candidate = {}

State 2: <Begin line 22, col 3 to line 28, col 45 of module SessionTransaction>
/\ pending = <<0, 0>>
/\ result = {}
/\ source = <<0, 0>>
/\ generation = 0
/\ complete = FALSE
/\ phase = "solving"
/\ base = 0
/\ candidate = {}

State 3: <Solve line 30, col 3 to line 34, col 60 of module SessionTransaction>
/\ pending = <<0, 0>>
/\ result = {}
/\ source = <<0, 0>>
/\ generation = 0
/\ complete = TRUE
/\ phase = "ready"
/\ base = 0
/\ candidate = {}

State 4: <ExternalCommit line 37, col 3 to line 39, col 60 of module SessionTransaction>
/\ pending = <<0, 0>>
/\ result = {}
/\ source = <<0, 0>>
/\ generation = 1
/\ complete = TRUE
/\ phase = "ready"
/\ base = 0
/\ candidate = {}

State 5: <Commit line 41, col 3 to line 48, col 53 of module SessionTransaction>
/\ pending = <<0, 0>>
/\ result = {}
/\ source = <<0, 0>>
/\ generation = 2
/\ complete = TRUE
/\ phase = "idle"
/\ base = 0
/\ candidate = {}

186 states generated, 96 distinct states found, 67 states left on queue.
The depth of the complete state graph search is 5.
The average outdegree of the complete state graph is 4 (minimum is 0, the maximum 8 and the 95th percentile is 6).
Finished in 02s at (2026-10-04 20:26:40)
COUNTEREXAMPLE-OK stale
FORMAL-CHECK-OK
