[ascent-test] START t/qualification/ascent-index-lifecycle-test.ss
[test-lane] WAIT exclusive (5s)
[test-lane] WAIT exclusive (10s)
[test-lane] WAIT exclusive (15s)
[test-lane] WAIT exclusive (20s)
[test-lane] WAIT exclusive (25s)
[test-lane] WAIT exclusive (30s)
[test-lane] WAIT exclusive (36s)
[test-lane] WAIT exclusive (41s)
[test-lane] WAIT exclusive (46s)
[test-lane] WAIT exclusive (51s)
[test-lane] WAIT exclusive (56s)
[test-lane] WAIT exclusive (61s)
[test-lane] WAIT exclusive (66s)
[test-lane] WAIT exclusive (71s)
[test-lane] WAIT exclusive (76s)
[test-lane] WAIT exclusive (81s)
[test-lane] WAIT exclusive (86s)
[test-lane] WAIT exclusive (91s)
[test-lane] START exclusive t/qualification/ascent-index-lifecycle-test.ss
HARNESS ("t/qualification/ascent-index-lifecycle-test.ss")
MODULE t/qualification/ascent-index-lifecycle-test.ss
ERROR MODULE t/qualification/ascent-index-lifecycle-test.ss

*** ERROR IN ?
--- Syntax Error: error reading module
--- Context: 
... form:   ... detail: "Incomplete form, EOF reached\n"
... detail: (line: 30 col: 0)
"/Users/guangtao/ghq/github.com/tao3k/gerbil-ascent/t/qualification/ascent-index-lifecycle-test.ss"
HARNESS-OK ("t/qualification/ascent-index-lifecycle-test.ss")
ERROR HARNESS (t/qualification/ascent-index-lifecycle-test.ss)
at HARNESS ("t/qualification/ascent-index-lifecycle-test.ss")
at MODULE t/qualification/ascent-index-lifecycle-test.ss

*** ERROR IN ?
--- Syntax Error: error reading module
--- Context: 
... form:   ... detail: "Incomplete form, EOF reached\n"
... detail: (line: 30 col: 0)
"/Users/guangtao/ghq/github.com/tao3k/gerbil-ascent/t/qualification/ascent-index-lifecycle-test.ss"
[test-lane] END exclusive exit=0
error: recipe `test-file` failed with exit code 1
