[index-lifecycle] START first
[index-lifecycle] RUNNING first
[index-lifecycle] RUNNING first
[index-lifecycle] RUNNING first
[index-lifecycle] RUNNING first
[index-lifecycle] RUNNING first
[index-lifecycle] RUNNING first
[index-lifecycle] RUNNING first
[index-lifecycle] RUNNING first
[index-lifecycle] RUNNING first
[index-lifecycle] RUNNING first
[index-lifecycle] RUNNING first
[index-lifecycle] RUNNING first
[index-lifecycle] RUNNING first
[index-lifecycle] RUNNING first
[index-lifecycle] RUNNING first
[index-lifecycle] RUNNING first
[index-lifecycle] RUNNING first
[index-lifecycle] RUNNING first
[index-lifecycle] RUNNING first
[index-lifecycle] RUNNING first
[index-lifecycle] RUNNING first
[index-lifecycle] RUNNING first
[index-lifecycle] RUNNING first
{'name': 'first', 'exit': 0, 'seconds': 116.8175202919956}
[index-lifecycle] START repeat
[index-lifecycle] RUNNING repeat
[index-lifecycle] RUNNING repeat
[index-lifecycle] RUNNING repeat
[index-lifecycle] RUNNING repeat
[index-lifecycle] RUNNING repeat
[index-lifecycle] RUNNING repeat
[index-lifecycle] RUNNING repeat
[index-lifecycle] RUNNING repeat
[index-lifecycle] RUNNING repeat
[index-lifecycle] RUNNING repeat
[index-lifecycle] RUNNING repeat
{'name': 'repeat', 'exit': 0, 'seconds': 58.616504332996556}
[index-lifecycle] START suite
[index-lifecycle] RUNNING suite
[index-lifecycle] RUNNING suite
[index-lifecycle] RUNNING suite
[index-lifecycle] RUNNING suite
[index-lifecycle] RUNNING suite
[index-lifecycle] RUNNING suite
[index-lifecycle] RUNNING suite
[index-lifecycle] RUNNING suite
[index-lifecycle] RUNNING suite
[index-lifecycle] RUNNING suite
[index-lifecycle] RUNNING suite
[index-lifecycle] RUNNING suite
[index-lifecycle] RUNNING suite
[index-lifecycle] RUNNING suite
[index-lifecycle] RUNNING suite
[index-lifecycle] RUNNING suite
[index-lifecycle] RUNNING suite
[index-lifecycle] RUNNING suite
[index-lifecycle] RUNNING suite
[index-lifecycle] RUNNING suite
[index-lifecycle] RUNNING suite
[index-lifecycle] RUNNING suite
[index-lifecycle] RUNNING suite
[index-lifecycle] RUNNING suite
[index-lifecycle] RUNNING suite
[index-lifecycle] RUNNING suite
[index-lifecycle] RUNNING suite
{'name': 'suite', 'exit': 0, 'seconds': 140.0047061660007}
[index-lifecycle] START original-ss
[index-lifecycle] RUNNING original-ss
{'name': 'original-ss', 'exit': 1, 'seconds': 9.236503291998815}
