[index-ss] START ascent-session-update
[index-ss] RUNNING ascent-session-update
[index-ss] RUNNING ascent-session-update
[index-ss] RUNNING ascent-session-update
{'name': 'ascent-session-update', 'exit': 0, 'seconds': 18.5732348330057}
[index-ss] START ascent-ten-thousand-appends
[index-ss] RUNNING ascent-ten-thousand-appends
[index-ss] RUNNING ascent-ten-thousand-appends
[index-ss] RUNNING ascent-ten-thousand-appends
[index-ss] RUNNING ascent-ten-thousand-appends
[index-ss] RUNNING ascent-ten-thousand-appends
[index-ss] RUNNING ascent-ten-thousand-appends
[index-ss] RUNNING ascent-ten-thousand-appends
[index-ss] RUNNING ascent-ten-thousand-appends
[index-ss] RUNNING ascent-ten-thousand-appends
[index-ss] RUNNING ascent-ten-thousand-appends
{'name': 'ascent-ten-thousand-appends', 'exit': 1, 'seconds': 51.15390958399803}
[index-ss] START ascent-nonpositive-session-update
[index-ss] RUNNING ascent-nonpositive-session-update
[index-ss] RUNNING ascent-nonpositive-session-update
{'name': 'ascent-nonpositive-session-update', 'exit': 0, 'seconds': 10.518652750004549}
[index-ss] START ascent-rule-clauses
[index-ss] RUNNING ascent-rule-clauses
{'name': 'ascent-rule-clauses', 'exit': 1, 'seconds': 9.039469457995438}
[index-ss] START ascent-var-points-to
[index-ss] RUNNING ascent-var-points-to
{'name': 'ascent-var-points-to', 'exit': 0, 'seconds': 8.487162291996356}
[index-ss] START ascent-upstream-examples
[index-ss] RUNNING ascent-upstream-examples
{'name': 'ascent-upstream-examples', 'exit': 1, 'seconds': 7.760544207994826}
[index-ss] START ascent-product-session
[index-ss] RUNNING ascent-product-session
[index-ss] RUNNING ascent-product-session
[index-ss] RUNNING ascent-product-session
{'name': 'ascent-product-session', 'exit': 1, 'seconds': 15.258965166998678}
[index-ss] START ascent-mutual-recursive-heads
[index-ss] RUNNING ascent-mutual-recursive-heads
[index-ss] RUNNING ascent-mutual-recursive-heads
[index-ss] RUNNING ascent-mutual-recursive-heads
[index-ss] RUNNING ascent-mutual-recursive-heads
{'name': 'ascent-mutual-recursive-heads', 'exit': 0, 'seconds': 23.78056108400051}
[index-ss] START ascent-derived-aggregate
[index-ss] RUNNING ascent-derived-aggregate
[index-ss] RUNNING ascent-derived-aggregate
[index-ss] RUNNING ascent-derived-aggregate
[index-ss] RUNNING ascent-derived-aggregate
[index-ss] RUNNING ascent-derived-aggregate
{'name': 'ascent-derived-aggregate', 'exit': 1, 'seconds': 26.473972041996603}
[index-ss] START ascent-indexed-joins
[index-ss] RUNNING ascent-indexed-joins
[index-ss] RUNNING ascent-indexed-joins
{'name': 'ascent-indexed-joins', 'exit': 1, 'seconds': 13.444052792001457}
[index-ss] START ascent-byods-eqrel
[index-ss] RUNNING ascent-byods-eqrel
[index-ss] RUNNING ascent-byods-eqrel
{'name': 'ascent-byods-eqrel', 'exit': 1, 'seconds': 13.452033624998876}
[index-ss] START ascent-binary-program
[index-ss] RUNNING ascent-binary-program
{'name': 'ascent-binary-program', 'exit': 0, 'seconds': 9.558544583000185}
[index-ss] START ascent-reachability-closure
[index-ss] RUNNING ascent-reachability-closure
{'name': 'ascent-reachability-closure', 'exit': 0, 'seconds': 8.005752208999183}
[index-ss] START ascent-table-expression
[index-ss] RUNNING ascent-table-expression
[index-ss] RUNNING ascent-table-expression
[index-ss] RUNNING ascent-table-expression
[index-ss] RUNNING ascent-table-expression
[index-ss] RUNNING ascent-table-expression
[index-ss] RUNNING ascent-table-expression
[index-ss] RUNNING ascent-table-expression
[index-ss] RUNNING ascent-table-expression
{'name': 'ascent-table-expression', 'exit': 1, 'seconds': 42.07173079200584}
[index-ss] START ascent-table-expression-membership
[index-ss] RUNNING ascent-table-expression-membership
[index-ss] RUNNING ascent-table-expression-membership
{'name': 'ascent-table-expression-membership', 'exit': 0, 'seconds': 10.841206333003356}
[index-ss] START ascent-shortest-candidates
[index-ss] RUNNING ascent-shortest-candidates
{'name': 'ascent-shortest-candidates', 'exit': 0, 'seconds': 7.002622917003464}
