[test-lane] START exclusive python3
[binary-admission] START build
[test-lane] RUNNING exclusive (5s)
[binary-admission] RUNNING build
[test-lane] RUNNING exclusive (10s)
[binary-admission] RUNNING build
[test-lane] RUNNING exclusive (15s)
[binary-admission] RUNNING build
[test-lane] RUNNING exclusive (20s)
[binary-admission] RUNNING build
[test-lane] RUNNING exclusive (25s)
[binary-admission] RUNNING build
[test-lane] RUNNING exclusive (30s)
[binary-admission] RUNNING build
[test-lane] RUNNING exclusive (35s)
[binary-admission] RUNNING build
{'name': 'build', 'exit': 0, 'seconds': 36.86842658300884}
[binary-admission] START oracle
[test-lane] RUNNING exclusive (40s)
[binary-admission] RUNNING oracle
[test-lane] RUNNING exclusive (45s)
[binary-admission] RUNNING oracle
[test-lane] RUNNING exclusive (50s)
[binary-admission] RUNNING oracle
[test-lane] RUNNING exclusive (55s)
[binary-admission] RUNNING oracle
[test-lane] RUNNING exclusive (60s)
{'name': 'oracle', 'exit': 0, 'seconds': 23.209359415996005}
[binary-admission] START first
[test-lane] RUNNING exclusive (65s)
[binary-admission] RUNNING first
[test-lane] RUNNING exclusive (70s)
[binary-admission] RUNNING first
[test-lane] RUNNING exclusive (75s)
[binary-admission] RUNNING first
[test-lane] RUNNING exclusive (80s)
[binary-admission] RUNNING first
[test-lane] RUNNING exclusive (85s)
[binary-admission] RUNNING first
[test-lane] RUNNING exclusive (90s)
[binary-admission] RUNNING first
[test-lane] RUNNING exclusive (95s)
[binary-admission] RUNNING first
[test-lane] RUNNING exclusive (100s)
[binary-admission] RUNNING first
[test-lane] RUNNING exclusive (105s)
[binary-admission] RUNNING first
[test-lane] RUNNING exclusive (110s)
[binary-admission] RUNNING first
[test-lane] RUNNING exclusive (115s)
[binary-admission] RUNNING first
[test-lane] RUNNING exclusive (120s)
[binary-admission] RUNNING first
[test-lane] RUNNING exclusive (125s)
[binary-admission] RUNNING first
[test-lane] RUNNING exclusive (130s)
[binary-admission] RUNNING first
[test-lane] RUNNING exclusive (135s)
[binary-admission] RUNNING first
[test-lane] RUNNING exclusive (140s)
[binary-admission] RUNNING first
[test-lane] RUNNING exclusive (145s)
[binary-admission] RUNNING first
[test-lane] RUNNING exclusive (150s)
[binary-admission] RUNNING first
[test-lane] RUNNING exclusive (155s)
[binary-admission] RUNNING first
{'name': 'first', 'exit': 0, 'seconds': 97.73331016598968}
[binary-admission] START repeat
[test-lane] RUNNING exclusive (160s)
[binary-admission] RUNNING repeat
[test-lane] RUNNING exclusive (165s)
[binary-admission] RUNNING repeat
[test-lane] RUNNING exclusive (170s)
[binary-admission] RUNNING repeat
[test-lane] RUNNING exclusive (175s)
[binary-admission] RUNNING repeat
[test-lane] RUNNING exclusive (180s)
[binary-admission] RUNNING repeat
[test-lane] RUNNING exclusive (185s)
[binary-admission] RUNNING repeat
[test-lane] RUNNING exclusive (190s)
[binary-admission] RUNNING repeat
[test-lane] RUNNING exclusive (195s)
[binary-admission] RUNNING repeat
[test-lane] RUNNING exclusive (200s)
[binary-admission] RUNNING repeat
[test-lane] RUNNING exclusive (205s)
[binary-admission] RUNNING repeat
[test-lane] RUNNING exclusive (210s)
[binary-admission] RUNNING repeat
[test-lane] RUNNING exclusive (215s)
[binary-admission] RUNNING repeat
[test-lane] RUNNING exclusive (220s)
[binary-admission] RUNNING repeat
[test-lane] RUNNING exclusive (225s)
{'name': 'repeat', 'exit': 0, 'seconds': 69.15422854200006}
[test-lane] END exclusive exit=0
