NATIVE-MODULE-OK /Users/guangtao/ghq/github.com/tao3k/gerbil-ascent/.gerbil/binary-admission/lib/gerbil-ascent/table/expression.ssi
NATIVE-MODULE-OK /Users/guangtao/ghq/github.com/tao3k/gerbil-ascent/.gerbil/binary-admission/lib/gerbil-ascent/core/binary-program.ssi
NATIVE-MODULE-OK /Users/guangtao/ghq/github.com/tao3k/gerbil-ascent/.gerbil/binary-admission/lib/gerbil-ascent/t/performance/binary-admission/reference-expression.ssi
NATIVE-MODULE-OK /Users/guangtao/ghq/github.com/tao3k/gerbil-ascent/.gerbil/binary-admission/lib/gerbil-ascent/t/performance/binary-admission/reference-program.ssi
CASE seeded-chain-20 samples=1000 repetitions=1
PROGRESS seeded-chain-20 10/1000
PROGRESS seeded-chain-20 20/1000
PROGRESS seeded-chain-20 30/1000
PROGRESS seeded-chain-20 40/1000
PROGRESS seeded-chain-20 50/1000
PROGRESS seeded-chain-20 60/1000
PROGRESS seeded-chain-20 70/1000
PROGRESS seeded-chain-20 80/1000
PROGRESS seeded-chain-20 90/1000
PROGRESS seeded-chain-20 100/1000
PROGRESS seeded-chain-20 110/1000
PROGRESS seeded-chain-20 120/1000
PROGRESS seeded-chain-20 130/1000
PROGRESS seeded-chain-20 140/1000
PROGRESS seeded-chain-20 150/1000
PROGRESS seeded-chain-20 160/1000
PROGRESS seeded-chain-20 170/1000
PROGRESS seeded-chain-20 180/1000
PROGRESS seeded-chain-20 190/1000
PROGRESS seeded-chain-20 200/1000
PROGRESS seeded-chain-20 210/1000
PROGRESS seeded-chain-20 220/1000
PROGRESS seeded-chain-20 230/1000
PROGRESS seeded-chain-20 240/1000
PROGRESS seeded-chain-20 250/1000
PROGRESS seeded-chain-20 260/1000
PROGRESS seeded-chain-20 270/1000
PROGRESS seeded-chain-20 280/1000
PROGRESS seeded-chain-20 290/1000
PROGRESS seeded-chain-20 300/1000
PROGRESS seeded-chain-20 310/1000
PROGRESS seeded-chain-20 320/1000
PROGRESS seeded-chain-20 330/1000
PROGRESS seeded-chain-20 340/1000
PROGRESS seeded-chain-20 350/1000
PROGRESS seeded-chain-20 360/1000
PROGRESS seeded-chain-20 370/1000
PROGRESS seeded-chain-20 380/1000
PROGRESS seeded-chain-20 390/1000
PROGRESS seeded-chain-20 400/1000
PROGRESS seeded-chain-20 410/1000
PROGRESS seeded-chain-20 420/1000
PROGRESS seeded-chain-20 430/1000
PROGRESS seeded-chain-20 440/1000
PROGRESS seeded-chain-20 450/1000
PROGRESS seeded-chain-20 460/1000
PROGRESS seeded-chain-20 470/1000
PROGRESS seeded-chain-20 480/1000
PROGRESS seeded-chain-20 490/1000
PROGRESS seeded-chain-20 500/1000
PROGRESS seeded-chain-20 510/1000
PROGRESS seeded-chain-20 520/1000
PROGRESS seeded-chain-20 530/1000
PROGRESS seeded-chain-20 540/1000
PROGRESS seeded-chain-20 550/1000
PROGRESS seeded-chain-20 560/1000
PROGRESS seeded-chain-20 570/1000
PROGRESS seeded-chain-20 580/1000
PROGRESS seeded-chain-20 590/1000
PROGRESS seeded-chain-20 600/1000
PROGRESS seeded-chain-20 610/1000
PROGRESS seeded-chain-20 620/1000
PROGRESS seeded-chain-20 630/1000
PROGRESS seeded-chain-20 640/1000
PROGRESS seeded-chain-20 650/1000
PROGRESS seeded-chain-20 660/1000
PROGRESS seeded-chain-20 670/1000
PROGRESS seeded-chain-20 680/1000
PROGRESS seeded-chain-20 690/1000
PROGRESS seeded-chain-20 700/1000
PROGRESS seeded-chain-20 710/1000
PROGRESS seeded-chain-20 720/1000
PROGRESS seeded-chain-20 730/1000
PROGRESS seeded-chain-20 740/1000
PROGRESS seeded-chain-20 750/1000
PROGRESS seeded-chain-20 760/1000
PROGRESS seeded-chain-20 770/1000
PROGRESS seeded-chain-20 780/1000
PROGRESS seeded-chain-20 790/1000
PROGRESS seeded-chain-20 800/1000
PROGRESS seeded-chain-20 810/1000
PROGRESS seeded-chain-20 820/1000
PROGRESS seeded-chain-20 830/1000
PROGRESS seeded-chain-20 840/1000
PROGRESS seeded-chain-20 850/1000
PROGRESS seeded-chain-20 860/1000
PROGRESS seeded-chain-20 870/1000
PROGRESS seeded-chain-20 880/1000
PROGRESS seeded-chain-20 890/1000
PROGRESS seeded-chain-20 900/1000
PROGRESS seeded-chain-20 910/1000
PROGRESS seeded-chain-20 920/1000
PROGRESS seeded-chain-20 930/1000
PROGRESS seeded-chain-20 940/1000
PROGRESS seeded-chain-20 950/1000
PROGRESS seeded-chain-20 960/1000
PROGRESS seeded-chain-20 970/1000
PROGRESS seeded-chain-20 980/1000
PROGRESS seeded-chain-20 990/1000
PROGRESS seeded-chain-20 1000/1000
RESULT seeded-chain-20 old-p50-ns=42000 new-p50-ns=40000
CASE seeded-chain-48 samples=1000 repetitions=1
PROGRESS seeded-chain-48 10/1000
PROGRESS seeded-chain-48 20/1000
PROGRESS seeded-chain-48 30/1000
PROGRESS seeded-chain-48 40/1000
PROGRESS seeded-chain-48 50/1000
PROGRESS seeded-chain-48 60/1000
PROGRESS seeded-chain-48 70/1000
PROGRESS seeded-chain-48 80/1000
PROGRESS seeded-chain-48 90/1000
PROGRESS seeded-chain-48 100/1000
PROGRESS seeded-chain-48 110/1000
PROGRESS seeded-chain-48 120/1000
PROGRESS seeded-chain-48 130/1000
PROGRESS seeded-chain-48 140/1000
PROGRESS seeded-chain-48 150/1000
PROGRESS seeded-chain-48 160/1000
PROGRESS seeded-chain-48 170/1000
PROGRESS seeded-chain-48 180/1000
PROGRESS seeded-chain-48 190/1000
PROGRESS seeded-chain-48 200/1000
PROGRESS seeded-chain-48 210/1000
PROGRESS seeded-chain-48 220/1000
PROGRESS seeded-chain-48 230/1000
PROGRESS seeded-chain-48 240/1000
PROGRESS seeded-chain-48 250/1000
PROGRESS seeded-chain-48 260/1000
PROGRESS seeded-chain-48 270/1000
PROGRESS seeded-chain-48 280/1000
PROGRESS seeded-chain-48 290/1000
PROGRESS seeded-chain-48 300/1000
PROGRESS seeded-chain-48 310/1000
PROGRESS seeded-chain-48 320/1000
PROGRESS seeded-chain-48 330/1000
PROGRESS seeded-chain-48 340/1000
PROGRESS seeded-chain-48 350/1000
PROGRESS seeded-chain-48 360/1000
PROGRESS seeded-chain-48 370/1000
PROGRESS seeded-chain-48 380/1000
PROGRESS seeded-chain-48 390/1000
PROGRESS seeded-chain-48 400/1000
PROGRESS seeded-chain-48 410/1000
PROGRESS seeded-chain-48 420/1000
PROGRESS seeded-chain-48 430/1000
PROGRESS seeded-chain-48 440/1000
PROGRESS seeded-chain-48 450/1000
PROGRESS seeded-chain-48 460/1000
PROGRESS seeded-chain-48 470/1000
PROGRESS seeded-chain-48 480/1000
PROGRESS seeded-chain-48 490/1000
PROGRESS seeded-chain-48 500/1000
PROGRESS seeded-chain-48 510/1000
PROGRESS seeded-chain-48 520/1000
PROGRESS seeded-chain-48 530/1000
PROGRESS seeded-chain-48 540/1000
PROGRESS seeded-chain-48 550/1000
PROGRESS seeded-chain-48 560/1000
PROGRESS seeded-chain-48 570/1000
PROGRESS seeded-chain-48 580/1000
PROGRESS seeded-chain-48 590/1000
PROGRESS seeded-chain-48 600/1000
PROGRESS seeded-chain-48 610/1000
PROGRESS seeded-chain-48 620/1000
PROGRESS seeded-chain-48 630/1000
PROGRESS seeded-chain-48 640/1000
PROGRESS seeded-chain-48 650/1000
PROGRESS seeded-chain-48 660/1000
PROGRESS seeded-chain-48 670/1000
PROGRESS seeded-chain-48 680/1000
PROGRESS seeded-chain-48 690/1000
PROGRESS seeded-chain-48 700/1000
PROGRESS seeded-chain-48 710/1000
PROGRESS seeded-chain-48 720/1000
PROGRESS seeded-chain-48 730/1000
PROGRESS seeded-chain-48 740/1000
PROGRESS seeded-chain-48 750/1000
PROGRESS seeded-chain-48 760/1000
PROGRESS seeded-chain-48 770/1000
PROGRESS seeded-chain-48 780/1000
PROGRESS seeded-chain-48 790/1000
PROGRESS seeded-chain-48 800/1000
PROGRESS seeded-chain-48 810/1000
PROGRESS seeded-chain-48 820/1000
PROGRESS seeded-chain-48 830/1000
PROGRESS seeded-chain-48 840/1000
PROGRESS seeded-chain-48 850/1000
PROGRESS seeded-chain-48 860/1000
PROGRESS seeded-chain-48 870/1000
PROGRESS seeded-chain-48 880/1000
PROGRESS seeded-chain-48 890/1000
PROGRESS seeded-chain-48 900/1000
PROGRESS seeded-chain-48 910/1000
PROGRESS seeded-chain-48 920/1000
PROGRESS seeded-chain-48 930/1000
PROGRESS seeded-chain-48 940/1000
PROGRESS seeded-chain-48 950/1000
PROGRESS seeded-chain-48 960/1000
PROGRESS seeded-chain-48 970/1000
PROGRESS seeded-chain-48 980/1000
PROGRESS seeded-chain-48 990/1000
PROGRESS seeded-chain-48 1000/1000
RESULT seeded-chain-48 old-p50-ns=161000 new-p50-ns=152000
CASE seeded-degree-2-32 samples=1000 repetitions=1
PROGRESS seeded-degree-2-32 10/1000
PROGRESS seeded-degree-2-32 20/1000
PROGRESS seeded-degree-2-32 30/1000
PROGRESS seeded-degree-2-32 40/1000
PROGRESS seeded-degree-2-32 50/1000
PROGRESS seeded-degree-2-32 60/1000
PROGRESS seeded-degree-2-32 70/1000
PROGRESS seeded-degree-2-32 80/1000
PROGRESS seeded-degree-2-32 90/1000
PROGRESS seeded-degree-2-32 100/1000
PROGRESS seeded-degree-2-32 110/1000
PROGRESS seeded-degree-2-32 120/1000
PROGRESS seeded-degree-2-32 130/1000
PROGRESS seeded-degree-2-32 140/1000
PROGRESS seeded-degree-2-32 150/1000
PROGRESS seeded-degree-2-32 160/1000
PROGRESS seeded-degree-2-32 170/1000
PROGRESS seeded-degree-2-32 180/1000
PROGRESS seeded-degree-2-32 190/1000
PROGRESS seeded-degree-2-32 200/1000
PROGRESS seeded-degree-2-32 210/1000
PROGRESS seeded-degree-2-32 220/1000
PROGRESS seeded-degree-2-32 230/1000
PROGRESS seeded-degree-2-32 240/1000
PROGRESS seeded-degree-2-32 250/1000
PROGRESS seeded-degree-2-32 260/1000
PROGRESS seeded-degree-2-32 270/1000
PROGRESS seeded-degree-2-32 280/1000
PROGRESS seeded-degree-2-32 290/1000
PROGRESS seeded-degree-2-32 300/1000
PROGRESS seeded-degree-2-32 310/1000
PROGRESS seeded-degree-2-32 320/1000
PROGRESS seeded-degree-2-32 330/1000
PROGRESS seeded-degree-2-32 340/1000
PROGRESS seeded-degree-2-32 350/1000
PROGRESS seeded-degree-2-32 360/1000
PROGRESS seeded-degree-2-32 370/1000
PROGRESS seeded-degree-2-32 380/1000
PROGRESS seeded-degree-2-32 390/1000
PROGRESS seeded-degree-2-32 400/1000
PROGRESS seeded-degree-2-32 410/1000
PROGRESS seeded-degree-2-32 420/1000
PROGRESS seeded-degree-2-32 430/1000
PROGRESS seeded-degree-2-32 440/1000
PROGRESS seeded-degree-2-32 450/1000
PROGRESS seeded-degree-2-32 460/1000
PROGRESS seeded-degree-2-32 470/1000
PROGRESS seeded-degree-2-32 480/1000
PROGRESS seeded-degree-2-32 490/1000
PROGRESS seeded-degree-2-32 500/1000
PROGRESS seeded-degree-2-32 510/1000
PROGRESS seeded-degree-2-32 520/1000
PROGRESS seeded-degree-2-32 530/1000
PROGRESS seeded-degree-2-32 540/1000
PROGRESS seeded-degree-2-32 550/1000
PROGRESS seeded-degree-2-32 560/1000
PROGRESS seeded-degree-2-32 570/1000
PROGRESS seeded-degree-2-32 580/1000
PROGRESS seeded-degree-2-32 590/1000
PROGRESS seeded-degree-2-32 600/1000
PROGRESS seeded-degree-2-32 610/1000
PROGRESS seeded-degree-2-32 620/1000
PROGRESS seeded-degree-2-32 630/1000
PROGRESS seeded-degree-2-32 640/1000
PROGRESS seeded-degree-2-32 650/1000
PROGRESS seeded-degree-2-32 660/1000
PROGRESS seeded-degree-2-32 670/1000
PROGRESS seeded-degree-2-32 680/1000
PROGRESS seeded-degree-2-32 690/1000
PROGRESS seeded-degree-2-32 700/1000
PROGRESS seeded-degree-2-32 710/1000
PROGRESS seeded-degree-2-32 720/1000
PROGRESS seeded-degree-2-32 730/1000
PROGRESS seeded-degree-2-32 740/1000
PROGRESS seeded-degree-2-32 750/1000
PROGRESS seeded-degree-2-32 760/1000
PROGRESS seeded-degree-2-32 770/1000
PROGRESS seeded-degree-2-32 780/1000
PROGRESS seeded-degree-2-32 790/1000
PROGRESS seeded-degree-2-32 800/1000
PROGRESS seeded-degree-2-32 810/1000
PROGRESS seeded-degree-2-32 820/1000
PROGRESS seeded-degree-2-32 830/1000
PROGRESS seeded-degree-2-32 840/1000
PROGRESS seeded-degree-2-32 850/1000
PROGRESS seeded-degree-2-32 860/1000
PROGRESS seeded-degree-2-32 870/1000
PROGRESS seeded-degree-2-32 880/1000
PROGRESS seeded-degree-2-32 890/1000
PROGRESS seeded-degree-2-32 900/1000
PROGRESS seeded-degree-2-32 910/1000
PROGRESS seeded-degree-2-32 920/1000
PROGRESS seeded-degree-2-32 930/1000
PROGRESS seeded-degree-2-32 940/1000
PROGRESS seeded-degree-2-32 950/1000
PROGRESS seeded-degree-2-32 960/1000
PROGRESS seeded-degree-2-32 970/1000
PROGRESS seeded-degree-2-32 980/1000
PROGRESS seeded-degree-2-32 990/1000
PROGRESS seeded-degree-2-32 1000/1000
RESULT seeded-degree-2-32 old-p50-ns=160000 new-p50-ns=151000
CASE right-inputs-8-32 samples=1000 repetitions=1
PROGRESS right-inputs-8-32 10/1000
PROGRESS right-inputs-8-32 20/1000
PROGRESS right-inputs-8-32 30/1000
PROGRESS right-inputs-8-32 40/1000
PROGRESS right-inputs-8-32 50/1000
PROGRESS right-inputs-8-32 60/1000
PROGRESS right-inputs-8-32 70/1000
PROGRESS right-inputs-8-32 80/1000
PROGRESS right-inputs-8-32 90/1000
PROGRESS right-inputs-8-32 100/1000
PROGRESS right-inputs-8-32 110/1000
PROGRESS right-inputs-8-32 120/1000
PROGRESS right-inputs-8-32 130/1000
PROGRESS right-inputs-8-32 140/1000
PROGRESS right-inputs-8-32 150/1000
PROGRESS right-inputs-8-32 160/1000
PROGRESS right-inputs-8-32 170/1000
PROGRESS right-inputs-8-32 180/1000
PROGRESS right-inputs-8-32 190/1000
PROGRESS right-inputs-8-32 200/1000
PROGRESS right-inputs-8-32 210/1000
PROGRESS right-inputs-8-32 220/1000
PROGRESS right-inputs-8-32 230/1000
PROGRESS right-inputs-8-32 240/1000
PROGRESS right-inputs-8-32 250/1000
PROGRESS right-inputs-8-32 260/1000
PROGRESS right-inputs-8-32 270/1000
PROGRESS right-inputs-8-32 280/1000
PROGRESS right-inputs-8-32 290/1000
PROGRESS right-inputs-8-32 300/1000
PROGRESS right-inputs-8-32 310/1000
PROGRESS right-inputs-8-32 320/1000
PROGRESS right-inputs-8-32 330/1000
PROGRESS right-inputs-8-32 340/1000
PROGRESS right-inputs-8-32 350/1000
PROGRESS right-inputs-8-32 360/1000
PROGRESS right-inputs-8-32 370/1000
PROGRESS right-inputs-8-32 380/1000
PROGRESS right-inputs-8-32 390/1000
PROGRESS right-inputs-8-32 400/1000
PROGRESS right-inputs-8-32 410/1000
PROGRESS right-inputs-8-32 420/1000
PROGRESS right-inputs-8-32 430/1000
PROGRESS right-inputs-8-32 440/1000
PROGRESS right-inputs-8-32 450/1000
PROGRESS right-inputs-8-32 460/1000
PROGRESS right-inputs-8-32 470/1000
PROGRESS right-inputs-8-32 480/1000
PROGRESS right-inputs-8-32 490/1000
PROGRESS right-inputs-8-32 500/1000
PROGRESS right-inputs-8-32 510/1000
PROGRESS right-inputs-8-32 520/1000
PROGRESS right-inputs-8-32 530/1000
PROGRESS right-inputs-8-32 540/1000
PROGRESS right-inputs-8-32 550/1000
PROGRESS right-inputs-8-32 560/1000
PROGRESS right-inputs-8-32 570/1000
PROGRESS right-inputs-8-32 580/1000
PROGRESS right-inputs-8-32 590/1000
PROGRESS right-inputs-8-32 600/1000
PROGRESS right-inputs-8-32 610/1000
PROGRESS right-inputs-8-32 620/1000
PROGRESS right-inputs-8-32 630/1000
PROGRESS right-inputs-8-32 640/1000
PROGRESS right-inputs-8-32 650/1000
PROGRESS right-inputs-8-32 660/1000
PROGRESS right-inputs-8-32 670/1000
PROGRESS right-inputs-8-32 680/1000
PROGRESS right-inputs-8-32 690/1000
PROGRESS right-inputs-8-32 700/1000
PROGRESS right-inputs-8-32 710/1000
PROGRESS right-inputs-8-32 720/1000
PROGRESS right-inputs-8-32 730/1000
PROGRESS right-inputs-8-32 740/1000
PROGRESS right-inputs-8-32 750/1000
PROGRESS right-inputs-8-32 760/1000
PROGRESS right-inputs-8-32 770/1000
PROGRESS right-inputs-8-32 780/1000
PROGRESS right-inputs-8-32 790/1000
PROGRESS right-inputs-8-32 800/1000
PROGRESS right-inputs-8-32 810/1000
PROGRESS right-inputs-8-32 820/1000
PROGRESS right-inputs-8-32 830/1000
PROGRESS right-inputs-8-32 840/1000
PROGRESS right-inputs-8-32 850/1000
PROGRESS right-inputs-8-32 860/1000
PROGRESS right-inputs-8-32 870/1000
PROGRESS right-inputs-8-32 880/1000
PROGRESS right-inputs-8-32 890/1000
PROGRESS right-inputs-8-32 900/1000
PROGRESS right-inputs-8-32 910/1000
PROGRESS right-inputs-8-32 920/1000
PROGRESS right-inputs-8-32 930/1000
PROGRESS right-inputs-8-32 940/1000
PROGRESS right-inputs-8-32 950/1000
PROGRESS right-inputs-8-32 960/1000
PROGRESS right-inputs-8-32 970/1000
PROGRESS right-inputs-8-32 980/1000
PROGRESS right-inputs-8-32 990/1000
PROGRESS right-inputs-8-32 1000/1000
RESULT right-inputs-8-32 old-p50-ns=127000 new-p50-ns=120000
CASE right-inputs-32-128 samples=1000 repetitions=1
PROGRESS right-inputs-32-128 10/1000
PROGRESS right-inputs-32-128 20/1000
PROGRESS right-inputs-32-128 30/1000
PROGRESS right-inputs-32-128 40/1000
PROGRESS right-inputs-32-128 50/1000
PROGRESS right-inputs-32-128 60/1000
PROGRESS right-inputs-32-128 70/1000
PROGRESS right-inputs-32-128 80/1000
PROGRESS right-inputs-32-128 90/1000
PROGRESS right-inputs-32-128 100/1000
PROGRESS right-inputs-32-128 110/1000
PROGRESS right-inputs-32-128 120/1000
PROGRESS right-inputs-32-128 130/1000
PROGRESS right-inputs-32-128 140/1000
PROGRESS right-inputs-32-128 150/1000
PROGRESS right-inputs-32-128 160/1000
PROGRESS right-inputs-32-128 170/1000
PROGRESS right-inputs-32-128 180/1000
PROGRESS right-inputs-32-128 190/1000
PROGRESS right-inputs-32-128 200/1000
PROGRESS right-inputs-32-128 210/1000
PROGRESS right-inputs-32-128 220/1000
PROGRESS right-inputs-32-128 230/1000
PROGRESS right-inputs-32-128 240/1000
PROGRESS right-inputs-32-128 250/1000
PROGRESS right-inputs-32-128 260/1000
PROGRESS right-inputs-32-128 270/1000
PROGRESS right-inputs-32-128 280/1000
PROGRESS right-inputs-32-128 290/1000
PROGRESS right-inputs-32-128 300/1000
PROGRESS right-inputs-32-128 310/1000
PROGRESS right-inputs-32-128 320/1000
PROGRESS right-inputs-32-128 330/1000
PROGRESS right-inputs-32-128 340/1000
PROGRESS right-inputs-32-128 350/1000
PROGRESS right-inputs-32-128 360/1000
PROGRESS right-inputs-32-128 370/1000
PROGRESS right-inputs-32-128 380/1000
PROGRESS right-inputs-32-128 390/1000
PROGRESS right-inputs-32-128 400/1000
PROGRESS right-inputs-32-128 410/1000
PROGRESS right-inputs-32-128 420/1000
PROGRESS right-inputs-32-128 430/1000
PROGRESS right-inputs-32-128 440/1000
PROGRESS right-inputs-32-128 450/1000
PROGRESS right-inputs-32-128 460/1000
PROGRESS right-inputs-32-128 470/1000
PROGRESS right-inputs-32-128 480/1000
PROGRESS right-inputs-32-128 490/1000
PROGRESS right-inputs-32-128 500/1000
PROGRESS right-inputs-32-128 510/1000
PROGRESS right-inputs-32-128 520/1000
PROGRESS right-inputs-32-128 530/1000
PROGRESS right-inputs-32-128 540/1000
PROGRESS right-inputs-32-128 550/1000
PROGRESS right-inputs-32-128 560/1000
PROGRESS right-inputs-32-128 570/1000
PROGRESS right-inputs-32-128 580/1000
PROGRESS right-inputs-32-128 590/1000
PROGRESS right-inputs-32-128 600/1000
PROGRESS right-inputs-32-128 610/1000
PROGRESS right-inputs-32-128 620/1000
PROGRESS right-inputs-32-128 630/1000
PROGRESS right-inputs-32-128 640/1000
PROGRESS right-inputs-32-128 650/1000
PROGRESS right-inputs-32-128 660/1000
PROGRESS right-inputs-32-128 670/1000
PROGRESS right-inputs-32-128 680/1000
PROGRESS right-inputs-32-128 690/1000
PROGRESS right-inputs-32-128 700/1000
PROGRESS right-inputs-32-128 710/1000
PROGRESS right-inputs-32-128 720/1000
PROGRESS right-inputs-32-128 730/1000
PROGRESS right-inputs-32-128 740/1000
PROGRESS right-inputs-32-128 750/1000
PROGRESS right-inputs-32-128 760/1000
PROGRESS right-inputs-32-128 770/1000
PROGRESS right-inputs-32-128 780/1000
PROGRESS right-inputs-32-128 790/1000
PROGRESS right-inputs-32-128 800/1000
PROGRESS right-inputs-32-128 810/1000
PROGRESS right-inputs-32-128 820/1000
PROGRESS right-inputs-32-128 830/1000
PROGRESS right-inputs-32-128 840/1000
PROGRESS right-inputs-32-128 850/1000
PROGRESS right-inputs-32-128 860/1000
PROGRESS right-inputs-32-128 870/1000
PROGRESS right-inputs-32-128 880/1000
PROGRESS right-inputs-32-128 890/1000
PROGRESS right-inputs-32-128 900/1000
PROGRESS right-inputs-32-128 910/1000
PROGRESS right-inputs-32-128 920/1000
PROGRESS right-inputs-32-128 930/1000
PROGRESS right-inputs-32-128 940/1000
PROGRESS right-inputs-32-128 950/1000
PROGRESS right-inputs-32-128 960/1000
PROGRESS right-inputs-32-128 970/1000
PROGRESS right-inputs-32-128 980/1000
PROGRESS right-inputs-32-128 990/1000
PROGRESS right-inputs-32-128 1000/1000
RESULT right-inputs-32-128 old-p50-ns=539000 new-p50-ns=463000
CASE right-inputs-32-512 samples=1000 repetitions=1
PROGRESS right-inputs-32-512 10/1000
PROGRESS right-inputs-32-512 20/1000
PROGRESS right-inputs-32-512 30/1000
PROGRESS right-inputs-32-512 40/1000
PROGRESS right-inputs-32-512 50/1000
PROGRESS right-inputs-32-512 60/1000
PROGRESS right-inputs-32-512 70/1000
PROGRESS right-inputs-32-512 80/1000
PROGRESS right-inputs-32-512 90/1000
PROGRESS right-inputs-32-512 100/1000
PROGRESS right-inputs-32-512 110/1000
PROGRESS right-inputs-32-512 120/1000
PROGRESS right-inputs-32-512 130/1000
PROGRESS right-inputs-32-512 140/1000
PROGRESS right-inputs-32-512 150/1000
PROGRESS right-inputs-32-512 160/1000
PROGRESS right-inputs-32-512 170/1000
PROGRESS right-inputs-32-512 180/1000
PROGRESS right-inputs-32-512 190/1000
PROGRESS right-inputs-32-512 200/1000
PROGRESS right-inputs-32-512 210/1000
PROGRESS right-inputs-32-512 220/1000
PROGRESS right-inputs-32-512 230/1000
PROGRESS right-inputs-32-512 240/1000
PROGRESS right-inputs-32-512 250/1000
PROGRESS right-inputs-32-512 260/1000
PROGRESS right-inputs-32-512 270/1000
PROGRESS right-inputs-32-512 280/1000
PROGRESS right-inputs-32-512 290/1000
PROGRESS right-inputs-32-512 300/1000
PROGRESS right-inputs-32-512 310/1000
PROGRESS right-inputs-32-512 320/1000
PROGRESS right-inputs-32-512 330/1000
PROGRESS right-inputs-32-512 340/1000
PROGRESS right-inputs-32-512 350/1000
PROGRESS right-inputs-32-512 360/1000
PROGRESS right-inputs-32-512 370/1000
PROGRESS right-inputs-32-512 380/1000
PROGRESS right-inputs-32-512 390/1000
PROGRESS right-inputs-32-512 400/1000
PROGRESS right-inputs-32-512 410/1000
PROGRESS right-inputs-32-512 420/1000
PROGRESS right-inputs-32-512 430/1000
PROGRESS right-inputs-32-512 440/1000
PROGRESS right-inputs-32-512 450/1000
PROGRESS right-inputs-32-512 460/1000
PROGRESS right-inputs-32-512 470/1000
PROGRESS right-inputs-32-512 480/1000
PROGRESS right-inputs-32-512 490/1000
PROGRESS right-inputs-32-512 500/1000
PROGRESS right-inputs-32-512 510/1000
PROGRESS right-inputs-32-512 520/1000
PROGRESS right-inputs-32-512 530/1000
PROGRESS right-inputs-32-512 540/1000
PROGRESS right-inputs-32-512 550/1000
PROGRESS right-inputs-32-512 560/1000
PROGRESS right-inputs-32-512 570/1000
PROGRESS right-inputs-32-512 580/1000
PROGRESS right-inputs-32-512 590/1000
PROGRESS right-inputs-32-512 600/1000
PROGRESS right-inputs-32-512 610/1000
PROGRESS right-inputs-32-512 620/1000
PROGRESS right-inputs-32-512 630/1000
PROGRESS right-inputs-32-512 640/1000
PROGRESS right-inputs-32-512 650/1000
PROGRESS right-inputs-32-512 660/1000
PROGRESS right-inputs-32-512 670/1000
PROGRESS right-inputs-32-512 680/1000
PROGRESS right-inputs-32-512 690/1000
PROGRESS right-inputs-32-512 700/1000
PROGRESS right-inputs-32-512 710/1000
PROGRESS right-inputs-32-512 720/1000
PROGRESS right-inputs-32-512 730/1000
PROGRESS right-inputs-32-512 740/1000
PROGRESS right-inputs-32-512 750/1000
PROGRESS right-inputs-32-512 760/1000
PROGRESS right-inputs-32-512 770/1000
PROGRESS right-inputs-32-512 780/1000
PROGRESS right-inputs-32-512 790/1000
PROGRESS right-inputs-32-512 800/1000
PROGRESS right-inputs-32-512 810/1000
PROGRESS right-inputs-32-512 820/1000
PROGRESS right-inputs-32-512 830/1000
PROGRESS right-inputs-32-512 840/1000
PROGRESS right-inputs-32-512 850/1000
PROGRESS right-inputs-32-512 860/1000
PROGRESS right-inputs-32-512 870/1000
PROGRESS right-inputs-32-512 880/1000
PROGRESS right-inputs-32-512 890/1000
PROGRESS right-inputs-32-512 900/1000
PROGRESS right-inputs-32-512 910/1000
PROGRESS right-inputs-32-512 920/1000
PROGRESS right-inputs-32-512 930/1000
PROGRESS right-inputs-32-512 940/1000
PROGRESS right-inputs-32-512 950/1000
PROGRESS right-inputs-32-512 960/1000
PROGRESS right-inputs-32-512 970/1000
PROGRESS right-inputs-32-512 980/1000
PROGRESS right-inputs-32-512 990/1000
PROGRESS right-inputs-32-512 1000/1000
RESULT right-inputs-32-512 old-p50-ns=5449000 new-p50-ns=519000
CASE right-inputs-8-513 samples=1000 repetitions=1
PROGRESS right-inputs-8-513 10/1000
PROGRESS right-inputs-8-513 20/1000
PROGRESS right-inputs-8-513 30/1000
PROGRESS right-inputs-8-513 40/1000
PROGRESS right-inputs-8-513 50/1000
PROGRESS right-inputs-8-513 60/1000
PROGRESS right-inputs-8-513 70/1000
PROGRESS right-inputs-8-513 80/1000
PROGRESS right-inputs-8-513 90/1000
PROGRESS right-inputs-8-513 100/1000
PROGRESS right-inputs-8-513 110/1000
PROGRESS right-inputs-8-513 120/1000
PROGRESS right-inputs-8-513 130/1000
PROGRESS right-inputs-8-513 140/1000
PROGRESS right-inputs-8-513 150/1000
PROGRESS right-inputs-8-513 160/1000
PROGRESS right-inputs-8-513 170/1000
PROGRESS right-inputs-8-513 180/1000
PROGRESS right-inputs-8-513 190/1000
PROGRESS right-inputs-8-513 200/1000
PROGRESS right-inputs-8-513 210/1000
PROGRESS right-inputs-8-513 220/1000
PROGRESS right-inputs-8-513 230/1000
PROGRESS right-inputs-8-513 240/1000
PROGRESS right-inputs-8-513 250/1000
PROGRESS right-inputs-8-513 260/1000
PROGRESS right-inputs-8-513 270/1000
PROGRESS right-inputs-8-513 280/1000
PROGRESS right-inputs-8-513 290/1000
PROGRESS right-inputs-8-513 300/1000
PROGRESS right-inputs-8-513 310/1000
PROGRESS right-inputs-8-513 320/1000
PROGRESS right-inputs-8-513 330/1000
PROGRESS right-inputs-8-513 340/1000
PROGRESS right-inputs-8-513 350/1000
PROGRESS right-inputs-8-513 360/1000
PROGRESS right-inputs-8-513 370/1000
PROGRESS right-inputs-8-513 380/1000
PROGRESS right-inputs-8-513 390/1000
PROGRESS right-inputs-8-513 400/1000
PROGRESS right-inputs-8-513 410/1000
PROGRESS right-inputs-8-513 420/1000
PROGRESS right-inputs-8-513 430/1000
PROGRESS right-inputs-8-513 440/1000
PROGRESS right-inputs-8-513 450/1000
PROGRESS right-inputs-8-513 460/1000
PROGRESS right-inputs-8-513 470/1000
PROGRESS right-inputs-8-513 480/1000
PROGRESS right-inputs-8-513 490/1000
PROGRESS right-inputs-8-513 500/1000
PROGRESS right-inputs-8-513 510/1000
PROGRESS right-inputs-8-513 520/1000
PROGRESS right-inputs-8-513 530/1000
PROGRESS right-inputs-8-513 540/1000
PROGRESS right-inputs-8-513 550/1000
PROGRESS right-inputs-8-513 560/1000
PROGRESS right-inputs-8-513 570/1000
PROGRESS right-inputs-8-513 580/1000
PROGRESS right-inputs-8-513 590/1000
PROGRESS right-inputs-8-513 600/1000
PROGRESS right-inputs-8-513 610/1000
PROGRESS right-inputs-8-513 620/1000
PROGRESS right-inputs-8-513 630/1000
PROGRESS right-inputs-8-513 640/1000
PROGRESS right-inputs-8-513 650/1000
PROGRESS right-inputs-8-513 660/1000
PROGRESS right-inputs-8-513 670/1000
PROGRESS right-inputs-8-513 680/1000
PROGRESS right-inputs-8-513 690/1000
PROGRESS right-inputs-8-513 700/1000
PROGRESS right-inputs-8-513 710/1000
PROGRESS right-inputs-8-513 720/1000
PROGRESS right-inputs-8-513 730/1000
PROGRESS right-inputs-8-513 740/1000
PROGRESS right-inputs-8-513 750/1000
PROGRESS right-inputs-8-513 760/1000
PROGRESS right-inputs-8-513 770/1000
PROGRESS right-inputs-8-513 780/1000
PROGRESS right-inputs-8-513 790/1000
PROGRESS right-inputs-8-513 800/1000
PROGRESS right-inputs-8-513 810/1000
PROGRESS right-inputs-8-513 820/1000
PROGRESS right-inputs-8-513 830/1000
PROGRESS right-inputs-8-513 840/1000
PROGRESS right-inputs-8-513 850/1000
PROGRESS right-inputs-8-513 860/1000
PROGRESS right-inputs-8-513 870/1000
PROGRESS right-inputs-8-513 880/1000
PROGRESS right-inputs-8-513 890/1000
PROGRESS right-inputs-8-513 900/1000
PROGRESS right-inputs-8-513 910/1000
PROGRESS right-inputs-8-513 920/1000
PROGRESS right-inputs-8-513 930/1000
PROGRESS right-inputs-8-513 940/1000
PROGRESS right-inputs-8-513 950/1000
PROGRESS right-inputs-8-513 960/1000
PROGRESS right-inputs-8-513 970/1000
PROGRESS right-inputs-8-513 980/1000
PROGRESS right-inputs-8-513 990/1000
PROGRESS right-inputs-8-513 1000/1000
RESULT right-inputs-8-513 old-p50-ns=189000 new-p50-ns=169000
CASE general-copy-32 samples=1000 repetitions=1
PROGRESS general-copy-32 10/1000
PROGRESS general-copy-32 20/1000
PROGRESS general-copy-32 30/1000
PROGRESS general-copy-32 40/1000
PROGRESS general-copy-32 50/1000
PROGRESS general-copy-32 60/1000
PROGRESS general-copy-32 70/1000
PROGRESS general-copy-32 80/1000
PROGRESS general-copy-32 90/1000
PROGRESS general-copy-32 100/1000
PROGRESS general-copy-32 110/1000
PROGRESS general-copy-32 120/1000
PROGRESS general-copy-32 130/1000
PROGRESS general-copy-32 140/1000
PROGRESS general-copy-32 150/1000
PROGRESS general-copy-32 160/1000
PROGRESS general-copy-32 170/1000
PROGRESS general-copy-32 180/1000
PROGRESS general-copy-32 190/1000
PROGRESS general-copy-32 200/1000
PROGRESS general-copy-32 210/1000
PROGRESS general-copy-32 220/1000
PROGRESS general-copy-32 230/1000
PROGRESS general-copy-32 240/1000
PROGRESS general-copy-32 250/1000
PROGRESS general-copy-32 260/1000
PROGRESS general-copy-32 270/1000
PROGRESS general-copy-32 280/1000
PROGRESS general-copy-32 290/1000
PROGRESS general-copy-32 300/1000
PROGRESS general-copy-32 310/1000
PROGRESS general-copy-32 320/1000
PROGRESS general-copy-32 330/1000
PROGRESS general-copy-32 340/1000
PROGRESS general-copy-32 350/1000
PROGRESS general-copy-32 360/1000
PROGRESS general-copy-32 370/1000
PROGRESS general-copy-32 380/1000
PROGRESS general-copy-32 390/1000
PROGRESS general-copy-32 400/1000
PROGRESS general-copy-32 410/1000
PROGRESS general-copy-32 420/1000
PROGRESS general-copy-32 430/1000
PROGRESS general-copy-32 440/1000
PROGRESS general-copy-32 450/1000
PROGRESS general-copy-32 460/1000
PROGRESS general-copy-32 470/1000
PROGRESS general-copy-32 480/1000
PROGRESS general-copy-32 490/1000
PROGRESS general-copy-32 500/1000
PROGRESS general-copy-32 510/1000
PROGRESS general-copy-32 520/1000
PROGRESS general-copy-32 530/1000
PROGRESS general-copy-32 540/1000
PROGRESS general-copy-32 550/1000
PROGRESS general-copy-32 560/1000
PROGRESS general-copy-32 570/1000
PROGRESS general-copy-32 580/1000
PROGRESS general-copy-32 590/1000
PROGRESS general-copy-32 600/1000
PROGRESS general-copy-32 610/1000
PROGRESS general-copy-32 620/1000
PROGRESS general-copy-32 630/1000
PROGRESS general-copy-32 640/1000
PROGRESS general-copy-32 650/1000
PROGRESS general-copy-32 660/1000
PROGRESS general-copy-32 670/1000
PROGRESS general-copy-32 680/1000
PROGRESS general-copy-32 690/1000
PROGRESS general-copy-32 700/1000
PROGRESS general-copy-32 710/1000
PROGRESS general-copy-32 720/1000
PROGRESS general-copy-32 730/1000
PROGRESS general-copy-32 740/1000
PROGRESS general-copy-32 750/1000
PROGRESS general-copy-32 760/1000
PROGRESS general-copy-32 770/1000
PROGRESS general-copy-32 780/1000
PROGRESS general-copy-32 790/1000
PROGRESS general-copy-32 800/1000
PROGRESS general-copy-32 810/1000
PROGRESS general-copy-32 820/1000
PROGRESS general-copy-32 830/1000
PROGRESS general-copy-32 840/1000
PROGRESS general-copy-32 850/1000
PROGRESS general-copy-32 860/1000
PROGRESS general-copy-32 870/1000
PROGRESS general-copy-32 880/1000
PROGRESS general-copy-32 890/1000
PROGRESS general-copy-32 900/1000
PROGRESS general-copy-32 910/1000
PROGRESS general-copy-32 920/1000
PROGRESS general-copy-32 930/1000
PROGRESS general-copy-32 940/1000
PROGRESS general-copy-32 950/1000
PROGRESS general-copy-32 960/1000
PROGRESS general-copy-32 970/1000
PROGRESS general-copy-32 980/1000
PROGRESS general-copy-32 990/1000
PROGRESS general-copy-32 1000/1000
RESULT general-copy-32 old-p50-ns=229000 new-p50-ns=223000
CASE general-join-32 samples=1000 repetitions=1
PROGRESS general-join-32 10/1000
PROGRESS general-join-32 20/1000
PROGRESS general-join-32 30/1000
PROGRESS general-join-32 40/1000
PROGRESS general-join-32 50/1000
PROGRESS general-join-32 60/1000
PROGRESS general-join-32 70/1000
PROGRESS general-join-32 80/1000
PROGRESS general-join-32 90/1000
PROGRESS general-join-32 100/1000
PROGRESS general-join-32 110/1000
PROGRESS general-join-32 120/1000
PROGRESS general-join-32 130/1000
PROGRESS general-join-32 140/1000
PROGRESS general-join-32 150/1000
PROGRESS general-join-32 160/1000
PROGRESS general-join-32 170/1000
PROGRESS general-join-32 180/1000
PROGRESS general-join-32 190/1000
PROGRESS general-join-32 200/1000
PROGRESS general-join-32 210/1000
PROGRESS general-join-32 220/1000
PROGRESS general-join-32 230/1000
PROGRESS general-join-32 240/1000
PROGRESS general-join-32 250/1000
PROGRESS general-join-32 260/1000
PROGRESS general-join-32 270/1000
PROGRESS general-join-32 280/1000
PROGRESS general-join-32 290/1000
PROGRESS general-join-32 300/1000
PROGRESS general-join-32 310/1000
PROGRESS general-join-32 320/1000
PROGRESS general-join-32 330/1000
PROGRESS general-join-32 340/1000
PROGRESS general-join-32 350/1000
PROGRESS general-join-32 360/1000
PROGRESS general-join-32 370/1000
PROGRESS general-join-32 380/1000
PROGRESS general-join-32 390/1000
PROGRESS general-join-32 400/1000
PROGRESS general-join-32 410/1000
PROGRESS general-join-32 420/1000
PROGRESS general-join-32 430/1000
PROGRESS general-join-32 440/1000
PROGRESS general-join-32 450/1000
PROGRESS general-join-32 460/1000
PROGRESS general-join-32 470/1000
PROGRESS general-join-32 480/1000
PROGRESS general-join-32 490/1000
PROGRESS general-join-32 500/1000
PROGRESS general-join-32 510/1000
PROGRESS general-join-32 520/1000
PROGRESS general-join-32 530/1000
PROGRESS general-join-32 540/1000
PROGRESS general-join-32 550/1000
PROGRESS general-join-32 560/1000
PROGRESS general-join-32 570/1000
PROGRESS general-join-32 580/1000
PROGRESS general-join-32 590/1000
PROGRESS general-join-32 600/1000
PROGRESS general-join-32 610/1000
PROGRESS general-join-32 620/1000
PROGRESS general-join-32 630/1000
PROGRESS general-join-32 640/1000
PROGRESS general-join-32 650/1000
PROGRESS general-join-32 660/1000
PROGRESS general-join-32 670/1000
PROGRESS general-join-32 680/1000
PROGRESS general-join-32 690/1000
PROGRESS general-join-32 700/1000
PROGRESS general-join-32 710/1000
PROGRESS general-join-32 720/1000
PROGRESS general-join-32 730/1000
PROGRESS general-join-32 740/1000
PROGRESS general-join-32 750/1000
PROGRESS general-join-32 760/1000
PROGRESS general-join-32 770/1000
PROGRESS general-join-32 780/1000
PROGRESS general-join-32 790/1000
PROGRESS general-join-32 800/1000
PROGRESS general-join-32 810/1000
PROGRESS general-join-32 820/1000
PROGRESS general-join-32 830/1000
PROGRESS general-join-32 840/1000
PROGRESS general-join-32 850/1000
PROGRESS general-join-32 860/1000
PROGRESS general-join-32 870/1000
PROGRESS general-join-32 880/1000
PROGRESS general-join-32 890/1000
PROGRESS general-join-32 900/1000
PROGRESS general-join-32 910/1000
PROGRESS general-join-32 920/1000
PROGRESS general-join-32 930/1000
PROGRESS general-join-32 940/1000
PROGRESS general-join-32 950/1000
PROGRESS general-join-32 960/1000
PROGRESS general-join-32 970/1000
PROGRESS general-join-32 980/1000
PROGRESS general-join-32 990/1000
PROGRESS general-join-32 1000/1000
RESULT general-join-32 old-p50-ns=50000 new-p50-ns=48000
CASE general-guard-32 samples=1000 repetitions=1
PROGRESS general-guard-32 10/1000
PROGRESS general-guard-32 20/1000
PROGRESS general-guard-32 30/1000
PROGRESS general-guard-32 40/1000
PROGRESS general-guard-32 50/1000
PROGRESS general-guard-32 60/1000
PROGRESS general-guard-32 70/1000
PROGRESS general-guard-32 80/1000
PROGRESS general-guard-32 90/1000
PROGRESS general-guard-32 100/1000
PROGRESS general-guard-32 110/1000
PROGRESS general-guard-32 120/1000
PROGRESS general-guard-32 130/1000
PROGRESS general-guard-32 140/1000
PROGRESS general-guard-32 150/1000
PROGRESS general-guard-32 160/1000
PROGRESS general-guard-32 170/1000
PROGRESS general-guard-32 180/1000
PROGRESS general-guard-32 190/1000
PROGRESS general-guard-32 200/1000
PROGRESS general-guard-32 210/1000
PROGRESS general-guard-32 220/1000
PROGRESS general-guard-32 230/1000
PROGRESS general-guard-32 240/1000
PROGRESS general-guard-32 250/1000
PROGRESS general-guard-32 260/1000
PROGRESS general-guard-32 270/1000
PROGRESS general-guard-32 280/1000
PROGRESS general-guard-32 290/1000
PROGRESS general-guard-32 300/1000
PROGRESS general-guard-32 310/1000
PROGRESS general-guard-32 320/1000
PROGRESS general-guard-32 330/1000
PROGRESS general-guard-32 340/1000
PROGRESS general-guard-32 350/1000
PROGRESS general-guard-32 360/1000
PROGRESS general-guard-32 370/1000
PROGRESS general-guard-32 380/1000
PROGRESS general-guard-32 390/1000
PROGRESS general-guard-32 400/1000
PROGRESS general-guard-32 410/1000
PROGRESS general-guard-32 420/1000
PROGRESS general-guard-32 430/1000
PROGRESS general-guard-32 440/1000
PROGRESS general-guard-32 450/1000
PROGRESS general-guard-32 460/1000
PROGRESS general-guard-32 470/1000
PROGRESS general-guard-32 480/1000
PROGRESS general-guard-32 490/1000
PROGRESS general-guard-32 500/1000
PROGRESS general-guard-32 510/1000
PROGRESS general-guard-32 520/1000
PROGRESS general-guard-32 530/1000
PROGRESS general-guard-32 540/1000
PROGRESS general-guard-32 550/1000
PROGRESS general-guard-32 560/1000
PROGRESS general-guard-32 570/1000
PROGRESS general-guard-32 580/1000
PROGRESS general-guard-32 590/1000
PROGRESS general-guard-32 600/1000
PROGRESS general-guard-32 610/1000
PROGRESS general-guard-32 620/1000
PROGRESS general-guard-32 630/1000
PROGRESS general-guard-32 640/1000
PROGRESS general-guard-32 650/1000
PROGRESS general-guard-32 660/1000
PROGRESS general-guard-32 670/1000
PROGRESS general-guard-32 680/1000
PROGRESS general-guard-32 690/1000
PROGRESS general-guard-32 700/1000
PROGRESS general-guard-32 710/1000
PROGRESS general-guard-32 720/1000
PROGRESS general-guard-32 730/1000
PROGRESS general-guard-32 740/1000
PROGRESS general-guard-32 750/1000
PROGRESS general-guard-32 760/1000
PROGRESS general-guard-32 770/1000
PROGRESS general-guard-32 780/1000
PROGRESS general-guard-32 790/1000
PROGRESS general-guard-32 800/1000
PROGRESS general-guard-32 810/1000
PROGRESS general-guard-32 820/1000
PROGRESS general-guard-32 830/1000
PROGRESS general-guard-32 840/1000
PROGRESS general-guard-32 850/1000
PROGRESS general-guard-32 860/1000
PROGRESS general-guard-32 870/1000
PROGRESS general-guard-32 880/1000
PROGRESS general-guard-32 890/1000
PROGRESS general-guard-32 900/1000
PROGRESS general-guard-32 910/1000
PROGRESS general-guard-32 920/1000
PROGRESS general-guard-32 930/1000
PROGRESS general-guard-32 940/1000
PROGRESS general-guard-32 950/1000
PROGRESS general-guard-32 960/1000
PROGRESS general-guard-32 970/1000
PROGRESS general-guard-32 980/1000
PROGRESS general-guard-32 990/1000
PROGRESS general-guard-32 1000/1000
RESULT general-guard-32 old-p50-ns=220000 new-p50-ns=217000
CASE specialized-chain-20 samples=1000 repetitions=1
PROGRESS specialized-chain-20 10/1000
PROGRESS specialized-chain-20 20/1000
PROGRESS specialized-chain-20 30/1000
PROGRESS specialized-chain-20 40/1000
PROGRESS specialized-chain-20 50/1000
PROGRESS specialized-chain-20 60/1000
PROGRESS specialized-chain-20 70/1000
PROGRESS specialized-chain-20 80/1000
PROGRESS specialized-chain-20 90/1000
PROGRESS specialized-chain-20 100/1000
PROGRESS specialized-chain-20 110/1000
PROGRESS specialized-chain-20 120/1000
PROGRESS specialized-chain-20 130/1000
PROGRESS specialized-chain-20 140/1000
PROGRESS specialized-chain-20 150/1000
PROGRESS specialized-chain-20 160/1000
PROGRESS specialized-chain-20 170/1000
PROGRESS specialized-chain-20 180/1000
PROGRESS specialized-chain-20 190/1000
PROGRESS specialized-chain-20 200/1000
PROGRESS specialized-chain-20 210/1000
PROGRESS specialized-chain-20 220/1000
PROGRESS specialized-chain-20 230/1000
PROGRESS specialized-chain-20 240/1000
PROGRESS specialized-chain-20 250/1000
PROGRESS specialized-chain-20 260/1000
PROGRESS specialized-chain-20 270/1000
PROGRESS specialized-chain-20 280/1000
PROGRESS specialized-chain-20 290/1000
PROGRESS specialized-chain-20 300/1000
PROGRESS specialized-chain-20 310/1000
PROGRESS specialized-chain-20 320/1000
PROGRESS specialized-chain-20 330/1000
PROGRESS specialized-chain-20 340/1000
PROGRESS specialized-chain-20 350/1000
PROGRESS specialized-chain-20 360/1000
PROGRESS specialized-chain-20 370/1000
PROGRESS specialized-chain-20 380/1000
PROGRESS specialized-chain-20 390/1000
PROGRESS specialized-chain-20 400/1000
PROGRESS specialized-chain-20 410/1000
PROGRESS specialized-chain-20 420/1000
PROGRESS specialized-chain-20 430/1000
PROGRESS specialized-chain-20 440/1000
PROGRESS specialized-chain-20 450/1000
PROGRESS specialized-chain-20 460/1000
PROGRESS specialized-chain-20 470/1000
PROGRESS specialized-chain-20 480/1000
PROGRESS specialized-chain-20 490/1000
PROGRESS specialized-chain-20 500/1000
PROGRESS specialized-chain-20 510/1000
PROGRESS specialized-chain-20 520/1000
PROGRESS specialized-chain-20 530/1000
PROGRESS specialized-chain-20 540/1000
PROGRESS specialized-chain-20 550/1000
PROGRESS specialized-chain-20 560/1000
PROGRESS specialized-chain-20 570/1000
PROGRESS specialized-chain-20 580/1000
PROGRESS specialized-chain-20 590/1000
PROGRESS specialized-chain-20 600/1000
PROGRESS specialized-chain-20 610/1000
PROGRESS specialized-chain-20 620/1000
PROGRESS specialized-chain-20 630/1000
PROGRESS specialized-chain-20 640/1000
PROGRESS specialized-chain-20 650/1000
PROGRESS specialized-chain-20 660/1000
PROGRESS specialized-chain-20 670/1000
PROGRESS specialized-chain-20 680/1000
PROGRESS specialized-chain-20 690/1000
PROGRESS specialized-chain-20 700/1000
PROGRESS specialized-chain-20 710/1000
PROGRESS specialized-chain-20 720/1000
PROGRESS specialized-chain-20 730/1000
PROGRESS specialized-chain-20 740/1000
PROGRESS specialized-chain-20 750/1000
PROGRESS specialized-chain-20 760/1000
PROGRESS specialized-chain-20 770/1000
PROGRESS specialized-chain-20 780/1000
PROGRESS specialized-chain-20 790/1000
PROGRESS specialized-chain-20 800/1000
PROGRESS specialized-chain-20 810/1000
PROGRESS specialized-chain-20 820/1000
PROGRESS specialized-chain-20 830/1000
PROGRESS specialized-chain-20 840/1000
PROGRESS specialized-chain-20 850/1000
PROGRESS specialized-chain-20 860/1000
PROGRESS specialized-chain-20 870/1000
PROGRESS specialized-chain-20 880/1000
PROGRESS specialized-chain-20 890/1000
PROGRESS specialized-chain-20 900/1000
PROGRESS specialized-chain-20 910/1000
PROGRESS specialized-chain-20 920/1000
PROGRESS specialized-chain-20 930/1000
PROGRESS specialized-chain-20 940/1000
PROGRESS specialized-chain-20 950/1000
PROGRESS specialized-chain-20 960/1000
PROGRESS specialized-chain-20 970/1000
PROGRESS specialized-chain-20 980/1000
PROGRESS specialized-chain-20 990/1000
PROGRESS specialized-chain-20 1000/1000
RESULT specialized-chain-20 old-p50-ns=39000 new-p50-ns=39000
CASE specialized-degree-31-32 samples=1000 repetitions=1
PROGRESS specialized-degree-31-32 10/1000
PROGRESS specialized-degree-31-32 20/1000
PROGRESS specialized-degree-31-32 30/1000
PROGRESS specialized-degree-31-32 40/1000
PROGRESS specialized-degree-31-32 50/1000
PROGRESS specialized-degree-31-32 60/1000
PROGRESS specialized-degree-31-32 70/1000
PROGRESS specialized-degree-31-32 80/1000
PROGRESS specialized-degree-31-32 90/1000
PROGRESS specialized-degree-31-32 100/1000
PROGRESS specialized-degree-31-32 110/1000
PROGRESS specialized-degree-31-32 120/1000
PROGRESS specialized-degree-31-32 130/1000
PROGRESS specialized-degree-31-32 140/1000
PROGRESS specialized-degree-31-32 150/1000
PROGRESS specialized-degree-31-32 160/1000
PROGRESS specialized-degree-31-32 170/1000
PROGRESS specialized-degree-31-32 180/1000
PROGRESS specialized-degree-31-32 190/1000
PROGRESS specialized-degree-31-32 200/1000
PROGRESS specialized-degree-31-32 210/1000
PROGRESS specialized-degree-31-32 220/1000
PROGRESS specialized-degree-31-32 230/1000
PROGRESS specialized-degree-31-32 240/1000
PROGRESS specialized-degree-31-32 250/1000
PROGRESS specialized-degree-31-32 260/1000
PROGRESS specialized-degree-31-32 270/1000
PROGRESS specialized-degree-31-32 280/1000
PROGRESS specialized-degree-31-32 290/1000
PROGRESS specialized-degree-31-32 300/1000
PROGRESS specialized-degree-31-32 310/1000
PROGRESS specialized-degree-31-32 320/1000
PROGRESS specialized-degree-31-32 330/1000
PROGRESS specialized-degree-31-32 340/1000
PROGRESS specialized-degree-31-32 350/1000
PROGRESS specialized-degree-31-32 360/1000
PROGRESS specialized-degree-31-32 370/1000
PROGRESS specialized-degree-31-32 380/1000
PROGRESS specialized-degree-31-32 390/1000
PROGRESS specialized-degree-31-32 400/1000
PROGRESS specialized-degree-31-32 410/1000
PROGRESS specialized-degree-31-32 420/1000
PROGRESS specialized-degree-31-32 430/1000
PROGRESS specialized-degree-31-32 440/1000
PROGRESS specialized-degree-31-32 450/1000
PROGRESS specialized-degree-31-32 460/1000
PROGRESS specialized-degree-31-32 470/1000
PROGRESS specialized-degree-31-32 480/1000
PROGRESS specialized-degree-31-32 490/1000
PROGRESS specialized-degree-31-32 500/1000
PROGRESS specialized-degree-31-32 510/1000
PROGRESS specialized-degree-31-32 520/1000
PROGRESS specialized-degree-31-32 530/1000
PROGRESS specialized-degree-31-32 540/1000
PROGRESS specialized-degree-31-32 550/1000
PROGRESS specialized-degree-31-32 560/1000
PROGRESS specialized-degree-31-32 570/1000
PROGRESS specialized-degree-31-32 580/1000
PROGRESS specialized-degree-31-32 590/1000
PROGRESS specialized-degree-31-32 600/1000
PROGRESS specialized-degree-31-32 610/1000
PROGRESS specialized-degree-31-32 620/1000
PROGRESS specialized-degree-31-32 630/1000
PROGRESS specialized-degree-31-32 640/1000
PROGRESS specialized-degree-31-32 650/1000
PROGRESS specialized-degree-31-32 660/1000
PROGRESS specialized-degree-31-32 670/1000
PROGRESS specialized-degree-31-32 680/1000
PROGRESS specialized-degree-31-32 690/1000
PROGRESS specialized-degree-31-32 700/1000
PROGRESS specialized-degree-31-32 710/1000
PROGRESS specialized-degree-31-32 720/1000
PROGRESS specialized-degree-31-32 730/1000
PROGRESS specialized-degree-31-32 740/1000
PROGRESS specialized-degree-31-32 750/1000
PROGRESS specialized-degree-31-32 760/1000
PROGRESS specialized-degree-31-32 770/1000
PROGRESS specialized-degree-31-32 780/1000
PROGRESS specialized-degree-31-32 790/1000
PROGRESS specialized-degree-31-32 800/1000
PROGRESS specialized-degree-31-32 810/1000
PROGRESS specialized-degree-31-32 820/1000
PROGRESS specialized-degree-31-32 830/1000
PROGRESS specialized-degree-31-32 840/1000
PROGRESS specialized-degree-31-32 850/1000
PROGRESS specialized-degree-31-32 860/1000
PROGRESS specialized-degree-31-32 870/1000
PROGRESS specialized-degree-31-32 880/1000
PROGRESS specialized-degree-31-32 890/1000
PROGRESS specialized-degree-31-32 900/1000
PROGRESS specialized-degree-31-32 910/1000
PROGRESS specialized-degree-31-32 920/1000
PROGRESS specialized-degree-31-32 930/1000
PROGRESS specialized-degree-31-32 940/1000
PROGRESS specialized-degree-31-32 950/1000
PROGRESS specialized-degree-31-32 960/1000
PROGRESS specialized-degree-31-32 970/1000
PROGRESS specialized-degree-31-32 980/1000
PROGRESS specialized-degree-31-32 990/1000
PROGRESS specialized-degree-31-32 1000/1000
RESULT specialized-degree-31-32 old-p50-ns=604000 new-p50-ns=603000
OK
