[ascent-test] START t/qualification/ascent-positive-plan-test.ss
[test-lane] START exclusive t/qualification/ascent-positive-plan-test.ss
[test-lane] RUNNING exclusive (5s)
[test-lane] RUNNING exclusive (10s)
[test-lane] RUNNING exclusive (15s)
HARNESS ("t/qualification/ascent-positive-plan-test.ss")
MODULE t/qualification/ascent-positive-plan-test.ss
SUITE Complete positive rule slot plans
CASE all 512 directed three-node graphs match independent reachability
[test-lane] RUNNING exclusive (20s)
[test-lane] RUNNING exclusive (25s)
[test-lane] RUNNING exclusive (30s)
[test-lane] RUNNING exclusive (35s)
[test-lane] RUNNING exclusive (40s)
CASE-OK all 512 directed three-node graphs match independent reachability
CASE failed candidates and repeated variables never expose stale slots
ERROR CHECK (rows result 'out) "t/qualification/ascent-positive-plan-test.ss"@68.25-68.43

*** ERROR IN "t/qualification/ascent-positive-plan-test.ss"@68.25-68.43 [TestError]: result does not match expectation
--- irritants: (rows result 'out) test: (rows result 'out) result: ((3) (#f)) expectation: ((#f) (3)) 
--- continuation backtrace:
[0] raise                                                                                                                                                                   
[1] #<procedure #526>                                                                                                                                                                                                                                                                                                                                    (raise (std/test/base#make-TestError "result does not match expectation" where: "\"t/qualification/ascent-positive-plan-test.ss\"@68.25-68.43" irritants: (cons '(r...
[2] std/test/base#__test-do-check!                                                                                                                                                                                                                                                                                                                       (_%thunk499301%_)
[3] std/test/base#__test-check!                                                                                                                                                                                                                                                                                                                          (##call-with-current-continuation __tmp242479)
[4] core/observability/debug#call-with-poo-flow-debug-memory-case-watchdog__%                                                                                               
[5] ##call-with-values                                                                                                                                                      
[6] std/test/base#__test-case!                                                                                                                                                                                                                                                                                                                           ((let () (declare (not safe)) (##unchecked-structure-ref _%tc499784%_ '6 '#f '#f)))
[7] std/test/base#__test-suite!                                                                                                                                                                                                                                                                                                                          (##call-with-current-continuation __tmp242471)
[8] std/test/base#__test-suite!                                                                                                                                                                                                                                                                                                                          (##for-each __tmp242470 __tmp242469)
[9] std/test/base#__test-suite!                                                                                                                                                                                                                                                                                                                          (##for-each __tmp242470 __tmp242469)
...
[13] std/test/base#__test-harness!                                                                                                                                                                                                                                                                                                                       (##call-with-current-continuation __tmp242457)
[14] std/test/base#__test-harness!                                                                                                                                                                                                                                                                                                                       (##for-each __tmp242456 __tmp242455)
[15] std/test/base#__test-harness!                                                                                                                                                                                                                                                                                                                       (##for-each __tmp242456 __tmp242455)
[16] gerbil/tools/gxtest#gxtest-main                                                                                                                                        
CASE wildcards zero-arity atoms and literal heads preserve ordered outputs
CASE-OK wildcards zero-arity atoms and literal heads preserve ordered outputs
CASE indexed fanout and multiple heads retain exact key and callback order
CASE-OK indexed fanout and multiple heads retain exact key and callback order
CASE custom output expansion observes the same candidates and pending snapshots
CASE-OK custom output expansion observes the same candidates and pending snapshots
CASE retained appends replacements and zero-timeout runs preserve snapshots
CASE-OK retained appends replacements and zero-timeout runs preserve snapshots
CASE unsupported callback clauses preserve callback traces
CASE-OK unsupported callback clauses preserve callback traces
SUITE-OK Complete positive rule slot plans
MODULE-OK t/qualification/ascent-positive-plan-test.ss
HARNESS-OK ("t/qualification/ascent-positive-plan-test.ss")
ERROR HARNESS (t/qualification/ascent-positive-plan-test.ss)
at HARNESS ("t/qualification/ascent-positive-plan-test.ss")
at MODULE t/qualification/ascent-positive-plan-test.ss
at SUITE Complete positive rule slot plans
at CHECK (rows result 'out) "t/qualification/ascent-positive-plan-test.ss"@68.25-68.43

*** ERROR IN "t/qualification/ascent-positive-plan-test.ss"@68.25-68.43 [TestError]: result does not match expectation
--- irritants: (rows result 'out) test: (rows result 'out) result: ((3) (#f)) expectation: ((#f) (3)) 
--- continuation backtrace:
[0] raise                                                                                                                                                                   
[1] #<procedure #526>                                                                                                                                                                                                                                                                                                                                    (raise (std/test/base#make-TestError "result does not match expectation" where: "\"t/qualification/ascent-positive-plan-test.ss\"@68.25-68.43" irritants: (cons '(r...
[2] std/test/base#__test-do-check!                                                                                                                                                                                                                                                                                                                       (_%thunk499301%_)
[3] std/test/base#__test-check!                                                                                                                                                                                                                                                                                                                          (##call-with-current-continuation __tmp242479)
[4] core/observability/debug#call-with-poo-flow-debug-memory-case-watchdog__%                                                                                               
[5] ##call-with-values                                                                                                                                                      
[6] std/test/base#__test-case!                                                                                                                                                                                                                                                                                                                           ((let () (declare (not safe)) (##unchecked-structure-ref _%tc499784%_ '6 '#f '#f)))
[7] std/test/base#__test-suite!                                                                                                                                                                                                                                                                                                                          (##call-with-current-continuation __tmp242471)
[8] std/test/base#__test-suite!                                                                                                                                                                                                                                                                                                                          (##for-each __tmp242470 __tmp242469)
[9] std/test/base#__test-suite!                                                                                                                                                                                                                                                                                                                          (##for-each __tmp242470 __tmp242469)
...
[13] std/test/base#__test-harness!                                                                                                                                                                                                                                                                                                                       (##call-with-current-continuation __tmp242457)
[14] std/test/base#__test-harness!                                                                                                                                                                                                                                                                                                                       (##for-each __tmp242456 __tmp242455)
[15] std/test/base#__test-harness!                                                                                                                                                                                                                                                                                                                       (##for-each __tmp242456 __tmp242455)
[16] gerbil/tools/gxtest#gxtest-main                                                                                                                                        
[test-lane] RUNNING exclusive (45s)
[test-lane] END exclusive exit=0
error: recipe `test-file` failed with exit code 1
