python3 tools/test_execution.py run -- just _positive-plan-benchmark
[test-lane] START exclusive just
... compile program/evaluate
[test-lane] RUNNING exclusive (5s)
... execute compile job (compile-file /Users/guangtao/ghq/github.com/tao3k/gerbil-ascent/.gerbil/positive-plan/lib/gerbil-ascent/program/evaluate~0.scm)
... execute compile job (compile-file /Users/guangtao/ghq/github.com/tao3k/gerbil-ascent/.gerbil/positive-plan/lib/gerbil-ascent/program/evaluate.scm)
CASE recursive-chain-16 samples=1000 repetitions=1
[test-lane] RUNNING exclusive (10s)
PROGRESS recursive-chain-16 100/1000
PROGRESS recursive-chain-16 200/1000
PROGRESS recursive-chain-16 300/1000
PROGRESS recursive-chain-16 400/1000
PROGRESS recursive-chain-16 500/1000
PROGRESS recursive-chain-16 600/1000
PROGRESS recursive-chain-16 700/1000
PROGRESS recursive-chain-16 800/1000
PROGRESS recursive-chain-16 900/1000
PROGRESS recursive-chain-16 1000/1000
RESULT recursive-chain-16 old-p50-bytes=50000 new-p50-bytes=46912 paired-wins=993/1000
CASE recursive-chain-256 samples=1000 repetitions=1
PROGRESS recursive-chain-256 100/1000
PROGRESS recursive-chain-256 200/1000
PROGRESS recursive-chain-256 300/1000
PROGRESS recursive-chain-256 400/1000
PROGRESS recursive-chain-256 500/1000
PROGRESS recursive-chain-256 600/1000
PROGRESS recursive-chain-256 700/1000
PROGRESS recursive-chain-256 800/1000
PROGRESS recursive-chain-256 900/1000
PROGRESS recursive-chain-256 1000/1000
RESULT recursive-chain-256 old-p50-bytes=625456 new-p50-bytes=583968 paired-wins=994/1000
CASE recursive-chain-1024 samples=1000 repetitions=1
PROGRESS recursive-chain-1024 100/1000
PROGRESS recursive-chain-1024 200/1000
PROGRESS recursive-chain-1024 300/1000
PROGRESS recursive-chain-1024 400/1000
PROGRESS recursive-chain-1024 500/1000
PROGRESS recursive-chain-1024 600/1000
[test-lane] RUNNING exclusive (15s)
PROGRESS recursive-chain-1024 700/1000
PROGRESS recursive-chain-1024 800/1000
PROGRESS recursive-chain-1024 900/1000
PROGRESS recursive-chain-1024 1000/1000
RESULT recursive-chain-1024 old-p50-bytes=2431984 new-p50-bytes=2267616 paired-wins=979/1000
CASE indexed-fanout-50-1 samples=1000 repetitions=1
PROGRESS indexed-fanout-50-1 100/1000
PROGRESS indexed-fanout-50-1 200/1000
PROGRESS indexed-fanout-50-1 300/1000
PROGRESS indexed-fanout-50-1 400/1000
PROGRESS indexed-fanout-50-1 500/1000
PROGRESS indexed-fanout-50-1 600/1000
PROGRESS indexed-fanout-50-1 700/1000
PROGRESS indexed-fanout-50-1 800/1000
PROGRESS indexed-fanout-50-1 900/1000
PROGRESS indexed-fanout-50-1 1000/1000
RESULT indexed-fanout-50-1 old-p50-bytes=104048 new-p50-bytes=89536 paired-wins=995/1000
CASE indexed-fanout-100-100 samples=1000 repetitions=1
[test-lane] RUNNING exclusive (20s)
PROGRESS indexed-fanout-100-100 100/1000
[test-lane] RUNNING exclusive (25s)
PROGRESS indexed-fanout-100-100 200/1000
[test-lane] RUNNING exclusive (30s)
PROGRESS indexed-fanout-100-100 300/1000
[test-lane] RUNNING exclusive (35s)
PROGRESS indexed-fanout-100-100 400/1000
PROGRESS indexed-fanout-100-100 500/1000
[test-lane] RUNNING exclusive (40s)
PROGRESS indexed-fanout-100-100 600/1000
[test-lane] RUNNING exclusive (45s)
PROGRESS indexed-fanout-100-100 700/1000
PROGRESS indexed-fanout-100-100 800/1000
[test-lane] RUNNING exclusive (50s)
PROGRESS indexed-fanout-100-100 900/1000
[test-lane] RUNNING exclusive (55s)
[test-lane] RUNNING exclusive (60s)
PROGRESS indexed-fanout-100-100 1000/1000
RESULT indexed-fanout-100-100 old-p50-bytes=10430160 new-p50-bytes=9450848 paired-wins=922/1000
CASE source-only samples=1000 repetitions=1
PROGRESS source-only 100/1000
PROGRESS source-only 200/1000
PROGRESS source-only 300/1000
PROGRESS source-only 400/1000
PROGRESS source-only 500/1000
PROGRESS source-only 600/1000
PROGRESS source-only 700/1000
PROGRESS source-only 800/1000
PROGRESS source-only 900/1000
PROGRESS source-only 1000/1000
RESULT source-only old-p50-bytes=14288 new-p50-bytes=12624 paired-wins=996/1000
OK
[test-lane] END exclusive exit=0
