python3 tools/test_execution.py run -- just _performance
[test-lane] START exclusive just
[ascent-ss] START ascent-byods-trrel (1000 samples)
[ascent-test] START t/performance/ascent-scenario-performance-test.ss
HARNESS ("t/performance/ascent-scenario-performance-test.ss")
MODULE t/performance/ascent-scenario-performance-test.ss
SUITE ASCENT SS scenario
CASE bounded scenario
[test-lane] RUNNING exclusive (5s)
[test-lane] RUNNING exclusive (5s)
[gerbil-ascent-benchmark] ascent-byods-tr p95=554us semanticEquivalent=#t
[gerbil-ascent-benchmark] ascent-byods-uf p95=561us semanticEquivalent=#t
[test-lane] RUNNING exclusive (10s)
[ascent-ss] RUNNING ascent-byods-trrel (10s)
[test-lane] RUNNING exclusive (10s)
[gerbil-ascent-benchmark] ascent-byods-tr-ring p95=267us semanticEquivalent=#t
[gerbil-ascent-benchmark] ascent-byods-uf-ring p95=281us semanticEquivalent=#t
CASE-OK bounded scenario
SUITE-OK ASCENT SS scenario
MODULE-OK t/performance/ascent-scenario-performance-test.ss
HARNESS-OK ("t/performance/ascent-scenario-performance-test.ss")
OK
[test-lane] RUNNING exclusive (15s)
[test-lane] END exclusive exit=0
[ascent-test] PASS t/performance/ascent-scenario-performance-test.ss (13s)
[ascent-ss] PASS ascent-byods-trrel (14s)
[ascent-ss] START ascent-session-update (1000 samples)
[ascent-test] START t/performance/ascent-scenario-performance-test.ss
HARNESS ("t/performance/ascent-scenario-performance-test.ss")
MODULE t/performance/ascent-scenario-performance-test.ss
SUITE ASCENT SS scenario
CASE bounded scenario
[test-lane] RUNNING exclusive (20s)
[test-lane] RUNNING exclusive (5s)
[gerbil-ascent-benchmark] ascent-session-update p95=317us semanticEquivalent=#t
CASE-OK bounded scenario
SUITE-OK ASCENT SS scenario
MODULE-OK t/performance/ascent-scenario-performance-test.ss
HARNESS-OK ("t/performance/ascent-scenario-performance-test.ss")
OK
[test-lane] END exclusive exit=0
[ascent-test] PASS t/performance/ascent-scenario-performance-test.ss (7s)
[ascent-ss] PASS ascent-session-update (7s)
[ascent-ss] START ascent-ten-thousand-appends (1000 samples)
[ascent-test] START t/performance/ascent-scenario-performance-test.ss
[test-lane] RUNNING exclusive (25s)
HARNESS ("t/performance/ascent-scenario-performance-test.ss")
MODULE t/performance/ascent-scenario-performance-test.ss
SUITE ASCENT SS scenario
CASE bounded scenario
[test-lane] RUNNING exclusive (5s)
[test-lane] RUNNING exclusive (30s)
[ascent-ss] RUNNING ascent-ten-thousand-appends (10s)
[test-lane] RUNNING exclusive (10s)
[test-lane] RUNNING exclusive (35s)
[test-lane] RUNNING exclusive (15s)
[test-lane] RUNNING exclusive (40s)
[ascent-ss] RUNNING ascent-ten-thousand-appends (21s)
[test-lane] RUNNING exclusive (20s)
[test-lane] RUNNING exclusive (45s)
[gerbil-ascent-benchmark] ascent-ten-thousand-appends p95=44.806ms
(p50-ns 13894000 p95-ns 44806000 max-ns 298186000 over-50ms 30)
CASE-OK bounded scenario
SUITE-OK ASCENT SS scenario
MODULE-OK t/performance/ascent-scenario-performance-test.ss
HARNESS-OK ("t/performance/ascent-scenario-performance-test.ss")
OK
[test-lane] END exclusive exit=0
[ascent-test] PASS t/performance/ascent-scenario-performance-test.ss (24s)
[ascent-ss] PASS ascent-ten-thousand-appends (25s)
[ascent-ss] START ascent-nonpositive-session-update (1000 samples)
[ascent-test] START t/performance/ascent-scenario-performance-test.ss
[test-lane] RUNNING exclusive (50s)
HARNESS ("t/performance/ascent-scenario-performance-test.ss")
MODULE t/performance/ascent-scenario-performance-test.ss
SUITE ASCENT SS scenario
CASE bounded scenario
[test-lane] RUNNING exclusive (5s)
[test-lane] RUNNING exclusive (55s)
[ascent-ss] RUNNING ascent-nonpositive-session-update (10s)
[test-lane] RUNNING exclusive (10s)
ERROR CASE bounded scenario

*** ERROR IN ? [Error]: ASCENT nonpositive update exceeded the benchmark budget
--- irritants: ((benchmarkKind . scenario-e2e) (rule . GERBIL-SCHEME-AGENT-R031) (feature . ascent-nonpositive-session-update) (optimizationFocus . "recompute changed nonpositive fixed points from accepted source rows") (inputShape . "two-edge chain plus one blocker") (expectedOutcome . "three path facts; one safe fact with node 2 blocked and three after withdrawal") (timingSource . ":std/time/precise#current-time-precise") (elapsedNs . 2541000) (elapsed . "2.541ms") (admissionStatistic . p95) (runtimeStats (timingSource . ":std/time/precise#current-time-precise") (memorySource . ":gerbil/runtime/gambit###process-statistics") (gcPrecondition . ":gerbil/runtime/gambit###gc") (memoryBefore (gc-heap-size . 477808088) (gc-alloc . 3464515056) (gc-live . 207685768) (gc-movable . 201736880) (gc-still . 5948888)) (memoryAfter (gc-heap-size . 477808088) (gc-alloc . 3464515056) (gc-live . 207685768) (gc-movable . 201736880) (gc-still . 5948888)) (memoryDelta (gc-heap-size . 0) (gc-alloc . 0) (gc-live . 0) (gc-movable . 0) (gc-still . 0))) (max_total . 1000us) (sampleCount . 1000) (samplesNs 409000 264000 256000 255000 255000 253000 252000 255000 254000 253000 252000 254000 257000 252000 256000 254000 254000 254000 253000 253000 393000 257000 257000 252000 253000 250000 253000 6460000 292000 9604000 5226000 317000 258000 253000 275000 9468000 4998000 272000 264000 269000 384000 259000 254000 251000 251000 253000 284000 252000 253000 251000 251000 248000 251000 249000 253000 249000 249000 249000 250000 253000 1160000 690000 727000 666000 771000 1289000 271000 256000 255000 255000 344000 254000 255000 317000 253000 253000 251000 249000 255000 253000 382000 263000 258000 253000 254000 378000 290000 255000 255000 252000 426000 416000 268000 259000 259000 257000 256000 255000 254000 256000 1366000 693000 847000 683000 921000 421000 262000 256000 448000 273000 262000 261000 258000 251000 254000 253000 253000 250000 250000 255000 367000 254000 253000 262000 251000 253000 248000 255000 248000 252000 252000 249000 249000 251000 248000 249000 250000 249000 248000 247000 380000 259000 252000 254000 254000 255000 253000 259000 364000 258000 348000 269000 251000 250000 853000 691000 701000 879000 277000 260000 375000 256000 254000 251000 253000 249000 249000 251000 249000 252000 251000 250000 248000 250000 249000 250000 250000 250000 249000 250000 371000 328000 320000 257000 251000 253000 254000 254000 253000 255000 249000 249000 251000 250000 250000 251000 250000 249000 252000 254000 369000 255000 251000 253000 251000 254000 253000 255000 252000 251000 251000 248000 250000 250000 249000 250000 252000 248000 251000 700000 369000 256000 257000 249000 250000 250000 250000 250000 251000 646000 271000 328000 292000 256000 254000 255000 255000 254000 943000 281000 439000 264000 260000 261000 968000 717000 435000 467000 253000 292000 287000 259000 253000 252000 431000 726000 726000 828000 664000 674000 404000 264000 262000 255000 257000 256000 254000 250000 251000 256000 257000 251000 253000 250000 256000 250000 251000 251000 251000 256000 904000 692000 665000 1288000 764000 719000 432000 412000 327000 524000 745000 481000 261000 252000 255000 295000 750000 710000 665000 665000 1143000 2203000 270000 257000 257000 1781000 824000 312000 261000 10695000 272000 5264000 574000 261000 254000 252000 255000 248000 251000 253000 396000 269000 263000 257000 256000 251000 272000 252000 252000 250000 250000 250000 253000 3134000 788000 688000 774000 670000 693000 759000 1052000 746000 813000 547000 681000 1048000 675000 268000 258000 376000 253000 257000 736000 256000 592000 259000 255000 272000 604000 1315000 385000 261000 254000 254000 447000 843000 675000 806000 695000 777000 268000 285000 269000 253000 253000 3240000 273000 253000 253000 1889000 1039000 722000 765000 475000 259000 256000 251000 257000 252000 251000 250000 252000 253000 250000 306000 256000 271000 251000 251000 253000 551000 259000 255000 252000 251000 269000 251000 248000 252000 252000 252000 252000 3670000 595000 259000 253000 253000 251000 250000 253000 401000 326000 397000 404000 1105000 272000 255000 255000 251000 254000 249000 289000 809000 2269000 260000 256000 252000 255000 252000 253000 492000 314000 263000 259000 257000 258000 254000 256000 259000 259000 254000 254000 24108000 303000 259000 254000 255000 263000 489000 310000 417000 265000 254000 255000 255000 257000 252000 254000 250000 256000 251000 250000 251000 251000 253000 252000 249000 254000 2541000 280000 371000 256000 253000 265000 250000 311000 552000 258000 252000 253000 252000 252000 254000 256000 255000 252000 254000 254000 301000 262000 406000 263000 257000 259000 254000 252000 253000 253000 588000 275000 261000 254000 256000 302000 283000 453000 252000 253000 254000 256000 3375000 437000 601000 865000 266000 258000 255000 251000 251000 256000 252000 252000 253000 249000 252000 251000 251000 252000 253000 256000 388000 1106000 296000 260000 255000 255000 254000 252000 251000 254000 251000 257000 257000 254000 255000 254000 257000 1335000 847000 688000 1017000 684000 666000 663000 1856000 481000 266000 256000 256000 254000 255000 252000 252000 251000 251000 253000 250000 254000 274000 256000 499000 308000 261000 257000 255000 252000 253000 254000 255000 257000 252000 252000 254000 250000 275000 248000 253000 247000 252000 250000 378000 259000 253000 252000 10908000 11128000 12559000 16137000 261000 257000 249000 254000 252000 266000 257000 254000 252000 249000 252000 250000 1539000 276000 256000 1448000 735000 12286000 313000 256000 21130000 947000 16729000 37274000 264000 256000 255000 255000 253000 252000 250000 251000 379000 265000 256000 250000 252000 255000 251000 250000 252000 255000 253000 251000 253000 248000 251000 252000 248000 10898000 286000 927000 950000 284000 261000 251000 255000 251000 254000 251000 257000 258000 252000 254000 253000 18530000 1049000 13940000 292000 261000 4277000 513000 386000 258000 252000 253000 251000 252000 251000 252000 252000 249000 251000 249000 251000 250000 253000 250000 251000 250000 251000 257000 404000 261000 261000 252000 2646000 3890000 2058000 944000 1140000 266000 519000 680000 255000 251000 251000 16255000 778000 859000 892000 5413000 639000 297000 256000 255000 260000 256000 254000 259000 253000 258000 253000 253000 923000 770000 2730000 317000 4369000 897000 859000 405000 1118000 700000 624000 282000 486000 256000 255000 257000 253000 367000 258000 256000 253000 251000 253000 252000 251000 253000 250000 249000 386000 263000 255000 253000 252000 251000 250000 273000 251000 250000 250000 250000 249000 253000 254000 248000 250000 248000 251000 253000 375000 258000 321000 258000 255000 3227000 257000 265000 253000 256000 288000 275000 250000 253000 254000 253000 262000 629000 774000 1586000 382000 260000 256000 254000 251000 2505000 3928000 261000 2515000 9962000 730000 671000 663000 890000 698000 2062000 266000 257000 258000 253000 375000 257000 253000 286000 22252000 307000 259000 256000 253000 254000 250000 252000 250000 250000 6432000 265000 254000 1908000 889000 262000 954000 745000 1851000 2657000 263000 1309000 2683000 257000 9969000 3391000 968000 258000 262000 801000 772000 1943000 384000 288000 1369000 266000 2219000 281000 259000 2303000 258000 253000 293000 270000 279000 275000 255000 252000 253000 300000 868000 575000 307000 797000 688000 667000 6024000 11159000 6780000 312000 6641000 265000 256000 254000 258000 257000 1501000 294000 254000 255000 255000 254000 253000 250000 256000 253000 381000 260000 260000 257000 252000 251000 262000 258000 252000 255000 253000 252000 253000 254000 250000 252000 250000 256000 253000 249000 428000 1720000 8868000 19407000 875000 794000 532000 13637000 315000 260000 290000 656000 811000 900000 356000 269000 581000 270000 379000 882000 388000 259000 5615000 968000 889000 700000 1250000 1440000 388000 793000 19628000 311000 257000 565000 259000 5147000 3895000 260000 255000 254000 378000 258000 309000 257000 393000 288000 260000 252000 255000 255000 251000 255000 250000 253000 254000 512000 1370000 320000 256000 257000 559000 263000 256000 294000 278000 253000 288000 308000 257000 256000 256000 252000 251000 251000 253000 250000 251000 253000 254000 251000) (minNs . 247000) (p50Ns . 256000) (p95Ns . 2541000) (maxNs . 37274000) (target_total . 700us) (regression_budget . 300us) (expected_over_input_budget . 0us) (targetRationale . "Append then withdraw one blocker in a recursive negation session, publishing both fixed points.") (measurementPhases candidate-update assert-semantic-gate assert-time-gate) (status . fail)) 
--- continuation backtrace:
[0] error                                                                                                                                                                   
[1] (interaction)                                                                                                                                                           "t/scenarios/performance/ascent-nonpositive-session-update/scenario.ss"@81:7-82:22                                                                                           (error "ASCENT nonpositive update exceeded the benchmark budget" #:receipt28557)
[2] ##load                                                                                                                                                                  
[3] ##load                                                                                                                                                                  
[4] core/observability/debug#call-with-poo-flow-debug-memory-case-watchdog__%                                                                                               
[5] ##call-with-values                                                                                                                                                      
[6] std/test/base#__test-case!                                                                                                                                                                                                                                                                                                                           ((let () (declare (not safe)) (##unchecked-structure-ref _%tc499784%_ '6 '#f '#f)))
[7] std/test/base#__test-suite!                                                                                                                                                                                                                                                                                                                          (##call-with-current-continuation __tmp242471)
[8] std/test/base#__test-suite!                                                                                                                                                                                                                                                                                                                          (##for-each __tmp242470 __tmp242469)
[9] std/test/base#__test-suite!                                                                                                                                                                                                                                                                                                                          (##for-each __tmp242470 __tmp242469)
...
[13] std/test/base#__test-harness!                                                                                                                                                                                                                                                                                                                       (##call-with-current-continuation __tmp242457)
[14] std/test/base#__test-harness!                                                                                                                                                                                                                                                                                                                       (##for-each __tmp242456 __tmp242455)
[15] std/test/base#__test-harness!                                                                                                                                                                                                                                                                                                                       (##for-each __tmp242456 __tmp242455)
[16] gerbil/tools/gxtest#gxtest-main                                                                                                                                        
SUITE-OK ASCENT SS scenario
MODULE-OK t/performance/ascent-scenario-performance-test.ss
HARNESS-OK ("t/performance/ascent-scenario-performance-test.ss")
ERROR HARNESS (t/performance/ascent-scenario-performance-test.ss)
at HARNESS ("t/performance/ascent-scenario-performance-test.ss")
at MODULE t/performance/ascent-scenario-performance-test.ss
at SUITE ASCENT SS scenario
at CASE bounded scenario

*** ERROR IN ? [Error]: ASCENT nonpositive update exceeded the benchmark budget
--- irritants: ((benchmarkKind . scenario-e2e) (rule . GERBIL-SCHEME-AGENT-R031) (feature . ascent-nonpositive-session-update) (optimizationFocus . "recompute changed nonpositive fixed points from accepted source rows") (inputShape . "two-edge chain plus one blocker") (expectedOutcome . "three path facts; one safe fact with node 2 blocked and three after withdrawal") (timingSource . ":std/time/precise#current-time-precise") (elapsedNs . 2541000) (elapsed . "2.541ms") (admissionStatistic . p95) (runtimeStats (timingSource . ":std/time/precise#current-time-precise") (memorySource . ":gerbil/runtime/gambit###process-statistics") (gcPrecondition . ":gerbil/runtime/gambit###gc") (memoryBefore (gc-heap-size . 477808088) (gc-alloc . 3464515056) (gc-live . 207685768) (gc-movable . 201736880) (gc-still . 5948888)) (memoryAfter (gc-heap-size . 477808088) (gc-alloc . 3464515056) (gc-live . 207685768) (gc-movable . 201736880) (gc-still . 5948888)) (memoryDelta (gc-heap-size . 0) (gc-alloc . 0) (gc-live . 0) (gc-movable . 0) (gc-still . 0))) (max_total . 1000us) (sampleCount . 1000) (samplesNs 409000 264000 256000 255000 255000 253000 252000 255000 254000 253000 252000 254000 257000 252000 256000 254000 254000 254000 253000 253000 393000 257000 257000 252000 253000 250000 253000 6460000 292000 9604000 5226000 317000 258000 253000 275000 9468000 4998000 272000 264000 269000 384000 259000 254000 251000 251000 253000 284000 252000 253000 251000 251000 248000 251000 249000 253000 249000 249000 249000 250000 253000 1160000 690000 727000 666000 771000 1289000 271000 256000 255000 255000 344000 254000 255000 317000 253000 253000 251000 249000 255000 253000 382000 263000 258000 253000 254000 378000 290000 255000 255000 252000 426000 416000 268000 259000 259000 257000 256000 255000 254000 256000 1366000 693000 847000 683000 921000 421000 262000 256000 448000 273000 262000 261000 258000 251000 254000 253000 253000 250000 250000 255000 367000 254000 253000 262000 251000 253000 248000 255000 248000 252000 252000 249000 249000 251000 248000 249000 250000 249000 248000 247000 380000 259000 252000 254000 254000 255000 253000 259000 364000 258000 348000 269000 251000 250000 853000 691000 701000 879000 277000 260000 375000 256000 254000 251000 253000 249000 249000 251000 249000 252000 251000 250000 248000 250000 249000 250000 250000 250000 249000 250000 371000 328000 320000 257000 251000 253000 254000 254000 253000 255000 249000 249000 251000 250000 250000 251000 250000 249000 252000 254000 369000 255000 251000 253000 251000 254000 253000 255000 252000 251000 251000 248000 250000 250000 249000 250000 252000 248000 251000 700000 369000 256000 257000 249000 250000 250000 250000 250000 251000 646000 271000 328000 292000 256000 254000 255000 255000 254000 943000 281000 439000 264000 260000 261000 968000 717000 435000 467000 253000 292000 287000 259000 253000 252000 431000 726000 726000 828000 664000 674000 404000 264000 262000 255000 257000 256000 254000 250000 251000 256000 257000 251000 253000 250000 256000 250000 251000 251000 251000 256000 904000 692000 665000 1288000 764000 719000 432000 412000 327000 524000 745000 481000 261000 252000 255000 295000 750000 710000 665000 665000 1143000 2203000 270000 257000 257000 1781000 824000 312000 261000 10695000 272000 5264000 574000 261000 254000 252000 255000 248000 251000 253000 396000 269000 263000 257000 256000 251000 272000 252000 252000 250000 250000 250000 253000 3134000 788000 688000 774000 670000 693000 759000 1052000 746000 813000 547000 681000 1048000 675000 268000 258000 376000 253000 257000 736000 256000 592000 259000 255000 272000 604000 1315000 385000 261000 254000 254000 447000 843000 675000 806000 695000 777000 268000 285000 269000 253000 253000 3240000 273000 253000 253000 1889000 1039000 722000 765000 475000 259000 256000 251000 257000 252000 251000 250000 252000 253000 250000 306000 256000 271000 251000 251000 253000 551000 259000 255000 252000 251000 269000 251000 248000 252000 252000 252000 252000 3670000 595000 259000 253000 253000 251000 250000 253000 401000 326000 397000 404000 1105000 272000 255000 255000 251000 254000 249000 289000 809000 2269000 260000 256000 252000 255000 252000 253000 492000 314000 263000 259000 257000 258000 254000 256000 259000 259000 254000 254000 24108000 303000 259000 254000 255000 263000 489000 310000 417000 265000 254000 255000 255000 257000 252000 254000 250000 256000 251000 250000 251000 251000 253000 252000 249000 254000 2541000 280000 371000 256000 253000 265000 250000 311000 552000 258000 252000 253000 252000 252000 254000 256000 255000 252000 254000 254000 301000 262000 406000 263000 257000 259000 254000 252000 253000 253000 588000 275000 261000 254000 256000 302000 283000 453000 252000 253000 254000 256000 3375000 437000 601000 865000 266000 258000 255000 251000 251000 256000 252000 252000 253000 249000 252000 251000 251000 252000 253000 256000 388000 1106000 296000 260000 255000 255000 254000 252000 251000 254000 251000 257000 257000 254000 255000 254000 257000 1335000 847000 688000 1017000 684000 666000 663000 1856000 481000 266000 256000 256000 254000 255000 252000 252000 251000 251000 253000 250000 254000 274000 256000 499000 308000 261000 257000 255000 252000 253000 254000 255000 257000 252000 252000 254000 250000 275000 248000 253000 247000 252000 250000 378000 259000 253000 252000 10908000 11128000 12559000 16137000 261000 257000 249000 254000 252000 266000 257000 254000 252000 249000 252000 250000 1539000 276000 256000 1448000 735000 12286000 313000 256000 21130000 947000 16729000 37274000 264000 256000 255000 255000 253000 252000 250000 251000 379000 265000 256000 250000 252000 255000 251000 250000 252000 255000 253000 251000 253000 248000 251000 252000 248000 10898000 286000 927000 950000 284000 261000 251000 255000 251000 254000 251000 257000 258000 252000 254000 253000 18530000 1049000 13940000 292000 261000 4277000 513000 386000 258000 252000 253000 251000 252000 251000 252000 252000 249000 251000 249000 251000 250000 253000 250000 251000 250000 251000 257000 404000 261000 261000 252000 2646000 3890000 2058000 944000 1140000 266000 519000 680000 255000 251000 251000 16255000 778000 859000 892000 5413000 639000 297000 256000 255000 260000 256000 254000 259000 253000 258000 253000 253000 923000 770000 2730000 317000 4369000 897000 859000 405000 1118000 700000 624000 282000 486000 256000 255000 257000 253000 367000 258000 256000 253000 251000 253000 252000 251000 253000 250000 249000 386000 263000 255000 253000 252000 251000 250000 273000 251000 250000 250000 250000 249000 253000 254000 248000 250000 248000 251000 253000 375000 258000 321000 258000 255000 3227000 257000 265000 253000 256000 288000 275000 250000 253000 254000 253000 262000 629000 774000 1586000 382000 260000 256000 254000 251000 2505000 3928000 261000 2515000 9962000 730000 671000 663000 890000 698000 2062000 266000 257000 258000 253000 375000 257000 253000 286000 22252000 307000 259000 256000 253000 254000 250000 252000 250000 250000 6432000 265000 254000 1908000 889000 262000 954000 745000 1851000 2657000 263000 1309000 2683000 257000 9969000 3391000 968000 258000 262000 801000 772000 1943000 384000 288000 1369000 266000 2219000 281000 259000 2303000 258000 253000 293000 270000 279000 275000 255000 252000 253000 300000 868000 575000 307000 797000 688000 667000 6024000 11159000 6780000 312000 6641000 265000 256000 254000 258000 257000 1501000 294000 254000 255000 255000 254000 253000 250000 256000 253000 381000 260000 260000 257000 252000 251000 262000 258000 252000 255000 253000 252000 253000 254000 250000 252000 250000 256000 253000 249000 428000 1720000 8868000 19407000 875000 794000 532000 13637000 315000 260000 290000 656000 811000 900000 356000 269000 581000 270000 379000 882000 388000 259000 5615000 968000 889000 700000 1250000 1440000 388000 793000 19628000 311000 257000 565000 259000 5147000 3895000 260000 255000 254000 378000 258000 309000 257000 393000 288000 260000 252000 255000 255000 251000 255000 250000 253000 254000 512000 1370000 320000 256000 257000 559000 263000 256000 294000 278000 253000 288000 308000 257000 256000 256000 252000 251000 251000 253000 250000 251000 253000 254000 251000) (minNs . 247000) (p50Ns . 256000) (p95Ns . 2541000) (maxNs . 37274000) (target_total . 700us) (regression_budget . 300us) (expected_over_input_budget . 0us) (targetRationale . "Append then withdraw one blocker in a recursive negation session, publishing both fixed points.") (measurementPhases candidate-update assert-semantic-gate assert-time-gate) (status . fail)) 
--- continuation backtrace:
[0] error                                                                                                                                                                   
[1] (interaction)                                                                                                                                                           "t/scenarios/performance/ascent-nonpositive-session-update/scenario.ss"@81:7-82:22                                                                                           (error "ASCENT nonpositive update exceeded the benchmark budget" #:receipt28557)
[2] ##load                                                                                                                                                                  
[3] ##load                                                                                                                                                                  
[4] core/observability/debug#call-with-poo-flow-debug-memory-case-watchdog__%                                                                                               
[5] ##call-with-values                                                                                                                                                      
[6] std/test/base#__test-case!                                                                                                                                                                                                                                                                                                                           ((let () (declare (not safe)) (##unchecked-structure-ref _%tc499784%_ '6 '#f '#f)))
[7] std/test/base#__test-suite!                                                                                                                                                                                                                                                                                                                          (##call-with-current-continuation __tmp242471)
[8] std/test/base#__test-suite!                                                                                                                                                                                                                                                                                                                          (##for-each __tmp242470 __tmp242469)
[9] std/test/base#__test-suite!                                                                                                                                                                                                                                                                                                                          (##for-each __tmp242470 __tmp242469)
...
[13] std/test/base#__test-harness!                                                                                                                                                                                                                                                                                                                       (##call-with-current-continuation __tmp242457)
[14] std/test/base#__test-harness!                                                                                                                                                                                                                                                                                                                       (##for-each __tmp242456 __tmp242455)
[15] std/test/base#__test-harness!                                                                                                                                                                                                                                                                                                                       (##for-each __tmp242456 __tmp242455)
[16] gerbil/tools/gxtest#gxtest-main                                                                                                                                        
[test-lane] RUNNING exclusive (60s)
[test-lane] END exclusive exit=0
error: recipe `test-file` failed with exit code 1
[ascent-ss] FAIL ascent-nonpositive-session-update (14s, exit=1)
error: recipe `performance-scenario` failed with exit code 1
error: recipe `_performance` failed with exit code 1
[test-lane] END exclusive exit=1
error: recipe `performance` failed on line 259 with exit code 1
