[test-lane] START exclusive timeout
[remaining-ss] START ascent-rule-clauses
[test-lane] RUNNING exclusive (5s)
[remaining-ss] RUNNING ascent-rule-clauses
{'name': 'ascent-rule-clauses', 'exit': 0, 'seconds': 7.20710304199747}
[remaining-ss] START ascent-var-points-to
[test-lane] RUNNING exclusive (10s)
[remaining-ss] RUNNING ascent-var-points-to
{'name': 'ascent-var-points-to', 'exit': 0, 'seconds': 6.411541875000694}
[remaining-ss] START ascent-upstream-examples
[test-lane] RUNNING exclusive (15s)
[remaining-ss] RUNNING ascent-upstream-examples
[test-lane] RUNNING exclusive (20s)
[remaining-ss] RUNNING ascent-upstream-examples
{'name': 'ascent-upstream-examples', 'exit': 0, 'seconds': 10.046157832999597}
[remaining-ss] START ascent-product-session
[test-lane] RUNNING exclusive (25s)
[remaining-ss] RUNNING ascent-product-session
[test-lane] RUNNING exclusive (30s)
{'name': 'ascent-product-session', 'exit': 0, 'seconds': 7.76388649999717}
[remaining-ss] START ascent-mutual-recursive-heads
[test-lane] RUNNING exclusive (35s)
[remaining-ss] RUNNING ascent-mutual-recursive-heads
{'name': 'ascent-mutual-recursive-heads', 'exit': 0, 'seconds': 7.44581462500355}
[remaining-ss] START ascent-derived-aggregate
[test-lane] RUNNING exclusive (40s)
[remaining-ss] RUNNING ascent-derived-aggregate
[test-lane] RUNNING exclusive (45s)
{'name': 'ascent-derived-aggregate', 'exit': 0, 'seconds': 6.5527791659988}
[remaining-ss] START ascent-indexed-joins
[test-lane] RUNNING exclusive (50s)
[remaining-ss] RUNNING ascent-indexed-joins
{'name': 'ascent-indexed-joins', 'exit': 0, 'seconds': 6.267080584002542}
[remaining-ss] START ascent-byods-eqrel
[test-lane] RUNNING exclusive (55s)
[remaining-ss] RUNNING ascent-byods-eqrel
{'name': 'ascent-byods-eqrel', 'exit': 0, 'seconds': 6.972849999998289}
[remaining-ss] START ascent-binary-program
[test-lane] RUNNING exclusive (60s)
{'name': 'ascent-binary-program', 'exit': 0, 'seconds': 4.847731500005466}
[remaining-ss] START ascent-reachability-closure
[test-lane] RUNNING exclusive (65s)
[remaining-ss] RUNNING ascent-reachability-closure
{'name': 'ascent-reachability-closure', 'exit': 0, 'seconds': 5.801941999998235}
[remaining-ss] START ascent-table-expression
[test-lane] RUNNING exclusive (70s)
[remaining-ss] RUNNING ascent-table-expression
[test-lane] RUNNING exclusive (75s)
[remaining-ss] RUNNING ascent-table-expression
[test-lane] RUNNING exclusive (80s)
[remaining-ss] RUNNING ascent-table-expression
[test-lane] RUNNING exclusive (85s)
[remaining-ss] RUNNING ascent-table-expression
[test-lane] RUNNING exclusive (90s)
[remaining-ss] RUNNING ascent-table-expression
[test-lane] RUNNING exclusive (95s)
[remaining-ss] RUNNING ascent-table-expression
[test-lane] RUNNING exclusive (100s)
[remaining-ss] RUNNING ascent-table-expression
[test-lane] RUNNING exclusive (105s)
[remaining-ss] RUNNING ascent-table-expression
[test-lane] RUNNING exclusive (110s)
[remaining-ss] RUNNING ascent-table-expression
[test-lane] RUNNING exclusive (115s)
[remaining-ss] RUNNING ascent-table-expression
[test-lane] RUNNING exclusive (120s)
{'name': 'ascent-table-expression', 'exit': 1, 'seconds': 52.85754729099426}
[test-lane] END exclusive exit=1
