[ascent-ss] START ascent-indexed-joins (1000 samples)
[ascent-test] START t/performance/ascent-scenario-performance-test.ss
[test-lane] WAIT exclusive (5s)
[ascent-ss] RUNNING ascent-indexed-joins (10s)
[test-lane] WAIT exclusive (10s)
[test-lane] WAIT exclusive (15s)
[ascent-ss] RUNNING ascent-indexed-joins (20s)
[test-lane] WAIT exclusive (20s)
[test-lane] WAIT exclusive (25s)
[ascent-ss] RUNNING ascent-indexed-joins (30s)
[test-lane] WAIT exclusive (30s)
[test-lane] WAIT exclusive (35s)
[ascent-ss] RUNNING ascent-indexed-joins (40s)
[test-lane] WAIT exclusive (40s)
[test-lane] WAIT exclusive (45s)
[ascent-ss] RUNNING ascent-indexed-joins (50s)
[test-lane] WAIT exclusive (50s)
[test-lane] WAIT exclusive (55s)
[ascent-ss] RUNNING ascent-indexed-joins (60s)
[test-lane] WAIT exclusive (60s)
[test-lane] START exclusive t/performance/ascent-scenario-performance-test.ss
HARNESS ("t/performance/ascent-scenario-performance-test.ss")
MODULE t/performance/ascent-scenario-performance-test.ss
SUITE ASCENT SS scenario
CASE bounded scenario
[test-lane] RUNNING exclusive (5s)
[ascent-ss] RUNNING ascent-indexed-joins (70s)
[gerbil-ascent-benchmark] ascent-indexed-joins p95=563us semanticEquivalent=#t
CASE-OK bounded scenario
SUITE-OK ASCENT SS scenario
MODULE-OK t/performance/ascent-scenario-performance-test.ss
HARNESS-OK ("t/performance/ascent-scenario-performance-test.ss")
OK
[test-lane] END exclusive exit=0
[ascent-test] PASS t/performance/ascent-scenario-performance-test.ss (71s)
[ascent-ss] PASS ascent-indexed-joins (72s)
