[ascent-test] START t/qualification/ascent-index-program-test.ss
[test-lane] WAIT exclusive (5s)
[test-lane] WAIT exclusive (10s)
[test-lane] WAIT exclusive (15s)
[test-lane] WAIT exclusive (20s)
[test-lane] WAIT exclusive (25s)
[test-lane] WAIT exclusive (30s)
[test-lane] WAIT exclusive (35s)
[test-lane] WAIT exclusive (41s)
[test-lane] WAIT exclusive (46s)
[test-lane] WAIT exclusive (51s)
[test-lane] WAIT exclusive (56s)
[test-lane] WAIT exclusive (61s)
[test-lane] START exclusive t/qualification/ascent-index-program-test.ss
HARNESS ("t/qualification/ascent-index-program-test.ss")
MODULE t/qualification/ascent-index-program-test.ss
SUITE ASCENT indexed relation access
CASE bound-column index preserves two-hop join semantics
CASE-OK bound-column index preserves two-hop join semantics
CASE a custom alist Provider replaces the physical index
CASE-OK a custom alist Provider replaces the physical index
CASE composite group and node index preserves two-hop joins
CASE-OK composite group and node index preserves two-hop joins
CASE source append extends an existing index without rebuilding
CASE-OK source append extends an existing index without rebuilding
CASE bound composite key reads a merged lattice through its index
CASE-OK bound composite key reads a merged lattice through its index
CASE lattice refinement removes obsolete indexed relation rows
CASE-OK lattice refinement removes obsolete indexed relation rows
CASE malformed Provider values fail at the boundary
CASE-OK malformed Provider values fail at the boundary
SUITE-OK ASCENT indexed relation access
MODULE-OK t/qualification/ascent-index-program-test.ss
HARNESS-OK ("t/qualification/ascent-index-program-test.ss")
OK
[test-lane] END exclusive exit=0
[ascent-test] PASS t/qualification/ascent-index-program-test.ss (66s)
