[test-lane] START exclusive just
timeout 90s gxi -:max-heap=1G,debug=q tools/build-size-benchmark.ss
GERBIL_LOADPATH="$ASCENT_SIZE_BENCH_LIB${GERBIL_LOADPATH:+:$GERBIL_LOADPATH}" timeout 150s gxi -:max-heap=1G,debug=q t/performance/size-benchmark.ss
CASE recursive-chain-16 samples=1000 repetitions=1
PROGRESS recursive-chain-16 100/1000
PROGRESS recursive-chain-16 200/1000
PROGRESS recursive-chain-16 300/1000
PROGRESS recursive-chain-16 400/1000
PROGRESS recursive-chain-16 500/1000
PROGRESS recursive-chain-16 600/1000
PROGRESS recursive-chain-16 700/1000
PROGRESS recursive-chain-16 800/1000
PROGRESS recursive-chain-16 900/1000
PROGRESS recursive-chain-16 1000/1000
RESULT recursive-chain-16 old-p50-ns=22000 new-p50-ns=22000 paired-wins=471/1000
CASE recursive-chain-256 samples=1000 repetitions=1
[test-lane] RUNNING exclusive (5s)
PROGRESS recursive-chain-256 100/1000
PROGRESS recursive-chain-256 200/1000
PROGRESS recursive-chain-256 300/1000
PROGRESS recursive-chain-256 400/1000
PROGRESS recursive-chain-256 500/1000
PROGRESS recursive-chain-256 600/1000
PROGRESS recursive-chain-256 700/1000
PROGRESS recursive-chain-256 800/1000
[test-lane] RUNNING exclusive (10s)
PROGRESS recursive-chain-256 900/1000
PROGRESS recursive-chain-256 1000/1000
RESULT recursive-chain-256 old-p50-ns=859000 new-p50-ns=819000 paired-wins=766/1000
CASE recursive-chain-1024 samples=1000 repetitions=1
[test-lane] RUNNING exclusive (15s)
PROGRESS recursive-chain-1024 100/1000
[test-lane] RUNNING exclusive (20s)
PROGRESS recursive-chain-1024 200/1000
[test-lane] RUNNING exclusive (25s)
PROGRESS recursive-chain-1024 300/1000
[test-lane] RUNNING exclusive (30s)
PROGRESS recursive-chain-1024 400/1000
[test-lane] RUNNING exclusive (35s)
PROGRESS recursive-chain-1024 500/1000
[test-lane] RUNNING exclusive (40s)
PROGRESS recursive-chain-1024 600/1000
[test-lane] RUNNING exclusive (45s)
PROGRESS recursive-chain-1024 700/1000
[test-lane] RUNNING exclusive (50s)
PROGRESS recursive-chain-1024 800/1000
[test-lane] RUNNING exclusive (55s)
PROGRESS recursive-chain-1024 900/1000
[test-lane] RUNNING exclusive (60s)
PROGRESS recursive-chain-1024 1000/1000
RESULT recursive-chain-1024 old-p50-ns=22694000 new-p50-ns=20091000 paired-wins=525/1000
*** ERROR IN for-each -- 
*** ERROR IN ? [Error]: size optimization median regressed
--- irritants: (name . recursive-chain-1024) 
--- continuation backtrace:
[0] error                                                                                                                                                                   
[1] for-each                                                                                                                                                                
[2] (interaction)                                                                                                                                                           "t/performance/size-benchmark.ss"@94:3-101:13                                                                                                                                (for-each (lambda (#:receipt1911) (if (if (<= (cdr (assq 'new-p50-ns #:receipt1911)) (cdr (assq 'old-p50-ns #:receipt1911))) (let ((#:$e1913 (not (cdr (assq 'requi...
[3] ##load                                                                                                                                                                  
[4] ##load                                                                                                                                                                  
[5] gerbil/main#gxi-main                                                                                                                                                    
[test-lane] RUNNING exclusive (65s)
error: recipe `_size-benchmark` failed on line 476 with exit code 70
[test-lane] END exclusive exit=70
error: recipe `size-benchmark` failed with exit code 70
