HARNESS Scheme DSL closure
MODULE t/qualification/scheme-provenance-graph-test.ss
SUITE Complete grounded provenance and deletion
CASE recursive provenance retains every source and cyclic alternative
CASE-OK recursive provenance retains every source and cyclic alternative
CASE a recursive cycle without a founded source proves no row
CASE-OK a recursive cycle without a founded source proves no row
CASE complete provenance cannot omit an alternative or exceed its cap
CASE-OK complete provenance cannot omit an alternative or exceed its cap
CASE grounded DRed restores alternate support and removes the last cyclic support
CASE-OK grounded DRed restores alternate support and removes the last cyclic support
CASE failed grounded deletion preserves the published rows and source state
CASE-OK failed grounded deletion preserves the published rows and source state
CASE all sixty-four graphs preserve complete alternatives and every withdrawal
PROVENANCE-CHECKED 0 complete
PROVENANCE-CHECKED 1 complete
PROVENANCE-CHECKED 1 withdrawal 1
PROVENANCE-CHECKED 2 complete
PROVENANCE-CHECKED 2 withdrawal 1
PROVENANCE-CHECKED 3 complete
PROVENANCE-CHECKED 3 withdrawal 1
PROVENANCE-CHECKED 3 withdrawal 2
PROVENANCE-CHECKED 4 complete
PROVENANCE-CHECKED 4 withdrawal 1
PROVENANCE-CHECKED 5 complete
PROVENANCE-CHECKED 5 withdrawal 1
PROVENANCE-CHECKED 5 withdrawal 2
PROVENANCE-CHECKED 6 complete
PROVENANCE-CHECKED 6 withdrawal 1
PROVENANCE-CHECKED 6 withdrawal 2
PROVENANCE-CHECKED 7 complete
PROVENANCE-CHECKED 7 withdrawal 1
PROVENANCE-CHECKED 7 withdrawal 2
PROVENANCE-CHECKED 7 withdrawal 3
PROVENANCE-CHECKED 8 complete
PROVENANCE-CHECKED 8 withdrawal 1
PROVENANCE-CHECKED 9 complete
PROVENANCE-CHECKED 9 withdrawal 1
PROVENANCE-CHECKED 9 withdrawal 2
PROVENANCE-CHECKED 10 complete
PROVENANCE-CHECKED 10 withdrawal 1
PROVENANCE-CHECKED 10 withdrawal 2
PROVENANCE-CHECKED 11 complete
PROVENANCE-CHECKED 11 withdrawal 1
PROVENANCE-CHECKED 11 withdrawal 2
PROVENANCE-CHECKED 11 withdrawal 3
PROVENANCE-CHECKED 12 complete
PROVENANCE-CHECKED 12 withdrawal 1
PROVENANCE-CHECKED 12 withdrawal 2
PROVENANCE-CHECKED 13 complete
PROVENANCE-CHECKED 13 withdrawal 1
PROVENANCE-CHECKED 13 withdrawal 2
PROVENANCE-CHECKED 13 withdrawal 3
PROVENANCE-CHECKED 14 complete
PROVENANCE-CHECKED 14 withdrawal 1
PROVENANCE-CHECKED 14 withdrawal 2
PROVENANCE-CHECKED 14 withdrawal 3
PROVENANCE-CHECKED 15 complete
PROVENANCE-CHECKED 15 withdrawal 1
PROVENANCE-CHECKED 15 withdrawal 2
PROVENANCE-CHECKED 15 withdrawal 3
PROVENANCE-CHECKED 15 withdrawal 4
PROVENANCE-CHECKED 16 complete
PROVENANCE-CHECKED 16 withdrawal 1
PROVENANCE-CHECKED 17 complete
PROVENANCE-CHECKED 17 withdrawal 1
PROVENANCE-CHECKED 17 withdrawal 2
PROVENANCE-CHECKED 18 complete
PROVENANCE-CHECKED 18 withdrawal 1
PROVENANCE-CHECKED 18 withdrawal 2
PROVENANCE-CHECKED 19 complete
PROVENANCE-CHECKED 19 withdrawal 1
PROVENANCE-CHECKED 19 withdrawal 2
PROVENANCE-CHECKED 19 withdrawal 3
PROVENANCE-CHECKED 20 complete
PROVENANCE-CHECKED 20 withdrawal 1
PROVENANCE-CHECKED 20 withdrawal 2
PROVENANCE-CHECKED 21 complete
PROVENANCE-CHECKED 21 withdrawal 1
PROVENANCE-CHECKED 21 withdrawal 2
PROVENANCE-CHECKED 21 withdrawal 3
PROVENANCE-CHECKED 22 complete
PROVENANCE-CHECKED 22 withdrawal 1
PROVENANCE-CHECKED 22 withdrawal 2
PROVENANCE-CHECKED 22 withdrawal 3
PROVENANCE-CHECKED 23 complete
PROVENANCE-CHECKED 23 withdrawal 1
PROVENANCE-CHECKED 23 withdrawal 2
PROVENANCE-CHECKED 23 withdrawal 3
PROVENANCE-CHECKED 23 withdrawal 4
PROVENANCE-CHECKED 24 complete
PROVENANCE-CHECKED 24 withdrawal 1
PROVENANCE-CHECKED 24 withdrawal 2
PROVENANCE-CHECKED 25 complete
PROVENANCE-CHECKED 25 withdrawal 1
PROVENANCE-CHECKED 25 withdrawal 2
PROVENANCE-CHECKED 25 withdrawal 3
PROVENANCE-CHECKED 26 complete
PROVENANCE-CHECKED 26 withdrawal 1
PROVENANCE-CHECKED 26 withdrawal 2
PROVENANCE-CHECKED 26 withdrawal 3
PROVENANCE-CHECKED 27 complete
PROVENANCE-CHECKED 27 withdrawal 1
PROVENANCE-CHECKED 27 withdrawal 2
PROVENANCE-CHECKED 27 withdrawal 3
PROVENANCE-CHECKED 27 withdrawal 4
PROVENANCE-CHECKED 28 complete
PROVENANCE-CHECKED 28 withdrawal 1
PROVENANCE-CHECKED 28 withdrawal 2
PROVENANCE-CHECKED 28 withdrawal 3
PROVENANCE-CHECKED 29 complete
PROVENANCE-CHECKED 29 withdrawal 1
PROVENANCE-CHECKED 29 withdrawal 2
PROVENANCE-CHECKED 29 withdrawal 3
PROVENANCE-CHECKED 29 withdrawal 4
PROVENANCE-CHECKED 30 complete
PROVENANCE-CHECKED 30 withdrawal 1
PROVENANCE-CHECKED 30 withdrawal 2
PROVENANCE-CHECKED 30 withdrawal 3
PROVENANCE-CHECKED 30 withdrawal 4
PROVENANCE-CHECKED 31 complete
PROVENANCE-CHECKED 31 withdrawal 1
PROVENANCE-CHECKED 31 withdrawal 2
PROVENANCE-CHECKED 31 withdrawal 3
PROVENANCE-CHECKED 31 withdrawal 4
PROVENANCE-CHECKED 31 withdrawal 5
PROVENANCE-CHECKED 32 complete
PROVENANCE-CHECKED 32 withdrawal 1
PROVENANCE-CHECKED 33 complete
PROVENANCE-CHECKED 33 withdrawal 1
PROVENANCE-CHECKED 33 withdrawal 2
PROVENANCE-CHECKED 34 complete
PROVENANCE-CHECKED 34 withdrawal 1
PROVENANCE-CHECKED 34 withdrawal 2
PROVENANCE-CHECKED 35 complete
PROVENANCE-CHECKED 35 withdrawal 1
PROVENANCE-CHECKED 35 withdrawal 2
PROVENANCE-CHECKED 35 withdrawal 3
PROVENANCE-CHECKED 36 complete
PROVENANCE-CHECKED 36 withdrawal 1
PROVENANCE-CHECKED 36 withdrawal 2
PROVENANCE-CHECKED 37 complete
PROVENANCE-CHECKED 37 withdrawal 1
PROVENANCE-CHECKED 37 withdrawal 2
PROVENANCE-CHECKED 37 withdrawal 3
PROVENANCE-CHECKED 38 complete
PROVENANCE-CHECKED 38 withdrawal 1
PROVENANCE-CHECKED 38 withdrawal 2
PROVENANCE-CHECKED 38 withdrawal 3
PROVENANCE-CHECKED 39 complete
PROVENANCE-CHECKED 39 withdrawal 1
PROVENANCE-CHECKED 39 withdrawal 2
PROVENANCE-CHECKED 39 withdrawal 3
PROVENANCE-CHECKED 39 withdrawal 4
PROVENANCE-CHECKED 40 complete
PROVENANCE-CHECKED 40 withdrawal 1
PROVENANCE-CHECKED 40 withdrawal 2
PROVENANCE-CHECKED 41 complete
PROVENANCE-CHECKED 41 withdrawal 1
PROVENANCE-CHECKED 41 withdrawal 2
PROVENANCE-CHECKED 41 withdrawal 3
PROVENANCE-CHECKED 42 complete
PROVENANCE-CHECKED 42 withdrawal 1
PROVENANCE-CHECKED 42 withdrawal 2
PROVENANCE-CHECKED 42 withdrawal 3
PROVENANCE-CHECKED 43 complete
PROVENANCE-CHECKED 43 withdrawal 1
PROVENANCE-CHECKED 43 withdrawal 2
PROVENANCE-CHECKED 43 withdrawal 3
PROVENANCE-CHECKED 43 withdrawal 4
PROVENANCE-CHECKED 44 complete
PROVENANCE-CHECKED 44 withdrawal 1
PROVENANCE-CHECKED 44 withdrawal 2
PROVENANCE-CHECKED 44 withdrawal 3
PROVENANCE-CHECKED 45 complete
PROVENANCE-CHECKED 45 withdrawal 1
PROVENANCE-CHECKED 45 withdrawal 2
PROVENANCE-CHECKED 45 withdrawal 3
PROVENANCE-CHECKED 45 withdrawal 4
PROVENANCE-CHECKED 46 complete
PROVENANCE-CHECKED 46 withdrawal 1
PROVENANCE-CHECKED 46 withdrawal 2
PROVENANCE-CHECKED 46 withdrawal 3
PROVENANCE-CHECKED 46 withdrawal 4
PROVENANCE-CHECKED 47 complete
PROVENANCE-CHECKED 47 withdrawal 1
PROVENANCE-CHECKED 47 withdrawal 2
PROVENANCE-CHECKED 47 withdrawal 3
PROVENANCE-CHECKED 47 withdrawal 4
PROVENANCE-CHECKED 47 withdrawal 5
PROVENANCE-CHECKED 48 complete
PROVENANCE-CHECKED 48 withdrawal 1
PROVENANCE-CHECKED 48 withdrawal 2
PROVENANCE-CHECKED 49 complete
PROVENANCE-CHECKED 49 withdrawal 1
PROVENANCE-CHECKED 49 withdrawal 2
PROVENANCE-CHECKED 49 withdrawal 3
PROVENANCE-CHECKED 50 complete
PROVENANCE-CHECKED 50 withdrawal 1
PROVENANCE-CHECKED 50 withdrawal 2
PROVENANCE-CHECKED 50 withdrawal 3
PROVENANCE-CHECKED 51 complete
PROVENANCE-CHECKED 51 withdrawal 1
PROVENANCE-CHECKED 51 withdrawal 2
PROVENANCE-CHECKED 51 withdrawal 3
PROVENANCE-CHECKED 51 withdrawal 4
PROVENANCE-CHECKED 52 complete
PROVENANCE-CHECKED 52 withdrawal 1
PROVENANCE-CHECKED 52 withdrawal 2
PROVENANCE-CHECKED 52 withdrawal 3
PROVENANCE-CHECKED 53 complete
PROVENANCE-CHECKED 53 withdrawal 1
PROVENANCE-CHECKED 53 withdrawal 2
PROVENANCE-CHECKED 53 withdrawal 3
PROVENANCE-CHECKED 53 withdrawal 4
PROVENANCE-CHECKED 54 complete
PROVENANCE-CHECKED 54 withdrawal 1
PROVENANCE-CHECKED 54 withdrawal 2
PROVENANCE-CHECKED 54 withdrawal 3
PROVENANCE-CHECKED 54 withdrawal 4
PROVENANCE-CHECKED 55 complete
PROVENANCE-CHECKED 55 withdrawal 1
PROVENANCE-CHECKED 55 withdrawal 2
PROVENANCE-CHECKED 55 withdrawal 3
PROVENANCE-CHECKED 55 withdrawal 4
PROVENANCE-CHECKED 55 withdrawal 5
PROVENANCE-CHECKED 56 complete
PROVENANCE-CHECKED 56 withdrawal 1
PROVENANCE-CHECKED 56 withdrawal 2
PROVENANCE-CHECKED 56 withdrawal 3
PROVENANCE-CHECKED 57 complete
PROVENANCE-CHECKED 57 withdrawal 1
PROVENANCE-CHECKED 57 withdrawal 2
PROVENANCE-CHECKED 57 withdrawal 3
PROVENANCE-CHECKED 57 withdrawal 4
PROVENANCE-CHECKED 58 complete
PROVENANCE-CHECKED 58 withdrawal 1
PROVENANCE-CHECKED 58 withdrawal 2
PROVENANCE-CHECKED 58 withdrawal 3
PROVENANCE-CHECKED 58 withdrawal 4
PROVENANCE-CHECKED 59 complete
PROVENANCE-CHECKED 59 withdrawal 1
PROVENANCE-CHECKED 59 withdrawal 2
PROVENANCE-CHECKED 59 withdrawal 3
PROVENANCE-CHECKED 59 withdrawal 4
PROVENANCE-CHECKED 59 withdrawal 5
PROVENANCE-CHECKED 60 complete
PROVENANCE-CHECKED 60 withdrawal 1
PROVENANCE-CHECKED 60 withdrawal 2
PROVENANCE-CHECKED 60 withdrawal 3
PROVENANCE-CHECKED 60 withdrawal 4
PROVENANCE-CHECKED 61 complete
PROVENANCE-CHECKED 61 withdrawal 1
PROVENANCE-CHECKED 61 withdrawal 2
PROVENANCE-CHECKED 61 withdrawal 3
PROVENANCE-CHECKED 61 withdrawal 4
PROVENANCE-CHECKED 61 withdrawal 5
PROVENANCE-CHECKED 62 complete
PROVENANCE-CHECKED 62 withdrawal 1
PROVENANCE-CHECKED 62 withdrawal 2
PROVENANCE-CHECKED 62 withdrawal 3
PROVENANCE-CHECKED 62 withdrawal 4
PROVENANCE-CHECKED 62 withdrawal 5
PROVENANCE-CHECKED 63 complete
PROVENANCE-CHECKED 63 withdrawal 1
PROVENANCE-CHECKED 63 withdrawal 2
PROVENANCE-CHECKED 63 withdrawal 3
PROVENANCE-CHECKED 63 withdrawal 4
PROVENANCE-CHECKED 63 withdrawal 5
PROVENANCE-CHECKED 63 withdrawal 6
CASE-OK all sixty-four graphs preserve complete alternatives and every withdrawal
SUITE-OK Complete grounded provenance and deletion
MODULE-OK t/qualification/scheme-provenance-graph-test.ss
HARNESS-OK Scheme DSL closure
OK
