[test-lane] START exclusive bash
... compile program/result
[test-lane] RUNNING exclusive (5s)
... execute compile job (compile-file /Users/guangtao/ghq/github.com/tao3k/gerbil-ascent/.gerbil/result-publication/lib/gerbil-ascent/program/result~0.scm)
... execute compile job (compile-file /Users/guangtao/ghq/github.com/tao3k/gerbil-ascent/.gerbil/result-publication/lib/gerbil-ascent/program/result.scm)
... compile program/evaluate
[test-lane] RUNNING exclusive (10s)
[test-lane] RUNNING exclusive (15s)
... execute compile job (compile-file /Users/guangtao/ghq/github.com/tao3k/gerbil-ascent/.gerbil/result-publication/lib/gerbil-ascent/program/evaluate~0.scm)
... execute compile job (compile-file /Users/guangtao/ghq/github.com/tao3k/gerbil-ascent/.gerbil/result-publication/lib/gerbil-ascent/program/evaluate.scm)
CASE recursive-chain-16 samples=20 repetitions=1
RESULT recursive-chain-16 old-p50-bytes=24192 new-p50-bytes=24256 paired-wins=0/20
CASE recursive-chain-256 samples=20 repetitions=1
RESULT recursive-chain-256 old-p50-bytes=195680 new-p50-bytes=195744 paired-wins=0/20
CASE source-only samples=20 repetitions=1
RESULT source-only old-p50-bytes=12624 new-p50-bytes=12688 paired-wins=0/20
CASE retained-append-16 samples=20 repetitions=1
RESULT retained-append-16 old-p50-bytes=319040 new-p50-bytes=320976 paired-wins=0/20
CASE retained-static-4096-8 samples=20 repetitions=1
RESULT retained-static-4096-8 old-p50-bytes=2481904 new-p50-bytes=910464 paired-wins=19/20
OK
[test-lane] RUNNING exclusive (20s)
[test-lane] END exclusive exit=0
