python3 tools/test_execution.py run -- just _result-benchmark
[test-lane] START exclusive just
... compile program/result
... execute compile job (compile-file /Users/guangtao/ghq/github.com/tao3k/gerbil-ascent/.gerbil/result-publication/lib/gerbil-ascent/program/result~0.scm)
... execute compile job (compile-file /Users/guangtao/ghq/github.com/tao3k/gerbil-ascent/.gerbil/result-publication/lib/gerbil-ascent/program/result.scm)
... compile program/evaluate
[test-lane] RUNNING exclusive (5s)
... execute compile job (compile-file /Users/guangtao/ghq/github.com/tao3k/gerbil-ascent/.gerbil/result-publication/lib/gerbil-ascent/program/evaluate~0.scm)
... execute compile job (compile-file /Users/guangtao/ghq/github.com/tao3k/gerbil-ascent/.gerbil/result-publication/lib/gerbil-ascent/program/evaluate.scm)
[test-lane] RUNNING exclusive (10s)
CASE recursive-chain-16 samples=1000 repetitions=1
PROGRESS recursive-chain-16 100/1000
PROGRESS recursive-chain-16 200/1000
PROGRESS recursive-chain-16 300/1000
PROGRESS recursive-chain-16 400/1000
PROGRESS recursive-chain-16 500/1000
PROGRESS recursive-chain-16 600/1000
PROGRESS recursive-chain-16 700/1000
PROGRESS recursive-chain-16 800/1000
PROGRESS recursive-chain-16 900/1000
PROGRESS recursive-chain-16 1000/1000
RESULT recursive-chain-16 old-p50-bytes=40496 new-p50-bytes=40496 paired-wins=7/1000
CASE recursive-chain-256 samples=1000 repetitions=1
PROGRESS recursive-chain-256 100/1000
PROGRESS recursive-chain-256 200/1000
PROGRESS recursive-chain-256 300/1000
PROGRESS recursive-chain-256 400/1000
PROGRESS recursive-chain-256 500/1000
PROGRESS recursive-chain-256 600/1000
PROGRESS recursive-chain-256 700/1000
PROGRESS recursive-chain-256 800/1000
PROGRESS recursive-chain-256 900/1000
PROGRESS recursive-chain-256 1000/1000
RESULT recursive-chain-256 old-p50-bytes=211984 new-p50-bytes=211984 paired-wins=9/1000
CASE recursive-chain-1024 samples=1000 repetitions=1
PROGRESS recursive-chain-1024 100/1000
PROGRESS recursive-chain-1024 200/1000
PROGRESS recursive-chain-1024 300/1000
PROGRESS recursive-chain-1024 400/1000
[test-lane] RUNNING exclusive (15s)
PROGRESS recursive-chain-1024 500/1000
PROGRESS recursive-chain-1024 600/1000
PROGRESS recursive-chain-1024 700/1000
PROGRESS recursive-chain-1024 800/1000
PROGRESS recursive-chain-1024 900/1000
PROGRESS recursive-chain-1024 1000/1000
RESULT recursive-chain-1024 old-p50-bytes=728368 new-p50-bytes=728368 paired-wins=0/1000
CASE indexed-fanout-50-1 samples=1000 repetitions=1
PROGRESS indexed-fanout-50-1 100/1000
PROGRESS indexed-fanout-50-1 200/1000
PROGRESS indexed-fanout-50-1 300/1000
PROGRESS indexed-fanout-50-1 400/1000
PROGRESS indexed-fanout-50-1 500/1000
PROGRESS indexed-fanout-50-1 600/1000
PROGRESS indexed-fanout-50-1 700/1000
PROGRESS indexed-fanout-50-1 800/1000
PROGRESS indexed-fanout-50-1 900/1000
PROGRESS indexed-fanout-50-1 1000/1000
RESULT indexed-fanout-50-1 old-p50-bytes=102912 new-p50-bytes=102912 paired-wins=8/1000
CASE indexed-fanout-100-100 samples=1000 repetitions=1
[test-lane] RUNNING exclusive (20s)
PROGRESS indexed-fanout-100-100 100/1000
[test-lane] RUNNING exclusive (25s)
PROGRESS indexed-fanout-100-100 200/1000
PROGRESS indexed-fanout-100-100 300/1000
[test-lane] RUNNING exclusive (30s)
PROGRESS indexed-fanout-100-100 400/1000
[test-lane] RUNNING exclusive (35s)
PROGRESS indexed-fanout-100-100 500/1000
[test-lane] RUNNING exclusive (40s)
PROGRESS indexed-fanout-100-100 600/1000
[test-lane] RUNNING exclusive (45s)
PROGRESS indexed-fanout-100-100 700/1000
[test-lane] RUNNING exclusive (50s)
PROGRESS indexed-fanout-100-100 800/1000
[test-lane] RUNNING exclusive (55s)
PROGRESS indexed-fanout-100-100 900/1000
[test-lane] RUNNING exclusive (60s)
[test-lane] RUNNING exclusive (65s)
PROGRESS indexed-fanout-100-100 1000/1000
RESULT indexed-fanout-100-100 old-p50-bytes=8986624 new-p50-bytes=8986624 paired-wins=66/1000
CASE indexed-wide-40-256 samples=1000 repetitions=1
[test-lane] RUNNING exclusive (70s)
PROGRESS indexed-wide-40-256 100/1000
PROGRESS indexed-wide-40-256 200/1000
PROGRESS indexed-wide-40-256 300/1000
[test-lane] RUNNING exclusive (75s)
PROGRESS indexed-wide-40-256 400/1000
PROGRESS indexed-wide-40-256 500/1000
PROGRESS indexed-wide-40-256 600/1000
PROGRESS indexed-wide-40-256 700/1000
[test-lane] RUNNING exclusive (80s)
PROGRESS indexed-wide-40-256 800/1000
PROGRESS indexed-wide-40-256 900/1000
PROGRESS indexed-wide-40-256 1000/1000
RESULT indexed-wide-40-256 old-p50-bytes=1712208 new-p50-bytes=1712208 paired-wins=15/1000
CASE source-only samples=1000 repetitions=1
PROGRESS source-only 100/1000
PROGRESS source-only 200/1000
PROGRESS source-only 300/1000
PROGRESS source-only 400/1000
PROGRESS source-only 500/1000
PROGRESS source-only 600/1000
PROGRESS source-only 700/1000
PROGRESS source-only 800/1000
PROGRESS source-only 900/1000
PROGRESS source-only 1000/1000
RESULT source-only old-p50-bytes=28752 new-p50-bytes=28752 paired-wins=5/1000
CASE retained-append-16 samples=1000 repetitions=1
PROGRESS retained-append-16 100/1000
PROGRESS retained-append-16 200/1000
PROGRESS retained-append-16 300/1000
PROGRESS retained-append-16 400/1000
PROGRESS retained-append-16 500/1000
PROGRESS retained-append-16 600/1000
PROGRESS retained-append-16 700/1000
PROGRESS retained-append-16 800/1000
PROGRESS retained-append-16 900/1000
PROGRESS retained-append-16 1000/1000
RESULT retained-append-16 old-p50-bytes=335280 new-p50-bytes=328208 paired-wins=981/1000
CASE retained-append-64 samples=1000 repetitions=1
PROGRESS retained-append-64 100/1000
[test-lane] RUNNING exclusive (85s)
PROGRESS retained-append-64 200/1000
PROGRESS retained-append-64 300/1000
PROGRESS retained-append-64 400/1000
PROGRESS retained-append-64 500/1000
PROGRESS retained-append-64 600/1000
PROGRESS retained-append-64 700/1000
PROGRESS retained-append-64 800/1000
PROGRESS retained-append-64 900/1000
PROGRESS retained-append-64 1000/1000
RESULT retained-append-64 old-p50-bytes=805968 new-p50-bytes=626864 paired-wins=945/1000
CASE retained-static-4096-8 samples=1000 repetitions=1
PROGRESS retained-static-4096-8 100/1000
PROGRESS retained-static-4096-8 200/1000
PROGRESS retained-static-4096-8 300/1000
PROGRESS retained-static-4096-8 400/1000
PROGRESS retained-static-4096-8 500/1000
[test-lane] RUNNING exclusive (90s)
PROGRESS retained-static-4096-8 600/1000
PROGRESS retained-static-4096-8 700/1000
PROGRESS retained-static-4096-8 800/1000
PROGRESS retained-static-4096-8 900/1000
PROGRESS retained-static-4096-8 1000/1000
RESULT retained-static-4096-8 old-p50-bytes=2498176 new-p50-bytes=926112 paired-wins=970/1000
OK
[test-lane] END exclusive exit=0
