[result-publication] START final-first
[result-publication] RUNNING final-first
[result-publication] RUNNING final-first
[result-publication] RUNNING final-first
[result-publication] RUNNING final-first
[result-publication] RUNNING final-first
[result-publication] RUNNING final-first
[result-publication] RUNNING final-first
[result-publication] RUNNING final-first
[result-publication] RUNNING final-first
[result-publication] RUNNING final-first
[result-publication] RUNNING final-first
[result-publication] RUNNING final-first
[result-publication] RUNNING final-first
[result-publication] RUNNING final-first
[result-publication] RUNNING final-first
[result-publication] RUNNING final-first
[result-publication] RUNNING final-first
[result-publication] RUNNING final-first
{'name': 'final-first', 'exit': 0, 'seconds': 94.53978850000567}
[result-publication] START final-repeat
[result-publication] RUNNING final-repeat
[result-publication] RUNNING final-repeat
[result-publication] RUNNING final-repeat
[result-publication] RUNNING final-repeat
[result-publication] RUNNING final-repeat
[result-publication] RUNNING final-repeat
[result-publication] RUNNING final-repeat
[result-publication] RUNNING final-repeat
[result-publication] RUNNING final-repeat
[result-publication] RUNNING final-repeat
[result-publication] RUNNING final-repeat
[result-publication] RUNNING final-repeat
[result-publication] RUNNING final-repeat
[result-publication] RUNNING final-repeat
[result-publication] RUNNING final-repeat
[result-publication] RUNNING final-repeat
[result-publication] RUNNING final-repeat
[result-publication] RUNNING final-repeat
{'name': 'final-repeat', 'exit': 0, 'seconds': 92.79243095799757}
[result-publication] START final-policy
[result-publication] RUNNING final-policy
[result-publication] RUNNING final-policy
[result-publication] RUNNING final-policy
[result-publication] RUNNING final-policy
{'name': 'final-policy', 'exit': 0, 'seconds': 23.63545770800556}
[result-publication] START final-suite
[result-publication] RUNNING final-suite
[result-publication] RUNNING final-suite
[result-publication] RUNNING final-suite
[result-publication] RUNNING final-suite
[result-publication] RUNNING final-suite
[result-publication] RUNNING final-suite
[result-publication] RUNNING final-suite
[result-publication] RUNNING final-suite
[result-publication] RUNNING final-suite
[result-publication] RUNNING final-suite
[result-publication] RUNNING final-suite
[result-publication] RUNNING final-suite
[result-publication] RUNNING final-suite
[result-publication] RUNNING final-suite
[result-publication] RUNNING final-suite
[result-publication] RUNNING final-suite
[result-publication] RUNNING final-suite
[result-publication] RUNNING final-suite
[result-publication] RUNNING final-suite
[result-publication] RUNNING final-suite
[result-publication] RUNNING final-suite
[result-publication] RUNNING final-suite
[result-publication] RUNNING final-suite
[result-publication] RUNNING final-suite
[result-publication] RUNNING final-suite
[result-publication] RUNNING final-suite
[result-publication] RUNNING final-suite
[result-publication] RUNNING final-suite
[result-publication] RUNNING final-suite
[result-publication] RUNNING final-suite
[result-publication] RUNNING final-suite
[result-publication] RUNNING final-suite
[result-publication] RUNNING final-suite
[result-publication] RUNNING final-suite
{'name': 'final-suite', 'exit': 0, 'seconds': 174.83571854200272}
[result-publication] START ascent-session-update
[result-publication] RUNNING ascent-session-update
[result-publication] RUNNING ascent-session-update
{'name': 'ascent-session-update', 'exit': 0, 'seconds': 13.047225166003045}
[result-publication] START ascent-ten-thousand-appends
[result-publication] RUNNING ascent-ten-thousand-appends
[result-publication] RUNNING ascent-ten-thousand-appends
[result-publication] RUNNING ascent-ten-thousand-appends
[result-publication] RUNNING ascent-ten-thousand-appends
[result-publication] RUNNING ascent-ten-thousand-appends
[result-publication] RUNNING ascent-ten-thousand-appends
[result-publication] RUNNING ascent-ten-thousand-appends
[result-publication] RUNNING ascent-ten-thousand-appends
[result-publication] RUNNING ascent-ten-thousand-appends
[result-publication] RUNNING ascent-ten-thousand-appends
{'name': 'ascent-ten-thousand-appends', 'exit': 1, 'seconds': 50.329362124997715}
[result-publication] START ascent-nonpositive-session-update
[result-publication] RUNNING ascent-nonpositive-session-update
[result-publication] RUNNING ascent-nonpositive-session-update
{'name': 'ascent-nonpositive-session-update', 'exit': 0, 'seconds': 13.084709292001207}
[result-publication] START ascent-product-session
[result-publication] RUNNING ascent-product-session
[result-publication] RUNNING ascent-product-session
{'name': 'ascent-product-session', 'exit': 0, 'seconds': 10.835555457997543}
