DSL-ARTIFACT-VERIFIED e351d91b6537e25c5338e5033435853aef27c67cd4ca7a356cf5f3960f95cc6a
(BENEFIT independent 12 128 0 AB (fresh 6749/128000000 5.2531249999999844e-5 48760.125 3) (retained 54313/25600000 2.7171093750000003e-4 337419.625 1))
(BENEFIT independent 12 128 1 BA (fresh 6617/128000000 5.1695312499999875e-5 48337.5 3) (retained 40573/12800000 2.475234374999999e-4 342901.75 1))
(BENEFIT independent 12 128 2 AB (fresh 883/12800000 6.771093750000028e-5 48337.5 3) (retained 58387/32000000 2.213515625000004e-4 336391.125 1))
(BENEFIT independent 12 128 3 BA (fresh 10661/6400000 6.83984375000001e-5 48337.5 3) (retained 81049/64000000 2.2673437500000037e-4 342901.75 1))
(BENEFIT independent 12 128 4 AB (fresh 6611/128000000 5.1609375000000006e-5 48337.5 3) (retained 44229/25600000 2.3060937500000035e-4 336391.125 1))
(BENEFIT independent 12 128 5 BA (fresh 6591/128000000 5.1476562500000524e-5 48337.5 3) (retained 136363/64000000 3.358671875e-4 342901.75 1))
(BENEFIT independent 12 128 6 AB (fresh 11953/128000000 5.55234374999998e-5 48337.5 3) (retained 224329/64000000 2.4555468750000076e-4 336391.125 1))
(BENEFIT independent 12 128 7 BA (fresh 1323/25600000 5.1664062499999844e-5 48337.5 3) (retained 407993/128000000 2.5375781249999986e-4 342901.75 1))
(BENEFIT independent 12 128 8 AB (fresh 53/1024000 5.1742187500000356e-5 48337.5 3) (retained 7287/4000000 2.443046874999995e-4 336391.125 1))
(BENEFIT independent 12 128 9 BA (fresh 56867/64000000 6.392187499999931e-5 48337.5 3) (retained 110869/32000000 2.3616406250000048e-4 342901.75 1))
(BENEFIT independent 12 128 10 AB (fresh 83097/128000000 5.3859374999999654e-5 48337.5 3) (retained 298087/128000000 2.672265625000003e-4 336391.125 1))
(BENEFIT independent 12 128 11 BA (fresh 52147/64000000 6.162500000000092e-5 48337.5 3) (retained 1699/1280000 2.089218749999986e-4 342901.75 1))
(BENEFIT independent 12 128 12 AB (fresh 10911/64000000 5.3437499999999666e-5 48337.5 3) (retained 573561/128000000 3.355546874999997e-4 336391.125 1))
(BENEFIT independent 12 128 13 BA (fresh 667/12800000 5.1851562499998297e-5 48337.5 3) (retained 74267/25600000 2.4403906249999968e-4 342901.75 1))
(BENEFIT independent 12 128 14 AB (fresh 66447/64000000 6.840624999999989e-5 48337.5 3) (retained 94857/32000000 2.736874999999996e-4 336391.125 1))
(BENEFIT independent 12 128 15 BA (fresh 3319/64000000 5.1843750000000674e-5 48337.5 3) (retained 43651/12800000 2.7994531250000176e-4 342901.75 1))
(BENEFIT independent 12 128 16 AB (fresh 7629/128000000 5.9468749999999626e-5 48337.5 3) (retained 209061/64000000 2.651093749999993e-4 336391.125 1))
(BENEFIT independent 12 128 17 BA (fresh 6593/128000000 5.1492187500000106e-5 48337.5 3) (retained 288507/128000000 2.2885156249999837e-4 342901.75 1))
(BENEFIT independent 12 128 18 AB (fresh 1333/25600000 5.203125000000086e-5 48337.5 3) (retained 243243/128000000 2.4332812500000092e-4 336391.125 1))
(BENEFIT independent 12 128 19 BA (fresh 62053/32000000 6.595312500000047e-5 48337.5 3) (retained 783811/128000000 3.3692187499999825e-4 342901.75 1))
(BENEFIT recursive 12 128 0 AB (fresh 2963/64000000 4.625781250000224e-5 45786.625 3) (retained 2601/500000 3.356406250000013e-4 345498. 2))
(BENEFIT recursive 12 128 1 BA (fresh 70909/128000000 7.066406249999976e-5 34408.875 3) (retained 12977/2560000 3.17703124999999e-4 351520.75 2))
(BENEFIT recursive 12 128 2 AB (fresh 249869/128000000 7.819531249999775e-5 45361.5 3) (retained 365341/128000000 3.1620312500000095e-4 345074.875 2))
(BENEFIT recursive 12 128 3 BA (fresh 203/800000 7.985937500000137e-5 34408.875 3) (retained 518103/128000000 3.7117968750000063e-4 351520.75 2))
(BENEFIT recursive 12 128 4 AB (fresh 207639/128000000 7.742187500000067e-5 45361.5 3) (retained 475459/128000000 2.785937499999967e-4 345074.875 2))
(BENEFIT recursive 12 128 5 BA (fresh 4753/5120000 9.247656249999903e-5 34408.875 3) (retained 271157/128000000 2.461562500000007e-4 351520.75 2))
(BENEFIT recursive 12 128 6 AB (fresh 20167/128000000 4.64687500000005e-5 45361.5 3) (retained 479601/128000000 3.090000000000037e-4 345074.875 2))
(BENEFIT recursive 12 128 7 BA (fresh 17873/64000000 6.943749999999832e-5 34408.875 3) (retained 514773/128000000 2.7503906249999946e-4 351520.75 2))
(BENEFIT recursive 12 128 8 AB (fresh 59/1280000 4.605468749999814e-5 45361.5 3) (retained 264879/64000000 3.1900781250000093e-4 345074.875 2))
(BENEFIT recursive 12 128 9 BA (fresh 58631/128000000 6.112499999999868e-5 34408.875 3) (retained 87891/25600000 2.5774218749999994e-4 351520.75 2))
(BENEFIT recursive 12 128 10 AB (fresh 99311/64000000 8.071093750000244e-5 45361.5 3) (retained 15121/32000000 2.493515624999998e-4 345074.875 2))
(BENEFIT recursive 12 128 11 BA (fresh 937/16000000 5.85546875000037e-5 34408.875 3) (retained 367997/128000000 2.532265625000002e-4 351520.75 2))
(BENEFIT recursive 12 128 12 AB (fresh 9449/16000000 5.2187500000001885e-5 45361.5 3) (retained 17751/8000000 2.736796874999968e-4 345074.875 2))
(BENEFIT recursive 12 128 13 BA (fresh 42253/25600000 8.621875000000209e-5 34408.875 3) (retained 29263/12800000 3.0480468750000017e-4 351520.75 2))
(BENEFIT recursive 12 128 14 AB (fresh 192373/128000000 5.222656249999694e-5 45361.5 3) (retained 414531/128000000 2.888281249999944e-4 345074.875 2))
(BENEFIT recursive 12 128 15 BA (fresh 781/12800000 6.100781249999965e-5 34408.875 3) (retained 134949/64000000 2.4362500000000079e-4 351520.75 2))
(BENEFIT recursive 12 128 16 AB (fresh 5877/128000000 4.587499999999731e-5 45361.5 3) (retained 313431/128000000 3.2720312500000154e-4 345074.875 2))
(BENEFIT recursive 12 128 17 BA (fresh 212129/128000000 8.22968749999986e-5 34408.875 3) (retained 142661/32000000 2.9792968750000023e-4 351520.75 2))
(BENEFIT recursive 12 128 18 AB (fresh 5871/128000000 4.582812500000116e-5 45361.5 3) (retained 566577/128000000 3.01140624999998e-4 345074.875 2))
(BENEFIT recursive 12 128 19 BA (fresh 98287/128000000 6.654687499999673e-5 34408.875 3) (retained 13753/16000000 2.4023437500000216e-4 351520.75 2))
(BENEFIT all-inputs 12 128 0 AB (fresh 1471/32000000 4.5937500000002573e-5 45786.625 3) (retained 803/250000 2.50906250000002e-4 344699.75 3))
(BENEFIT all-inputs 12 128 1 BA (fresh 7661/128000000 5.983593750000238e-5 34197.5 3) (retained 136901/25600000 3.3772656250000144e-4 350693.25 3))
(BENEFIT all-inputs 12 128 2 AB (fresh 17109/25600000 6.064843749999799e-5 45361.5 3) (retained 110257/32000000 2.9628125000000227e-4 344274. 3))
(BENEFIT all-inputs 12 128 3 BA (fresh 143511/128000000 8.743750000000244e-5 34197.5 3) (retained 126849/64000000 2.651484375000013e-4 350693.25 3))
(BENEFIT all-inputs 12 128 4 AB (fresh 75859/64000000 6.198437499999737e-5 45361.5 3) (retained 118553/64000000 2.9931249999999576e-4 344274. 3))
(BENEFIT all-inputs 12 128 5 BA (fresh 151393/128000000 8.656250000000504e-5 34197.5 3) (retained 618767/128000000 3.0458593749999735e-4 350693.25 3))
(BENEFIT all-inputs 12 128 6 AB (fresh 741/16000000 4.623437500000244e-5 45361.5 3) (retained 96223/25600000 3.237578125000057e-4 344274. 3))
(BENEFIT all-inputs 12 128 7 BA (fresh 125567/128000000 7.273437500000118e-5 34197.5 3) (retained 255291/64000000 2.8650000000000203e-4 350693.25 3))
(BENEFIT all-inputs 12 128 8 AB (fresh 2133/25600000 6.373437500000606e-5 45361.5 3) (retained 200967/64000000 3.756874999999993e-4 344274. 3))
(BENEFIT all-inputs 12 128 9 BA (fresh 278179/128000000 7.074218749999334e-5 34197.5 3) (retained 359363/64000000 3.1078906249999705e-4 350693.25 3))
(BENEFIT all-inputs 12 128 10 AB (fresh 154267/64000000 5.51718750000027e-5 45361.5 3) (retained 172473/64000000 2.925625000000029e-4 344274. 3))
(BENEFIT all-inputs 12 128 11 BA (fresh 973/16000000 5.987500000000784e-5 34197.5 3) (retained 108331/64000000 2.565703125000096e-4 350693.25 3))
(BENEFIT all-inputs 12 128 12 AB (fresh 5983/128000000 4.671093749999966e-5 45361.5 3) (retained 88097/16000000 3.096484374999972e-4 344274. 3))
(BENEFIT all-inputs 12 128 13 BA (fresh 23847/128000000 6.060156250000531e-5 34197.5 3) (retained 26497/128000000 2.0690625000000656e-4 350693.25 3))
(BENEFIT all-inputs 12 128 14 AB (fresh 2933/64000000 4.57890624999957e-5 45361.5 3) (retained 138589/25600000 3.1147656250000294e-4 344274. 3))
(BENEFIT all-inputs 12 128 15 BA (fresh 98131/64000000 7.446093749999966e-5 34197.5 3) (retained 116743/32000000 2.9595312499999804e-4 350693.25 3))
(BENEFIT all-inputs 12 128 16 AB (fresh 1179/25600000 4.6015624999999616e-5 45361.5 3) (retained 61667/32000000 2.6125000000000453e-4 344274. 3))
(BENEFIT all-inputs 12 128 17 BA (fresh 130669/128000000 6.879687499999898e-5 34197.5 3) (retained 157971/64000000 2.3779687499999452e-4 350693.25 3))
(BENEFIT all-inputs 12 128 18 AB (fresh 2817/32000000 5.5468750000002565e-5 45361.5 3) (retained 490517/128000000 2.7585937499999963e-4 344274. 3))
(BENEFIT all-inputs 12 128 19 BA (fresh 1509/25600000 5.889843749999624e-5 34197.5 3) (retained 177343/64000000 2.939140624999975e-4 350693.25 3))
(BENEFIT independent 48 16 0 AB (fresh 12009/16000000 7.501874999999436e-4 521141. 3) (retained 33369/4000000 6.742500000000429e-4 310679. 1))
(BENEFIT independent 48 16 1 BA (fresh 83903/16000000 9.785624999999465e-4 253203. 3) (retained 156087/16000000 6.486249999999583e-4 539540. 1))
(BENEFIT independent 48 16 2 AB (fresh 77239/16000000 8.601874999999981e-4 517740. 3) (retained 210333/16000000 8.690625000000174e-4 340461. 1))
(BENEFIT independent 48 16 3 BA (fresh 62453/8000000 .001029874999999958 236253. 3) (retained 44621/2000000 8.963750000000048e-4 539540. 1))
(BENEFIT independent 48 16 4 AB (fresh 477/640000 7.449374999999869e-4 517740. 3) (retained 9837/16000000 6.147499999999417e-4 323511. 1))
(BENEFIT independent 48 16 5 BA (fresh 49383/2000000 .001055250000000063 236253. 3) (retained 3399/8000000 4.245625000000586e-4 539540. 1))
(BENEFIT independent 48 16 6 AB (fresh 74289/4000000 8.528749999999752e-4 517740. 3) (retained 97601/16000000 6.828750000000272e-4 323511. 1))
(BENEFIT independent 48 16 7 BA (fresh 165539/16000000 9.899999999999909e-4 236253. 3) (retained 98261/16000000 5.650625000000464e-4 539540. 1))
(BENEFIT independent 48 16 8 AB (fresh 18639/2000000 8.706250000000137e-4 517740. 3) (retained 9797/1600000 6.402500000000089e-4 323511. 1))
(BENEFIT independent 48 16 9 BA (fresh 7531/320000 .001158687500000033 236253. 3) (retained 1383/3200000 4.3181250000001725e-4 539540. 1))
(BENEFIT independent 48 16 10 AB (fresh 94441/16000000 8.118124999999532e-4 517740. 3) (retained 4923/8000000 6.148750000000147e-4 323511. 1))
(BENEFIT independent 48 16 11 BA (fresh 26847/4000000 9.929375000000684e-4 236253. 3) (retained 96861/3200000 7.060000000000399e-4 539540. 1))
(BENEFIT independent 48 16 12 AB (fresh 239141/16000000 9.058750000000004e-4 517740. 3) (retained 9839/16000000 6.147499999999972e-4 323511. 1))
(BENEFIT independent 48 16 13 BA (fresh 13769/16000000 8.603750000000243e-4 236253. 3) (retained 107997/8000000 7.324375000000161e-4 539540. 1))
(BENEFIT independent 48 16 14 AB (fresh 11939/16000000 7.455624999999633e-4 517740. 3) (retained 212079/16000000 7.613750000000086e-4 323511. 1))
(BENEFIT independent 48 16 15 BA (fresh 96313/4000000 .0015723750000000702 236253. 3) (retained 15679/1600000 4.57749999999979e-4 539540. 1))
(BENEFIT independent 48 16 16 AB (fresh 118937/16000000 7.829375000000249e-4 517740. 3) (retained 280469/16000000 7.860624999999621e-4 323511. 1))
(BENEFIT independent 48 16 17 BA (fresh 7/8000 8.74437500000047e-4 236253. 3) (retained 16059/2000000 4.930624999999744e-4 539540. 1))
(BENEFIT independent 48 16 18 AB (fresh 99/16000 9.120000000000239e-4 517740. 3) (retained 61401/4000000 8.860000000000534e-4 323511. 1))
(BENEFIT independent 48 16 19 BA (fresh 6933/8000000 8.665000000000478e-4 236253. 3) (retained 222723/16000000 8.541874999999921e-4 539540. 1))
(BENEFIT recursive 48 16 0 AB (fresh 68851/8000000 8.270625000000309e-4 507077. 3) (retained 50861/3200000 .0012388750000000281 570883. 2))
(BENEFIT recursive 48 16 1 BA (fresh 6403/3200000 8.637499999999965e-4 279418. 3) (retained 128487/8000000 .0010181250000000364 765804. 2))
(BENEFIT recursive 48 16 2 AB (fresh 87731/8000000 .001013374999999983 503676. 3) (retained 10843/800000 .0012402500000000538 570923. 2))
(BENEFIT recursive 48 16 3 BA (fresh 9287/640000 9.175625000000243e-4 279418. 3) (retained 20679/16000000 8.469375000000334e-4 765804. 2))
(BENEFIT recursive 48 16 4 AB (fresh 11523/16000000 7.198125000000277e-4 503676. 3) (retained 129/125000 .001031749999999998 570923. 2))
(BENEFIT recursive 48 16 5 BA (fresh 8259/500000 .0011676875000000142 279418. 3) (retained 174477/8000000 .001148312500000026 765804. 2))
(BENEFIT recursive 48 16 6 AB (fresh 179797/16000000 .0011155625000000002 503676. 3) (retained 4139/4000000 .0010340625000000436 570923. 2))
(BENEFIT recursive 48 16 7 BA (fresh 3337/4000000 8.335000000000425e-4 279418. 3) (retained 170407/16000000 8.934999999999915e-4 765804. 2))
(BENEFIT recursive 48 16 8 AB (fresh 3873/2000000 7.45875000000007e-4 503676. 3) (retained 33307/8000000 .0010850000000001137 570923. 2))
(BENEFIT recursive 48 16 9 BA (fresh 226883/16000000 .0011564375000000515 279418. 3) (retained 74803/8000000 .0012286874999999364 765804. 2))
(BENEFIT recursive 48 16 10 AB (fresh 11569/16000000 7.224375000000061e-4 503676. 3) (retained 159997/16000000 .001347750000000092 570923. 2))
(BENEFIT recursive 48 16 11 BA (fresh 7261/800000 9.62687499999948e-4 279418. 3) (retained 61101/3200000 .0011563749999998763 765804. 2))
(BENEFIT recursive 48 16 12 AB (fresh 96571/16000000 8.864999999999013e-4 503676. 3) (retained 150687/8000000 .0013181249999999478 570923. 2))
(BENEFIT recursive 48 16 13 BA (fresh 3387/400000 .0011703124999999925 279418. 3) (retained 338307/16000000 .0012676874999998367 765804. 2))
(BENEFIT recursive 48 16 14 AB (fresh 38803/3200000 .0013094999999999635 503676. 3) (retained 7103/640000 .0015086875000001054 570923. 2))
(BENEFIT recursive 48 16 15 BA (fresh 39181/3200000 .001064812500000012 279418. 3) (retained 301323/16000000 .0011064999999998992 765804. 2))
(BENEFIT recursive 48 16 16 AB (fresh 69761/4000000 9.030624999999404e-4 503676. 3) (retained 37809/2000000 .0012779375000000481 570923. 2))
(BENEFIT recursive 48 16 17 BA (fresh 238547/16000000 .0013133124999998858 279418. 3) (retained 36149/3200000 .0013079999999999758 765804. 2))
(BENEFIT recursive 48 16 18 AB (fresh 32271/16000000 7.750624999999234e-4 503676. 3) (retained 226897/16000000 .0011822500000000513 570923. 2))
(BENEFIT recursive 48 16 19 BA (fresh 270439/16000000 .0010516250000000005 279418. 3) (retained 22813/16000000 .0010204999999999798 765804. 2))
(BENEFIT all-inputs 48 16 0 AB (fresh 294263/16000000 .0012810625000000408 507077. 3) (retained 34827/8000000 .0010883750000000303 570081. 3))
(BENEFIT all-inputs 48 16 1 BA (fresh 5669/4000000 8.670624999999044e-4 279418. 3) (retained 7241/400000 .0010385625000000065 765004. 3))
(BENEFIT all-inputs 48 16 2 AB (fresh 32193/2000000 8.512500000000811e-4 503676. 3) (retained 406499/16000000 .0014140624999999796 570119. 3))
(BENEFIT all-inputs 48 16 3 BA (fresh 16151/1000000 .0011215625000000617 279418. 3) (retained 28183/1600000 9.83500000000026e-4 765004. 3))
(BENEFIT all-inputs 48 16 4 AB (fresh 110807/16000000 9.48562499999972e-4 503676. 3) (retained 209701/16000000 .001220312499999987 570119. 3))
(BENEFIT all-inputs 48 16 5 BA (fresh 12101/2000000 9.53374999999923e-4 279418. 3) (retained 72089/4000000 .0010065624999998635 765004. 3))
(BENEFIT all-inputs 48 16 6 AB (fresh 25109/1600000 9.100624999999196e-4 503676. 3) (retained 132299/16000000 .0012680625 570119. 3))
(BENEFIT all-inputs 48 16 7 BA (fresh 28411/3200000 9.109375000000419e-4 279418. 3) (retained 48263/3200000 .0010776875000000352 765004. 3))
(BENEFIT all-inputs 48 16 8 AB (fresh 27133/4000000 8.283749999999923e-4 503676. 3) (retained 163407/8000000 .001573125000000175 570119. 3))
(BENEFIT all-inputs 48 16 9 BA (fresh 12243/8000000 9.324375000000495e-4 279418. 3) (retained 126481/16000000 .0010985625000000665 765004. 3))
(BENEFIT all-inputs 48 16 10 AB (fresh 74251/8000000 8.996249999999595e-4 503676. 3) (retained 151939/8000000 .0016026250000001907 570119. 3))
(BENEFIT all-inputs 48 16 11 BA (fresh 3139/3200000 8.356250000000065e-4 279418. 3) (retained 67641/4000000 .0010127499999998957 765004. 3))
(BENEFIT all-inputs 48 16 12 AB (fresh 31109/16000000 7.88562499999923e-4 503676. 3) (retained 82179/4000000 .0013494375000000502 570119. 3))
(BENEFIT all-inputs 48 16 13 BA (fresh 80687/16000000 8.745000000000003e-4 279418. 3) (retained 13339/16000000 8.33374999999914e-4 765004. 3))
(BENEFIT all-inputs 48 16 14 AB (fresh 3927/800000 7.758124999999172e-4 503676. 3) (retained 148923/8000000 .0013055625000000237 570119. 3))
(BENEFIT all-inputs 48 16 15 BA (fresh 89713/16000000 8.665625000000565e-4 279418. 3) (retained 10509/8000000 8.406875000001035e-4 765004. 3))
(BENEFIT all-inputs 48 16 16 AB (fresh 14321/1600000 7.701249999999549e-4 503676. 3) (retained 125709/16000000 .001126187500000042 570119. 3))
(BENEFIT all-inputs 48 16 17 BA (fresh 36407/8000000 8.703750000000898e-4 279418. 3) (retained 58277/4000000 .0010550000000001392 765004. 3))
(BENEFIT all-inputs 48 16 18 AB (fresh 163889/8000000 9.796249999999285e-4 503676. 3) (retained 1379/50000 .0015353750000000055 570119. 3))
(BENEFIT all-inputs 48 16 19 BA (fresh 84849/16000000 9.446249999999212e-4 279418. 3) (retained 80739/4000000 .001104812499999941 765004. 3))
BENEFIT-OK pairs=120 independent-native-verdicts=17280
real 108.92
user 10.26
sys 0.32
