[test-lane] START exclusive just
timeout 90s gxi -:max-heap=1G,debug=q tools/build-set-source-benchmark.ss
... compile program/evaluate
... compile t/qualification/ascent-set-source-reference-evaluate
[test-lane] RUNNING exclusive (5s)
... execute compile job (compile-file /Users/guangtao/ghq/github.com/tao3k/gerbil-ascent/.gerbil/set-source/lib/gerbil-ascent/t/qualification/ascent-set-source-reference-evaluate~0.scm)
... execute compile job (compile-file /Users/guangtao/ghq/github.com/tao3k/gerbil-ascent/.gerbil/set-source/lib/gerbil-ascent/t/qualification/ascent-set-source-reference-evaluate.scm)
... execute compile job (compile-file /Users/guangtao/ghq/github.com/tao3k/gerbil-ascent/.gerbil/set-source/lib/gerbil-ascent/program/evaluate~0.scm)
... execute compile job (compile-file /Users/guangtao/ghq/github.com/tao3k/gerbil-ascent/.gerbil/set-source/lib/gerbil-ascent/program/evaluate.scm)
GERBIL_LOADPATH="$ASCENT_SET_SOURCE_LIB${GERBIL_LOADPATH:+:$GERBIL_LOADPATH}" timeout 150s gxi -:max-heap=1G,debug=q t/performance/set-source-allocation.ss
[test-lane] RUNNING exclusive (10s)
CASE recursive-chain-16 samples=1000 repetitions=20
PROGRESS recursive-chain-16 100/1000
PROGRESS recursive-chain-16 200/1000
PROGRESS recursive-chain-16 300/1000
PROGRESS recursive-chain-16 400/1000
PROGRESS recursive-chain-16 500/1000
PROGRESS recursive-chain-16 600/1000
PROGRESS recursive-chain-16 700/1000
PROGRESS recursive-chain-16 800/1000
PROGRESS recursive-chain-16 900/1000
PROGRESS recursive-chain-16 1000/1000
RESULT recursive-chain-16 old-p50-bytes=47984 new-p50-bytes=47456 paired-wins=936/1000
CASE recursive-chain-256 samples=1000 repetitions=1
PROGRESS recursive-chain-256 100/1000
PROGRESS recursive-chain-256 200/1000
PROGRESS recursive-chain-256 300/1000
PROGRESS recursive-chain-256 400/1000
PROGRESS recursive-chain-256 500/1000
PROGRESS recursive-chain-256 600/1000
PROGRESS recursive-chain-256 700/1000
PROGRESS recursive-chain-256 800/1000
PROGRESS recursive-chain-256 900/1000
PROGRESS recursive-chain-256 1000/1000
RESULT recursive-chain-256 old-p50-bytes=636464 new-p50-bytes=624416 paired-wins=996/1000
CASE recursive-chain-1024 samples=1000 repetitions=1
PROGRESS recursive-chain-1024 100/1000
PROGRESS recursive-chain-1024 200/1000
PROGRESS recursive-chain-1024 300/1000
[test-lane] RUNNING exclusive (15s)
PROGRESS recursive-chain-1024 400/1000
PROGRESS recursive-chain-1024 500/1000
PROGRESS recursive-chain-1024 600/1000
PROGRESS recursive-chain-1024 700/1000
PROGRESS recursive-chain-1024 800/1000
PROGRESS recursive-chain-1024 900/1000
PROGRESS recursive-chain-1024 1000/1000
RESULT recursive-chain-1024 old-p50-bytes=2479952 new-p50-bytes=2431040 paired-wins=977/1000
CASE sources-10000-distinct-10000 samples=1000 repetitions=1
PROGRESS sources-10000-distinct-10000 100/1000
[test-lane] RUNNING exclusive (20s)
PROGRESS sources-10000-distinct-10000 200/1000
PROGRESS sources-10000-distinct-10000 300/1000
PROGRESS sources-10000-distinct-10000 400/1000
PROGRESS sources-10000-distinct-10000 500/1000
PROGRESS sources-10000-distinct-10000 600/1000
PROGRESS sources-10000-distinct-10000 700/1000
PROGRESS sources-10000-distinct-10000 800/1000
[test-lane] RUNNING exclusive (25s)
PROGRESS sources-10000-distinct-10000 900/1000
PROGRESS sources-10000-distinct-10000 1000/1000
RESULT sources-10000-distinct-10000 old-p50-bytes=2503424 new-p50-bytes=2023568 paired-wins=976/1000
CASE sources-10000-distinct-16 samples=1000 repetitions=1
PROGRESS sources-10000-distinct-16 100/1000
PROGRESS sources-10000-distinct-16 200/1000
PROGRESS sources-10000-distinct-16 300/1000
PROGRESS sources-10000-distinct-16 400/1000
PROGRESS sources-10000-distinct-16 500/1000
PROGRESS sources-10000-distinct-16 600/1000
PROGRESS sources-10000-distinct-16 700/1000
PROGRESS sources-10000-distinct-16 800/1000
PROGRESS sources-10000-distinct-16 900/1000
[test-lane] RUNNING exclusive (30s)
PROGRESS sources-10000-distinct-16 1000/1000
RESULT sources-10000-distinct-16 old-p50-bytes=1454400 new-p50-bytes=974544 paired-wins=990/1000
OK
[test-lane] END exclusive exit=0
