python3 tools/test_execution.py run -- just _build
[test-lane] WAIT exclusive (5s)
[test-lane] START exclusive just
GERBIL_BUILD_CORES="${GERBIL_BUILD_CORES:-$(getconf NPROCESSORS_ONLN)}" gerbil build
... compile table/storage
... execute compile job (compile-file /private/tmp/ascent-test-scheduling-gerbil/lib/gerbil-ascent/table/storage~0.scm)
... execute compile job (compile-file /private/tmp/ascent-test-scheduling-gerbil/lib/gerbil-ascent/table/storage.scm)
... compile table/interface
... compile program/types
... execute compile job (compile-file /private/tmp/ascent-test-scheduling-gerbil/lib/gerbil-ascent/table/interface.scm)
... execute compile job (compile-file /private/tmp/ascent-test-scheduling-gerbil/lib/gerbil-ascent/program/types~0.scm)
... execute compile job (compile-file /private/tmp/ascent-test-scheduling-gerbil/lib/gerbil-ascent/program/types.scm)
... compile program/objects
... execute compile job (compile-file /private/tmp/ascent-test-scheduling-gerbil/lib/gerbil-ascent/program/objects~0.scm)
... execute compile job (compile-file /private/tmp/ascent-test-scheduling-gerbil/lib/gerbil-ascent/program/objects.scm)
... compile program/planning
... compile program/scheme-checked
... compile program/syntax
[test-lane] RUNNING exclusive (5s)
... execute compile job (compile-file /private/tmp/ascent-test-scheduling-gerbil/lib/gerbil-ascent/program/planning~0.scm)
... execute compile job (compile-file /private/tmp/ascent-test-scheduling-gerbil/lib/gerbil-ascent/program/planning.scm)
... compile program/evaluate
... execute compile job (compile-file /private/tmp/ascent-test-scheduling-gerbil/lib/gerbil-ascent/program/scheme-checked~0.scm)
... execute compile job (compile-file /private/tmp/ascent-test-scheduling-gerbil/lib/gerbil-ascent/program/scheme-checked.scm)
... execute compile job (compile-file /private/tmp/ascent-test-scheduling-gerbil/lib/gerbil-ascent/program/syntax.scm)
... compile program/operator
... compile candidate/program
... execute compile job (compile-file /private/tmp/ascent-test-scheduling-gerbil/lib/gerbil-ascent/program/syntax~1.scm)
... execute compile job (compile-file /private/tmp/ascent-test-scheduling-gerbil/lib/gerbil-ascent/program/evaluate~0.scm)
... execute compile job (compile-file /private/tmp/ascent-test-scheduling-gerbil/lib/gerbil-ascent/program/evaluate.scm)
... compile program/session
... execute compile job (compile-file /private/tmp/ascent-test-scheduling-gerbil/lib/gerbil-ascent/candidate/program~0.scm)
... execute compile job (compile-file /private/tmp/ascent-test-scheduling-gerbil/lib/gerbil-ascent/candidate/program.scm)
... execute compile job (compile-file /private/tmp/ascent-test-scheduling-gerbil/lib/gerbil-ascent/program/operator~0.scm)
... execute compile job (compile-file /private/tmp/ascent-test-scheduling-gerbil/lib/gerbil-ascent/program/operator.scm)
... compile candidate/funs
... execute compile job (compile-file /private/tmp/ascent-test-scheduling-gerbil/lib/gerbil-ascent/program/operator~1.scm)
... compile program/operator-change
... execute compile job (compile-file /private/tmp/ascent-test-scheduling-gerbil/lib/gerbil-ascent/program/session~0.scm)
... execute compile job (compile-file /private/tmp/ascent-test-scheduling-gerbil/lib/gerbil-ascent/program/session.scm)
... compile program/scheme-admission
... execute compile job (compile-file /private/tmp/ascent-test-scheduling-gerbil/lib/gerbil-ascent/candidate/funs~0.scm)
... execute compile job (compile-file /private/tmp/ascent-test-scheduling-gerbil/lib/gerbil-ascent/candidate/funs.scm)
... compile candidate/provenance
... compile candidate/finite-evidence
... execute compile job (compile-file /private/tmp/ascent-test-scheduling-gerbil/lib/gerbil-ascent/program/operator-change~0.scm)
... execute compile job (compile-file /private/tmp/ascent-test-scheduling-gerbil/lib/gerbil-ascent/program/operator-change.scm)
... execute compile job (compile-file /private/tmp/ascent-test-scheduling-gerbil/lib/gerbil-ascent/program/scheme-admission~0.scm)
... compile program/scheme-language
... compile program/operator-session
... execute compile job (compile-file /private/tmp/ascent-test-scheduling-gerbil/lib/gerbil-ascent/program/scheme-admission.scm)
... execute compile job (compile-file /private/tmp/ascent-test-scheduling-gerbil/lib/gerbil-ascent/program/scheme-admission~1.scm)
... execute compile job (compile-file /private/tmp/ascent-test-scheduling-gerbil/lib/gerbil-ascent/candidate/provenance~0.scm)
... execute compile job (compile-file /private/tmp/ascent-test-scheduling-gerbil/lib/gerbil-ascent/candidate/provenance.scm)
... execute compile job (compile-file /private/tmp/ascent-test-scheduling-gerbil/lib/gerbil-ascent/candidate/finite-evidence~0.scm)
... execute compile job (compile-file /private/tmp/ascent-test-scheduling-gerbil/lib/gerbil-ascent/candidate/finite-evidence.scm)
... execute compile job (compile-file /private/tmp/ascent-test-scheduling-gerbil/lib/gerbil-ascent/candidate/finite-evidence~1.scm)
... execute compile job (compile-file /private/tmp/ascent-test-scheduling-gerbil/lib/gerbil-ascent/candidate/provenance~1.scm)
... execute compile job (compile-file /private/tmp/ascent-test-scheduling-gerbil/lib/gerbil-ascent/program/scheme-language.scm)
... compile candidate/stratified-proof
... compile candidate/nonmembership
[test-lane] RUNNING exclusive (10s)
... execute compile job (compile-file /private/tmp/ascent-test-scheduling-gerbil/lib/gerbil-ascent/program/operator-session~0.scm)
... execute compile job (compile-file /private/tmp/ascent-test-scheduling-gerbil/lib/gerbil-ascent/program/operator-session.scm)
... execute compile job (compile-file /private/tmp/ascent-test-scheduling-gerbil/lib/gerbil-ascent/program/scheme-language~1.scm)
... compile program/interface
... compile candidate/stratified-producer
... compile candidate/reasoning
... execute compile job (compile-file /private/tmp/ascent-test-scheduling-gerbil/lib/gerbil-ascent/program/operator-session~1.scm)
... execute compile job (compile-file /private/tmp/ascent-test-scheduling-gerbil/lib/gerbil-ascent/candidate/stratified-proof~0.scm)
... execute compile job (compile-file /private/tmp/ascent-test-scheduling-gerbil/lib/gerbil-ascent/candidate/stratified-proof.scm)
... execute compile job (compile-file /private/tmp/ascent-test-scheduling-gerbil/lib/gerbil-ascent/candidate/nonmembership~0.scm)
... execute compile job (compile-file /private/tmp/ascent-test-scheduling-gerbil/lib/gerbil-ascent/candidate/nonmembership.scm)
... execute compile job (compile-file /private/tmp/ascent-test-scheduling-gerbil/lib/gerbil-ascent/candidate/nonmembership~1.scm)
... execute compile job (compile-file /private/tmp/ascent-test-scheduling-gerbil/lib/gerbil-ascent/program/interface.scm)
... execute compile job (compile-file /private/tmp/ascent-test-scheduling-gerbil/lib/gerbil-ascent/candidate/stratified[test-lane] RUNNING exclusive (15s)
-producer~0.scm)
... execute compile job (compile-file /private/tmp/ascent-test-scheduling-gerbil/lib/gerbil-ascent/candidate/stratified-producer.scm)
... execute compile job (compile-file /private/tmp/ascent-test-scheduling-gerbil/lib/gerbil-ascent/candidate/reasoning~0.scm)
... execute compile job (compile-file /private/tmp/ascent-test-scheduling-gerbil/lib/gerbil-ascent/candidate/reasoning.scm)
... execute compile job (compile-file /private/tmp/ascent-test-scheduling-gerbil/lib/gerbil-ascent/candidate/reasoning~1.scm)
... build in current directory
*** WARNING module std/net/request is DEPRECATED and will be removed in the future
[test-lane] END exclusive exit=0
