python3 tools/test_execution.py run -- just _performance
[test-lane] START exclusive just
[ascent-ss] START ascent-byods-trrel (1000 samples)
[ascent-test] START t/performance/ascent-scenario-performance-test.ss
HARNESS ("t/performance/ascent-scenario-performance-test.ss")
MODULE t/performance/ascent-scenario-performance-test.ss
SUITE ASCENT SS scenario
CASE bounded scenario
[test-lane] RUNNING exclusive (5s)
[gerbil-ascent-benchmark] ascent-byods-tr p95=521us semanticEquivalent=#t
[gerbil-ascent-benchmark] ascent-byods-uf p95=548us semanticEquivalent=#t
[test-lane] RUNNING exclusive (10s)
[gerbil-ascent-benchmark] ascent-byods-tr-ring p95=212us semanticEquivalent=#t
[ascent-ss] RUNNING ascent-byods-trrel (10s)
[gerbil-ascent-benchmark] ascent-byods-uf-ring p95=347us semanticEquivalent=#t
CASE-OK bounded scenario
SUITE-OK ASCENT SS scenario
MODULE-OK t/performance/ascent-scenario-performance-test.ss
HARNESS-OK ("t/performance/ascent-scenario-performance-test.ss")
OK
[ascent-test] PASS t/performance/ascent-scenario-performance-test.ss (12s)
[ascent-ss] PASS ascent-byods-trrel (13s)
[ascent-ss] START ascent-session-update (1000 samples)
[ascent-test] START t/performance/ascent-scenario-performance-test.ss
[test-lane] RUNNING exclusive (15s)
HARNESS ("t/performance/ascent-scenario-performance-test.ss")
MODULE t/performance/ascent-scenario-performance-test.ss
SUITE ASCENT SS scenario
CASE bounded scenario
[test-lane] RUNNING exclusive (20s)
[gerbil-ascent-benchmark] ascent-session-update p95=314us semanticEquivalent=#t
CASE-OK bounded scenario
SUITE-OK ASCENT SS scenario
MODULE-OK t/performance/ascent-scenario-performance-test.ss
HARNESS-OK ("t/performance/ascent-scenario-performance-test.ss")
OK
[ascent-test] PASS t/performance/ascent-scenario-performance-test.ss (6s)
[ascent-ss] PASS ascent-session-update (6s)
[ascent-ss] START ascent-ten-thousand-appends (1000 samples)
[ascent-test] START t/performance/ascent-scenario-performance-test.ss
HARNESS ("t/performance/ascent-scenario-performance-test.ss")
MODULE t/performance/ascent-scenario-performance-test.ss
SUITE ASCENT SS scenario
CASE bounded scenario
[test-lane] RUNNING exclusive (25s)
[test-lane] RUNNING exclusive (30s)
[ascent-ss] RUNNING ascent-ten-thousand-appends (10s)
[test-lane] RUNNING exclusive (35s)
[test-lane] RUNNING exclusive (40s)
[ascent-ss] RUNNING ascent-ten-thousand-appends (20s)
[gerbil-ascent-benchmark] ascent-ten-thousand-appends p95=43.327ms
(p50-ns 13064000 p95-ns 43327000 max-ns 107082000 over-50ms 20)
CASE-OK bounded scenario
SUITE-OK ASCENT SS scenario
MODULE-OK t/performance/ascent-scenario-performance-test.ss
HARNESS-OK ("t/performance/ascent-scenario-performance-test.ss")
OK
[ascent-test] PASS t/performance/ascent-scenario-performance-test.ss (21s)
[ascent-ss] PASS ascent-ten-thousand-appends (21s)
[ascent-ss] START ascent-nonpositive-session-update (1000 samples)
[ascent-test] START t/performance/ascent-scenario-performance-test.ss
[test-lane] RUNNING exclusive (45s)
HARNESS ("t/performance/ascent-scenario-performance-test.ss")
MODULE t/performance/ascent-scenario-performance-test.ss
SUITE ASCENT SS scenario
CASE bounded scenario
[test-lane] RUNNING exclusive (50s)
[gerbil-ascent-benchmark] ascent-nonpositive-session-update p95=805us semanticEquivalent=#t
CASE-OK bounded scenario
SUITE-OK ASCENT SS scenario
MODULE-OK t/performance/ascent-scenario-performance-test.ss
HARNESS-OK ("t/performance/ascent-scenario-performance-test.ss")
OK
[ascent-test] PASS t/performance/ascent-scenario-performance-test.ss (7s)
[ascent-ss] PASS ascent-nonpositive-session-update (7s)
[ascent-ss] START ascent-rule-clauses (1000 samples)
[ascent-test] START t/performance/ascent-scenario-performance-test.ss
HARNESS ("t/performance/ascent-scenario-performance-test.ss")
MODULE t/performance/ascent-scenario-performance-test.ss
SUITE ASCENT SS scenario
CASE bounded scenario
[test-lane] RUNNING exclusive (55s)
ERROR CASE bounded scenario

*** ERROR IN ? [Error]: ASCENT rule clauses exceeded the benchmark budget
--- irritants: ((benchmarkKind . scenario-e2e) (rule . GERBIL-SCHEME-AGENT-R031) (feature . ascent-rule-clauses) (optimizationFocus . "ordered POO clause evaluation and semi-naive relation deltas") (inputShape . "three ternary edge rows and three node rows") (expectedOutcome . "one hot row, six choices, three generated rows, three bound dependent rows, and four reachable pairs") (timingSource . ":std/time/precise#current-time-precise") (elapsedNs . 1208000) (elapsed . "1.208ms") (admissionStatistic . p95) (runtimeStats (timingSource . ":std/time/precise#current-time-precise") (memorySource . ":gerbil/runtime/gambit###process-statistics") (gcPrecondition . ":gerbil/runtime/gambit###gc") (memoryBefore (gc-heap-size . 378193312) (gc-alloc . 1032695536) (gc-live . 164180320) (gc-movable . 158231488) (gc-still . 5948832)) (memoryAfter (gc-heap-size . 378193312) (gc-alloc . 1032695536) (gc-live . 164180320) (gc-movable . 158231488) (gc-still . 5948832)) (memoryDelta (gc-heap-size . 0) (gc-alloc . 0) (gc-live . 0) (gc-movable . 0) (gc-still . 0))) (max_total . 1000us) (sampleCount . 1000) (samplesNs 921000 874000 419000 456000 894000 380000 374000 440000 939000 376000 369000 372000 371000 370000 370000 367000 366000 371000 372000 369000 1251000 381000 371000 371000 1023000 443000 370000 405000 391000 373000 488000 394000 401000 375000 609000 395000 377000 372000 368000 369000 454000 373000 370000 371000 367000 366000 368000 369000 371000 370000 377000 370000 369000 377000 377000 375000 371000 371000 386000 372000 437000 376000 373000 370000 373000 370000 367000 368000 367000 369000 378000 367000 370000 370000 388000 370000 373000 369000 368000 365000 1208000 507000 1152000 438000 392000 376000 606000 1064000 1268000 661000 385000 869000 1428000 395000 561000 369000 370000 369000 369000 371000 1716000 428000 373000 372000 369000 370000 370000 368000 371000 368000 376000 370000 372000 373000 375000 375000 374000 1581000 2276000 400000 461000 375000 400000 369000 367000 367000 368000 369000 368000 366000 377000 367000 368000 367000 374000 376000 372000 383000 375000 369000 473000 382000 442000 386000 374000 368000 371000 373000 369000 367000 397000 370000 366000 369000 366000 369000 368000 376000 370000 4131000 490000 382000 370000 371000 405000 369000 367000 369000 368000 407000 388000 383000 371000 371000 437000 419000 384000 376000 375000 418000 456000 376000 382000 372000 369000 381000 373000 383000 376000 370000 377000 373000 371000 371000 372000 374000 376000 378000 374000 374000 461000 383000 373000 376000 377000 375000 370000 372000 376000 368000 377000 368000 367000 370000 371000 374000 373000 374000 371000 370000 461000 378000 372000 369000 377000 376000 369000 443000 448000 404000 414000 374000 380000 377000 385000 759000 1225000 1175000 750000 382000 469000 409000 371000 844000 727000 391000 452000 380000 377000 390000 381000 369000 372000 370000 410000 536000 381000 371000 371000 370000 467000 382000 375000 374000 368000 370000 371000 367000 468000 392000 397000 395000 391000 371000 370000 570000 466000 376000 373000 375000 452000 373000 368000 369000 369000 370000 488000 553000 469000 453000 520000 1242000 1287000 1124000 398000 380000 394000 373000 372000 374000 1027000 545000 623000 494000 385000 432000 391000 379000 377000 381000 404000 376000 370000 371000 371000 374000 383000 773000 389000 373000 460000 375000 374000 1291000 399000 1223000 644000 390000 371000 375000 444000 416000 455000 381000 376000 813000 378000 395000 1005000 1041000 888000 386000 373000 370000 370000 368000 371000 486000 697000 437000 384000 550000 408000 376000 384000 374000 843000 420000 1519000 946000 451000 381000 1346000 1040000 1198000 852000 393000 373000 404000 380000 822000 375000 375000 370000 371000 368000 369000 367000 370000 396000 467000 383000 375000 371000 370000 372000 376000 530000 1181000 1312000 1121000 387000 396000 431000 373000 371000 381000 368000 371000 374000 1112000 475000 376000 371000 370000 373000 369000 368000 372000 509000 409000 442000 554000 465000 373000 434000 438000 375000 383000 398000 544000 388000 540000 464000 634000 391000 405000 375000 371000 472000 379000 462000 380000 371000 400000 446000 373000 541000 578000 929000 470000 377000 374000 369000 367000 368000 368000 369000 370000 367000 403000 371000 367000 364000 371000 369000 380000 368000 371000 370000 461000 373000 1827000 452000 3146000 1243000 1315000 1237000 1157000 2987000 490000 874000 1281000 33771000 1318000 770000 601000 418000 374000 878000 474000 379000 373000 370000 370000 368000 371000 371000 370000 369000 380000 371000 369000 463000 498000 630000 731000 920000 1297000 1063000 832000 457000 531000 374000 419000 385000 741000 1796000 403000 373000 459000 394000 472000 568000 941000 1000000 380000 373000 372000 373000 519000 416000 451000 402000 643000 378000 1119000 4110000 381000 1091000 1084000 900000 445000 583000 1134000 1147000 1183000 388000 375000 480000 920000 705000 473000 722000 1291000 406000 375000 639000 466000 592000 527000 379000 372000 373000 424000 379000 372000 368000 368000 565000 1425000 1177000 1083000 472000 386000 376000 376000 371000 370000 1691000 387000 374000 436000 384000 1017000 1209000 1184000 1154000 1323000 1518000 1084000 410000 375000 370000 667000 485000 391000 896000 1293000 1171000 577000 391000 368000 369000 368000 370000 722000 380000 375000 373000 469000 378000 388000 371000 748000 932000 475000 464000 455000 615000 396000 457000 636000 373000 628000 1424000 1339000 2285000 694000 658000 463000 378000 376000 373000 369000 371000 372000 371000 368000 373000 381000 370000 369000 369000 370000 369000 371000 381000 374000 367000 470000 378000 374000 373000 371000 374000 371000 379000 589000 850000 429000 598000 427000 383000 390000 372000 369000 367000 368000 368000 471000 376000 372000 372000 372000 367000 368000 368000 371000 371000 387000 374000 2864000 1172000 1159000 1165000 1049000 414000 824000 1185000 1471000 1198000 1408000 547000 1676000 506000 388000 373000 372000 368000 380000 806000 382000 373000 372000 402000 548000 668000 383000 373000 500000 382000 371000 373000 369000 369000 367000 369000 371000 370000 378000 369000 376000 375000 372000 369000 374000 370000 367000 381000 540000 395000 375000 372000 370000 374000 372000 368000 369000 374000 381000 369000 371000 369000 373000 371000 370000 367000 393000 372000 444000 373000 367000 381000 371000 367000 367000 365000 369000 367000 377000 366000 369000 367000 369000 369000 371000 367000 369000 368000 460000 374000 376000 369000 372000 372000 382000 372000 374000 369000 652000 1465000 565000 387000 376000 378000 376000 374000 372000 368000 568000 379000 371000 380000 373000 372000 368000 370000 373000 370000 382000 370000 371000 376000 370000 370000 374000 369000 371000 369000 471000 376000 371000 372000 369000 370000 369000 368000 367000 368000 380000 692000 682000 1256000 1215000 762000 1263000 1128000 388000 370000 5192000 404000 377000 377000 372000 376000 372000 372000 369000 369000 381000 370000 1089000 393000 394000 390000 373000 373000 369000 2222000 467000 1247000 395000 373000 370000 371000 388000 368000 369000 368000 381000 367000 370000 367000 368000 369000 369000 368000 371000 368000 443000 372000 369000 368000 371000 372000 372000 375000 374000 373000 379000 461000 406000 730000 1111000 395000 543000 418000 380000 370000 460000 380000 413000 477000 397000 380000 372000 369000 369000 383000 377000 371000 366000 367000 371000 369000 365000 369000 371000 379000 448000 377000 377000 434000 450000 377000 373000 371000 369000 388000 380000 372000 375000 372000 373000 375000 374000 372000 370000 367000 533000 708000 769000 407000 417000 389000 383000 369000 373000 380000 384000 374000 375000 375000 376000 370000 374000 370000 455000 380000 602000 380000 371000 385000 384000 375000 370000 373000 367000 374000 388000 370000 384000 371000 369000 522000 1223000 403000 377000 375000 450000 375000 370000 370000 467000 507000 467000 390000 396000 373000 388000 395000 382000 373000 370000 369000 372000 372000 371000 374000 480000 454000 475000 386000 379000 417000 376000 392000 374000 542000 388000 376000 375000 377000 376000 376000 373000 373000 375000 2176000) (minNs . 364000) (p50Ns . 376000) (p95Ns . 1208000) (maxNs . 33771000) (target_total . 700us) (regression_budget . 300us) (expected_over_input_budget . 0us) (targetRationale . "Measure evaluation of a declared Scheme program with guards, bindings, generators, stratified negation and recursive reachability.") (measurementPhases candidate-clauses assert-semantic-gate assert-time-gate) (status . fail)) 
--- continuation backtrace:
[0] error                                                                                                                                                                   
[1] (interaction)                                                                                                                                                           "t/scenarios/performance/ascent-rule-clauses/scenario.ss"@45:5-45:72                                                                                                         (error "ASCENT rule clauses exceeded the benchmark budget" #:receipt28453)
[2] ##load                                                                                                                                                                  
[3] ##load                                                                                                                                                                  
[4] core/observability/debug#call-with-poo-flow-debug-memory-case-watchdog__%                                                                                               
[5] ##call-with-values                                                                                                                                                      
[6] std/test/base#__test-case!                                                                                                                                                                                                                                                                                                                           ((let () (declare (not safe)) (##unchecked-structure-ref _%tc499784%_ '6 '#f '#f)))
[7] std/test/base#__test-suite!                                                                                                                                                                                                                                                                                                                          (##call-with-current-continuation __tmp242471)
[8] std/test/base#__test-suite!                                                                                                                                                                                                                                                                                                                          (##for-each __tmp242470 __tmp242469)
[9] std/test/base#__test-suite!                                                                                                                                                                                                                                                                                                                          (##for-each __tmp242470 __tmp242469)
...
[13] std/test/base#__test-harness!                                                                                                                                                                                                                                                                                                                       (##call-with-current-continuation __tmp242457)
[14] std/test/base#__test-harness!                                                                                                                                                                                                                                                                                                                       (##for-each __tmp242456 __tmp242455)
[15] std/test/base#__test-harness!                                                                                                                                                                                                                                                                                                                       (##for-each __tmp242456 __tmp242455)
[16] gerbil/tools/gxtest#gxtest-main                                                                                                                                        
SUITE-OK ASCENT SS scenario
MODULE-OK t/performance/ascent-scenario-performance-test.ss
HARNESS-OK ("t/performance/ascent-scenario-performance-test.ss")
ERROR HARNESS (t/performance/ascent-scenario-performance-test.ss)
at HARNESS ("t/performance/ascent-scenario-performance-test.ss")
at MODULE t/performance/ascent-scenario-performance-test.ss
at SUITE ASCENT SS scenario
at CASE bounded scenario

*** ERROR IN ? [Error]: ASCENT rule clauses exceeded the benchmark budget
--- irritants: ((benchmarkKind . scenario-e2e) (rule . GERBIL-SCHEME-AGENT-R031) (feature . ascent-rule-clauses) (optimizationFocus . "ordered POO clause evaluation and semi-naive relation deltas") (inputShape . "three ternary edge rows and three node rows") (expectedOutcome . "one hot row, six choices, three generated rows, three bound dependent rows, and four reachable pairs") (timingSource . ":std/time/precise#current-time-precise") (elapsedNs . 1208000) (elapsed . "1.208ms") (admissionStatistic . p95) (runtimeStats (timingSource . ":std/time/precise#current-time-precise") (memorySource . ":gerbil/runtime/gambit###process-statistics") (gcPrecondition . ":gerbil/runtime/gambit###gc") (memoryBefore (gc-heap-size . 378193312) (gc-alloc . 1032695536) (gc-live . 164180320) (gc-movable . 158231488) (gc-still . 5948832)) (memoryAfter (gc-heap-size . 378193312) (gc-alloc . 1032695536) (gc-live . 164180320) (gc-movable . 158231488) (gc-still . 5948832)) (memoryDelta (gc-heap-size . 0) (gc-alloc . 0) (gc-live . 0) (gc-movable . 0) (gc-still . 0))) (max_total . 1000us) (sampleCount . 1000) (samplesNs 921000 874000 419000 456000 894000 380000 374000 440000 939000 376000 369000 372000 371000 370000 370000 367000 366000 371000 372000 369000 1251000 381000 371000 371000 1023000 443000 370000 405000 391000 373000 488000 394000 401000 375000 609000 395000 377000 372000 368000 369000 454000 373000 370000 371000 367000 366000 368000 369000 371000 370000 377000 370000 369000 377000 377000 375000 371000 371000 386000 372000 437000 376000 373000 370000 373000 370000 367000 368000 367000 369000 378000 367000 370000 370000 388000 370000 373000 369000 368000 365000 1208000 507000 1152000 438000 392000 376000 606000 1064000 1268000 661000 385000 869000 1428000 395000 561000 369000 370000 369000 369000 371000 1716000 428000 373000 372000 369000 370000 370000 368000 371000 368000 376000 370000 372000 373000 375000 375000 374000 1581000 2276000 400000 461000 375000 400000 369000 367000 367000 368000 369000 368000 366000 377000 367000 368000 367000 374000 376000 372000 383000 375000 369000 473000 382000 442000 386000 374000 368000 371000 373000 369000 367000 397000 370000 366000 369000 366000 369000 368000 376000 370000 4131000 490000 382000 370000 371000 405000 369000 367000 369000 368000 407000 388000 383000 371000 371000 437000 419000 384000 376000 375000 418000 456000 376000 382000 372000 369000 381000 373000 383000 376000 370000 377000 373000 371000 371000 372000 374000 376000 378000 374000 374000 461000 383000 373000 376000 377000 375000 370000 372000 376000 368000 377000 368000 367000 370000 371000 374000 373000 374000 371000 370000 461000 378000 372000 369000 377000 376000 369000 443000 448000 404000 414000 374000 380000 377000 385000 759000 1225000 1175000 750000 382000 469000 409000 371000 844000 727000 391000 452000 380000 377000 390000 381000 369000 372000 370000 410000 536000 381000 371000 371000 370000 467000 382000 375000 374000 368000 370000 371000 367000 468000 392000 397000 395000 391000 371000 370000 570000 466000 376000 373000 375000 452000 373000 368000 369000 369000 370000 488000 553000 469000 453000 520000 1242000 1287000 1124000 398000 380000 394000 373000 372000 374000 1027000 545000 623000 494000 385000 432000 391000 379000 377000 381000 404000 376000 370000 371000 371000 374000 383000 773000 389000 373000 460000 375000 374000 1291000 399000 1223000 644000 390000 371000 375000 444000 416000 455000 381000 376000 813000 378000 395000 1005000 1041000 888000 386000 373000 370000 370000 368000 371000 486000 697000 437000 384000 550000 408000 376000 384000 374000 843000 420000 1519000 946000 451000 381000 1346000 1040000 1198000 852000 393000 373000 404000 380000 822000 375000 375000 370000 371000 368000 369000 367000 370000 396000 467000 383000 375000 371000 370000 372000 376000 530000 1181000 1312000 1121000 387000 396000 431000 373000 371000 381000 368000 371000 374000 1112000 475000 376000 371000 370000 373000 369000 368000 372000 509000 409000 442000 554000 465000 373000 434000 438000 375000 383000 398000 544000 388000 540000 464000 634000 391000 405000 375000 371000 472000 379000 462000 380000 371000 400000 446000 373000 541000 578000 929000 470000 377000 374000 369000 367000 368000 368000 369000 370000 367000 403000 371000 367000 364000 371000 369000 380000 368000 371000 370000 461000 373000 1827000 452000 3146000 1243000 1315000 1237000 1157000 2987000 490000 874000 1281000 33771000 1318000 770000 601000 418000 374000 878000 474000 379000 373000 370000 370000 368000 371000 371000 370000 369000 380000 371000 369000 463000 498000 630000 731000 920000 1297000 1063000 832000 457000 531000 374000 419000 385000 741000 1796000 403000 373000 459000 394000 472000 568000 941000 1000000 380000 373000 372000 373000 519000 416000 451000 402000 643000 378000 1119000 4110000 381000 1091000 1084000 900000 445000 583000 1134000 1147000 1183000 388000 375000 480000 920000 705000 473000 722000 1291000 406000 375000 639000 466000 592000 527000 379000 372000 373000 424000 379000 372000 368000 368000 565000 1425000 1177000 1083000 472000 386000 376000 376000 371000 370000 1691000 387000 374000 436000 384000 1017000 1209000 1184000 1154000 1323000 1518000 1084000 410000 375000 370000 667000 485000 391000 896000 1293000 1171000 577000 391000 368000 369000 368000 370000 722000 380000 375000 373000 469000 378000 388000 371000 748000 932000 475000 464000 455000 615000 396000 457000 636000 373000 628000 1424000 1339000 2285000 694000 658000 463000 378000 376000 373000 369000 371000 372000 371000 368000 373000 381000 370000 369000 369000 370000 369000 371000 381000 374000 367000 470000 378000 374000 373000 371000 374000 371000 379000 589000 850000 429000 598000 427000 383000 390000 372000 369000 367000 368000 368000 471000 376000 372000 372000 372000 367000 368000 368000 371000 371000 387000 374000 2864000 1172000 1159000 1165000 1049000 414000 824000 1185000 1471000 1198000 1408000 547000 1676000 506000 388000 373000 372000 368000 380000 806000 382000 373000 372000 402000 548000 668000 383000 373000 500000 382000 371000 373000 369000 369000 367000 369000 371000 370000 378000 369000 376000 375000 372000 369000 374000 370000 367000 381000 540000 395000 375000 372000 370000 374000 372000 368000 369000 374000 381000 369000 371000 369000 373000 371000 370000 367000 393000 372000 444000 373000 367000 381000 371000 367000 367000 365000 369000 367000 377000 366000 369000 367000 369000 369000 371000 367000 369000 368000 460000 374000 376000 369000 372000 372000 382000 372000 374000 369000 652000 1465000 565000 387000 376000 378000 376000 374000 372000 368000 568000 379000 371000 380000 373000 372000 368000 370000 373000 370000 382000 370000 371000 376000 370000 370000 374000 369000 371000 369000 471000 376000 371000 372000 369000 370000 369000 368000 367000 368000 380000 692000 682000 1256000 1215000 762000 1263000 1128000 388000 370000 5192000 404000 377000 377000 372000 376000 372000 372000 369000 369000 381000 370000 1089000 393000 394000 390000 373000 373000 369000 2222000 467000 1247000 395000 373000 370000 371000 388000 368000 369000 368000 381000 367000 370000 367000 368000 369000 369000 368000 371000 368000 443000 372000 369000 368000 371000 372000 372000 375000 374000 373000 379000 461000 406000 730000 1111000 395000 543000 418000 380000 370000 460000 380000 413000 477000 397000 380000 372000 369000 369000 383000 377000 371000 366000 367000 371000 369000 365000 369000 371000 379000 448000 377000 377000 434000 450000 377000 373000 371000 369000 388000 380000 372000 375000 372000 373000 375000 374000 372000 370000 367000 533000 708000 769000 407000 417000 389000 383000 369000 373000 380000 384000 374000 375000 375000 376000 370000 374000 370000 455000 380000 602000 380000 371000 385000 384000 375000 370000 373000 367000 374000 388000 370000 384000 371000 369000 522000 1223000 403000 377000 375000 450000 375000 370000 370000 467000 507000 467000 390000 396000 373000 388000 395000 382000 373000 370000 369000 372000 372000 371000 374000 480000 454000 475000 386000 379000 417000 376000 392000 374000 542000 388000 376000 375000 377000 376000 376000 373000 373000 375000 2176000) (minNs . 364000) (p50Ns . 376000) (p95Ns . 1208000) (maxNs . 33771000) (target_total . 700us) (regression_budget . 300us) (expected_over_input_budget . 0us) (targetRationale . "Measure evaluation of a declared Scheme program with guards, bindings, generators, stratified negation and recursive reachability.") (measurementPhases candidate-clauses assert-semantic-gate assert-time-gate) (status . fail)) 
--- continuation backtrace:
[0] error                                                                                                                                                                   
[1] (interaction)                                                                                                                                                           "t/scenarios/performance/ascent-rule-clauses/scenario.ss"@45:5-45:72                                                                                                         (error "ASCENT rule clauses exceeded the benchmark budget" #:receipt28453)
[2] ##load                                                                                                                                                                  
[3] ##load                                                                                                                                                                  
[4] core/observability/debug#call-with-poo-flow-debug-memory-case-watchdog__%                                                                                               
[5] ##call-with-values                                                                                                                                                      
[6] std/test/base#__test-case!                                                                                                                                                                                                                                                                                                                           ((let () (declare (not safe)) (##unchecked-structure-ref _%tc499784%_ '6 '#f '#f)))
[7] std/test/base#__test-suite!                                                                                                                                                                                                                                                                                                                          (##call-with-current-continuation __tmp242471)
[8] std/test/base#__test-suite!                                                                                                                                                                                                                                                                                                                          (##for-each __tmp242470 __tmp242469)
[9] std/test/base#__test-suite!                                                                                                                                                                                                                                                                                                                          (##for-each __tmp242470 __tmp242469)
...
[13] std/test/base#__test-harness!                                                                                                                                                                                                                                                                                                                       (##call-with-current-continuation __tmp242457)
[14] std/test/base#__test-harness!                                                                                                                                                                                                                                                                                                                       (##for-each __tmp242456 __tmp242455)
[15] std/test/base#__test-harness!                                                                                                                                                                                                                                                                                                                       (##for-each __tmp242456 __tmp242455)
[16] gerbil/tools/gxtest#gxtest-main                                                                                                                                        
[test-lane] RUNNING exclusive (60s)
error: recipe `test-file` failed with exit code 1
[ascent-ss] FAIL ascent-rule-clauses (9s, exit=1)
error: recipe `performance-scenario` failed with exit code 1
error: recipe `_performance` failed with exit code 1
[test-lane] END exclusive exit=1
error: recipe `performance` failed on line 259 with exit code 1
