[test-lane] START exclusive just
timeout 90s gxi -:max-heap=1G,debug=q tools/build-set-batch-benchmark.ss
... compile table/storage
... execute compile job (compile-file /Users/guangtao/ghq/github.com/tao3k/gerbil-ascent/.gerbil/set-batch/lib/gerbil-ascent/table/storage~0.scm)
... execute compile job (compile-file /Users/guangtao/ghq/github.com/tao3k/gerbil-ascent/.gerbil/set-batch/lib/gerbil-ascent/table/storage.scm)
GERBIL_LOADPATH="$ASCENT_SET_BATCH_LIB${GERBIL_LOADPATH:+:$GERBIL_LOADPATH}" timeout 150s gxi -:max-heap=1G,debug=q t/performance/set-batch-benchmark.ss
[test-lane] RUNNING exclusive (5s)
CASE unique-control samples=1000 repetitions=1
PROGRESS unique-control 100/1000
PROGRESS unique-control 200/1000
PROGRESS unique-control 300/1000
PROGRESS unique-control 400/1000
PROGRESS unique-control 500/1000
PROGRESS unique-control 600/1000
PROGRESS unique-control 700/1000
PROGRESS unique-control 800/1000
PROGRESS unique-control 900/1000
PROGRESS unique-control 1000/1000
RESULT unique-control old-p50-ns=631000 new-p50-ns=455000 paired-wins=903/1000
CASE existing-control samples=1000 repetitions=1
PROGRESS existing-control 100/1000
PROGRESS existing-control 200/1000
PROGRESS existing-control 300/1000
PROGRESS existing-control 400/1000
PROGRESS existing-control 500/1000
PROGRESS existing-control 600/1000
PROGRESS existing-control 700/1000
PROGRESS existing-control 800/1000
PROGRESS existing-control 900/1000
PROGRESS existing-control 1000/1000
RESULT existing-control old-p50-ns=662000 new-p50-ns=600000 paired-wins=742/1000
CASE duplicate-16 samples=1000 repetitions=1
[test-lane] RUNNING exclusive (10s)
PROGRESS duplicate-16 100/1000
PROGRESS duplicate-16 200/1000
PROGRESS duplicate-16 300/1000
PROGRESS duplicate-16 400/1000
PROGRESS duplicate-16 500/1000
PROGRESS duplicate-16 600/1000
PROGRESS duplicate-16 700/1000
PROGRESS duplicate-16 800/1000
PROGRESS duplicate-16 900/1000
PROGRESS duplicate-16 1000/1000
RESULT duplicate-16 old-p50-ns=1064000 new-p50-ns=636000 paired-wins=970/1000
CASE duplicate-1 samples=1000 repetitions=1
PROGRESS duplicate-1 100/1000
PROGRESS duplicate-1 200/1000
PROGRESS duplicate-1 300/1000
PROGRESS duplicate-1 400/1000
PROGRESS duplicate-1 500/1000
PROGRESS duplicate-1 600/1000
PROGRESS duplicate-1 700/1000
PROGRESS duplicate-1 800/1000
PROGRESS duplicate-1 900/1000
PROGRESS duplicate-1 1000/1000
RESULT duplicate-1 old-p50-ns=1022000 new-p50-ns=607000 paired-wins=975/1000
OK
[test-lane] RUNNING exclusive (15s)
[test-lane] END exclusive exit=0
