[test-lane] START exclusive just
timeout 90s gxi -:max-heap=1G,debug=q tools/build-set-batch-benchmark.ss
... compile table/storage
... compile t/qualification/ascent-set-batch-reference
... execute compile job (compile-file /Users/guangtao/ghq/github.com/tao3k/gerbil-ascent/.gerbil/set-batch/lib/gerbil-ascent/table/storage~0.scm)
... execute compile job (compile-file /Users/guangtao/ghq/github.com/tao3k/gerbil-ascent/.gerbil/set-batch/lib/gerbil-ascent/table/storage.scm)
... execute compile job (compile-file /Users/guangtao/ghq/github.com/tao3k/gerbil-ascent/.gerbil/set-batch/lib/gerbil-ascent/t/qualification/ascent-set-batch-reference~0.scm)
... execute compile job (compile-file /Users/guangtao/ghq/github.com/tao3k/gerbil-ascent/.gerbil/set-batch/lib/gerbil-ascent/t/qualification/ascent-set-batch-reference.scm)
GERBIL_LOADPATH="$ASCENT_SET_BATCH_LIB${GERBIL_LOADPATH:+:$GERBIL_LOADPATH}" timeout 150s gxi -:max-heap=1G,debug=q t/performance/set-batch-benchmark.ss
[test-lane] RUNNING exclusive (5s)
CASE unique-control samples=1000 repetitions=1
PROGRESS unique-control 100/1000
PROGRESS unique-control 200/1000
PROGRESS unique-control 300/1000
PROGRESS unique-control 400/1000
PROGRESS unique-control 500/1000
PROGRESS unique-control 600/1000
PROGRESS unique-control 700/1000
PROGRESS unique-control 800/1000
PROGRESS unique-control 900/1000
PROGRESS unique-control 1000/1000
RESULT unique-control old-p50-ns=610000 new-p50-ns=609000 paired-wins=495/1000
CASE existing-control samples=1000 repetitions=1
PROGRESS existing-control 100/1000
PROGRESS existing-control 200/1000
PROGRESS existing-control 300/1000
PROGRESS existing-control 400/1000
PROGRESS existing-control 500/1000
PROGRESS existing-control 600/1000
PROGRESS existing-control 700/1000
PROGRESS existing-control 800/1000
PROGRESS existing-control 900/1000
PROGRESS existing-control 1000/1000
RESULT existing-control old-p50-ns=609000 new-p50-ns=612000 paired-wins=313/1000
CASE duplicate-16 samples=1000 repetitions=1
PROGRESS duplicate-16 100/1000
PROGRESS duplicate-16 200/1000
PROGRESS duplicate-16 300/1000
PROGRESS duplicate-16 400/1000
PROGRESS duplicate-16 500/1000
[test-lane] RUNNING exclusive (10s)
PROGRESS duplicate-16 600/1000
PROGRESS duplicate-16 700/1000
PROGRESS duplicate-16 800/1000
PROGRESS duplicate-16 900/1000
PROGRESS duplicate-16 1000/1000
RESULT duplicate-16 old-p50-ns=1061000 new-p50-ns=676000 paired-wins=982/1000
CASE duplicate-1 samples=1000 repetitions=1
PROGRESS duplicate-1 100/1000
PROGRESS duplicate-1 200/1000
PROGRESS duplicate-1 300/1000
PROGRESS duplicate-1 400/1000
PROGRESS duplicate-1 500/1000
PROGRESS duplicate-1 600/1000
PROGRESS duplicate-1 700/1000
PROGRESS duplicate-1 800/1000
PROGRESS duplicate-1 900/1000
PROGRESS duplicate-1 1000/1000
RESULT duplicate-1 old-p50-ns=1021000 new-p50-ns=652000 paired-wins=974/1000
*** ERROR IN for-each -- 
*** ERROR IN ? [Error]: Set batch optimization failed matched admission
--- irritants: (name . existing-control) 
--- continuation backtrace:
[0] error                                                                                                                                                                   
[1] for-each                                                                                                                                                                
[2] (interaction)                                                                                                                                                           "t/performance/set-batch-benchmark.ss"@87:3-94:13                                                                                                                            (for-each (lambda (#:receipt1909) (if (if (<= (cdr (assq 'new-p50-ns #:receipt1909)) (cdr (assq 'old-p50-ns #:receipt1909))) (let ((#:$e1911 (not (cdr (assq 'requi...
[3] ##load                                                                                                                                                                  
[4] ##load                                                                                                                                                                  
[5] gerbil/main#gxi-main                                                                                                                                                    
error: recipe `_set-batch-benchmark` failed on line 516 with exit code 70
[test-lane] END exclusive exit=70
error: recipe `set-batch-benchmark` failed with exit code 70
