[binding-benchmark] BUILD compiled current/reference engines (12 cores)
[binding-benchmark] RUNNING (10s)
[binding-benchmark] RUNNING (20s)
[binding-benchmark] RUNNING (30s)
[binding-benchmark] RUN alternating old/new, 1000 samples per case
[binding-benchmark] RUNNING (40s)
[binding-benchmark] RUNNING (50s)
[binding-benchmark] RUNNING (60s)
CASE bind-2 samples=1000 repetitions=128
PROGRESS bind-2 100/1000
PROGRESS bind-2 200/1000
PROGRESS bind-2 300/1000
PROGRESS bind-2 400/1000
PROGRESS bind-2 500/1000
PROGRESS bind-2 600/1000
PROGRESS bind-2 700/1000
PROGRESS bind-2 800/1000
PROGRESS bind-2 900/1000
PROGRESS bind-2 1000/1000
RESULT bind-2 old-p50-ns=132 new-p50-ns=109 paired-wins=946/1000
CASE bind-16 samples=1000 repetitions=128
PROGRESS bind-16 100/1000
PROGRESS bind-16 200/1000
PROGRESS bind-16 300/1000
PROGRESS bind-16 400/1000
PROGRESS bind-16 500/1000
PROGRESS bind-16 600/1000
PROGRESS bind-16 700/1000
PROGRESS bind-16 800/1000
PROGRESS bind-16 900/1000
PROGRESS bind-16 1000/1000
RESULT bind-16 old-p50-ns=484 new-p50-ns=187 paired-wins=970/1000
CASE bind-32 samples=1000 repetitions=128
PROGRESS bind-32 100/1000
PROGRESS bind-32 200/1000
PROGRESS bind-32 300/1000
PROGRESS bind-32 400/1000
PROGRESS bind-32 500/1000
[binding-benchmark] RUNNING (71s)
PROGRESS bind-32 600/1000
PROGRESS bind-32 700/1000
PROGRESS bind-32 800/1000
PROGRESS bind-32 900/1000
PROGRESS bind-32 1000/1000
RESULT bind-32 old-p50-ns=1117 new-p50-ns=289 paired-wins=976/1000
CASE solve-two-hop samples=1000 repetitions=1
PROGRESS solve-two-hop 100/1000
PROGRESS solve-two-hop 200/1000
PROGRESS solve-two-hop 300/1000
PROGRESS solve-two-hop 400/1000
PROGRESS solve-two-hop 500/1000
PROGRESS solve-two-hop 600/1000
PROGRESS solve-two-hop 700/1000
PROGRESS solve-two-hop 800/1000
PROGRESS solve-two-hop 900/1000
PROGRESS solve-two-hop 1000/1000
RESULT solve-two-hop old-p50-ns=63000 new-p50-ns=60000 paired-wins=894/1000
CASE solve-project-16 samples=1000 repetitions=1
PROGRESS solve-project-16 100/1000
PROGRESS solve-project-16 200/1000
PROGRESS solve-project-16 300/1000
PROGRESS solve-project-16 400/1000
PROGRESS solve-project-16 500/1000
[binding-benchmark] RUNNING (81s)
PROGRESS solve-project-16 600/1000
PROGRESS solve-project-16 700/1000
PROGRESS solve-project-16 800/1000
PROGRESS solve-project-16 900/1000
PROGRESS solve-project-16 1000/1000
RESULT solve-project-16 old-p50-ns=160000 new-p50-ns=152000 paired-wins=854/1000
CASE solve-project-32 samples=1000 repetitions=1
PROGRESS solve-project-32 100/1000
PROGRESS solve-project-32 200/1000
PROGRESS solve-project-32 300/1000
PROGRESS solve-project-32 400/1000
PROGRESS solve-project-32 500/1000
PROGRESS solve-project-32 600/1000
PROGRESS solve-project-32 700/1000
PROGRESS solve-project-32 800/1000
PROGRESS solve-project-32 900/1000
[binding-benchmark] RUNNING (91s)
PROGRESS solve-project-32 1000/1000
RESULT solve-project-32 old-p50-ns=201000 new-p50-ns=175000 paired-wins=895/1000
CASE batch-project-16 samples=1000 repetitions=8
PROGRESS batch-project-16 100/1000
PROGRESS batch-project-16 200/1000
[binding-benchmark] RUNNING (101s)
PROGRESS batch-project-16 300/1000
PROGRESS batch-project-16 400/1000
PROGRESS batch-project-16 500/1000
[binding-benchmark] RUNNING (111s)
PROGRESS batch-project-16 600/1000
PROGRESS batch-project-16 700/1000
PROGRESS batch-project-16 800/1000
[binding-benchmark] RUNNING (121s)
PROGRESS batch-project-16 900/1000
PROGRESS batch-project-16 1000/1000
RESULT batch-project-16 old-p50-ns=187625 new-p50-ns=155625 paired-wins=705/1000
CASE batch-project-32 samples=1000 repetitions=8
PROGRESS batch-project-32 100/1000
[binding-benchmark] RUNNING (131s)
PROGRESS batch-project-32 200/1000
PROGRESS batch-project-32 300/1000
PROGRESS batch-project-32 400/1000
[binding-benchmark] RUNNING (141s)
PROGRESS batch-project-32 500/1000
PROGRESS batch-project-32 600/1000
PROGRESS batch-project-32 700/1000
[binding-benchmark] RUNNING (151s)
PROGRESS batch-project-32 800/1000
[binding-benchmark] RUNNING (161s)
error: recipe `binding-benchmark` failed with exit code 124
