[ascent-test] START t/qualification/ascent-index-program-test.ss
[qualification] RUNNING integration (5s)
[qualification] RUNNING integration (10s)
[qualification] RUNNING integration (15s)
[qualification] RUNNING integration (20s)
[qualification] RUNNING integration (25s)
[qualification] RUNNING integration (30s)
HARNESS ("t/qualification/ascent-index-program-test.ss")
MODULE t/qualification/ascent-index-program-test.ss
SUITE ASCENT indexed relation access
CASE bound-column index preserves two-hop join semantics
CASE-OK bound-column index preserves two-hop join semantics
CASE a custom alist Provider replaces the physical index
CASE-OK a custom alist Provider replaces the physical index
CASE composite group and node index preserves two-hop joins
CASE-OK composite group and node index preserves two-hop joins
CASE source append extends an existing index without rebuilding
CASE-OK source append extends an existing index without rebuilding
CASE bound composite key reads a merged lattice through its index
CASE-OK bound composite key reads a merged lattice through its index
CASE lattice refinement removes obsolete indexed relation rows
CASE-OK lattice refinement removes obsolete indexed relation rows
CASE malformed Provider values fail at the boundary
CASE-OK malformed Provider values fail at the boundary
SUITE-OK ASCENT indexed relation access
MODULE-OK t/qualification/ascent-index-program-test.ss
HARNESS-OK ("t/qualification/ascent-index-program-test.ss")
OK
[qualification] RUNNING integration (35s)
[qualification] RUNNING integration (40s)
[ascent-test] PASS t/qualification/ascent-index-program-test.ss (40s)
[ascent-test] START t/qualification/ascent-rule-program-test.ss
[qualification] RUNNING integration (45s)
[qualification] RUNNING integration (51s)
[qualification] RUNNING integration (56s)
[qualification] RUNNING integration (61s)
[qualification] RUNNING integration (66s)
[qualification] RUNNING integration (71s)
HARNESS ("t/qualification/ascent-rule-program-test.ss")
MODULE t/qualification/ascent-rule-program-test.ss
SUITE ASCENT positive relations with arbitrary columns
CASE mixed ternary inputs derive four-column, unary and recursive rows
[qualification] RUNNING integration (76s)
ERROR CASE mixed ternary inputs derive four-column, unary and recursive rows

*** ERROR IN ? [PooFlowDebugDurationAnomaly]: POO Flow testing Case duration budget exceeded
--- continuation backtrace:
[0] raise                                                                                                                                                                   
[1] ##structure-instance-of?                                                                                                                                                
[2] ##structure-ref                                                                                                                                                         
[3] clan/poo/object#.ref                                                                                                                                                    
[4] core/types#poo-flow-validation-evidence-element?                                                                                                                        
[5] core/types#poo-flow-object-admit                                                                                                                                        
[6] ##filter                                                                                                                                                                
[7] ##filter                                                                                                                                                                
[8] core/types#poo-flow-object-admit                                                                                                                                        
[9] core/types#poo-flow-contract-element?                                                                                                                                   
...
[45] std/test/base#__test-harness!                                                                                                                                                                                                                                                                                                                       (##call-with-current-continuation __tmp242457)
[46] std/test/base#__test-harness!                                                                                                                                                                                                                                                                                                                       (##for-each __tmp242456 __tmp242455)
[47] std/test/base#__test-harness!                                                                                                                                                                                                                                                                                                                       (##for-each __tmp242456 __tmp242455)
[48] gerbil/tools/gxtest#gxtest-main                                                                                                                                        
CASE source withdrawal recomputes without changing earlier result
CASE-OK source withdrawal recomputes without changing earlier result
CASE positive session retains rows across source additions
[qualification] RUNNING integration (81s)
CASE-OK positive session retains rows across source additions
CASE ten thousand positive appends retain order and recover state
CASE-OK ten thousand positive appends retain order and recover state
CASE staged Set rows share one global output budget
CASE-OK staged Set rows share one global output budget
CASE batched Set duplicates retain first source order
CASE-OK batched Set duplicates retain first source order
CASE session recomputes negation after source updates
CASE-OK session recomputes negation after source updates
CASE nonpositive recomputation rejects over-budget source atomically
CASE-OK nonpositive recomputation rejects over-budget source atomically
CASE empty rule set preserves sources and returns
CASE-OK empty rule set preserves sources and returns
CASE POO rule refinement receives its own immutable analysis
[qualification] RUNNING integration (86s)
CASE-OK POO rule refinement receives its own immutable analysis
CASE zero-column fact gates typed boolean and string rows
CASE-OK zero-column fact gates typed boolean and string rows
CASE arity, unsafe heads, and derived budgets reject
CASE-OK arity, unsafe heads, and derived budgets reject
SUITE-OK ASCENT positive relations with arbitrary columns
MODULE-OK t/qualification/ascent-rule-program-test.ss
HARNESS-OK ("t/qualification/ascent-rule-program-test.ss")
ERROR HARNESS (t/qualification/ascent-rule-program-test.ss)
at HARNESS ("t/qualification/ascent-rule-program-test.ss")
at MODULE t/qualification/ascent-rule-program-test.ss
at SUITE ASCENT positive relations with arbitrary columns
at CASE mixed ternary inputs derive four-column, unary and recursive rows

*** ERROR IN ? [PooFlowDebugDurationAnomaly]: POO Flow testing Case duration budget exceeded
--- continuation backtrace:
[0] raise                                                                                                                                                                   
[1] ##structure-instance-of?                                                                                                                                                
[2] ##structure-ref                                                                                                                                                         
[3] clan/poo/object#.ref                                                                                                                                                    
[4] core/types#poo-flow-validation-evidence-element?                                                                                                                        
[5] core/types#poo-flow-object-admit                                                                                                                                        
[6] ##filter                                                                                                                                                                
[7] ##filter                                                                                                                                                                
[8] core/types#poo-flow-object-admit                                                                                                                                        
[9] core/types#poo-flow-contract-element?                                                                                                                                   
...
[45] std/test/base#__test-harness!                                                                                                                                                                                                                                                                                                                       (##call-with-current-continuation __tmp242457)
[46] std/test/base#__test-harness!                                                                                                                                                                                                                                                                                                                       (##for-each __tmp242456 __tmp242455)
[47] std/test/base#__test-harness!                                                                                                                                                                                                                                                                                                                       (##for-each __tmp242456 __tmp242455)
[48] gerbil/tools/gxtest#gxtest-main                                                                                                                                        
[qualification] RUNNING integration (91s)
error: recipe `test-file` failed with exit code 1
[qualification] END integration exit=1 (96s)
