[ascent-test] START t/qualification/ascent-rule-program-test.ss
[qualification] RUNNING rule-serial (5s)
[qualification] RUNNING rule-serial (11s)
[qualification] RUNNING rule-serial (16s)
[qualification] RUNNING rule-serial (21s)
[qualification] RUNNING rule-serial (26s)
HARNESS ("t/qualification/ascent-rule-program-test.ss")
MODULE t/qualification/ascent-rule-program-test.ss
SUITE ASCENT positive relations with arbitrary columns
CASE mixed ternary inputs derive four-column, unary and recursive rows
ERROR CASE mixed ternary inputs derive four-column, unary and recursive rows

*** ERROR IN ? [PooFlowDebugDurationAnomaly]: POO Flow testing Case duration budget exceeded
--- continuation backtrace:
[0] raise                                                                                                                                                                   
[1] ##structure-copy                                                                                                                                                        
[2] cast                                                                                                                                                                    
[3] make-hash-table__%                                                                                                                                                      
[4] clan/poo/object#compute-slot-funs!                                                                                                                                      
[5] clan/poo/object#.slot?                                                                                                                                                  
[6] every                                                                                                                                                                   
[7] core/types#poo-flow-evidence-object?                                                                                                                                    
[8] core/types#poo-flow-classification-evidence-element?                                                                                                                    
[9] core/types#poo-flow-contract-admit-evidence                                                                                                                             
...
[33] std/test/base#__test-harness!                                                                                                                                                                                                                                                                                                                       (##call-with-current-continuation __tmp242457)
[34] std/test/base#__test-harness!                                                                                                                                                                                                                                                                                                                       (##for-each __tmp242456 __tmp242455)
[35] std/test/base#__test-harness!                                                                                                                                                                                                                                                                                                                       (##for-each __tmp242456 __tmp242455)
[36] gerbil/tools/gxtest#gxtest-main                                                                                                                                        
CASE source withdrawal recomputes without changing earlier result
[qualification] RUNNING rule-serial (31s)
CASE-OK source withdrawal recomputes without changing earlier result
CASE positive session retains rows across source additions
CASE-OK positive session retains rows across source additions
CASE ten thousand positive appends retain order and recover state
CASE-OK ten thousand positive appends retain order and recover state
CASE staged Set rows share one global output budget
CASE-OK staged Set rows share one global output budget
CASE batched Set duplicates retain first source order
CASE-OK batched Set duplicates retain first source order
CASE session recomputes negation after source updates
CASE-OK session recomputes negation after source updates
CASE nonpositive recomputation rejects over-budget source atomically
CASE-OK nonpositive recomputation rejects over-budget source atomically
CASE empty rule set preserves sources and returns
CASE-OK empty rule set preserves sources and returns
CASE POO rule refinement receives its own immutable analysis
[qualification] RUNNING rule-serial (36s)
CASE-OK POO rule refinement receives its own immutable analysis
CASE zero-column fact gates typed boolean and string rows
CASE-OK zero-column fact gates typed boolean and string rows
CASE arity, unsafe heads, and derived budgets reject
CASE-OK arity, unsafe heads, and derived budgets reject
SUITE-OK ASCENT positive relations with arbitrary columns
MODULE-OK t/qualification/ascent-rule-program-test.ss
HARNESS-OK ("t/qualification/ascent-rule-program-test.ss")
ERROR HARNESS (t/qualification/ascent-rule-program-test.ss)
at HARNESS ("t/qualification/ascent-rule-program-test.ss")
at MODULE t/qualification/ascent-rule-program-test.ss
at SUITE ASCENT positive relations with arbitrary columns
at CASE mixed ternary inputs derive four-column, unary and recursive rows

*** ERROR IN ? [PooFlowDebugDurationAnomaly]: POO Flow testing Case duration budget exceeded
--- continuation backtrace:
[0] raise                                                                                                                                                                   
[1] ##structure-copy                                                                                                                                                        
[2] cast                                                                                                                                                                    
[3] make-hash-table__%                                                                                                                                                      
[4] clan/poo/object#compute-slot-funs!                                                                                                                                      
[5] clan/poo/object#.slot?                                                                                                                                                  
[6] every                                                                                                                                                                   
[7] core/types#poo-flow-evidence-object?                                                                                                                                    
[8] core/types#poo-flow-classification-evidence-element?                                                                                                                    
[9] core/types#poo-flow-contract-admit-evidence                                                                                                                             
...
[33] std/test/base#__test-harness!                                                                                                                                                                                                                                                                                                                       (##call-with-current-continuation __tmp242457)
[34] std/test/base#__test-harness!                                                                                                                                                                                                                                                                                                                       (##for-each __tmp242456 __tmp242455)
[35] std/test/base#__test-harness!                                                                                                                                                                                                                                                                                                                       (##for-each __tmp242456 __tmp242455)
[36] gerbil/tools/gxtest#gxtest-main                                                                                                                                        
[qualification] RUNNING rule-serial (41s)
error: recipe `test-file` failed with exit code 1
[qualification] END rule-serial exit=1 (46s)
